Archive member included because of file (symbol)

C:/Freescale/CW MCU v10.6/MCU/ARM_GCC_Support/ewl/lib/armv7e-m/fpu\libc99.a(sprintf.o)
                              ./Sources/Applications/main.o (sprintf)
C:/Freescale/CW MCU v10.6/MCU/ARM_GCC_Support/ewl/lib/armv7e-m/fpu\libc99.a(vsnprintf.o)
                              C:/Freescale/CW MCU v10.6/MCU/ARM_GCC_Support/ewl/lib/armv7e-m/fpu\libc99.a(sprintf.o) (vsnprintf)
C:/Freescale/CW MCU v10.6/MCU/ARM_GCC_Support/ewl/lib/armv7e-m/fpu\libc99.a(exit.o)
                              ./Project_Settings/Startup_Code/__arm_start.o (exit)
C:/Freescale/CW MCU v10.6/MCU/ARM_GCC_Support/ewl/lib/armv7e-m/fpu\libc99.a(memcpy.o)
                              C:/Freescale/CW MCU v10.6/MCU/ARM_GCC_Support/ewl/lib/armv7e-m/fpu\libc99.a(vsnprintf.o) (memcpy)
C:/Freescale/CW MCU v10.6/MCU/ARM_GCC_Support/ewl/lib/armv7e-m/fpu\libc99.a(memset.o)
                              ./Project_Settings/Startup_Code/__arm_start.o (memset)
C:/Freescale/CW MCU v10.6/MCU/ARM_GCC_Support/ewl/lib/armv7e-m/fpu\libc99.a(strcat.o)
                              ./Sources/Applications/main.o (strcat)
C:/Freescale/CW MCU v10.6/MCU/ARM_GCC_Support/ewl/lib/armv7e-m/fpu\libc99.a(strlen.o)
                              ./Sources/Applications/main.o (strlen)
C:/Freescale/CW MCU v10.6/MCU/ARM_GCC_Support/ewl/lib/armv7e-m/fpu\libc99.a(__wgetchar.o)
                              C:/Freescale/CW MCU v10.6/MCU/ARM_GCC_Support/ewl/lib/armv7e-m/fpu\libc99.a(sprintf.o) (getwc)
C:/Freescale/CW MCU v10.6/MCU/ARM_GCC_Support/ewl/lib/armv7e-m/fpu\libc99.a(__printformat.o)
                              C:/Freescale/CW MCU v10.6/MCU/ARM_GCC_Support/ewl/lib/armv7e-m/fpu\libc99.a(vsnprintf.o) (__pformatter)
C:/Freescale/CW MCU v10.6/MCU/ARM_GCC_Support/ewl/lib/armv7e-m/fpu\libc99.a(ctype_aeabi.o)
                              C:/Freescale/CW MCU v10.6/MCU/ARM_GCC_Support/ewl/lib/armv7e-m/fpu\libc99.a(__printformat.o) (isupper)
C:/Freescale/CW MCU v10.6/MCU/ARM_GCC_Support/ewl/lib/armv7e-m/fpu\libc99.a(secure_error.o)
                              C:/Freescale/CW MCU v10.6/MCU/ARM_GCC_Support/ewl/lib/armv7e-m/fpu\libc99.a(__printformat.o) (__ewl_runtime_constraint_violation_s)
C:/Freescale/CW MCU v10.6/MCU/ARM_GCC_Support/ewl/lib/armv7e-m/fpu\libc99.a(ansi_files.o)
                              C:/Freescale/CW MCU v10.6/MCU/ARM_GCC_Support/ewl/lib/armv7e-m/fpu\libc99.a(sprintf.o) (__files)
C:/Freescale/CW MCU v10.6/MCU/ARM_GCC_Support/ewl/lib/armv7e-m/fpu\libc99.a(fflush.o)
                              C:/Freescale/CW MCU v10.6/MCU/ARM_GCC_Support/ewl/lib/armv7e-m/fpu\libc99.a(ansi_files.o) (fflush)
C:/Freescale/CW MCU v10.6/MCU/ARM_GCC_Support/ewl/lib/armv7e-m/fpu\libc99.a(fread.o)
                              C:/Freescale/CW MCU v10.6/MCU/ARM_GCC_Support/ewl/lib/armv7e-m/fpu\libc99.a(__wgetchar.o) (__fread)
C:/Freescale/CW MCU v10.6/MCU/ARM_GCC_Support/ewl/lib/armv7e-m/fpu\libc99.a(fwrite.o)
                              C:/Freescale/CW MCU v10.6/MCU/ARM_GCC_Support/ewl/lib/armv7e-m/fpu\libc99.a(__wgetchar.o) (__fwrite)
C:/Freescale/CW MCU v10.6/MCU/ARM_GCC_Support/ewl/lib/armv7e-m/fpu\libc99.a(__wctomb.o)
                              C:/Freescale/CW MCU v10.6/MCU/ARM_GCC_Support/ewl/lib/armv7e-m/fpu\libc99.a(__wgetchar.o) (mbtowc)
C:/Freescale/CW MCU v10.6/MCU/ARM_GCC_Support/ewl/lib/armv7e-m/fpu\libc99.a(abort.o)
                              C:/Freescale/CW MCU v10.6/MCU/ARM_GCC_Support/ewl/lib/armv7e-m/fpu\libc99.a(secure_error.o) (abort)
C:/Freescale/CW MCU v10.6/MCU/ARM_GCC_Support/ewl/lib/armv7e-m/fpu\libc99.a(__filll_mem.o)
                              C:/Freescale/CW MCU v10.6/MCU/ARM_GCC_Support/ewl/lib/armv7e-m/fpu\libc99.a(memset.o) (__fill_mem)
C:/Freescale/CW MCU v10.6/MCU/ARM_GCC_Support/ewl/lib/armv7e-m/fpu\libc99.a(__memrchr.o)
                              C:/Freescale/CW MCU v10.6/MCU/ARM_GCC_Support/ewl/lib/armv7e-m/fpu\libc99.a(fwrite.o) (__memrchr)
C:/Freescale/CW MCU v10.6/MCU/ARM_GCC_Support/ewl/lib/armv7e-m/fpu\libc99.a(memchr.o)
                              C:/Freescale/CW MCU v10.6/MCU/ARM_GCC_Support/ewl/lib/armv7e-m/fpu\libc99.a(__printformat.o) (memchr)
C:/Freescale/CW MCU v10.6/MCU/ARM_GCC_Support/ewl/lib/armv7e-m/fpu\libc99.a(strchr.o)
                              C:/Freescale/CW MCU v10.6/MCU/ARM_GCC_Support/ewl/lib/armv7e-m/fpu\libc99.a(__printformat.o) (strchr)
C:/Freescale/CW MCU v10.6/MCU/ARM_GCC_Support/ewl/lib/armv7e-m/fpu\libc99.a(strcpy.o)
                              C:/Freescale/CW MCU v10.6/MCU/ARM_GCC_Support/ewl/lib/armv7e-m/fpu\libc99.a(__printformat.o) (strcpy)
C:/Freescale/CW MCU v10.6/MCU/ARM_GCC_Support/ewl/lib/armv7e-m/fpu\libc99.a(strncpy.o)
                              C:/Freescale/CW MCU v10.6/MCU/ARM_GCC_Support/ewl/lib/armv7e-m/fpu\libc99.a(__wctomb.o) (strncpy)
C:/Freescale/CW MCU v10.6/MCU/ARM_GCC_Support/ewl/lib/armv7e-m/fpu\libc99.a(strnlen_s.o)
[...]
Memory Configuration

Name             Origin             Length             Attributes
m_interrupts     0x1fff0000         0x00000198         xr
m_text           0x1fff0198         0x0000fe68         xr
m_data           0x20000000         0x00030000         rw
*default*        0x00000000         0xffffffff

Linker script and memory map

LOAD ./Project_Settings/Startup_Code/kinetis_sysinit.o
LOAD ./Project_Settings/Startup_Code/__arm_start.o
LOAD ./Project_Settings/Startup_Code/__arm_end.o
LOAD ./Sources/Applications/main.o
LOAD ./Sources/Applications/gOutput.o
LOAD ./Sources/Applications/gMBox.o
LOAD ./Sources/Applications/gInput.o
LOAD ./Sources/Applications/gCompute.o
LOAD ./Sources/Interfaces/iUart.o
LOAD ./Sources/Interfaces/iSpi.o
LOAD ./Sources/Interfaces/iPit.o
LOAD ./Sources/Interfaces/iI2C.o
LOAD ./Sources/Interfaces/iFlextimer.o
LOAD ./Sources/Interfaces/iDio.o
LOAD ./Sources/Interfaces/iDac.o
LOAD ./Sources/Interfaces/iCpu.o
LOAD ./Sources/Interfaces/iAd.o
LOAD ./Sources/Modules/mWifi.o
LOAD ./Sources/Modules/mTimer.o
LOAD ./Sources/Modules/mSwitch.o
LOAD ./Sources/Modules/mSpi.o
LOAD ./Sources/Modules/mRS232.o
LOAD ./Sources/Modules/mLeds.o
LOAD ./Sources/Modules/mDelay.o
LOAD ./Sources/Modules/mDac.o
LOAD ./Sources/Modules/mCpu.o
LOAD ./Sources/Modules/mAd.o
LOAD ./Sources/Modules/mAccelMagneto.o
LOAD ./Sources/Utils/stbp.o
LOAD ./Sources/Utils/def.o
LOAD ./Sources/Utils/StTime.o
START GROUP
LOAD C:/Freescale/CW MCU v10.6/MCU/ARM_GCC_Support/ewl/lib/armv7e-m/fpu\libc99.a
LOAD C:/Freescale/CW MCU v10.6/MCU/ARM_GCC_Support/ewl/lib/armv7e-m/fpu\libm.a
LOAD c:/freescale/cw mcu v10.6/cross_tools/arm-none-eabi-gcc-4_7_3/bin/../lib/gcc/arm-none-eabi/4.7.3/armv7e-m/fpu\libgcc.a
LOAD C:/Freescale/CW MCU v10.6/MCU/ARM_GCC_Support/ewl/lib/armv7e-m/fpu\librt.a
LOAD C:/Freescale/CW MCU v10.6/MCU/ARM_GCC_Support/ewl/lib/armv7e-m/fpu\libuart.a
END GROUP
                0x20030000                _estack = 0x20030000
                0x20030000                __SP_INIT = _estack
                0x00000800                __heap_size = 0x800
                0x00000800                __stack_size = 0x800

.interrupts     0x1fff0000      0x198
                0x1fff0000                __vector_table = .
                0x1fff0000                . = ALIGN (0x4)
 *(.vectortable)
 .vectortable   0x1fff0000      0x198 ./Project_Settings/Startup_Code/kinetis_sysinit.o
                0x1fff0000                InterruptVector
                0x1fff0198                . = ALIGN (0x4)

.text           0x1fff0198     0x8000
                0x1fff0198                . = ALIGN (0x4)
 *(.text)
 .text          0x1fff0198      0x370 c:/freescale/cw mcu v10.6/cross_tools/arm-none-eabi-gcc-4_7_3/bin/../lib/gcc/arm-none-eabi/4.7.3/armv7e-m/fpu\libgcc.a(_arm_addsubdf3.o)
                0x1fff0198                __aeabi_drsub
                0x1fff01a0                __aeabi_dsub
                0x1fff01a0                __subdf3
                0x1fff01a4                __aeabi_dadd
                0x1fff01a4                __adddf3
                0x1fff041c                __floatunsidf
                0x1fff041c                __aeabi_ui2d
                0x1fff043c                __floatsidf
                0x1fff043c                __aeabi_i2d
                0x1fff0460                __aeabi_f2d
                0x1fff0460                __extendsfdf2
                0x1fff049c                __floatundidf
                0x1fff049c                __aeabi_ul2d
                0x1fff04ac                __floatdidf
                0x1fff04ac                __aeabi_l2d
 .text          0x1fff0508      0x424 c:/freescale/cw mcu v10.6/cross_tools/arm-none-eabi-gcc-4_7_3/bin/../lib/gcc/arm-none-eabi/4.7.3/armv7e-m/fpu\libgcc.a(_arm_muldivdf3.o)
                0x1fff0508                __aeabi_dmul
                0x1fff0508                __muldf3
                0x1fff075c                __divdf3
                0x1fff075c                __aeabi_ddiv
 .text          0x1fff092c      0x110 c:/freescale/cw mcu v10.6/cross_tools/arm-none-eabi-gcc-4_7_3/bin/../lib/gcc/arm-none-eabi/4.7.3/armv7e-m/fpu\libgcc.a(_arm_cmpdf2.o)
                0x1fff092c                __gtdf2
                0x1fff092c                __gedf2
                0x1fff0934                __ltdf2
                0x1fff0934                __ledf2
                0x1fff093c                __nedf2
                0x1fff093c                __eqdf2
                0x1fff093c                __cmpdf2
                0x1fff09b8                __aeabi_cdrcmple
                0x1fff09c8                __aeabi_cdcmpeq
                0x1fff09c8                __aeabi_cdcmple
                0x1fff09d8                __aeabi_dcmpeq
                0x1fff09ec                __aeabi_dcmplt
                0x1fff0a00                __aeabi_dcmple
                0x1fff0a14                __aeabi_dcmpge
                0x1fff0a28                __aeabi_dcmpgt
 .text          0x1fff0a3c       0x50 c:/freescale/cw mcu v10.6/cross_tools/arm-none-eabi-gcc-4_7_3/bin/../lib/gcc/arm-none-eabi/4.7.3/armv7e-m/fpu\libgcc.a(_arm_fixdfsi.o)
                0x1fff0a3c                __aeabi_d2iz
                0x1fff0a3c                __fixdfsi
 .text          0x1fff0a8c       0x40 c:/freescale/cw mcu v10.6/cross_tools/arm-none-eabi-gcc-4_7_3/bin/../lib/gcc/arm-none-eabi/4.7.3/armv7e-m/fpu\libgcc.a(_arm_fixunsdfsi.o)
                0x1fff0a8c                __aeabi_d2uiz
                0x1fff0a8c                __fixunsdfsi
 .text          0x1fff0acc       0xa0 c:/freescale/cw mcu v10.6/cross_tools/arm-none-eabi-gcc-4_7_3/bin/../lib/gcc/arm-none-eabi/4.7.3/armv7e-m/fpu\libgcc.a(_arm_truncdfsf2.o)
                0x1fff0acc                __truncdfsf2
                0x1fff0acc                __aeabi_d2f
 .text          0x1fff0b6c       0x2c c:/freescale/cw mcu v10.6/cross_tools/arm-none-eabi-gcc-4_7_3/bin/../lib/gcc/arm-none-eabi/4.7.3/armv7e-m/fpu\libgcc.a(_aeabi_uldivmod.o)
                0x1fff0b6c                __aeabi_uldivmod
 .text          0x1fff0b98       0x58 c:/freescale/cw mcu v10.6/cross_tools/arm-none-eabi-gcc-4_7_3/bin/../lib/gcc/arm-none-eabi/4.7.3/armv7e-m/fpu\libgcc.a(bpabi.o)
                0x1fff0b98                __gnu_ldivmod_helper
                0x1fff0bc4                __gnu_uldivmod_helper
 .text          0x1fff0bf0        0x4 c:/freescale/cw mcu v10.6/cross_tools/arm-none-eabi-gcc-4_7_3/bin/../lib/gcc/arm-none-eabi/4.7.3/armv7e-m/fpu\libgcc.a(_dvmd_tls.o)
                0x1fff0bf0                __aeabi_idiv0
                0x1fff0bf0                __aeabi_ldiv0
 .text          0x1fff0bf4      0x2bc c:/freescale/cw mcu v10.6/cross_tools/arm-none-eabi-gcc-4_7_3/bin/../lib/gcc/arm-none-eabi/4.7.3/armv7e-m/fpu\libgcc.a(_divdi3.o)
                0x1fff0bf4                __divdi3
 .text          0x1fff0eb0      0x288 c:/freescale/cw mcu v10.6/cross_tools/arm-none-eabi-gcc-4_7_3/bin/../lib/gcc/arm-none-eabi/4.7.3/armv7e-m/fpu\libgcc.a(_udivdi3.o)
                0x1fff0eb0                __udivdi3
 *(.text*)
 .text.Default_Handler
                0x1fff1138        0xc ./Project_Settings/Startup_Code/kinetis_sysinit.o
                0x1fff1138                RTC_Alarm_IRQHandler
                0x1fff1138                CAN0_Rx_Warning_IRQHandler
                0x1fff1138                CAN0_Err_IRQHandler
                0x1fff1138                I2C0_IRQHandler
                0x1fff1138                HardFault_Handler
                0x1fff1138                PDB_IRQHandler
                0x1fff1138                SysTick_Handler
                0x1fff1138                UART0_Status_IRQHandler
                0x1fff1138                PendSV_Handler
                0x1fff1138                NMI_Handler
                0x1fff1138                I2C1_IRQHandler
                0x1fff1138                DMA2_IRQHandler
                0x1fff1138                Watchdog_IRQHandler
                0x1fff1138                Bus_Fault_Handler
                0x1fff1138                CMP2_IRQHandler
                0x1fff1138                SWI_IRQHandler
                0x1fff1138                ADC0_IRQHandler
                0x1fff1138                ENET_MAC_Transmit_IRQHandler
                0x1fff1138                I2S0_Tx_IRQHandler
                0x1fff1138                CMT_IRQHandler
                0x1fff1138                UART1_Status_IRQHandler
                0x1fff1138                SPI1_IRQHandler
                0x1fff1138                DMA9_IRQHandler
                0x1fff1138                DMA14_IRQHandler
                0x1fff1138                CMP1_IRQHandler
                0x1fff1138                PORTD_IRQHandler
                0x1fff1138                UART4_ERR_IRQHandler
                0x1fff1138                ADC1_IRQHandler
                0x1fff1138                I2C2_IRQHandler
                0x1fff1138                I2S0_Rx_IRQHandler
                0x1fff1138                LPTimer_IRQHandler
                0x1fff1138                DMA5_IRQHandler
                0x1fff1138                UART3_ERR_IRQHandler
                0x1fff1138                SDHC_IRQHandler
                0x1fff1138                RTC_Seconds_IRQHandler
                0x1fff1138                MCG_IRQHandler
                0x1fff1138                ENET_MAC_Timer_IRQHandler
                0x1fff1138                UART2_ERR_IRQHandler
                0x1fff1138                DMA11_IRQHandler
                0x1fff1138                Tamper_Drylce_IRQHandler
                0x1fff1138                USB_OTG_IRQHandler
                0x1fff1138                Read_Collision_IRQHandler
                0x1fff1138                Default_Handler
                0x1fff1138                UART4_Status_IRQHandler
                0x1fff1138                DMA7_IRQHandler
                0x1fff1138                LLW_IRQHandler
                0x1fff1138                SPI2_IRQHandler
                0x1fff1138                USB_Charger_Detect_IRQHandler
                0x1fff1138                SVC_Handler
                0x1fff1138                Usage_Fault_Handler
                0x1fff1138                DMA13_IRQHandler
                0x1fff1138                DMA3_IRQHandler
                0x1fff1138                UART0_LON_IRQHandler
                0x1fff1138                RNG_IRQHandler
                0x1fff1138                DMA0_IRQHandler
                0x1fff1138                DMA15_IRQHandler
                0x1fff1138                DAC0_IRQHandler
                0x1fff1138                ENET_MAC_Error_IRQHandler
                0x1fff1138                DMA4_IRQHandler
                0x1fff1138                UART0_ERR_IRQHandler
                0x1fff1138                DMA_Error_IRQHandler
                0x1fff1138                LVD_LVW_IRQHandler
                0x1fff1138                SPI0_IRQHandler
                0x1fff1138                CAN0_Tx_WarningIRQHandler
                0x1fff1138                FTM0_IRQHandler
                0x1fff1138                PORTA_IRQHandler
                0x1fff1138                DAC1_IRQHandler
                0x1fff1138                MCM_IRQHandler
                0x1fff1138                DMA12_IRQHandler
                0x1fff1138                Mem_Manage_Fault_Handler
                0x1fff1138                FTFL_IRQHandler
                0x1fff1138                CAN0_Bus_Off_IRQHandler
                0x1fff1138                FTM3_IRQHandler
                0x1fff1138                PORTE_IRQHandler
                0x1fff1138                CAN0_Message_buffer_IRQHandler
                0x1fff1138                FTM2_IRQHandler
                0x1fff1138                DMA8_IRQHandler
                0x1fff1138                DMA10_IRQHandler
                0x1fff1138                CAN0_Wake_Up_IRQHandler
                0x1fff1138                DebugMonitor_Handler
                0x1fff1138                UART1_ERR_IRQHandler
                0x1fff1138                CMP0_IRQHandler
                0x1fff1138                ENET_MAC_Receive_IRQHandler
                0x1fff1138                PORTC_IRQHandler
                0x1fff1138                DMA6_IRQHandler
                0x1fff1138                UART2_Status_IRQHandler
                0x1fff1138                DMA1_IRQHandler
 .text.__init_hardware
                0x1fff1144       0x44 ./Project_Settings/Startup_Code/kinetis_sysinit.o
                0x1fff1144                __init_hardware
 .text.zero_fill_bss
                0x1fff1188       0x2c ./Project_Settings/Startup_Code/__arm_start.o
 .text.__thumb_startup
                0x1fff11b4       0x34 ./Project_Settings/Startup_Code/__arm_start.o
                0x1fff11b4                __thumb_startup
 .text._ExitProcess
                0x1fff11e8        0xc ./Project_Settings/Startup_Code/__arm_end.o
                0x1fff11e8                _ExitProcess
 *fill*         0x1fff11f4        0x4 00
 .text.main     0x1fff11f8      0x4e8 ./Sources/Applications/main.o
                0x1fff11f8                main
 .text.stbpSendFrameJava2
                0x1fff16e0      0x25c ./Sources/Applications/main.o
                0x1fff16e0                stbpSendFrameJava2
 .text.SendDataJava
                0x1fff193c      0x144 ./Sources/Applications/main.o
                0x1fff193c                SendDataJava
 .text.InitDataJava
                0x1fff1a80       0x34 ./Sources/Applications/main.o
                0x1fff1a80                InitDataJava
 .text.iUart_Config
                0x1fff1ab4      0x32c ./Sources/Interfaces/iUart.o
                0x1fff1ab4                iUart_Config
 .text.iUart_GetStatus
                0x1fff1de0       0x34 ./Sources/Interfaces/iUart.o
                0x1fff1de0                iUart_GetStatus
 .text.iUart_SetData
                0x1fff1e14       0x20 ./Sources/Interfaces/iUart.o
                0x1fff1e14                iUart_SetData
 .text.iUart_IsBufferEmpty
                0x1fff1e34       0x38 ./Sources/Interfaces/iUart.o
                0x1fff1e34                iUart_IsBufferEmpty
 .text.iUart_GetCharFromBuffer
                0x1fff1e6c       0x94 ./Sources/Interfaces/iUart.o
                0x1fff1e6c                iUart_GetCharFromBuffer
 .text.UART3_Status_IRQHandler
                0x1fff1f00      0x4cc ./Sources/Interfaces/iUart.o
                0x1fff1f00                UART3_Status_IRQHandler
 .text.iUart_Uart4SetData
                0x1fff23cc       0x20 ./Sources/Interfaces/iUart.o
                0x1fff23cc                iUart_Uart4SetData
 .text.iUart_Uart4GetStatus
                0x1fff23ec       0x34 ./Sources/Interfaces/iUart.o
                0x1fff23ec                iUart_Uart4GetStatus
 .text.iSpi_ConfigClockAndPins
                0x1fff2420      0x1f8 ./Sources/Interfaces/iSpi.o
                0x1fff2420                iSpi_ConfigClockAndPins
 .text.iSpi_ConfigSPIModule
                0x1fff2618       0xc8 ./Sources/Interfaces/iSpi.o
                0x1fff2618                iSpi_ConfigSPIModule
 .text.iSpi_ChangeInactiveCSState
                0x1fff26e0       0xe0 ./Sources/Interfaces/iSpi.o
                0x1fff26e0                iSpi_ChangeInactiveCSState
 .text.iSpi_ConfigClockAndTransfert
                0x1fff27c0      0x1a4 ./Sources/Interfaces/iSpi.o
                0x1fff27c0                iSpi_ConfigClockAndTransfert
 .text.iSpi_ConfigInterrupAndDMA
                0x1fff2964       0x70 ./Sources/Interfaces/iSpi.o
                0x1fff2964                iSpi_ConfigInterrupAndDMA
 .text.iSpi_StartTX
                0x1fff29d4       0x70 ./Sources/Interfaces/iSpi.o
                0x1fff29d4                iSpi_StartTX
 .text.iSpi_GetStatus
                0x1fff2a44       0x84 ./Sources/Interfaces/iSpi.o
                0x1fff2a44                iSpi_GetStatus
 .text.iSpi_ResetStatus
                0x1fff2ac8       0x74 ./Sources/Interfaces/iSpi.o
                0x1fff2ac8                iSpi_ResetStatus
 .text.iSpi_PushDataIntoFifo
                0x1fff2b3c       0x88 ./Sources/Interfaces/iSpi.o
                0x1fff2b3c                iSpi_PushDataIntoFifo
 .text.iSpi_ReadData
                0x1fff2bc4       0x50 ./Sources/Interfaces/iSpi.o
                0x1fff2bc4                iSpi_ReadData
 *fill*         0x1fff2c14        0x4 00
 .text.iPit_Config
                0x1fff2c18      0x2b8 ./Sources/Interfaces/iPit.o
                0x1fff2c18                iPit_Config
 .text.iPit_StartPit
                0x1fff2ed0       0xa4 ./Sources/Interfaces/iPit.o
                0x1fff2ed0                iPit_StartPit
 .text.iPit_InitDelay
                0x1fff2f74       0xc8 ./Sources/Interfaces/iPit.o
                0x1fff2f74                iPit_InitDelay
 .text.iPit_GetDelay
                0x1fff303c      0x160 ./Sources/Interfaces/iPit.o
                0x1fff303c                iPit_GetDelay
 .text.iPit_IsDelayDone
                0x1fff319c       0x4c ./Sources/Interfaces/iPit.o
                0x1fff319c                iPit_IsDelayDone
 .text.iPit_DelayRelease
                0x1fff31e8       0xb0 ./Sources/Interfaces/iPit.o
                0x1fff31e8                iPit_DelayRelease
 .text.iPit_ReStart
                0x1fff3298       0xb4 ./Sources/Interfaces/iPit.o
                0x1fff3298                iPit_ReStart
 .text.PIT0_IRQHandler
                0x1fff334c      0x134 ./Sources/Interfaces/iPit.o
                0x1fff334c                PIT0_IRQHandler
 .text.PIT1_IRQHandler
                0x1fff3480      0x144 ./Sources/Interfaces/iPit.o
                0x1fff3480                PIT1_IRQHandler
 .text.PIT2_IRQHandler
                0x1fff35c4      0x144 ./Sources/Interfaces/iPit.o
                0x1fff35c4                PIT2_IRQHandler
 .text.PIT3_IRQHandler
                0x1fff3708      0x144 ./Sources/Interfaces/iPit.o
                0x1fff3708                PIT3_IRQHandler
 .text.iI2C_Config
                0x1fff384c       0x9c ./Sources/Interfaces/iI2C.o
                0x1fff384c                iI2C_Config
 .text.iI2C_Enable
                0x1fff38e8       0x28 ./Sources/Interfaces/iI2C.o
                0x1fff38e8                iI2C_Enable
 .text.iI2C_SetStartState
                0x1fff3910       0x28 ./Sources/Interfaces/iI2C.o
                0x1fff3910                iI2C_SetStartState
 .text.iI2C_SetRepeatedStartSate
                0x1fff3938       0x28 ./Sources/Interfaces/iI2C.o
                0x1fff3938                iI2C_SetRepeatedStartSate
 .text.iI2C_SetStopState
                0x1fff3960       0x28 ./Sources/Interfaces/iI2C.o
                0x1fff3960                iI2C_SetStopState
 .text.iI2C_SetAckMode
                0x1fff3988       0x5c ./Sources/Interfaces/iI2C.o
                0x1fff3988                iI2C_SetAckMode
 .text.iI2C_TxRxSelect
                0x1fff39e4       0x5c ./Sources/Interfaces/iI2C.o
                0x1fff39e4                iI2C_TxRxSelect
 .text.iI2C_SendData
                0x1fff3a40       0x20 ./Sources/Interfaces/iI2C.o
                0x1fff3a40                iI2C_SendData
 .text.iI2C_WaitEndOfRxOrTx
                0x1fff3a60       0x3c ./Sources/Interfaces/iI2C.o
                0x1fff3a60                iI2C_WaitEndOfRxOrTx
 .text.iI2C_ReadData
                0x1fff3a9c       0x28 ./Sources/Interfaces/iI2C.o
                0x1fff3a9c                iI2C_ReadData
 .text.iI2C_ReadStatus
                0x1fff3ac4       0x34 ./Sources/Interfaces/iI2C.o
                0x1fff3ac4                iI2C_ReadStatus
 .text.iFlextimer_Config
                0x1fff3af8      0x3d0 ./Sources/Interfaces/iFlextimer.o
                0x1fff3af8                iFlextimer_Config
 .text.iFlextimer_GetSpeed
                0x1fff3ec8       0x30 ./Sources/Interfaces/iFlextimer.o
                0x1fff3ec8                iFlextimer_GetSpeed
 .text.FTM1_IRQHandler
                0x1fff3ef8      0x330 ./Sources/Interfaces/iFlextimer.o
                0x1fff3ef8                FTM1_IRQHandler
 .text.iFlextimer_SetServoDuty
                0x1fff4228      0x118 ./Sources/Interfaces/iFlextimer.o
                0x1fff4228                iFlextimer_SetServoDuty
 .text.iFlextimer_SetMotorDuty
                0x1fff4340      0x174 ./Sources/Interfaces/iFlextimer.o
                0x1fff4340                iFlextimer_SetMotorDuty
 .text.iDio_SetPortDirection
                0x1fff44b4       0xa0 ./Sources/Interfaces/iDio.o
                0x1fff44b4                iDio_SetPortDirection
 .text.iDio_SetPort
                0x1fff4554       0xd0 ./Sources/Interfaces/iDio.o
                0x1fff4554                iDio_SetPort
 .text.iDio_GetPort
                0x1fff4624       0x94 ./Sources/Interfaces/iDio.o
                0x1fff4624                iDio_GetPort
 .text.iDac_Config
                0x1fff46b8      0x110 ./Sources/Interfaces/iDac.o
                0x1fff46b8                iDac_Config
 .text.iDac_SetResetVal
                0x1fff47c8      0x104 ./Sources/Interfaces/iDac.o
 *fill*         0x1fff48cc        0x4 00
 .text.iDac_SETDACBUFFER
                0x1fff48d0       0xe0 ./Sources/Interfaces/iDac.o
                0x1fff48d0                iDac_SETDACBUFFER
 .text.iCpu_PllInit
                0x1fff49b0      0x14c ./Sources/Interfaces/iCpu.o
 .text.iCpu_PinFctCfg
                0x1fff4afc      0x1f4 ./Sources/Interfaces/iCpu.o
 .text.iCpu_PeriphClkInit
                0x1fff4cf0      0x120 ./Sources/Interfaces/iCpu.o
 .text.iCpu_VREFInit
                0x1fff4e10       0x5c ./Sources/Interfaces/iCpu.o
 .text.iCpu_SysInit
                0x1fff4e6c       0x30 ./Sources/Interfaces/iCpu.o
                0x1fff4e6c                iCpu_SysInit
 .text.iAd_Config
                0x1fff4e9c       0x7c ./Sources/Interfaces/iAd.o
                0x1fff4e9c                iAd_Config
 .text.iAd_GetResult
                0x1fff4f18       0x20 ./Sources/Interfaces/iAd.o
                0x1fff4f18                iAd_GetResult
 .text.iAd_SelectChannel
                0x1fff4f38       0x48 ./Sources/Interfaces/iAd.o
                0x1fff4f38                iAd_SelectChannel
 .text.iAd_GetCompleteConvStatus
                0x1fff4f80       0x30 ./Sources/Interfaces/iAd.o
                0x1fff4f80                iAd_GetCompleteConvStatus
 .text.iAd_Cal  0x1fff4fb0      0x228 ./Sources/Interfaces/iAd.o
                0x1fff4fb0                iAd_Cal
 .text.mWifi_Setup
                0x1fff51d8        0xc ./Sources/Modules/mWifi.o
                0x1fff51d8                mWifi_Setup
 .text.mWifi_Open
                0x1fff51e4      0x170 ./Sources/Modules/mWifi.o
                0x1fff51e4                mWifi_Open
 .text.mWifi_WriteString
                0x1fff5354       0x40 ./Sources/Modules/mWifi.o
                0x1fff5354                mWifi_WriteString
 .text.mWifi_WriteChar
                0x1fff5394       0x2c ./Sources/Modules/mWifi.o
                0x1fff5394                mWifi_WriteChar
 .text.mWifi_SciReadDataFromBuffer
                0x1fff53c0       0x34 ./Sources/Modules/mWifi.o
                0x1fff53c0                mWifi_SciReadDataFromBuffer
 .text.mWifi_SendCmd
                0x1fff53f4       0xcc ./Sources/Modules/mWifi.o
                0x1fff53f4                mWifi_SendCmd
 .text.mTimer_Setup
                0x1fff54c0       0x1c ./Sources/Modules/mTimer.o
                0x1fff54c0                mTimer_Setup
 .text.mTimer_Open
                0x1fff54dc       0x44 ./Sources/Modules/mTimer.o
                0x1fff54dc                mTimer_Open
 .text.mTimer_GetSpeed
                0x1fff5520       0x1c ./Sources/Modules/mTimer.o
                0x1fff5520                mTimer_GetSpeed
 .text.mTimer_SetServoDuty
                0x1fff553c       0x24 ./Sources/Modules/mTimer.o
                0x1fff553c                mTimer_SetServoDuty
 .text.mTimer_SetMotorDuty
                0x1fff5560       0x24 ./Sources/Modules/mTimer.o
                0x1fff5560                mTimer_SetMotorDuty
 .text.mSwitch_Setup
                0x1fff5584       0x1c ./Sources/Modules/mSwitch.o
                0x1fff5584                mSwitch_Setup
 .text.mSwitch_Open
                0x1fff55a0        0xc ./Sources/Modules/mSwitch.o
                0x1fff55a0                mSwitch_Open
 .text.mSwitch_ReadSwitch
                0x1fff55ac       0x78 ./Sources/Modules/mSwitch.o
                0x1fff55ac                mSwitch_ReadSwitch
 .text.mSwitch_ReadPushBut
                0x1fff5624       0x48 ./Sources/Modules/mSwitch.o
                0x1fff5624                mSwitch_ReadPushBut
 .text.mSpi_Setup
                0x1fff566c       0x90 ./Sources/Modules/mSpi.o
                0x1fff566c                mSpi_Setup
 .text.mSpi_Open
                0x1fff56fc       0x30 ./Sources/Modules/mSpi.o
                0x1fff56fc                mSpi_Open
 .text.mSpi_SP0ReadWrite
                0x1fff572c       0xd0 ./Sources/Modules/mSpi.o
                0x1fff572c                mSpi_SP0ReadWrite
 .text.mSpi_MLX75306_RXTX
                0x1fff57fc       0xb4 ./Sources/Modules/mSpi.o
                0x1fff57fc                mSpi_MLX75306_RXTX
 .text.mSpi_MLX75306_ReadPicture
                0x1fff58b0       0xac ./Sources/Modules/mSpi.o
                0x1fff58b0                mSpi_MLX75306_ReadPicture
 .text.mSpi_MLX75306_Reset
                0x1fff595c       0x10 ./Sources/Modules/mSpi.o
                0x1fff595c                mSpi_MLX75306_Reset
 *fill*         0x1fff596c        0x4 00
 .text.mSpi_MLX75306_StartIntegration
                0x1fff5970      0x110 ./Sources/Modules/mSpi.o
                0x1fff5970                mSpi_MLX75306_StartIntegration
 .text.mRs232_Setup
                0x1fff5a80        0xc ./Sources/Modules/mRS232.o
                0x1fff5a80                mRs232_Setup
 .text.mRs232_Open
                0x1fff5a8c        0xc ./Sources/Modules/mRS232.o
                0x1fff5a8c                mRs232_Open
 .text.mRs232_Uart4WriteString
                0x1fff5a98       0x3c ./Sources/Modules/mRS232.o
                0x1fff5a98                mRs232_Uart4WriteString
 .text.mLeds_Setup
                0x1fff5ad4       0x18 ./Sources/Modules/mLeds.o
                0x1fff5ad4                mLeds_Setup
 .text.mLeds_Open
                0x1fff5aec        0xc ./Sources/Modules/mLeds.o
                0x1fff5aec                mLeds_Open
 .text.mLeds_Toggle
                0x1fff5af8       0xc8 ./Sources/Modules/mLeds.o
                0x1fff5af8                mLeds_Toggle
 .text.mDelay_Setup
                0x1fff5bc0       0x1c ./Sources/Modules/mDelay.o
                0x1fff5bc0                mDelay_Setup
 .text.mDelay_Open
                0x1fff5bdc       0x10 ./Sources/Modules/mDelay.o
                0x1fff5bdc                mDelay_Open
 .text.mDelay_GetDelay
                0x1fff5bec       0x28 ./Sources/Modules/mDelay.o
                0x1fff5bec                mDelay_GetDelay
 .text.mDelay_ReStart
                0x1fff5c14       0x2c ./Sources/Modules/mDelay.o
                0x1fff5c14                mDelay_ReStart
 .text.mDelay_IsDelayDone
                0x1fff5c40       0x28 ./Sources/Modules/mDelay.o
                0x1fff5c40                mDelay_IsDelayDone
 .text.mDac_Setup
                0x1fff5c68       0x14 ./Sources/Modules/mDac.o
                0x1fff5c68                mDac_Setup
 .text.mDac_Open
                0x1fff5c7c        0xc ./Sources/Modules/mDac.o
                0x1fff5c7c                mDac_Open
 .text.mDac_SetDac0Output
                0x1fff5c88       0x24 ./Sources/Modules/mDac.o
                0x1fff5c88                mDac_SetDac0Output
 .text.mCpu_Setup
                0x1fff5cac        0xc ./Sources/Modules/mCpu.o
                0x1fff5cac                mCpu_Setup
 .text.mAd_Setup
                0x1fff5cb8       0x14 ./Sources/Modules/mAd.o
                0x1fff5cb8                mAd_Setup
 .text.mAd_Open
                0x1fff5ccc        0xc ./Sources/Modules/mAd.o
                0x1fff5ccc                mAd_Open
 .text.mAd_Read
                0x1fff5cd8       0xac ./Sources/Modules/mAd.o
                0x1fff5cd8                mAd_Read
 .text.mAccelMagneto_Setup
                0x1fff5d84        0xc ./Sources/Modules/mAccelMagneto.o
                0x1fff5d84                mAccelMagneto_Setup
 .text.mAccelMagneto_Open
                0x1fff5d90        0xc ./Sources/Modules/mAccelMagneto.o
                0x1fff5d90                mAccelMagneto_Open
 .text.mAccelMagneto_GetData
                0x1fff5d9c      0x174 ./Sources/Modules/mAccelMagneto.o
                0x1fff5d9c                mAccelMagneto_GetData
 .text.PORTB_IRQHandler
                0x1fff5f10       0x68 ./Sources/Modules/mAccelMagneto.o
                0x1fff5f10                PORTB_IRQHandler
 .text.Stbp_InitSw
                0x1fff5f78       0xec ./Sources/Utils/stbp.o
                0x1fff5f78                Stbp_InitSw
 .text.Stbp_IsDataToTransmit
                0x1fff6064       0x58 ./Sources/Utils/stbp.o
                0x1fff6064                Stbp_IsDataToTransmit
 .text.Stbp_GetNextByteToSend
                0x1fff60bc      0x204 ./Sources/Utils/stbp.o
                0x1fff60bc                Stbp_GetNextByteToSend
 .text.Stbp_NewMsg
                0x1fff62c0       0x80 ./Sources/Utils/stbp.o
                0x1fff62c0                Stbp_NewMsg
 .text.Stbp_PutUint16
                0x1fff6340       0x94 ./Sources/Utils/stbp.o
                0x1fff6340                Stbp_PutUint16
 .text.Stbp_PutString
                0x1fff63d4       0x94 ./Sources/Utils/stbp.o
                0x1fff63d4                Stbp_PutString
 .text.Stbp_EncodeMessage
                0x1fff6468       0x4c ./Sources/Utils/stbp.o
                0x1fff6468                Stbp_EncodeMessage
 .text.enable_irq
                0x1fff64b4      0x228 ./Sources/Utils/def.o
                0x1fff64b4                enable_irq
 .text.disable_irq
                0x1fff66dc      0x108 ./Sources/Utils/def.o
                0x1fff66dc                disable_irq
 .text.sprintf  0x1fff67e4       0x1c C:/Freescale/CW MCU v10.6/MCU/ARM_GCC_Support/ewl/lib/armv7e-m/fpu\libc99.a(sprintf.o)
                0x1fff67e4                sprintf
 .text.__StringWrite
                0x1fff6800       0x2a C:/Freescale/CW MCU v10.6/MCU/ARM_GCC_Support/ewl/lib/armv7e-m/fpu\libc99.a(vsnprintf.o)
                0x1fff6800                __StringWrite
 *fill*         0x1fff682a        0x2 00
 .text.vsnprintf
                0x1fff682c       0x34 C:/Freescale/CW MCU v10.6/MCU/ARM_GCC_Support/ewl/lib/armv7e-m/fpu\libc99.a(vsnprintf.o)
                0x1fff682c                vsnprintf
 .text.exit     0x1fff6860       0x38 C:/Freescale/CW MCU v10.6/MCU/ARM_GCC_Support/ewl/lib/armv7e-m/fpu\libc99.a(exit.o)
                0x1fff6860                exit
 .text.memcpy   0x1fff6898       0x12 C:/Freescale/CW MCU v10.6/MCU/ARM_GCC_Support/ewl/lib/armv7e-m/fpu\libc99.a(memcpy.o)
                0x1fff6898                memcpy
 .text.memset   0x1fff68aa        0xc C:/Freescale/CW MCU v10.6/MCU/ARM_GCC_Support/ewl/lib/armv7e-m/fpu\libc99.a(memset.o)
                0x1fff68aa                memset
 .text.strcat   0x1fff68b6       0x1a C:/Freescale/CW MCU v10.6/MCU/ARM_GCC_Support/ewl/lib/armv7e-m/fpu\libc99.a(strcat.o)
                0x1fff68b6                strcat
 .text.strlen   0x1fff68d0       0x10 C:/Freescale/CW MCU v10.6/MCU/ARM_GCC_Support/ewl/lib/armv7e-m/fpu\libc99.a(strlen.o)
                0x1fff68d0                strlen
 .text.long2str.isra.0
                0x1fff68e0      0x196 C:/Freescale/CW MCU v10.6/MCU/ARM_GCC_Support/ewl/lib/armv7e-m/fpu\libc99.a(__printformat.o)
 .text.longlong2str.isra.1
                0x1fff6a76      0x1ee C:/Freescale/CW MCU v10.6/MCU/ARM_GCC_Support/ewl/lib/armv7e-m/fpu\libc99.a(__printformat.o)
 .text.double2hex.isra.2
                0x1fff6c64      0x238 C:/Freescale/CW MCU v10.6/MCU/ARM_GCC_Support/ewl/lib/armv7e-m/fpu\libc99.a(__printformat.o)
 .text.__pformatter
                0x1fff6e9c      0xa04 C:/Freescale/CW MCU v10.6/MCU/ARM_GCC_Support/ewl/lib/armv7e-m/fpu\libc99.a(__printformat.o)
                0x1fff6e9c                __pformatter
 .text.isupper  0x1fff78a0       0x1c C:/Freescale/CW MCU v10.6/MCU/ARM_GCC_Support/ewl/lib/armv7e-m/fpu\libc99.a(ctype_aeabi.o)
                0x1fff78a0                isupper
 .text.__ewl_runtime_constraint_violation_s
                0x1fff78bc       0x10 C:/Freescale/CW MCU v10.6/MCU/ARM_GCC_Support/ewl/lib/armv7e-m/fpu\libc99.a(secure_error.o)
                0x1fff78bc                __ewl_runtime_constraint_violation_s
 .text.wcstombs
                0x1fff78cc       0x40 C:/Freescale/CW MCU v10.6/MCU/ARM_GCC_Support/ewl/lib/armv7e-m/fpu\libc99.a(__wctomb.o)
                0x1fff78cc                wcstombs
 .text.__fill_mem
                0x1fff790c       0x76 C:/Freescale/CW MCU v10.6/MCU/ARM_GCC_Support/ewl/lib/armv7e-m/fpu\libc99.a(__filll_mem.o)
                0x1fff790c                __fill_mem
 .text.memchr   0x1fff7982       0x18 C:/Freescale/CW MCU v10.6/MCU/ARM_GCC_Support/ewl/lib/armv7e-m/fpu\libc99.a(memchr.o)
                0x1fff7982                memchr
 .text.strchr   0x1fff799a       0x1a C:/Freescale/CW MCU v10.6/MCU/ARM_GCC_Support/ewl/lib/armv7e-m/fpu\libc99.a(strchr.o)
                0x1fff799a                strchr
 .text.strcpy   0x1fff79b4        0xe C:/Freescale/CW MCU v10.6/MCU/ARM_GCC_Support/ewl/lib/armv7e-m/fpu\libc99.a(strcpy.o)
                0x1fff79b4                strcpy
 .text.strncpy  0x1fff79c2       0x30 C:/Freescale/CW MCU v10.6/MCU/ARM_GCC_Support/ewl/lib/armv7e-m/fpu\libc99.a(strncpy.o)
                0x1fff79c2                strncpy
 *fill*         0x1fff79f2        0x6 00
 .text.__num2dec
                0x1fff79f8      0x248 C:/Freescale/CW MCU v10.6/MCU/ARM_GCC_Support/ewl/lib/armv7e-m/fpu\libm.a(ansi_fp.o)
                0x1fff79f8                __num2dec
 .text.__round_decimal
                0x1fff7c40       0x98 C:/Freescale/CW MCU v10.6/MCU/ARM_GCC_Support/ewl/lib/armv7e-m/fpu\libm.a(ansi_fp.o)
                0x1fff7c40                __round_decimal
 .text.__signbitd
                0x1fff7cd8        0x8 C:/Freescale/CW MCU v10.6/MCU/ARM_GCC_Support/ewl/lib/armv7e-m/fpu\libm.a(math_api.o)
                0x1fff7cd8                __signbitd
 .text.__fpclassifyd
                0x1fff7ce0       0x40 C:/Freescale/CW MCU v10.6/MCU/ARM_GCC_Support/ewl/lib/armv7e-m/fpu\libm.a(math_api.o)
                0x1fff7ce0                __fpclassifyd
 .text.frexp    0x1fff7d20       0x6c C:/Freescale/CW MCU v10.6/MCU/ARM_GCC_Support/ewl/lib/armv7e-m/fpu\libm.a(s_frexp.o)
                0x1fff7d20                frexp
 .text.__init_cpp
                0x1fff7d8c       0x4c C:/Freescale/CW MCU v10.6/MCU/ARM_GCC_Support/ewl/lib/armv7e-m/fpu\librt.a(gcc_ctor_dtor.o)
                0x1fff7d8c                __init_cpp
 .text.__fini_cpp
                0x1fff7dd8       0x34 C:/Freescale/CW MCU v10.6/MCU/ARM_GCC_Support/ewl/lib/armv7e-m/fpu\librt.a(gcc_ctor_dtor.o)
                0x1fff7dd8                __fini_cpp
 .text.__copy_rom_section
                0x1fff7e0c       0x44 C:/Freescale/CW MCU v10.6/MCU/ARM_GCC_Support/ewl/lib/armv7e-m/fpu\librt.a(ROMCopy.o)
                0x1fff7e0c                __copy_rom_section
 .text.__copy_rom_sections_to_ram
                0x1fff7e50       0x30 C:/Freescale/CW MCU v10.6/MCU/ARM_GCC_Support/ewl/lib/armv7e-m/fpu\librt.a(ROMCopy.o)
                0x1fff7e50                __copy_rom_sections_to_ram
 .text.__destroy_global_chain
                0x1fff7e80       0x18 C:/Freescale/CW MCU v10.6/MCU/ARM_GCC_Support/ewl/lib/armv7e-m/fpu\librt.a(__arm_eabi_init.o)
                0x1fff7e80                __destroy_global_chain
 .text.__init_registers
                0x1fff7e98       0x24 C:/Freescale/CW MCU v10.6/MCU/ARM_GCC_Support/ewl/lib/armv7e-m/fpu\librt.a(__arm_eabi_init.o)
                0x1fff7e98                __init_registers
 .text.__fp_init
                0x1fff7ebc       0x1c C:/Freescale/CW MCU v10.6/MCU/ARM_GCC_Support/ewl/lib/armv7e-m/fpu\librt.a(__arm_eabi_init.o)
                0x1fff7ebc                __fp_init
 .text.__init_user
                0x1fff7ed8        0x4 C:/Freescale/CW MCU v10.6/MCU/ARM_GCC_Support/ewl/lib/armv7e-m/fpu\librt.a(__arm_eabi_init.o)
                0x1fff7ed8                __init_user
 *(.rodata)
 .rodata        0x1fff7edc      0x118 ./Sources/Applications/main.o
 *(.rodata*)
 .rodata.str1.1
                0x1fff7ff4       0x14 C:/Freescale/CW MCU v10.6/MCU/ARM_GCC_Support/ewl/lib/armv7e-m/fpu\libc99.a(__printformat.o)
                                 0x25 (size before relaxing)
 .rodata.str4.4
                0x1fff8008        0x4 C:/Freescale/CW MCU v10.6/MCU/ARM_GCC_Support/ewl/lib/armv7e-m/fpu\libc99.a(__printformat.o)
 .rodata.__aeabi_ctype_table_C
                0x1fff800c      0x101 C:/Freescale/CW MCU v10.6/MCU/ARM_GCC_Support/ewl/lib/armv7e-m/fpu\libc99.a(ctype_aeabi.o)
                0x1fff800c                __aeabi_ctype_table_C
 *fill*         0x1fff810d        0x3 00
 .rodata.digit_values
                0x1fff8110       0x40 C:/Freescale/CW MCU v10.6/MCU/ARM_GCC_Support/ewl/lib/armv7e-m/fpu\libm.a(ansi_fp.o)
 .rodata.bit_values
                0x1fff8150       0x48 C:/Freescale/CW MCU v10.6/MCU/ARM_GCC_Support/ewl/lib/armv7e-m/fpu\libm.a(ansi_fp.o)
 *(.glue_7)
 .glue_7        0x00000000        0x0 linker stubs
 *(.glue_7t)
 .glue_7t       0x00000000        0x0 linker stubs
 *(.eh_frame)
 *(.init)
 *(.fini)
                0x1fff8198                . = ALIGN (0x4)
                0x1fff8198                _etext = .

.vfp11_veneer   0x1fff8198        0x0
 .vfp11_veneer  0x00000000        0x0 linker stubs

.v4_bx          0x1fff8198        0x0
 .v4_bx         0x00000000        0x0 linker stubs

.iplt           0x1fff8198        0x0
 .iplt          0x00000000        0x0 ./Project_Settings/Startup_Code/kinetis_sysinit.o

.ARM.extab
 *(.ARM.extab* .gnu.linkonce.armextab.*)

.ARM            0x1fff8198        0x8
                0x1fff8198                __exidx_start = .
 *(.ARM.exidx*)
 .ARM.exidx     0x1fff8198        0x8 c:/freescale/cw mcu v10.6/cross_tools/arm-none-eabi-gcc-4_7_3/bin/../lib/gcc/arm-none-eabi/4.7.3/armv7e-m/fpu\libgcc.a(_divdi3.o)
 .ARM.exidx     0x1fff81a0        0x0 c:/freescale/cw mcu v10.6/cross_tools/arm-none-eabi-gcc-4_7_3/bin/../lib/gcc/arm-none-eabi/4.7.3/armv7e-m/fpu\libgcc.a(_udivdi3.o)
                                  0x8 (size before relaxing)
                0x1fff81a0                __exidx_end = .

.rel.dyn        0x1fff81a0        0x0
 .rel.iplt      0x00000000        0x0 ./Project_Settings/Startup_Code/kinetis_sysinit.o

.ctors          0x1fff81a0        0x0
                0x1fff81a0                __CTOR_LIST__ = .
 *crtbegin.o(.ctors)
 *(EXCLUDE_FILE(*crtend.o) .ctors)
 *(SORT(.ctors.*))
 *(.ctors)
                0x1fff81a0                __CTOR_END__ = .

.dtors          0x1fff81a0        0x0
                0x1fff81a0                __DTOR_LIST__ = .
 *crtbegin.o(.dtors)
 *(EXCLUDE_FILE(*crtend.o) .dtors)
 *(SORT(.dtors.*))
 *(.dtors)
                0x1fff81a0                __DTOR_END__ = .

.preinit_array  0x1fff81a0        0x0
                0x1fff81a0                PROVIDE (__preinit_array_start, .)
 *(.preinit_array*)
                0x1fff81a0                PROVIDE (__preinit_array_end, .)

.init_array     0x1fff81a0        0x0
                0x1fff81a0                PROVIDE (__init_array_start, .)
 *(SORT(.init_array.*))
 *(.init_array*)
                0x1fff81a0                PROVIDE (__init_array_end, .)

.fini_array     0x1fff81a0        0x0
                0x1fff81a0                PROVIDE (__fini_array_start, .)
 *(SORT(.fini_array.*))
 *(.fini_array*)
                0x1fff81a0                PROVIDE (__fini_array_end, .)

.data           0x20000000        0x8
                0x20000000                . = ALIGN (0x4)
                0x20000000                _sdata = .
 *(.data)
 *(.data*)
 .data.sMyCommPtr
                0x20000000        0x4 ./Sources/Applications/main.o
 .data.sTxMsgBufferPtr
                0x20000004        0x4 ./Sources/Applications/main.o
                0x20000004                sTxMsgBufferPtr
                0x20000008                . = ALIGN (0x4)
                0x20000008                _edata = .

.igot.plt       0x20000008        0x0
 .igot.plt      0x00000000        0x0 ./Project_Settings/Startup_Code/kinetis_sysinit.o
                0x20000008                . = ALIGN (0x4)

.bss            0x20000008     0x258c
                0x20000008                __START_BSS = .
                0x20000008                PROVIDE (__bss_start__, __START_BSS)
 *(.bss)
 *(.bss*)
 .bss.argv      0x20000008        0x4 ./Project_Settings/Startup_Code/__arm_start.o
 .bss.sImageTab
                0x2000000c       0x98 ./Sources/Applications/main.o
 .bss.sImageDeriveTab
                0x200000a4       0x98 ./Sources/Applications/main.o
 .bss.sUartMessage
                0x2000013c       0xc8 ./Sources/Applications/main.o
 .bss.sMyComm   0x20000204       0x40 ./Sources/Applications/main.o
 .bss.sMyCommRxBuffer
                0x20000244      0x1f4 ./Sources/Applications/main.o
 .bss.sMyCommTxBuffer
                0x20000438      0x1f4 ./Sources/Applications/main.o
 .bss.sNumberOfTransferredBytes
                0x2000062c        0x2 ./Sources/Applications/main.o
 *fill*         0x2000062e        0x2 00
 .bss.sTxMsgBuffer
                0x20000630      0x3e8 ./Sources/Applications/main.o
                0x20000630                sTxMsgBuffer
 .bss.sDlyJava  0x20000a18        0x2 ./Sources/Applications/main.o
 *fill*         0x20000a1a        0x2 00
 .bss.sFrameTxJava2
                0x20000a1c       0xac ./Sources/Applications/main.o
 .bss.sLedOn1.7063
                0x20000ac8        0x4 ./Sources/Applications/main.o
 .bss.aStatus.6984
                0x20000acc        0x2 ./Sources/Applications/main.o
 .bss.sDly.6982
                0x20000ace        0x2 ./Sources/Applications/main.o
 .bss.sSciRecBufStruct
                0x20000ad0       0xd4 ./Sources/Interfaces/iUart.o
 .bss.sReadWifiState
                0x20000ba4        0x1 ./Sources/Interfaces/iUart.o
 *fill*         0x20000ba5        0x3 00
 .bss.sReadFrame
                0x20000ba8     0x17e8 ./Sources/Interfaces/iUart.o
 .bss.sReadFrameInIndex
                0x20002390        0x2 ./Sources/Interfaces/iUart.o
                0x20002390                sReadFrameInIndex
 .bss.sReadFrameCounter
                0x20002392        0x2 ./Sources/Interfaces/iUart.o
                0x20002392                sReadFrameCounter
 .bss.sStatus.5533
                0x20002394        0x1 ./Sources/Interfaces/iUart.o
 *fill*         0x20002395        0x3 00
 .bss.sDly      0x20002398      0x168 ./Sources/Interfaces/iPit.o
 .bss.aTmp.5472
                0x20002500        0x4 ./Sources/Interfaces/iPit.o
 .bss.sOldTimerValueChL
                0x20002504        0x2 ./Sources/Interfaces/iFlextimer.o
 *fill*         0x20002506        0x2 00
 .bss.sDeltaChL
                0x20002508        0x4 ./Sources/Interfaces/iFlextimer.o
 .bss.sOldTimerValueChR
                0x2000250c        0x2 ./Sources/Interfaces/iFlextimer.o
 *fill*         0x2000250e        0x2 00
 .bss.sDeltaChR
                0x20002510        0x4 ./Sources/Interfaces/iFlextimer.o
 .bss.sSpeedLeft
                0x20002514        0x4 ./Sources/Interfaces/iFlextimer.o
 .bss.sSpeedRight
                0x20002518        0x4 ./Sources/Interfaces/iFlextimer.o
 .bss.sOverFlowCounterL
                0x2000251c        0x4 ./Sources/Interfaces/iFlextimer.o
 .bss.sOverFlowCounterR
                0x20002520        0x4 ./Sources/Interfaces/iFlextimer.o
 .bss.sSendDelayNb.4297
                0x20002524        0x2 ./Sources/Modules/mWifi.o
 .bss.pState.4203
                0x20002526        0x1 ./Sources/Modules/mLeds.o
 .bss.sDataReady
                0x20002527        0x1 ./Sources/Modules/mAccelMagneto.o
 .bss.m_bIsBigEndian
                0x20002528        0x4 ./Sources/Utils/stbp.o
 .bss.__stdio_exit
                0x2000252c        0x4 C:/Freescale/CW MCU v10.6/MCU/ARM_GCC_Support/ewl/lib/armv7e-m/fpu\libc99.a(exit.o)
                0x2000252c                __stdio_exit
 .bss.__console_exit
                0x20002530        0x4 C:/Freescale/CW MCU v10.6/MCU/ARM_GCC_Support/ewl/lib/armv7e-m/fpu\libc99.a(exit.o)
                0x20002530                __console_exit
 .bss.__ewl_constraint_handler
                0x20002534        0x4 C:/Freescale/CW MCU v10.6/MCU/ARM_GCC_Support/ewl/lib/armv7e-m/fpu\libc99.a(secure_error.o)
 .bss.__S_romp  0x20002538        0xc C:/Freescale/CW MCU v10.6/MCU/ARM_GCC_Support/ewl/lib/armv7e-m/fpu\librt.a(ROMCopy.o)
 .bss.__global_destructor_chain
                0x20002544        0x4 C:/Freescale/CW MCU v10.6/MCU/ARM_GCC_Support/ewl/lib/armv7e-m/fpu\librt.a(__arm_eabi_init.o)
                0x20002544                __global_destructor_chain
 *(COMMON)
 COMMON         0x20002548       0x14 ./Sources/Applications/main.o
                0x20002548                sPitch
                0x2000254c                sRoll
                0x20002550                sSpeedMotLeft
                0x20002554                sYaw
                0x20002558                sSpeedMotRight
 COMMON         0x2000255c       0x38 ./Sources/Modules/mAccelMagneto.o
                0x2000255c                Xout_Mag_16_bit
                0x2000255e                Xout_Accel_14_bit
                0x20002560                Zout_g
                0x20002564                AccelMagData
                0x20002570                Yout_uT
                0x20002574                Yout_Accel_14_bit
                0x20002576                Zout_Accel_14_bit
                0x20002578                Yout_Mag_16_bit
                0x2000257c                Yout_g
                0x20002580                Xout_g
                0x20002584                Zout_uT
                0x20002588                Zout_Mag_16_bit
                0x2000258c                Heading
                0x20002590                Xout_uT
                0x20002594                . = ALIGN (0x4)
                0x20002594                __END_BSS = .
                0x20002594                PROVIDE (__bss_end__, __END_BSS)

._user_heap_stack
                0x20002594     0x1000
                0x20002594                . = ALIGN (0x4)
                0x20002594                PROVIDE (end, .)
                0x20002594                PROVIDE (_end, .)
                0x20002594                __heap_addr = .
                0x20002d94                . = (. + __heap_size)
 *fill*         0x20002594      0x800 00
                0x20003594                . = (. + __stack_size)
 *fill*         0x20002d94      0x800 00
                0x20003594                . = ALIGN (0x4)
                0x00000000                __S_romp = 0x0

.ARM.attributes
                0x00000000       0x3b
 *(.ARM.attributes)
 .ARM.attributes
                0x00000000       0x3b ./Project_Settings/Startup_Code/kinetis_sysinit.o
 .ARM.attributes
                0x0000003b       0x3b ./Project_Settings/Startup_Code/__arm_start.o
 .ARM.attributes
                0x00000076       0x3b ./Project_Settings/Startup_Code/__arm_end.o
 .ARM.attributes
                0x000000b1       0x3b ./Sources/Applications/main.o
 .ARM.attributes
                0x000000ec       0x3b ./Sources/Interfaces/iUart.o
 .ARM.attributes
                0x00000127       0x3b ./Sources/Interfaces/iSpi.o
 .ARM.attributes
                0x00000162       0x3b ./Sources/Interfaces/iPit.o
 .ARM.attributes
                0x0000019d       0x3b ./Sources/Interfaces/iI2C.o
 .ARM.attributes
                0x000001d8       0x3b ./Sources/Interfaces/iFlextimer.o
 .ARM.attributes
                0x00000213       0x3b ./Sources/Interfaces/iDio.o
 .ARM.attributes
                0x0000024e       0x3b ./Sources/Interfaces/iDac.o
 .ARM.attributes
                0x00000289       0x3b ./Sources/Interfaces/iCpu.o
 .ARM.attributes
                0x000002c4       0x3b ./Sources/Interfaces/iAd.o
 .ARM.attributes
                0x000002ff       0x3b ./Sources/Modules/mWifi.o
 .ARM.attributes
                0x0000033a       0x3b ./Sources/Modules/mTimer.o
 .ARM.attributes
                0x00000375       0x3b ./Sources/Modules/mSwitch.o
 .ARM.attributes
                0x000003b0       0x3b ./Sources/Modules/mSpi.o
 .ARM.attributes
                0x000003eb       0x3b ./Sources/Modules/mRS232.o
 .ARM.attributes
                0x00000426       0x3b ./Sources/Modules/mLeds.o
 .ARM.attributes
                0x00000461       0x3b ./Sources/Modules/mDelay.o
 .ARM.attributes
                0x0000049c       0x3b ./Sources/Modules/mDac.o
 .ARM.attributes
                0x000004d7       0x3b ./Sources/Modules/mCpu.o
 .ARM.attributes
                0x00000512       0x3b ./Sources/Modules/mAd.o
 .ARM.attributes
                0x0000054d       0x3b ./Sources/Modules/mAccelMagneto.o
 .ARM.attributes
                0x00000588       0x3b ./Sources/Utils/stbp.o
 .ARM.attributes
                0x000005c3       0x3b ./Sources/Utils/def.o
 .ARM.attributes
                0x000005fe       0x3b C:/Freescale/CW MCU v10.6/MCU/ARM_GCC_Support/ewl/lib/armv7e-m/fpu\libc99.a(sprintf.o)
 .ARM.attributes
                0x00000639       0x3b C:/Freescale/CW MCU v10.6/MCU/ARM_GCC_Support/ewl/lib/armv7e-m/fpu\libc99.a(vsnprintf.o)
 .ARM.attributes
                0x00000674       0x3b C:/Freescale/CW MCU v10.6/MCU/ARM_GCC_Support/ewl/lib/armv7e-m/fpu\libc99.a(exit.o)
 .ARM.attributes
                0x000006af       0x3b C:/Freescale/CW MCU v10.6/MCU/ARM_GCC_Support/ewl/lib/armv7e-m/fpu\libc99.a(memcpy.o)
 .ARM.attributes
                0x000006ea       0x3b C:/Freescale/CW MCU v10.6/MCU/ARM_GCC_Support/ewl/lib/armv7e-m/fpu\libc99.a(memset.o)
 .ARM.attributes
                0x00000725       0x3b C:/Freescale/CW MCU v10.6/MCU/ARM_GCC_Support/ewl/lib/armv7e-m/fpu\libc99.a(strcat.o)
 .ARM.attributes
                0x00000760       0x3b C:/Freescale/CW MCU v10.6/MCU/ARM_GCC_Support/ewl/lib/armv7e-m/fpu\libc99.a(strlen.o)
 .ARM.attributes
                0x0000079b       0x3b C:/Freescale/CW MCU v10.6/MCU/ARM_GCC_Support/ewl/lib/armv7e-m/fpu\libc99.a(__printformat.o)
 .ARM.attributes
                0x000007d6       0x3b C:/Freescale/CW MCU v10.6/MCU/ARM_GCC_Support/ewl/lib/armv7e-m/fpu\libc99.a(ctype_aeabi.o)
 .ARM.attributes
                0x00000811       0x3b C:/Freescale/CW MCU v10.6/MCU/ARM_GCC_Support/ewl/lib/armv7e-m/fpu\libc99.a(secure_error.o)
 .ARM.attributes
                0x0000084c       0x3b C:/Freescale/CW MCU v10.6/MCU/ARM_GCC_Support/ewl/lib/armv7e-m/fpu\libc99.a(__wctomb.o)
 .ARM.attributes
                0x00000887       0x3b C:/Freescale/CW MCU v10.6/MCU/ARM_GCC_Support/ewl/lib/armv7e-m/fpu\libc99.a(__filll_mem.o)
 .ARM.attributes
                0x000008c2       0x3b C:/Freescale/CW MCU v10.6/MCU/ARM_GCC_Support/ewl/lib/armv7e-m/fpu\libc99.a(memchr.o)
 .ARM.attributes
                0x000008fd       0x3b C:/Freescale/CW MCU v10.6/MCU/ARM_GCC_Support/ewl/lib/armv7e-m/fpu\libc99.a(strchr.o)
 .ARM.attributes
                0x00000938       0x3b C:/Freescale/CW MCU v10.6/MCU/ARM_GCC_Support/ewl/lib/armv7e-m/fpu\libc99.a(strcpy.o)
 .ARM.attributes
                0x00000973       0x3b C:/Freescale/CW MCU v10.6/MCU/ARM_GCC_Support/ewl/lib/armv7e-m/fpu\libc99.a(strncpy.o)
 .ARM.attributes
                0x000009ae       0x3b C:/Freescale/CW MCU v10.6/MCU/ARM_GCC_Support/ewl/lib/armv7e-m/fpu\libm.a(ansi_fp.o)
 .ARM.attributes
                0x000009e9       0x3b C:/Freescale/CW MCU v10.6/MCU/ARM_GCC_Support/ewl/lib/armv7e-m/fpu\libm.a(math_api.o)
 .ARM.attributes
                0x00000a24       0x3b C:/Freescale/CW MCU v10.6/MCU/ARM_GCC_Support/ewl/lib/armv7e-m/fpu\libm.a(s_frexp.o)
 .ARM.attributes
                0x00000a5f       0x24 c:/freescale/cw mcu v10.6/cross_tools/arm-none-eabi-gcc-4_7_3/bin/../lib/gcc/arm-none-eabi/4.7.3/armv7e-m/fpu\libgcc.a(_arm_addsubdf3.o)
 .ARM.attributes
                0x00000a83       0x24 c:/freescale/cw mcu v10.6/cross_tools/arm-none-eabi-gcc-4_7_3/bin/../lib/gcc/arm-none-eabi/4.7.3/armv7e-m/fpu\libgcc.a(_arm_muldivdf3.o)
 .ARM.attributes
                0x00000aa7       0x24 c:/freescale/cw mcu v10.6/cross_tools/arm-none-eabi-gcc-4_7_3/bin/../lib/gcc/arm-none-eabi/4.7.3/armv7e-m/fpu\libgcc.a(_arm_cmpdf2.o)
 .ARM.attributes
                0x00000acb       0x24 c:/freescale/cw mcu v10.6/cross_tools/arm-none-eabi-gcc-4_7_3/bin/../lib/gcc/arm-none-eabi/4.7.3/armv7e-m/fpu\libgcc.a(_arm_fixdfsi.o)
 .ARM.attributes
                0x00000aef       0x24 c:/freescale/cw mcu v10.6/cross_tools/arm-none-eabi-gcc-4_7_3/bin/../lib/gcc/arm-none-eabi/4.7.3/armv7e-m/fpu\libgcc.a(_arm_fixunsdfsi.o)
 .ARM.attributes
                0x00000b13       0x24 c:/freescale/cw mcu v10.6/cross_tools/arm-none-eabi-gcc-4_7_3/bin/../lib/gcc/arm-none-eabi/4.7.3/armv7e-m/fpu\libgcc.a(_arm_truncdfsf2.o)
 .ARM.attributes
                0x00000b37       0x24 c:/freescale/cw mcu v10.6/cross_tools/arm-none-eabi-gcc-4_7_3/bin/../lib/gcc/arm-none-eabi/4.7.3/armv7e-m/fpu\libgcc.a(_aeabi_uldivmod.o)
 .ARM.attributes
                0x00000b5b       0x36 c:/freescale/cw mcu v10.6/cross_tools/arm-none-eabi-gcc-4_7_3/bin/../lib/gcc/arm-none-eabi/4.7.3/armv7e-m/fpu\libgcc.a(bpabi.o)
 .ARM.attributes
                0x00000b91       0x24 c:/freescale/cw mcu v10.6/cross_tools/arm-none-eabi-gcc-4_7_3/bin/../lib/gcc/arm-none-eabi/4.7.3/armv7e-m/fpu\libgcc.a(_dvmd_tls.o)
 .ARM.attributes
                0x00000bb5       0x36 c:/freescale/cw mcu v10.6/cross_tools/arm-none-eabi-gcc-4_7_3/bin/../lib/gcc/arm-none-eabi/4.7.3/armv7e-m/fpu\libgcc.a(_divdi3.o)
 .ARM.attributes
                0x00000beb       0x36 c:/freescale/cw mcu v10.6/cross_tools/arm-none-eabi-gcc-4_7_3/bin/../lib/gcc/arm-none-eabi/4.7.3/armv7e-m/fpu\libgcc.a(_udivdi3.o)
 .ARM.attributes
                0x00000c21       0x3b C:/Freescale/CW MCU v10.6/MCU/ARM_GCC_Support/ewl/lib/armv7e-m/fpu\librt.a(gcc_ctor_dtor.o)
 .ARM.attributes
                0x00000c5c       0x3b C:/Freescale/CW MCU v10.6/MCU/ARM_GCC_Support/ewl/lib/armv7e-m/fpu\librt.a(ROMCopy.o)
 .ARM.attributes
                0x00000c97       0x3b C:/Freescale/CW MCU v10.6/MCU/ARM_GCC_Support/ewl/lib/armv7e-m/fpu\librt.a(__arm_eabi_init.o)
OUTPUT(FS_K64.elf elf32-littlearm)

.debug_info     0x00000000     0xcbca
 .debug_info    0x00000000      0x38e ./Project_Settings/Startup_Code/kinetis_sysinit.o
 .debug_info    0x0000038e      0x12a ./Project_Settings/Startup_Code/__arm_start.o
 .debug_info    0x000004b8       0x54 ./Project_Settings/Startup_Code/__arm_end.o
 .debug_info    0x0000050c      0xb6f ./Sources/Applications/main.o
 .debug_info    0x0000107b      0x854 ./Sources/Interfaces/iUart.o
 .debug_info    0x000018cf      0xad3 ./Sources/Interfaces/iSpi.o
 .debug_info    0x000023a2      0x94d ./Sources/Interfaces/iPit.o
 .debug_info    0x00002cef      0x8a0 ./Sources/Interfaces/iI2C.o
 .debug_info    0x0000358f      0x9f4 ./Sources/Interfaces/iFlextimer.o
 .debug_info    0x00003f83      0x3a7 ./Sources/Interfaces/iDio.o
 .debug_info    0x0000432a      0x4a7 ./Sources/Interfaces/iDac.o
 .debug_info    0x000047d1      0x6dd ./Sources/Interfaces/iCpu.o
 .debug_info    0x00004eae      0x651 ./Sources/Interfaces/iAd.o
 .debug_info    0x000054ff      0x481 ./Sources/Modules/mWifi.o
 .debug_info    0x00005980      0x471 ./Sources/Modules/mTimer.o
 .debug_info    0x00005df1      0x29f ./Sources/Modules/mSwitch.o
 .debug_info    0x00006090      0x5c8 ./Sources/Modules/mSpi.o
 .debug_info    0x00006658      0x138 ./Sources/Modules/mRS232.o
 .debug_info    0x00006790      0x2d6 ./Sources/Modules/mLeds.o
 .debug_info    0x00006a66      0x20d ./Sources/Modules/mDelay.o
 .debug_info    0x00006c73       0xe4 ./Sources/Modules/mDac.o
 .debug_info    0x00006d57       0x76 ./Sources/Modules/mCpu.o
 .debug_info    0x00006dcd      0x1cb ./Sources/Modules/mAd.o
 .debug_info    0x00006f98      0x6ca ./Sources/Modules/mAccelMagneto.o
 .debug_info    0x00007662      0xcb0 ./Sources/Utils/stbp.o
 .debug_info    0x00008312      0x225 ./Sources/Utils/def.o
 .debug_info    0x00008537      0x3ef C:/Freescale/CW MCU v10.6/MCU/ARM_GCC_Support/ewl/lib/armv7e-m/fpu\libc99.a(sprintf.o)
 .debug_info    0x00008926      0x4cb C:/Freescale/CW MCU v10.6/MCU/ARM_GCC_Support/ewl/lib/armv7e-m/fpu\libc99.a(vsnprintf.o)
 .debug_info    0x00008df1      0x111 C:/Freescale/CW MCU v10.6/MCU/ARM_GCC_Support/ewl/lib/armv7e-m/fpu\libc99.a(exit.o)
 .debug_info    0x00008f02      0x10f C:/Freescale/CW MCU v10.6/MCU/ARM_GCC_Support/ewl/lib/armv7e-m/fpu\libc99.a(memcpy.o)
 .debug_info    0x00009011       0xec C:/Freescale/CW MCU v10.6/MCU/ARM_GCC_Support/ewl/lib/armv7e-m/fpu\libc99.a(memset.o)
 .debug_info    0x000090fd       0xee C:/Freescale/CW MCU v10.6/MCU/ARM_GCC_Support/ewl/lib/armv7e-m/fpu\libc99.a(strcat.o)
 .debug_info    0x000091eb       0xeb C:/Freescale/CW MCU v10.6/MCU/ARM_GCC_Support/ewl/lib/armv7e-m/fpu\libc99.a(strlen.o)
 .debug_info    0x000092d6      0xe01 C:/Freescale/CW MCU v10.6/MCU/ARM_GCC_Support/ewl/lib/armv7e-m/fpu\libc99.a(__printformat.o)
 .debug_info    0x0000a0d7      0x306 C:/Freescale/CW MCU v10.6/MCU/ARM_GCC_Support/ewl/lib/armv7e-m/fpu\libc99.a(ctype_aeabi.o)
 .debug_info    0x0000a3dd      0x247 C:/Freescale/CW MCU v10.6/MCU/ARM_GCC_Support/ewl/lib/armv7e-m/fpu\libc99.a(secure_error.o)
 .debug_info    0x0000a624     0x10ca C:/Freescale/CW MCU v10.6/MCU/ARM_GCC_Support/ewl/lib/armv7e-m/fpu\libc99.a(__wctomb.o)
 .debug_info    0x0000b6ee      0x135 C:/Freescale/CW MCU v10.6/MCU/ARM_GCC_Support/ewl/lib/armv7e-m/fpu\libc99.a(__filll_mem.o)
 .debug_info    0x0000b823      0x120 C:/Freescale/CW MCU v10.6/MCU/ARM_GCC_Support/ewl/lib/armv7e-m/fpu\libc99.a(memchr.o)
 .debug_info    0x0000b943      0x108 C:/Freescale/CW MCU v10.6/MCU/ARM_GCC_Support/ewl/lib/armv7e-m/fpu\libc99.a(strchr.o)
 .debug_info    0x0000ba4b      0x108 C:/Freescale/CW MCU v10.6/MCU/ARM_GCC_Support/ewl/lib/armv7e-m/fpu\libc99.a(strcpy.o)
 .debug_info    0x0000bb53      0x108 C:/Freescale/CW MCU v10.6/MCU/ARM_GCC_Support/ewl/lib/armv7e-m/fpu\libc99.a(strncpy.o)
 .debug_info    0x0000bc5b      0x515 C:/Freescale/CW MCU v10.6/MCU/ARM_GCC_Support/ewl/lib/armv7e-m/fpu\libm.a(ansi_fp.o)
 .debug_info    0x0000c170      0x30b C:/Freescale/CW MCU v10.6/MCU/ARM_GCC_Support/ewl/lib/armv7e-m/fpu\libm.a(math_api.o)
 .debug_info    0x0000c47b      0x1a1 C:/Freescale/CW MCU v10.6/MCU/ARM_GCC_Support/ewl/lib/armv7e-m/fpu\libm.a(s_frexp.o)
 .debug_info    0x0000c61c      0x136 C:/Freescale/CW MCU v10.6/MCU/ARM_GCC_Support/ewl/lib/armv7e-m/fpu\librt.a(gcc_ctor_dtor.o)
 .debug_info    0x0000c752      0x19a C:/Freescale/CW MCU v10.6/MCU/ARM_GCC_Support/ewl/lib/armv7e-m/fpu\librt.a(ROMCopy.o)
 .debug_info    0x0000c8ec      0x2de C:/Freescale/CW MCU v10.6/MCU/ARM_GCC_Support/ewl/lib/armv7e-m/fpu\librt.a(__arm_eabi_init.o)

.debug_abbrev   0x00000000     0x2f2e
 .debug_abbrev  0x00000000       0xf6 ./Project_Settings/Startup_Code/kinetis_sysinit.o
 .debug_abbrev  0x000000f6       0x92 ./Project_Settings/Startup_Code/__arm_start.o
 .debug_abbrev  0x00000188       0x4c ./Project_Settings/Startup_Code/__arm_end.o
 .debug_abbrev  0x000001d4      0x1ae ./Sources/Applications/main.o
 .debug_abbrev  0x00000382      0x1d6 ./Sources/Interfaces/iUart.o
 .debug_abbrev  0x00000558      0x1a0 ./Sources/Interfaces/iSpi.o
 .debug_abbrev  0x000006f8      0x16b ./Sources/Interfaces/iPit.o
 .debug_abbrev  0x00000863      0x139 ./Sources/Interfaces/iI2C.o
 .debug_abbrev  0x0000099c      0x125 ./Sources/Interfaces/iFlextimer.o
 .debug_abbrev  0x00000ac1       0xd2 ./Sources/Interfaces/iDio.o
 .debug_abbrev  0x00000b93      0x125 ./Sources/Interfaces/iDac.o
 .debug_abbrev  0x00000cb8      0x102 ./Sources/Interfaces/iCpu.o
 .debug_abbrev  0x00000dba      0x12e ./Sources/Interfaces/iAd.o
 .debug_abbrev  0x00000ee8       0xfd ./Sources/Modules/mWifi.o
 .debug_abbrev  0x00000fe5       0xc4 ./Sources/Modules/mTimer.o
 .debug_abbrev  0x000010a9       0xae ./Sources/Modules/mSwitch.o
 .debug_abbrev  0x00001157      0x156 ./Sources/Modules/mSpi.o
 .debug_abbrev  0x000012ad       0xa4 ./Sources/Modules/mRS232.o
 .debug_abbrev  0x00001351       0xaa ./Sources/Modules/mLeds.o
 .debug_abbrev  0x000013fb       0xc3 ./Sources/Modules/mDelay.o
 .debug_abbrev  0x000014be       0x79 ./Sources/Modules/mDac.o
 .debug_abbrev  0x00001537       0x3d ./Sources/Modules/mCpu.o
 .debug_abbrev  0x00001574       0xae ./Sources/Modules/mAd.o
 .debug_abbrev  0x00001622      0x18c ./Sources/Modules/mAccelMagneto.o
 .debug_abbrev  0x000017ae      0x14f ./Sources/Utils/stbp.o
 .debug_abbrev  0x000018fd       0xd5 ./Sources/Utils/def.o
 .debug_abbrev  0x000019d2      0x12d C:/Freescale/CW MCU v10.6/MCU/ARM_GCC_Support/ewl/lib/armv7e-m/fpu\libc99.a(sprintf.o)
 .debug_abbrev  0x00001aff      0x150 C:/Freescale/CW MCU v10.6/MCU/ARM_GCC_Support/ewl/lib/armv7e-m/fpu\libc99.a(vsnprintf.o)
 .debug_abbrev  0x00001c4f       0x91 C:/Freescale/CW MCU v10.6/MCU/ARM_GCC_Support/ewl/lib/armv7e-m/fpu\libc99.a(exit.o)
 .debug_abbrev  0x00001ce0       0x95 C:/Freescale/CW MCU v10.6/MCU/ARM_GCC_Support/ewl/lib/armv7e-m/fpu\libc99.a(memcpy.o)
 .debug_abbrev  0x00001d75       0x62 C:/Freescale/CW MCU v10.6/MCU/ARM_GCC_Support/ewl/lib/armv7e-m/fpu\libc99.a(memset.o)
 .debug_abbrev  0x00001dd7       0x7a C:/Freescale/CW MCU v10.6/MCU/ARM_GCC_Support/ewl/lib/armv7e-m/fpu\libc99.a(strcat.o)
 .debug_abbrev  0x00001e51       0x7a C:/Freescale/CW MCU v10.6/MCU/ARM_GCC_Support/ewl/lib/armv7e-m/fpu\libc99.a(strlen.o)
 .debug_abbrev  0x00001ecb      0x29d C:/Freescale/CW MCU v10.6/MCU/ARM_GCC_Support/ewl/lib/armv7e-m/fpu\libc99.a(__printformat.o)
 .debug_abbrev  0x00002168       0x85 C:/Freescale/CW MCU v10.6/MCU/ARM_GCC_Support/ewl/lib/armv7e-m/fpu\libc99.a(ctype_aeabi.o)
 .debug_abbrev  0x000021ed      0x131 C:/Freescale/CW MCU v10.6/MCU/ARM_GCC_Support/ewl/lib/armv7e-m/fpu\libc99.a(secure_error.o)
 .debug_abbrev  0x0000231e      0x29d C:/Freescale/CW MCU v10.6/MCU/ARM_GCC_Support/ewl/lib/armv7e-m/fpu\libc99.a(__wctomb.o)
 .debug_abbrev  0x000025bb       0x87 C:/Freescale/CW MCU v10.6/MCU/ARM_GCC_Support/ewl/lib/armv7e-m/fpu\libc99.a(__filll_mem.o)
 .debug_abbrev  0x00002642       0x95 C:/Freescale/CW MCU v10.6/MCU/ARM_GCC_Support/ewl/lib/armv7e-m/fpu\libc99.a(memchr.o)
 .debug_abbrev  0x000026d7       0x89 C:/Freescale/CW MCU v10.6/MCU/ARM_GCC_Support/ewl/lib/armv7e-m/fpu\libc99.a(strchr.o)
 .debug_abbrev  0x00002760       0x78 C:/Freescale/CW MCU v10.6/MCU/ARM_GCC_Support/ewl/lib/armv7e-m/fpu\libc99.a(strcpy.o)
 .debug_abbrev  0x000027d8       0x89 C:/Freescale/CW MCU v10.6/MCU/ARM_GCC_Support/ewl/lib/armv7e-m/fpu\libc99.a(strncpy.o)
 .debug_abbrev  0x00002861      0x15d C:/Freescale/CW MCU v10.6/MCU/ARM_GCC_Support/ewl/lib/armv7e-m/fpu\libm.a(ansi_fp.o)
 .debug_abbrev  0x000029be       0xf7 C:/Freescale/CW MCU v10.6/MCU/ARM_GCC_Support/ewl/lib/armv7e-m/fpu\libm.a(math_api.o)
 .debug_abbrev  0x00002ab5       0xce C:/Freescale/CW MCU v10.6/MCU/ARM_GCC_Support/ewl/lib/armv7e-m/fpu\libm.a(s_frexp.o)
 .debug_abbrev  0x00002b83       0x99 C:/Freescale/CW MCU v10.6/MCU/ARM_GCC_Support/ewl/lib/armv7e-m/fpu\librt.a(gcc_ctor_dtor.o)
 .debug_abbrev  0x00002c1c      0x137 C:/Freescale/CW MCU v10.6/MCU/ARM_GCC_Support/ewl/lib/armv7e-m/fpu\librt.a(ROMCopy.o)
 .debug_abbrev  0x00002d53      0x1db C:/Freescale/CW MCU v10.6/MCU/ARM_GCC_Support/ewl/lib/armv7e-m/fpu\librt.a(__arm_eabi_init.o)

.debug_loc      0x00000000     0x643c
 .debug_loc     0x00000000       0x58 ./Project_Settings/Startup_Code/kinetis_sysinit.o
 .debug_loc     0x00000058       0x2c ./Project_Settings/Startup_Code/__arm_start.o
 .debug_loc     0x00000084       0x38 ./Project_Settings/Startup_Code/__arm_end.o
 .debug_loc     0x000000bc      0x196 ./Sources/Applications/main.o
 .debug_loc     0x00000252      0x268 ./Sources/Interfaces/iUart.o
 .debug_loc     0x000004ba      0x3e4 ./Sources/Interfaces/iSpi.o
 .debug_loc     0x0000089e      0x268 ./Sources/Interfaces/iPit.o
 .debug_loc     0x00000b06      0x24c ./Sources/Interfaces/iI2C.o
 .debug_loc     0x00000d52      0x10c ./Sources/Interfaces/iFlextimer.o
 .debug_loc     0x00000e5e       0xa8 ./Sources/Interfaces/iDio.o
 .debug_loc     0x00000f06      0x118 ./Sources/Interfaces/iDac.o
 .debug_loc     0x0000101e       0xe8 ./Sources/Interfaces/iCpu.o
 .debug_loc     0x00001106      0x10c ./Sources/Interfaces/iAd.o
 .debug_loc     0x00001212      0x1aa ./Sources/Modules/mWifi.o
 .debug_loc     0x000013bc      0x1f4 ./Sources/Modules/mTimer.o
 .debug_loc     0x000015b0       0xc8 ./Sources/Modules/mSwitch.o
 .debug_loc     0x00001678      0x238 ./Sources/Modules/mSpi.o
 .debug_loc     0x000018b0       0xf4 ./Sources/Modules/mRS232.o
 .debug_loc     0x000019a4       0xc8 ./Sources/Modules/mLeds.o
 .debug_loc     0x00001a6c      0x19c ./Sources/Modules/mDelay.o
 .debug_loc     0x00001c08       0x90 ./Sources/Modules/mDac.o
 .debug_loc     0x00001c98       0x2c ./Sources/Modules/mCpu.o
 .debug_loc     0x00001cc4       0xf4 ./Sources/Modules/mAd.o
 .debug_loc     0x00001db8      0x238 ./Sources/Modules/mAccelMagneto.o
 .debug_loc     0x00001ff0      0x5b0 ./Sources/Utils/stbp.o
 .debug_loc     0x000025a0       0x70 ./Sources/Utils/def.o
 .debug_loc     0x00002610       0x3f C:/Freescale/CW MCU v10.6/MCU/ARM_GCC_Support/ewl/lib/armv7e-m/fpu\libc99.a(sprintf.o)
 .debug_loc     0x0000264f      0x105 C:/Freescale/CW MCU v10.6/MCU/ARM_GCC_Support/ewl/lib/armv7e-m/fpu\libc99.a(vsnprintf.o)
 .debug_loc     0x00002754       0x51 C:/Freescale/CW MCU v10.6/MCU/ARM_GCC_Support/ewl/lib/armv7e-m/fpu\libc99.a(exit.o)
 .debug_loc     0x000027a5       0x59 C:/Freescale/CW MCU v10.6/MCU/ARM_GCC_Support/ewl/lib/armv7e-m/fpu\libc99.a(memcpy.o)
 .debug_loc     0x000027fe       0x64 C:/Freescale/CW MCU v10.6/MCU/ARM_GCC_Support/ewl/lib/armv7e-m/fpu\libc99.a(memset.o)
 .debug_loc     0x00002862       0x5c C:/Freescale/CW MCU v10.6/MCU/ARM_GCC_Support/ewl/lib/armv7e-m/fpu\libc99.a(strcat.o)
 .debug_loc     0x000028be       0x26 C:/Freescale/CW MCU v10.6/MCU/ARM_GCC_Support/ewl/lib/armv7e-m/fpu\libc99.a(strlen.o)
 .debug_loc     0x000028e4     0x1921 C:/Freescale/CW MCU v10.6/MCU/ARM_GCC_Support/ewl/lib/armv7e-m/fpu\libc99.a(__printformat.o)
 .debug_loc     0x00004205      0x18e C:/Freescale/CW MCU v10.6/MCU/ARM_GCC_Support/ewl/lib/armv7e-m/fpu\libc99.a(ctype_aeabi.o)
 .debug_loc     0x00004393       0xd4 C:/Freescale/CW MCU v10.6/MCU/ARM_GCC_Support/ewl/lib/armv7e-m/fpu\libc99.a(secure_error.o)
 .debug_loc     0x00004467     0x12da C:/Freescale/CW MCU v10.6/MCU/ARM_GCC_Support/ewl/lib/armv7e-m/fpu\libc99.a(__wctomb.o)
 .debug_loc     0x00005741      0x12c C:/Freescale/CW MCU v10.6/MCU/ARM_GCC_Support/ewl/lib/armv7e-m/fpu\libc99.a(__filll_mem.o)
 .debug_loc     0x0000586d       0x62 C:/Freescale/CW MCU v10.6/MCU/ARM_GCC_Support/ewl/lib/armv7e-m/fpu\libc99.a(memchr.o)
 .debug_loc     0x000058cf       0x7c C:/Freescale/CW MCU v10.6/MCU/ARM_GCC_Support/ewl/lib/armv7e-m/fpu\libc99.a(strchr.o)
 .debug_loc     0x0000594b       0x82 C:/Freescale/CW MCU v10.6/MCU/ARM_GCC_Support/ewl/lib/armv7e-m/fpu\libc99.a(strncpy.o)
 .debug_loc     0x000059cd      0x523 C:/Freescale/CW MCU v10.6/MCU/ARM_GCC_Support/ewl/lib/armv7e-m/fpu\libm.a(ansi_fp.o)
 .debug_loc     0x00005ef0      0x1fa C:/Freescale/CW MCU v10.6/MCU/ARM_GCC_Support/ewl/lib/armv7e-m/fpu\libm.a(math_api.o)
 .debug_loc     0x000060ea       0xb8 C:/Freescale/CW MCU v10.6/MCU/ARM_GCC_Support/ewl/lib/armv7e-m/fpu\libm.a(s_frexp.o)
 .debug_loc     0x000061a2       0x9d C:/Freescale/CW MCU v10.6/MCU/ARM_GCC_Support/ewl/lib/armv7e-m/fpu\librt.a(gcc_ctor_dtor.o)
 .debug_loc     0x0000623f       0xb9 C:/Freescale/CW MCU v10.6/MCU/ARM_GCC_Support/ewl/lib/armv7e-m/fpu\librt.a(ROMCopy.o)
 .debug_loc     0x000062f8      0x144 C:/Freescale/CW MCU v10.6/MCU/ARM_GCC_Support/ewl/lib/armv7e-m/fpu\librt.a(__arm_eabi_init.o)

.debug_aranges  0x00000000      0xd30
 .debug_aranges
                0x00000000       0x28 ./Project_Settings/Startup_Code/kinetis_sysinit.o
 .debug_aranges
                0x00000028       0x30 ./Project_Settings/Startup_Code/__arm_start.o
 .debug_aranges
                0x00000058       0x20 ./Project_Settings/Startup_Code/__arm_end.o
 .debug_aranges
                0x00000078       0x50 ./Sources/Applications/main.o
 .debug_aranges
                0x000000c8       0x70 ./Sources/Interfaces/iUart.o
 .debug_aranges
                0x00000138       0xa8 ./Sources/Interfaces/iSpi.o
 .debug_aranges
                0x000001e0       0x70 ./Sources/Interfaces/iPit.o
 .debug_aranges
                0x00000250       0x78 ./Sources/Interfaces/iI2C.o
 .debug_aranges
                0x000002c8       0x40 ./Sources/Interfaces/iFlextimer.o
 .debug_aranges
                0x00000308       0x30 ./Sources/Interfaces/iDio.o
 .debug_aranges
                0x00000338       0x40 ./Sources/Interfaces/iDac.o
 .debug_aranges
                0x00000378       0x40 ./Sources/Interfaces/iCpu.o
 .debug_aranges
                0x000003b8       0x40 ./Sources/Interfaces/iAd.o
 .debug_aranges
                0x000003f8       0x58 ./Sources/Modules/mWifi.o
 .debug_aranges
                0x00000450       0x68 ./Sources/Modules/mTimer.o
 .debug_aranges
                0x000004b8       0x38 ./Sources/Modules/mSwitch.o
 .debug_aranges
                0x000004f0       0x70 ./Sources/Modules/mSpi.o
 .debug_aranges
                0x00000560       0x40 ./Sources/Modules/mRS232.o
 .debug_aranges
                0x000005a0       0x38 ./Sources/Modules/mLeds.o
 .debug_aranges
                0x000005d8       0x58 ./Sources/Modules/mDelay.o
 .debug_aranges
                0x00000630       0x30 ./Sources/Modules/mDac.o
 .debug_aranges
                0x00000660       0x20 ./Sources/Modules/mCpu.o
 .debug_aranges
                0x00000680       0x40 ./Sources/Modules/mAd.o
 .debug_aranges
                0x000006c0       0x70 ./Sources/Modules/mAccelMagneto.o
 .debug_aranges
                0x00000730       0xe8 ./Sources/Utils/stbp.o
 .debug_aranges
                0x00000818       0x28 ./Sources/Utils/def.o
 .debug_aranges
                0x00000840       0x28 C:/Freescale/CW MCU v10.6/MCU/ARM_GCC_Support/ewl/lib/armv7e-m/fpu\libc99.a(sprintf.o)
 .debug_aranges
                0x00000868       0x30 C:/Freescale/CW MCU v10.6/MCU/ARM_GCC_Support/ewl/lib/armv7e-m/fpu\libc99.a(vsnprintf.o)
 .debug_aranges
                0x00000898       0x28 C:/Freescale/CW MCU v10.6/MCU/ARM_GCC_Support/ewl/lib/armv7e-m/fpu\libc99.a(exit.o)
 .debug_aranges
                0x000008c0       0x20 C:/Freescale/CW MCU v10.6/MCU/ARM_GCC_Support/ewl/lib/armv7e-m/fpu\libc99.a(memcpy.o)
 .debug_aranges
                0x000008e0       0x20 C:/Freescale/CW MCU v10.6/MCU/ARM_GCC_Support/ewl/lib/armv7e-m/fpu\libc99.a(memset.o)
 .debug_aranges
                0x00000900       0x20 C:/Freescale/CW MCU v10.6/MCU/ARM_GCC_Support/ewl/lib/armv7e-m/fpu\libc99.a(strcat.o)
 .debug_aranges
                0x00000920       0x20 C:/Freescale/CW MCU v10.6/MCU/ARM_GCC_Support/ewl/lib/armv7e-m/fpu\libc99.a(strlen.o)
 .debug_aranges
                0x00000940       0x48 C:/Freescale/CW MCU v10.6/MCU/ARM_GCC_Support/ewl/lib/armv7e-m/fpu\libc99.a(__printformat.o)
 .debug_aranges
                0x00000988       0x88 C:/Freescale/CW MCU v10.6/MCU/ARM_GCC_Support/ewl/lib/armv7e-m/fpu\libc99.a(ctype_aeabi.o)
 .debug_aranges
                0x00000a10       0x40 C:/Freescale/CW MCU v10.6/MCU/ARM_GCC_Support/ewl/lib/armv7e-m/fpu\libc99.a(secure_error.o)
 .debug_aranges
                0x00000a50       0xd8 C:/Freescale/CW MCU v10.6/MCU/ARM_GCC_Support/ewl/lib/armv7e-m/fpu\libc99.a(__wctomb.o)
 .debug_aranges
                0x00000b28       0x20 C:/Freescale/CW MCU v10.6/MCU/ARM_GCC_Support/ewl/lib/armv7e-m/fpu\libc99.a(__filll_mem.o)
 .debug_aranges
                0x00000b48       0x20 C:/Freescale/CW MCU v10.6/MCU/ARM_GCC_Support/ewl/lib/armv7e-m/fpu\libc99.a(memchr.o)
 .debug_aranges
                0x00000b68       0x20 C:/Freescale/CW MCU v10.6/MCU/ARM_GCC_Support/ewl/lib/armv7e-m/fpu\libc99.a(strchr.o)
 .debug_aranges
                0x00000b88       0x20 C:/Freescale/CW MCU v10.6/MCU/ARM_GCC_Support/ewl/lib/armv7e-m/fpu\libc99.a(strcpy.o)
 .debug_aranges
                0x00000ba8       0x20 C:/Freescale/CW MCU v10.6/MCU/ARM_GCC_Support/ewl/lib/armv7e-m/fpu\libc99.a(strncpy.o)
 .debug_aranges
                0x00000bc8       0x30 C:/Freescale/CW MCU v10.6/MCU/ARM_GCC_Support/ewl/lib/armv7e-m/fpu\libm.a(ansi_fp.o)
 .debug_aranges
                0x00000bf8       0x60 C:/Freescale/CW MCU v10.6/MCU/ARM_GCC_Support/ewl/lib/armv7e-m/fpu\libm.a(math_api.o)
 .debug_aranges
                0x00000c58       0x20 C:/Freescale/CW MCU v10.6/MCU/ARM_GCC_Support/ewl/lib/armv7e-m/fpu\libm.a(s_frexp.o)
 .debug_aranges
                0x00000c78       0x28 C:/Freescale/CW MCU v10.6/MCU/ARM_GCC_Support/ewl/lib/armv7e-m/fpu\librt.a(gcc_ctor_dtor.o)
 .debug_aranges
                0x00000ca0       0x30 C:/Freescale/CW MCU v10.6/MCU/ARM_GCC_Support/ewl/lib/armv7e-m/fpu\librt.a(ROMCopy.o)
 .debug_aranges
                0x00000cd0       0x60 C:/Freescale/CW MCU v10.6/MCU/ARM_GCC_Support/ewl/lib/armv7e-m/fpu\librt.a(__arm_eabi_init.o)

.debug_macinfo  0x00000000   0x58829f
 .debug_macinfo
                0x00000000    0x62237 ./Project_Settings/Startup_Code/kinetis_sysinit.o
 .debug_macinfo
                0x00062237     0x4454 ./Project_Settings/Startup_Code/__arm_start.o
 .debug_macinfo
                0x0006668b     0x39fb ./Project_Settings/Startup_Code/__arm_end.o
 .debug_macinfo
                0x0006a086    0x652a0 ./Sources/Applications/main.o
 .debug_macinfo
                0x000cf326    0x62368 ./Sources/Interfaces/iUart.o
 .debug_macinfo
                0x0013168e    0x62305 ./Sources/Interfaces/iSpi.o
 .debug_macinfo
                0x00193993    0x62319 ./Sources/Interfaces/iPit.o
 .debug_macinfo
                0x001f5cac    0x6232c ./Sources/Interfaces/iI2C.o
 .debug_macinfo
                0x00257fd8    0x62512 ./Sources/Interfaces/iFlextimer.o
 .debug_macinfo
                0x002ba4ea    0x62305 ./Sources/Interfaces/iDio.o
 .debug_macinfo
                0x0031c7ef    0x62352 ./Sources/Interfaces/iDac.o
 .debug_macinfo
                0x0037eb41    0x62305 ./Sources/Interfaces/iCpu.o
 .debug_macinfo
                0x003e0e46    0x62304 ./Sources/Interfaces/iAd.o
 .debug_macinfo
                0x0044314a     0x2b66 ./Sources/Modules/mWifi.o
 .debug_macinfo
                0x00445cb0     0x2bf4 ./Sources/Modules/mTimer.o
 .debug_macinfo
                0x004488a4     0x2b46 ./Sources/Modules/mSwitch.o
 .debug_macinfo
                0x0044b3ea    0x62329 ./Sources/Modules/mSpi.o
 .debug_macinfo
                0x004ad713     0x2b47 ./Sources/Modules/mRS232.o
 .debug_macinfo
                0x004b025a     0x2b44 ./Sources/Modules/mLeds.o
 .debug_macinfo
                0x004b2d9e     0x2b46 ./Sources/Modules/mDelay.o
 .debug_macinfo
                0x004b58e4     0x2b44 ./Sources/Modules/mDac.o
 .debug_macinfo
                0x004b8428     0x2b44 ./Sources/Modules/mCpu.o
 .debug_macinfo
                0x004baf6c     0x2b42 ./Sources/Modules/mAd.o
 .debug_macinfo
                0x004bdaae    0x64986 ./Sources/Modules/mAccelMagneto.o
 .debug_macinfo
                0x00522434     0x3b76 ./Sources/Utils/stbp.o
 .debug_macinfo
                0x00525faa    0x622f5 ./Sources/Utils/def.o

.debug_line     0x00000000     0x6442
 .debug_line    0x00000000      0x238 ./Project_Settings/Startup_Code/kinetis_sysinit.o
 .debug_line    0x00000238      0x2bb ./Project_Settings/Startup_Code/__arm_start.o
 .debug_line    0x000004f3      0x266 ./Project_Settings/Startup_Code/__arm_end.o
 .debug_line    0x00000759      0x5ff ./Sources/Applications/main.o
 .debug_line    0x00000d58      0x369 ./Sources/Interfaces/iUart.o
 .debug_line    0x000010c1      0x45f ./Sources/Interfaces/iSpi.o
 .debug_line    0x00001520      0x394 ./Sources/Interfaces/iPit.o
 .debug_line    0x000018b4      0x307 ./Sources/Interfaces/iI2C.o
 .debug_line    0x00001bbb      0x2f6 ./Sources/Interfaces/iFlextimer.o
 .debug_line    0x00001eb1      0x27e ./Sources/Interfaces/iDio.o
 .debug_line    0x0000212f      0x2c7 ./Sources/Interfaces/iDac.o
 .debug_line    0x000023f6      0x2c8 ./Sources/Interfaces/iCpu.o
 .debug_line    0x000026be      0x2a3 ./Sources/Interfaces/iAd.o
 .debug_line    0x00002961      0x228 ./Sources/Modules/mWifi.o
 .debug_line    0x00002b89      0x260 ./Sources/Modules/mTimer.o
 .debug_line    0x00002de9      0x197 ./Sources/Modules/mSwitch.o
 .debug_line    0x00002f80      0x3c1 ./Sources/Modules/mSpi.o
 .debug_line    0x00003341      0x1a4 ./Sources/Modules/mRS232.o
 .debug_line    0x000034e5      0x193 ./Sources/Modules/mLeds.o
 .debug_line    0x00003678      0x1d2 ./Sources/Modules/mDelay.o
 .debug_line    0x0000384a      0x16f ./Sources/Modules/mDac.o
 .debug_line    0x000039b9      0x14e ./Sources/Modules/mCpu.o
 .debug_line    0x00003b07      0x1b1 ./Sources/Modules/mAd.o
 .debug_line    0x00003cb8      0x52a ./Sources/Modules/mAccelMagneto.o
 .debug_line    0x000041e2      0x4ed ./Sources/Utils/stbp.o
 .debug_line    0x000046cf      0x244 ./Sources/Utils/def.o
 .debug_line    0x00004913       0xda C:/Freescale/CW MCU v10.6/MCU/ARM_GCC_Support/ewl/lib/armv7e-m/fpu\libc99.a(sprintf.o)
 .debug_line    0x000049ed      0x10b C:/Freescale/CW MCU v10.6/MCU/ARM_GCC_Support/ewl/lib/armv7e-m/fpu\libc99.a(vsnprintf.o)
 .debug_line    0x00004af8       0xa5 C:/Freescale/CW MCU v10.6/MCU/ARM_GCC_Support/ewl/lib/armv7e-m/fpu\libc99.a(exit.o)
 .debug_line    0x00004b9d       0x8b C:/Freescale/CW MCU v10.6/MCU/ARM_GCC_Support/ewl/lib/armv7e-m/fpu\libc99.a(memcpy.o)
 .debug_line    0x00004c28       0x8f C:/Freescale/CW MCU v10.6/MCU/ARM_GCC_Support/ewl/lib/armv7e-m/fpu\libc99.a(memset.o)
 .debug_line    0x00004cb7       0x7e C:/Freescale/CW MCU v10.6/MCU/ARM_GCC_Support/ewl/lib/armv7e-m/fpu\libc99.a(strcat.o)
 .debug_line    0x00004d35       0x83 C:/Freescale/CW MCU v10.6/MCU/ARM_GCC_Support/ewl/lib/armv7e-m/fpu\libc99.a(strlen.o)
 .debug_line    0x00004db8      0x5b4 C:/Freescale/CW MCU v10.6/MCU/ARM_GCC_Support/ewl/lib/armv7e-m/fpu\libc99.a(__printformat.o)
 .debug_line    0x0000536c      0x1a9 C:/Freescale/CW MCU v10.6/MCU/ARM_GCC_Support/ewl/lib/armv7e-m/fpu\libc99.a(ctype_aeabi.o)
 .debug_line    0x00005515       0xd2 C:/Freescale/CW MCU v10.6/MCU/ARM_GCC_Support/ewl/lib/armv7e-m/fpu\libc99.a(secure_error.o)
 .debug_line    0x000055e7      0x4f6 C:/Freescale/CW MCU v10.6/MCU/ARM_GCC_Support/ewl/lib/armv7e-m/fpu\libc99.a(__wctomb.o)
 .debug_line    0x00005add       0xcd C:/Freescale/CW MCU v10.6/MCU/ARM_GCC_Support/ewl/lib/armv7e-m/fpu\libc99.a(__filll_mem.o)
 .debug_line    0x00005baa       0x9f C:/Freescale/CW MCU v10.6/MCU/ARM_GCC_Support/ewl/lib/armv7e-m/fpu\libc99.a(memchr.o)
 .debug_line    0x00005c49       0x7d C:/Freescale/CW MCU v10.6/MCU/ARM_GCC_Support/ewl/lib/armv7e-m/fpu\libc99.a(strchr.o)
 .debug_line    0x00005cc6       0x7d C:/Freescale/CW MCU v10.6/MCU/ARM_GCC_Support/ewl/lib/armv7e-m/fpu\libc99.a(strcpy.o)
 .debug_line    0x00005d43       0x9f C:/Freescale/CW MCU v10.6/MCU/ARM_GCC_Support/ewl/lib/armv7e-m/fpu\libc99.a(strncpy.o)
 .debug_line    0x00005de2      0x1fe C:/Freescale/CW MCU v10.6/MCU/ARM_GCC_Support/ewl/lib/armv7e-m/fpu\libm.a(ansi_fp.o)
 .debug_line    0x00005fe0      0x16f C:/Freescale/CW MCU v10.6/MCU/ARM_GCC_Support/ewl/lib/armv7e-m/fpu\libm.a(math_api.o)
 .debug_line    0x0000614f       0xbe C:/Freescale/CW MCU v10.6/MCU/ARM_GCC_Support/ewl/lib/armv7e-m/fpu\libm.a(s_frexp.o)
 .debug_line    0x0000620d       0x67 C:/Freescale/CW MCU v10.6/MCU/ARM_GCC_Support/ewl/lib/armv7e-m/fpu\librt.a(gcc_ctor_dtor.o)
 .debug_line    0x00006274       0xa9 C:/Freescale/CW MCU v10.6/MCU/ARM_GCC_Support/ewl/lib/armv7e-m/fpu\librt.a(ROMCopy.o)
 .debug_line    0x0000631d      0x125 C:/Freescale/CW MCU v10.6/MCU/ARM_GCC_Support/ewl/lib/armv7e-m/fpu\librt.a(__arm_eabi_init.o)

.debug_str      0x00000000     0x3e2e
 .debug_str     0x00000000      0x281 ./Project_Settings/Startup_Code/kinetis_sysinit.o
                                0x2b5 (size before relaxing)
 .debug_str     0x00000281       0x85 ./Project_Settings/Startup_Code/__arm_start.o
                                0x1a9 (size before relaxing)
 .debug_str     0x00000306       0x3a ./Project_Settings/Startup_Code/__arm_end.o
                                 0xe0 (size before relaxing)
 .debug_str     0x00000340      0x7aa ./Sources/Applications/main.o
                                0x967 (size before relaxing)
 .debug_str     0x00000aea      0x3d0 ./Sources/Interfaces/iUart.o
                                0x58f (size before relaxing)
 .debug_str     0x00000eba      0x445 ./Sources/Interfaces/iSpi.o
                                0x5d2 (size before relaxing)
 .debug_str     0x000012ff      0x631 ./Sources/Interfaces/iPit.o
                                0x887 (size before relaxing)
 .debug_str     0x00001930      0x192 ./Sources/Interfaces/iI2C.o
                                0x8cd (size before relaxing)
 .debug_str     0x00001ac2      0x1df ./Sources/Interfaces/iFlextimer.o
                                0x97e (size before relaxing)
 .debug_str     0x00001ca1      0x23c ./Sources/Interfaces/iDio.o
                                0x3ae (size before relaxing)
 .debug_str     0x00001edd       0xdc ./Sources/Interfaces/iDac.o
                                0x2fc (size before relaxing)
 .debug_str     0x00001fb9       0xda ./Sources/Interfaces/iCpu.o
                                0x358 (size before relaxing)
 .debug_str     0x00002093      0x197 ./Sources/Interfaces/iAd.o
                                0x7dc (size before relaxing)
 .debug_str     0x0000222a       0xd1 ./Sources/Modules/mWifi.o
                                0x44d (size before relaxing)
 .debug_str     0x000022fb      0x21d ./Sources/Modules/mTimer.o
                                0x526 (size before relaxing)
 .debug_str     0x00002518       0x89 ./Sources/Modules/mSwitch.o
                                0x341 (size before relaxing)
 .debug_str     0x000025a1      0x12a ./Sources/Modules/mSpi.o
                                0x4c0 (size before relaxing)
 .debug_str     0x000026cb       0x70 ./Sources/Modules/mRS232.o
                                0x21f (size before relaxing)
 .debug_str     0x0000273b       0x73 ./Sources/Modules/mLeds.o
                                0x353 (size before relaxing)
 .debug_str     0x000027ae       0x97 ./Sources/Modules/mDelay.o
                                0x1e7 (size before relaxing)
 .debug_str     0x00002845       0x42 ./Sources/Modules/mDac.o
                                0x17d (size before relaxing)
 .debug_str     0x00002887       0x25 ./Sources/Modules/mCpu.o
                                0x12e (size before relaxing)
 .debug_str     0x000028ac       0x63 ./Sources/Modules/mAd.o
                                0x247 (size before relaxing)
 .debug_str     0x0000290f      0x2eb ./Sources/Modules/mAccelMagneto.o
                                0x52c (size before relaxing)
 .debug_str     0x00002bfa      0x322 ./Sources/Utils/stbp.o
                                0x8ae (size before relaxing)
 .debug_str     0x00002f1c       0x2e ./Sources/Utils/def.o
                                0x1d9 (size before relaxing)
 .debug_str     0x00002f4a      0x1c0 C:/Freescale/CW MCU v10.6/MCU/ARM_GCC_Support/ewl/lib/armv7e-m/fpu\libc99.a(sprintf.o)
                                0x315 (size before relaxing)
 .debug_str     0x0000310a       0x7c C:/Freescale/CW MCU v10.6/MCU/ARM_GCC_Support/ewl/lib/armv7e-m/fpu\libc99.a(vsnprintf.o)
                                0x377 (size before relaxing)
 .debug_str     0x00003186       0x34 C:/Freescale/CW MCU v10.6/MCU/ARM_GCC_Support/ewl/lib/armv7e-m/fpu\libc99.a(exit.o)
                                0x15d (size before relaxing)
 .debug_str     0x000031ba       0x1c C:/Freescale/CW MCU v10.6/MCU/ARM_GCC_Support/ewl/lib/armv7e-m/fpu\libc99.a(memcpy.o)
                                0x138 (size before relaxing)
 .debug_str     0x000031d6       0x1c C:/Freescale/CW MCU v10.6/MCU/ARM_GCC_Support/ewl/lib/armv7e-m/fpu\libc99.a(memset.o)
                                0x140 (size before relaxing)
 .debug_str     0x000031f2       0x1c C:/Freescale/CW MCU v10.6/MCU/ARM_GCC_Support/ewl/lib/armv7e-m/fpu\libc99.a(strcat.o)
                                0x131 (size before relaxing)
 .debug_str     0x0000320e       0x24 C:/Freescale/CW MCU v10.6/MCU/ARM_GCC_Support/ewl/lib/armv7e-m/fpu\libc99.a(strlen.o)
                                0x140 (size before relaxing)
 .debug_str     0x00003232      0x387 C:/Freescale/CW MCU v10.6/MCU/ARM_GCC_Support/ewl/lib/armv7e-m/fpu\libc99.a(__printformat.o)
                                0x72f (size before relaxing)
 .debug_str     0x000035b9       0x9d C:/Freescale/CW MCU v10.6/MCU/ARM_GCC_Support/ewl/lib/armv7e-m/fpu\libc99.a(ctype_aeabi.o)
                                0x1bc (size before relaxing)
 .debug_str     0x00003656       0xd0 C:/Freescale/CW MCU v10.6/MCU/ARM_GCC_Support/ewl/lib/armv7e-m/fpu\libc99.a(secure_error.o)
                                0x1f3 (size before relaxing)
 .debug_str     0x00003726      0x20c C:/Freescale/CW MCU v10.6/MCU/ARM_GCC_Support/ewl/lib/armv7e-m/fpu\libc99.a(__wctomb.o)
                                0x52d (size before relaxing)
 .debug_str     0x00003932       0x25 C:/Freescale/CW MCU v10.6/MCU/ARM_GCC_Support/ewl/lib/armv7e-m/fpu\libc99.a(__filll_mem.o)
                                0x152 (size before relaxing)
 .debug_str     0x00003957       0x1c C:/Freescale/CW MCU v10.6/MCU/ARM_GCC_Support/ewl/lib/armv7e-m/fpu\libc99.a(memchr.o)
                                0x148 (size before relaxing)
 .debug_str     0x00003973       0x1c C:/Freescale/CW MCU v10.6/MCU/ARM_GCC_Support/ewl/lib/armv7e-m/fpu\libc99.a(strchr.o)
                                0x137 (size before relaxing)
 .debug_str     0x0000398f       0x1c C:/Freescale/CW MCU v10.6/MCU/ARM_GCC_Support/ewl/lib/armv7e-m/fpu\libc99.a(strcpy.o)
                                0x142 (size before relaxing)
 .debug_str     0x000039ab       0x1e C:/Freescale/CW MCU v10.6/MCU/ARM_GCC_Support/ewl/lib/armv7e-m/fpu\libc99.a(strncpy.o)
                                0x13a (size before relaxing)
 .debug_str     0x000039c9       0x98 C:/Freescale/CW MCU v10.6/MCU/ARM_GCC_Support/ewl/lib/armv7e-m/fpu\libm.a(ansi_fp.o)
                                0x219 (size before relaxing)
 .debug_str     0x00003a61       0xe5 C:/Freescale/CW MCU v10.6/MCU/ARM_GCC_Support/ewl/lib/armv7e-m/fpu\libm.a(math_api.o)
                                0x228 (size before relaxing)
 .debug_str     0x00003b46       0x24 C:/Freescale/CW MCU v10.6/MCU/ARM_GCC_Support/ewl/lib/armv7e-m/fpu\libm.a(s_frexp.o)
                                0x15d (size before relaxing)
 .debug_str     0x00003b6a      0x126 C:/Freescale/CW MCU v10.6/MCU/ARM_GCC_Support/ewl/lib/armv7e-m/fpu\librt.a(gcc_ctor_dtor.o)
                                0x181 (size before relaxing)
 .debug_str     0x00003c90       0x9c C:/Freescale/CW MCU v10.6/MCU/ARM_GCC_Support/ewl/lib/armv7e-m/fpu\librt.a(ROMCopy.o)
                                0x13c (size before relaxing)
 .debug_str     0x00003d2c      0x102 C:/Freescale/CW MCU v10.6/MCU/ARM_GCC_Support/ewl/lib/armv7e-m/fpu\librt.a(__arm_eabi_init.o)
                                0x1bf (size before relaxing)

.comment        0x00000000       0x79
 .comment       0x00000000       0x79 ./Project_Settings/Startup_Code/kinetis_sysinit.o
                                 0x7a (size before relaxing)
 .comment       0x00000000       0x7a ./Project_Settings/Startup_Code/__arm_start.o
 .comment       0x00000000       0x7a ./Project_Settings/Startup_Code/__arm_end.o
 .comment       0x00000000       0x7a ./Sources/Applications/main.o
 .comment       0x00000000       0x7a ./Sources/Interfaces/iUart.o
 .comment       0x00000000       0x7a ./Sources/Interfaces/iSpi.o
 .comment       0x00000000       0x7a ./Sources/Interfaces/iPit.o
 .comment       0x00000000       0x7a ./Sources/Interfaces/iI2C.o
 .comment       0x00000000       0x7a ./Sources/Interfaces/iFlextimer.o
 .comment       0x00000000       0x7a ./Sources/Interfaces/iDio.o
 .comment       0x00000000       0x7a ./Sources/Interfaces/iDac.o
 .comment       0x00000000       0x7a ./Sources/Interfaces/iCpu.o
 .comment       0x00000000       0x7a ./Sources/Interfaces/iAd.o
 .comment       0x00000000       0x7a ./Sources/Modules/mWifi.o
 .comment       0x00000000       0x7a ./Sources/Modules/mTimer.o
 .comment       0x00000000       0x7a ./Sources/Modules/mSwitch.o
 .comment       0x00000000       0x7a ./Sources/Modules/mSpi.o
 .comment       0x00000000       0x7a ./Sources/Modules/mRS232.o
 .comment       0x00000000       0x7a ./Sources/Modules/mLeds.o
 .comment       0x00000000       0x7a ./Sources/Modules/mDelay.o
 .comment       0x00000000       0x7a ./Sources/Modules/mDac.o
 .comment       0x00000000       0x7a ./Sources/Modules/mCpu.o
 .comment       0x00000000       0x7a ./Sources/Modules/mAd.o
 .comment       0x00000000       0x7a ./Sources/Modules/mAccelMagneto.o
 .comment       0x00000000       0x7a ./Sources/Utils/stbp.o
 .comment       0x00000000       0x7a ./Sources/Utils/def.o
 .comment       0x00000000       0x7a C:/Freescale/CW MCU v10.6/MCU/ARM_GCC_Support/ewl/lib/armv7e-m/fpu\libc99.a(sprintf.o)
 .comment       0x00000000       0x7a C:/Freescale/CW MCU v10.6/MCU/ARM_GCC_Support/ewl/lib/armv7e-m/fpu\libc99.a(vsnprintf.o)
 .comment       0x00000000       0x7a C:/Freescale/CW MCU v10.6/MCU/ARM_GCC_Support/ewl/lib/armv7e-m/fpu\libc99.a(exit.o)
 .comment       0x00000000       0x7a C:/Freescale/CW MCU v10.6/MCU/ARM_GCC_Support/ewl/lib/armv7e-m/fpu\libc99.a(memcpy.o)
 .comment       0x00000000       0x7a C:/Freescale/CW MCU v10.6/MCU/ARM_GCC_Support/ewl/lib/armv7e-m/fpu\libc99.a(memset.o)
 .comment       0x00000000       0x7a C:/Freescale/CW MCU v10.6/MCU/ARM_GCC_Support/ewl/lib/armv7e-m/fpu\libc99.a(strcat.o)
 .comment       0x00000000       0x7a C:/Freescale/CW MCU v10.6/MCU/ARM_GCC_Support/ewl/lib/armv7e-m/fpu\libc99.a(strlen.o)
 .comment       0x00000000       0x7a C:/Freescale/CW MCU v10.6/MCU/ARM_GCC_Support/ewl/lib/armv7e-m/fpu\libc99.a(__printformat.o)
 .comment       0x00000000       0x7a C:/Freescale/CW MCU v10.6/MCU/ARM_GCC_Support/ewl/lib/armv7e-m/fpu\libc99.a(ctype_aeabi.o)
 .comment       0x00000000       0x7a C:/Freescale/CW MCU v10.6/MCU/ARM_GCC_Support/ewl/lib/armv7e-m/fpu\libc99.a(secure_error.o)
 .comment       0x00000000       0x7a C:/Freescale/CW MCU v10.6/MCU/ARM_GCC_Support/ewl/lib/armv7e-m/fpu\libc99.a(__wctomb.o)
 .comment       0x00000000       0x7a C:/Freescale/CW MCU v10.6/MCU/ARM_GCC_Support/ewl/lib/armv7e-m/fpu\libc99.a(__filll_mem.o)
 .comment       0x00000000       0x7a C:/Freescale/CW MCU v10.6/MCU/ARM_GCC_Support/ewl/lib/armv7e-m/fpu\libc99.a(memchr.o)
 .comment       0x00000000       0x7a C:/Freescale/CW MCU v10.6/MCU/ARM_GCC_Support/ewl/lib/armv7e-m/fpu\libc99.a(strchr.o)
 .comment       0x00000000       0x7a C:/Freescale/CW MCU v10.6/MCU/ARM_GCC_Support/ewl/lib/armv7e-m/fpu\libc99.a(strcpy.o)
 .comment       0x00000000       0x7a C:/Freescale/CW MCU v10.6/MCU/ARM_GCC_Support/ewl/lib/armv7e-m/fpu\libc99.a(strncpy.o)
 .comment       0x00000000       0x7a C:/Freescale/CW MCU v10.6/MCU/ARM_GCC_Support/ewl/lib/armv7e-m/fpu\libm.a(ansi_fp.o)
 .comment       0x00000000       0x7a C:/Freescale/CW MCU v10.6/MCU/ARM_GCC_Support/ewl/lib/armv7e-m/fpu\libm.a(math_api.o)
 .comment       0x00000000       0x7a C:/Freescale/CW MCU v10.6/MCU/ARM_GCC_Support/ewl/lib/armv7e-m/fpu\libm.a(s_frexp.o)
 .comment       0x00000000       0x7a C:/Freescale/CW MCU v10.6/MCU/ARM_GCC_Support/ewl/lib/armv7e-m/fpu\librt.a(gcc_ctor_dtor.o)
 .comment       0x00000000       0x7a C:/Freescale/CW MCU v10.6/MCU/ARM_GCC_Support/ewl/lib/armv7e-m/fpu\librt.a(ROMCopy.o)
 .comment       0x00000000       0x7a C:/Freescale/CW MCU v10.6/MCU/ARM_GCC_Support/ewl/lib/armv7e-m/fpu\librt.a(__arm_eabi_init.o)

.debug_frame    0x00000000     0x2114
 .debug_frame   0x00000000       0x40 ./Project_Settings/Startup_Code/kinetis_sysinit.o
 .debug_frame   0x00000040       0x4c ./Project_Settings/Startup_Code/__arm_start.o
 .debug_frame   0x0000008c       0x2c ./Project_Settings/Startup_Code/__arm_end.o
 .debug_frame   0x000000b8       0xf0 ./Sources/Applications/main.o
 .debug_frame   0x000001a8      0x148 ./Sources/Interfaces/iUart.o
 .debug_frame   0x000002f0      0x208 ./Sources/Interfaces/iSpi.o
 .debug_frame   0x000004f8      0x148 ./Sources/Interfaces/iPit.o
 .debug_frame   0x00000640      0x148 ./Sources/Interfaces/iI2C.o
 .debug_frame   0x00000788       0xa8 ./Sources/Interfaces/iFlextimer.o
 .debug_frame   0x00000830       0x64 ./Sources/Interfaces/iDio.o