Archive member included because of file (symbol)

C:/Freescale/CW MCU v10.6/MCU/ARM_GCC_Support/ewl/lib/armv7e-m/fpu\libc99.a(exit.o)
                              ./Project_Settings/Startup_Code/__arm_start.o (exit)
C:/Freescale/CW MCU v10.6/MCU/ARM_GCC_Support/ewl/lib/armv7e-m/fpu\libc99.a(memset.o)
                              ./Project_Settings/Startup_Code/__arm_start.o (memset)
C:/Freescale/CW MCU v10.6/MCU/ARM_GCC_Support/ewl/lib/armv7e-m/fpu\libc99.a(__filll_mem.o)
                              C:/Freescale/CW MCU v10.6/MCU/ARM_GCC_Support/ewl/lib/armv7e-m/fpu\libc99.a(memset.o) (__fill_mem)
C:/Freescale/CW MCU v10.6/MCU/ARM_GCC_Support/ewl/lib/armv7e-m/fpu\libm.a(w_atan2.o)
                              ./Sources/Modules/mAccelMagneto.o (atan2)
C:/Freescale/CW MCU v10.6/MCU/ARM_GCC_Support/ewl/lib/armv7e-m/fpu\libm.a(w_sqrt.o)
                              ./Sources/Modules/mAccelMagneto.o (sqrt)
C:/Freescale/CW MCU v10.6/MCU/ARM_GCC_Support/ewl/lib/armv7e-m/fpu\libm.a(e_atan2.o)
                              C:/Freescale/CW MCU v10.6/MCU/ARM_GCC_Support/ewl/lib/armv7e-m/fpu\libm.a(w_atan2.o) (__ieee754_atan2)
C:/Freescale/CW MCU v10.6/MCU/ARM_GCC_Support/ewl/lib/armv7e-m/fpu\libm.a(e_sqrt.o)
                              C:/Freescale/CW MCU v10.6/MCU/ARM_GCC_Support/ewl/lib/armv7e-m/fpu\libm.a(w_sqrt.o) (__ieee754_sqrt)
C:/Freescale/CW MCU v10.6/MCU/ARM_GCC_Support/ewl/lib/armv7e-m/fpu\libm.a(float.o)
                              C:/Freescale/CW MCU v10.6/MCU/ARM_GCC_Support/ewl/lib/armv7e-m/fpu\libm.a(e_sqrt.o) (__double_nan)
C:/Freescale/CW MCU v10.6/MCU/ARM_GCC_Support/ewl/lib/armv7e-m/fpu\libm.a(s_atan.o)
                              C:/Freescale/CW MCU v10.6/MCU/ARM_GCC_Support/ewl/lib/armv7e-m/fpu\libm.a(e_atan2.o) (atan)
c:/freescale/cw mcu v10.6/cross_tools/arm-none-eabi-gcc-4_7_3/bin/../lib/gcc/arm-none-eabi/4.7.3/armv7e-m/fpu\libgcc.a(_arm_addsubdf3.o)
                              ./Sources/Applications/main.o (__aeabi_dsub)
c:/freescale/cw mcu v10.6/cross_tools/arm-none-eabi-gcc-4_7_3/bin/../lib/gcc/arm-none-eabi/4.7.3/armv7e-m/fpu\libgcc.a(_arm_muldivdf3.o)
                              ./Sources/Interfaces/iPit.o (__aeabi_dmul)
c:/freescale/cw mcu v10.6/cross_tools/arm-none-eabi-gcc-4_7_3/bin/../lib/gcc/arm-none-eabi/4.7.3/armv7e-m/fpu\libgcc.a(_arm_cmpdf2.o)
                              ./Sources/Applications/main.o (__aeabi_dcmplt)
c:/freescale/cw mcu v10.6/cross_tools/arm-none-eabi-gcc-4_7_3/bin/../lib/gcc/arm-none-eabi/4.7.3/armv7e-m/fpu\libgcc.a(_arm_fixunsdfsi.o)
                              ./Sources/Interfaces/iPit.o (__aeabi_d2uiz)
c:/freescale/cw mcu v10.6/cross_tools/arm-none-eabi-gcc-4_7_3/bin/../lib/gcc/arm-none-eabi/4.7.3/armv7e-m/fpu\libgcc.a(_arm_truncdfsf2.o)
                              ./Sources/Applications/main.o (__aeabi_d2f)
c:/freescale/cw mcu v10.6/cross_tools/arm-none-eabi-gcc-4_7_3/bin/../lib/gcc/arm-none-eabi/4.7.3/armv7e-m/fpu\libgcc.a(_aeabi_ldivmod.o)
                              ./Sources/Utils/StTime.o (__aeabi_ldivmod)
c:/freescale/cw mcu v10.6/cross_tools/arm-none-eabi-gcc-4_7_3/bin/../lib/gcc/arm-none-eabi/4.7.3/armv7e-m/fpu\libgcc.a(_aeabi_uldivmod.o)
                              ./Sources/Utils/StTime.o (__aeabi_uldivmod)
c:/freescale/cw mcu v10.6/cross_tools/arm-none-eabi-gcc-4_7_3/bin/../lib/gcc/arm-none-eabi/4.7.3/armv7e-m/fpu\libgcc.a(bpabi.o)
                              c:/freescale/cw mcu v10.6/cross_tools/arm-none-eabi-gcc-4_7_3/bin/../lib/gcc/arm-none-eabi/4.7.3/armv7e-m/fpu\libgcc.a(_aeabi_ldivmod.o) (__gnu_ldivmod_helper)
c:/freescale/cw mcu v10.6/cross_tools/arm-none-eabi-gcc-4_7_3/bin/../lib/gcc/arm-none-eabi/4.7.3/armv7e-m/fpu\libgcc.a(_dvmd_tls.o)
                              c:/freescale/cw mcu v10.6/cross_tools/arm-none-eabi-gcc-4_7_3/bin/../lib/gcc/arm-none-eabi/4.7.3/armv7e-m/fpu\libgcc.a(_aeabi_ldivmod.o) (__aeabi_ldiv0)
c:/freescale/cw mcu v10.6/cross_tools/arm-none-eabi-gcc-4_7_3/bin/../lib/gcc/arm-none-eabi/4.7.3/armv7e-m/fpu\libgcc.a(_divdi3.o)
                              c:/freescale/cw mcu v10.6/cross_tools/arm-none-eabi-gcc-4_7_3/bin/../lib/gcc/arm-none-eabi/4.7.3/armv7e-m/fpu\libgcc.a(bpabi.o) (__divdi3)
c:/freescale/cw mcu v10.6/cross_tools/arm-none-eabi-gcc-4_7_3/bin/../lib/gcc/arm-none-eabi/4.7.3/armv7e-m/fpu\libgcc.a(_udivdi3.o)
                              c:/freescale/cw mcu v10.6/cross_tools/arm-none-eabi-gcc-4_7_3/bin/../lib/gcc/arm-none-eabi/4.7.3/armv7e-m/fpu\libgcc.a(bpabi.o) (__udivdi3)
C:/Freescale/CW MCU v10.6/MCU/ARM_GCC_Support/ewl/lib/armv7e-m/fpu\librt.a(gcc_ctor_dtor.o)
                              ./Project_Settings/Startup_Code/__arm_start.o (__init_cpp)
C:/Freescale/CW MCU v10.6/MCU/ARM_GCC_Support/ewl/lib/armv7e-m/fpu\librt.a(ROMCopy.o)
                              ./Project_Settings/Startup_Code/__arm_start.o (__copy_rom_sections_to_ram)
C:/Freescale/CW MCU v10.6/MCU/ARM_GCC_Support/ewl/lib/armv7e-m/fpu\librt.a(__arm_eabi_init.o)
[...]
Memory Configuration

Name             Origin             Length             Attributes
m_interrupts     0x1fff0000         0x00000198         xr
m_text           0x1fff0198         0x0000fe68         xr
m_data           0x20000000         0x00030000         rw
*default*        0x00000000         0xffffffff

Linker script and memory map

LOAD ./Project_Settings/Startup_Code/kinetis_sysinit.o
LOAD ./Project_Settings/Startup_Code/__arm_start.o
LOAD ./Project_Settings/Startup_Code/__arm_end.o
LOAD ./Sources/Applications/main.o
LOAD ./Sources/Applications/gOutput.o
LOAD ./Sources/Applications/gMBox.o
LOAD ./Sources/Applications/gInput.o
LOAD ./Sources/Applications/gCompute.o
LOAD ./Sources/Interfaces/iUart.o
LOAD ./Sources/Interfaces/iSpi.o
LOAD ./Sources/Interfaces/iPit.o
LOAD ./Sources/Interfaces/iI2C.o
LOAD ./Sources/Interfaces/iFlextimer.o
LOAD ./Sources/Interfaces/iDio.o
LOAD ./Sources/Interfaces/iDac.o
LOAD ./Sources/Interfaces/iCpu.o
LOAD ./Sources/Interfaces/iAd.o
LOAD ./Sources/Modules/mWifi.o
LOAD ./Sources/Modules/mTimer.o
LOAD ./Sources/Modules/mSwitch.o
LOAD ./Sources/Modules/mSpi.o
LOAD ./Sources/Modules/mRS232.o
LOAD ./Sources/Modules/mLeds.o
LOAD ./Sources/Modules/mDelay.o
LOAD ./Sources/Modules/mDac.o
LOAD ./Sources/Modules/mCpu.o
LOAD ./Sources/Modules/mAd.o
LOAD ./Sources/Modules/mAccelMagneto.o
LOAD ./Sources/Utils/stbp.o
LOAD ./Sources/Utils/def.o
LOAD ./Sources/Utils/StTime.o
START GROUP
LOAD C:/Freescale/CW MCU v10.6/MCU/ARM_GCC_Support/ewl/lib/armv7e-m/fpu\libc99.a
LOAD C:/Freescale/CW MCU v10.6/MCU/ARM_GCC_Support/ewl/lib/armv7e-m/fpu\libm.a
LOAD c:/freescale/cw mcu v10.6/cross_tools/arm-none-eabi-gcc-4_7_3/bin/../lib/gcc/arm-none-eabi/4.7.3/armv7e-m/fpu\libgcc.a
LOAD C:/Freescale/CW MCU v10.6/MCU/ARM_GCC_Support/ewl/lib/armv7e-m/fpu\librt.a
LOAD C:/Freescale/CW MCU v10.6/MCU/ARM_GCC_Support/ewl/lib/armv7e-m/fpu\libuart.a
END GROUP
                0x20030000                _estack = 0x20030000
                0x20030000                __SP_INIT = _estack
                0x00000800                __heap_size = 0x800
                0x00000800                __stack_size = 0x800

.interrupts     0x1fff0000      0x198
                0x1fff0000                __vector_table = .
                0x1fff0000                . = ALIGN (0x4)
 *(.vectortable)
 .vectortable   0x1fff0000      0x198 ./Project_Settings/Startup_Code/kinetis_sysinit.o
                0x1fff0000                InterruptVector
                0x1fff0198                . = ALIGN (0x4)

.text           0x1fff0198     0x6614
                0x1fff0198                . = ALIGN (0x4)
 *(.text)
 .text          0x1fff0198      0x370 c:/freescale/cw mcu v10.6/cross_tools/arm-none-eabi-gcc-4_7_3/bin/../lib/gcc/arm-none-eabi/4.7.3/armv7e-m/fpu\libgcc.a(_arm_addsubdf3.o)
                0x1fff0198                __aeabi_drsub
                0x1fff01a0                __aeabi_dsub
                0x1fff01a0                __subdf3
                0x1fff01a4                __aeabi_dadd
                0x1fff01a4                __adddf3
                0x1fff041c                __floatunsidf
                0x1fff041c                __aeabi_ui2d
                0x1fff043c                __floatsidf
                0x1fff043c                __aeabi_i2d
                0x1fff0460                __aeabi_f2d
                0x1fff0460                __extendsfdf2
                0x1fff049c                __floatundidf
                0x1fff049c                __aeabi_ul2d
                0x1fff04ac                __floatdidf
                0x1fff04ac                __aeabi_l2d
 .text          0x1fff0508      0x424 c:/freescale/cw mcu v10.6/cross_tools/arm-none-eabi-gcc-4_7_3/bin/../lib/gcc/arm-none-eabi/4.7.3/armv7e-m/fpu\libgcc.a(_arm_muldivdf3.o)
                0x1fff0508                __aeabi_dmul
                0x1fff0508                __muldf3
                0x1fff075c                __divdf3
                0x1fff075c                __aeabi_ddiv
 .text          0x1fff092c      0x110 c:/freescale/cw mcu v10.6/cross_tools/arm-none-eabi-gcc-4_7_3/bin/../lib/gcc/arm-none-eabi/4.7.3/armv7e-m/fpu\libgcc.a(_arm_cmpdf2.o)
                0x1fff092c                __gtdf2
                0x1fff092c                __gedf2
                0x1fff0934                __ltdf2
                0x1fff0934                __ledf2
                0x1fff093c                __nedf2
                0x1fff093c                __eqdf2
                0x1fff093c                __cmpdf2
                0x1fff09b8                __aeabi_cdrcmple
                0x1fff09c8                __aeabi_cdcmpeq
                0x1fff09c8                __aeabi_cdcmple
                0x1fff09d8                __aeabi_dcmpeq
                0x1fff09ec                __aeabi_dcmplt
                0x1fff0a00                __aeabi_dcmple
                0x1fff0a14                __aeabi_dcmpge
                0x1fff0a28                __aeabi_dcmpgt
 .text          0x1fff0a3c       0x40 c:/freescale/cw mcu v10.6/cross_tools/arm-none-eabi-gcc-4_7_3/bin/../lib/gcc/arm-none-eabi/4.7.3/armv7e-m/fpu\libgcc.a(_arm_fixunsdfsi.o)
                0x1fff0a3c                __aeabi_d2uiz
                0x1fff0a3c                __fixunsdfsi
 .text          0x1fff0a7c       0xa0 c:/freescale/cw mcu v10.6/cross_tools/arm-none-eabi-gcc-4_7_3/bin/../lib/gcc/arm-none-eabi/4.7.3/armv7e-m/fpu\libgcc.a(_arm_truncdfsf2.o)
                0x1fff0a7c                __truncdfsf2
                0x1fff0a7c                __aeabi_d2f
 *(.text*)
 .text.Default_Handler
                0x1fff0b1c        0xc ./Project_Settings/Startup_Code/kinetis_sysinit.o
                0x1fff0b1c                RTC_Alarm_IRQHandler
                0x1fff0b1c                CAN0_Rx_Warning_IRQHandler
                0x1fff0b1c                CAN0_Err_IRQHandler
                0x1fff0b1c                I2C0_IRQHandler
                0x1fff0b1c                HardFault_Handler
                0x1fff0b1c                PDB_IRQHandler
                0x1fff0b1c                SysTick_Handler
                0x1fff0b1c                UART0_Status_IRQHandler
                0x1fff0b1c                PendSV_Handler
                0x1fff0b1c                NMI_Handler
                0x1fff0b1c                I2C1_IRQHandler
                0x1fff0b1c                DMA2_IRQHandler
                0x1fff0b1c                Watchdog_IRQHandler
                0x1fff0b1c                Bus_Fault_Handler
                0x1fff0b1c                CMP2_IRQHandler
                0x1fff0b1c                SWI_IRQHandler
                0x1fff0b1c                ADC0_IRQHandler
                0x1fff0b1c                ENET_MAC_Transmit_IRQHandler
                0x1fff0b1c                I2S0_Tx_IRQHandler
                0x1fff0b1c                CMT_IRQHandler
                0x1fff0b1c                UART1_Status_IRQHandler
                0x1fff0b1c                SPI1_IRQHandler
                0x1fff0b1c                DMA9_IRQHandler
                0x1fff0b1c                DMA14_IRQHandler
                0x1fff0b1c                CMP1_IRQHandler
                0x1fff0b1c                PORTD_IRQHandler
                0x1fff0b1c                UART4_ERR_IRQHandler
                0x1fff0b1c                ADC1_IRQHandler
                0x1fff0b1c                I2C2_IRQHandler
                0x1fff0b1c                I2S0_Rx_IRQHandler
                0x1fff0b1c                LPTimer_IRQHandler
                0x1fff0b1c                DMA5_IRQHandler
                0x1fff0b1c                UART3_ERR_IRQHandler
                0x1fff0b1c                SDHC_IRQHandler
                0x1fff0b1c                RTC_Seconds_IRQHandler
                0x1fff0b1c                MCG_IRQHandler
                0x1fff0b1c                ENET_MAC_Timer_IRQHandler
                0x1fff0b1c                UART2_ERR_IRQHandler
                0x1fff0b1c                DMA11_IRQHandler
                0x1fff0b1c                Tamper_Drylce_IRQHandler
                0x1fff0b1c                USB_OTG_IRQHandler
                0x1fff0b1c                Read_Collision_IRQHandler
                0x1fff0b1c                Default_Handler
                0x1fff0b1c                UART4_Status_IRQHandler
                0x1fff0b1c                DMA7_IRQHandler
                0x1fff0b1c                LLW_IRQHandler
                0x1fff0b1c                SPI2_IRQHandler
                0x1fff0b1c                USB_Charger_Detect_IRQHandler
                0x1fff0b1c                SVC_Handler
                0x1fff0b1c                Usage_Fault_Handler
                0x1fff0b1c                DMA13_IRQHandler
                0x1fff0b1c                DMA3_IRQHandler
                0x1fff0b1c                UART0_LON_IRQHandler
                0x1fff0b1c                RNG_IRQHandler
                0x1fff0b1c                DMA0_IRQHandler
                0x1fff0b1c                DMA15_IRQHandler
                0x1fff0b1c                DAC0_IRQHandler
                0x1fff0b1c                ENET_MAC_Error_IRQHandler
                0x1fff0b1c                DMA4_IRQHandler
                0x1fff0b1c                UART0_ERR_IRQHandler
                0x1fff0b1c                DMA_Error_IRQHandler
                0x1fff0b1c                LVD_LVW_IRQHandler
                0x1fff0b1c                SPI0_IRQHandler
                0x1fff0b1c                CAN0_Tx_WarningIRQHandler
                0x1fff0b1c                FTM0_IRQHandler
                0x1fff0b1c                PORTA_IRQHandler
                0x1fff0b1c                DAC1_IRQHandler
                0x1fff0b1c                MCM_IRQHandler
                0x1fff0b1c                DMA12_IRQHandler
                0x1fff0b1c                Mem_Manage_Fault_Handler
                0x1fff0b1c                FTFL_IRQHandler
                0x1fff0b1c                CAN0_Bus_Off_IRQHandler
                0x1fff0b1c                FTM3_IRQHandler
                0x1fff0b1c                PORTE_IRQHandler
                0x1fff0b1c                CAN0_Message_buffer_IRQHandler
                0x1fff0b1c                FTM2_IRQHandler
                0x1fff0b1c                DMA8_IRQHandler
                0x1fff0b1c                DMA10_IRQHandler
                0x1fff0b1c                CAN0_Wake_Up_IRQHandler
                0x1fff0b1c                DebugMonitor_Handler
                0x1fff0b1c                UART1_ERR_IRQHandler
                0x1fff0b1c                CMP0_IRQHandler
                0x1fff0b1c                ENET_MAC_Receive_IRQHandler
                0x1fff0b1c                PORTC_IRQHandler
                0x1fff0b1c                DMA6_IRQHandler
                0x1fff0b1c                UART2_Status_IRQHandler
                0x1fff0b1c                DMA1_IRQHandler
 .text.__init_hardware
                0x1fff0b28       0x44 ./Project_Settings/Startup_Code/kinetis_sysinit.o
                0x1fff0b28                __init_hardware
 .text.zero_fill_bss
                0x1fff0b6c       0x2c ./Project_Settings/Startup_Code/__arm_start.o
 .text.__thumb_startup
                0x1fff0b98       0x34 ./Project_Settings/Startup_Code/__arm_start.o
                0x1fff0b98                __thumb_startup
 .text._ExitProcess
                0x1fff0bcc        0xc ./Project_Settings/Startup_Code/__arm_end.o
                0x1fff0bcc                _ExitProcess
 .text.main     0x1fff0bd8      0x468 ./Sources/Applications/main.o
                0x1fff0bd8                main
 .text.stbpSendFrameJava2
                0x1fff1040      0x25c ./Sources/Applications/main.o
                0x1fff1040                stbpSendFrameJava2
 .text.SendDataJava
                0x1fff129c      0x15c ./Sources/Applications/main.o
                0x1fff129c                SendDataJava
 .text.InitDataJava
                0x1fff13f8       0x34 ./Sources/Applications/main.o
                0x1fff13f8                InitDataJava
 .text.iUart_Config
                0x1fff142c      0x32c ./Sources/Interfaces/iUart.o
                0x1fff142c                iUart_Config
 .text.iUart_GetStatus
                0x1fff1758       0x34 ./Sources/Interfaces/iUart.o
                0x1fff1758                iUart_GetStatus
 .text.iUart_SetData
                0x1fff178c       0x20 ./Sources/Interfaces/iUart.o
                0x1fff178c                iUart_SetData
 .text.iUart_IsBufferEmpty
                0x1fff17ac       0x38 ./Sources/Interfaces/iUart.o
                0x1fff17ac                iUart_IsBufferEmpty
 .text.iUart_GetCharFromBuffer
                0x1fff17e4       0x94 ./Sources/Interfaces/iUart.o
                0x1fff17e4                iUart_GetCharFromBuffer
 .text.UART3_Status_IRQHandler
                0x1fff1878      0x4cc ./Sources/Interfaces/iUart.o
                0x1fff1878                UART3_Status_IRQHandler
 .text.iSpi_ConfigClockAndPins
                0x1fff1d44      0x1f8 ./Sources/Interfaces/iSpi.o
                0x1fff1d44                iSpi_ConfigClockAndPins
 .text.iSpi_ConfigSPIModule
                0x1fff1f3c       0xc8 ./Sources/Interfaces/iSpi.o
                0x1fff1f3c                iSpi_ConfigSPIModule
 .text.iSpi_ChangeInactiveCSState
                0x1fff2004       0xe0 ./Sources/Interfaces/iSpi.o
                0x1fff2004                iSpi_ChangeInactiveCSState
 .text.iSpi_ConfigClockAndTransfert
                0x1fff20e4      0x1a4 ./Sources/Interfaces/iSpi.o
                0x1fff20e4                iSpi_ConfigClockAndTransfert
 .text.iSpi_ConfigInterrupAndDMA
                0x1fff2288       0x70 ./Sources/Interfaces/iSpi.o
                0x1fff2288                iSpi_ConfigInterrupAndDMA
 .text.iSpi_StartTX
                0x1fff22f8       0x70 ./Sources/Interfaces/iSpi.o
                0x1fff22f8                iSpi_StartTX
 .text.iSpi_GetStatus
                0x1fff2368       0x84 ./Sources/Interfaces/iSpi.o
                0x1fff2368                iSpi_GetStatus
 .text.iSpi_ResetStatus
                0x1fff23ec       0x74 ./Sources/Interfaces/iSpi.o
                0x1fff23ec                iSpi_ResetStatus
 .text.iSpi_PushDataIntoFifo
                0x1fff2460       0x88 ./Sources/Interfaces/iSpi.o
                0x1fff2460                iSpi_PushDataIntoFifo
 .text.iSpi_ReadData
                0x1fff24e8       0x50 ./Sources/Interfaces/iSpi.o
                0x1fff24e8                iSpi_ReadData
 .text.iPit_Config
                0x1fff2538      0x258 ./Sources/Interfaces/iPit.o
                0x1fff2538                iPit_Config
 .text.iPit_StartPit
                0x1fff2790       0xa4 ./Sources/Interfaces/iPit.o
                0x1fff2790                iPit_StartPit
 .text.iPit_InitDelay
                0x1fff2834       0xc8 ./Sources/Interfaces/iPit.o
                0x1fff2834                iPit_InitDelay
 .text.iPit_GetDelay
                0x1fff28fc      0x160 ./Sources/Interfaces/iPit.o
                0x1fff28fc                iPit_GetDelay
 .text.iPit_IsDelayDone
                0x1fff2a5c       0x4c ./Sources/Interfaces/iPit.o
                0x1fff2a5c                iPit_IsDelayDone
 .text.iPit_DelayRelease
                0x1fff2aa8       0xb0 ./Sources/Interfaces/iPit.o
                0x1fff2aa8                iPit_DelayRelease
 .text.iPit_ReStart
                0x1fff2b58       0xb4 ./Sources/Interfaces/iPit.o
                0x1fff2b58                iPit_ReStart
 .text.PIT0_IRQHandler
                0x1fff2c0c      0x134 ./Sources/Interfaces/iPit.o
                0x1fff2c0c                PIT0_IRQHandler
 .text.PIT1_IRQHandler
                0x1fff2d40      0x144 ./Sources/Interfaces/iPit.o
                0x1fff2d40                PIT1_IRQHandler
 .text.PIT2_IRQHandler
                0x1fff2e84      0x144 ./Sources/Interfaces/iPit.o
                0x1fff2e84                PIT2_IRQHandler
 .text.PIT3_IRQHandler
                0x1fff2fc8      0x144 ./Sources/Interfaces/iPit.o
                0x1fff2fc8                PIT3_IRQHandler
 .text.iI2C_Config
                0x1fff310c       0x9c ./Sources/Interfaces/iI2C.o
                0x1fff310c                iI2C_Config
 .text.iI2C_Enable
                0x1fff31a8       0x28 ./Sources/Interfaces/iI2C.o
                0x1fff31a8                iI2C_Enable
 .text.iI2C_SetStartState
                0x1fff31d0       0x28 ./Sources/Interfaces/iI2C.o
                0x1fff31d0                iI2C_SetStartState
 .text.iI2C_SetRepeatedStartSate
                0x1fff31f8       0x28 ./Sources/Interfaces/iI2C.o
                0x1fff31f8                iI2C_SetRepeatedStartSate
 .text.iI2C_SetStopState
                0x1fff3220       0x28 ./Sources/Interfaces/iI2C.o
                0x1fff3220                iI2C_SetStopState
 .text.iI2C_SetAckMode
                0x1fff3248       0x5c ./Sources/Interfaces/iI2C.o
                0x1fff3248                iI2C_SetAckMode
 .text.iI2C_TxRxSelect
                0x1fff32a4       0x5c ./Sources/Interfaces/iI2C.o
                0x1fff32a4                iI2C_TxRxSelect
 .text.iI2C_SendData
                0x1fff3300       0x20 ./Sources/Interfaces/iI2C.o
                0x1fff3300                iI2C_SendData
 .text.iI2C_WaitEndOfRxOrTx
                0x1fff3320       0x3c ./Sources/Interfaces/iI2C.o
                0x1fff3320                iI2C_WaitEndOfRxOrTx
 .text.iI2C_ReadData
                0x1fff335c       0x28 ./Sources/Interfaces/iI2C.o
                0x1fff335c                iI2C_ReadData
 .text.iI2C_ReadStatus
                0x1fff3384       0x34 ./Sources/Interfaces/iI2C.o
                0x1fff3384                iI2C_ReadStatus
 .text.iFlextimer_Config
                0x1fff33b8      0x3e8 ./Sources/Interfaces/iFlextimer.o
                0x1fff33b8                iFlextimer_Config
 .text.iFlextimer_GetSpeed
                0x1fff37a0       0x5c ./Sources/Interfaces/iFlextimer.o
                0x1fff37a0                iFlextimer_GetSpeed
 *fill*         0x1fff37fc        0x4 00
 .text.FTM1_IRQHandler
                0x1fff3800      0x340 ./Sources/Interfaces/iFlextimer.o
                0x1fff3800                FTM1_IRQHandler
 .text.iFlextimer_SetServoDuty
                0x1fff3b40      0x118 ./Sources/Interfaces/iFlextimer.o
                0x1fff3b40                iFlextimer_SetServoDuty
 .text.iFlextimer_SetMotorDuty
                0x1fff3c58      0x174 ./Sources/Interfaces/iFlextimer.o
                0x1fff3c58                iFlextimer_SetMotorDuty
 .text.iDio_SetPortDirection
                0x1fff3dcc       0xa0 ./Sources/Interfaces/iDio.o
                0x1fff3dcc                iDio_SetPortDirection
 .text.iDio_SetPort
                0x1fff3e6c       0xd0 ./Sources/Interfaces/iDio.o
                0x1fff3e6c                iDio_SetPort
 .text.iDio_GetPort
                0x1fff3f3c       0x94 ./Sources/Interfaces/iDio.o
                0x1fff3f3c                iDio_GetPort
 .text.iDac_Config
                0x1fff3fd0      0x110 ./Sources/Interfaces/iDac.o
                0x1fff3fd0                iDac_Config
 .text.iDac_SetResetVal
                0x1fff40e0      0x104 ./Sources/Interfaces/iDac.o
 *fill*         0x1fff41e4        0x4 00
 .text.iDac_SETDACBUFFER
                0x1fff41e8       0xe0 ./Sources/Interfaces/iDac.o
                0x1fff41e8                iDac_SETDACBUFFER
 .text.iCpu_PllInit
                0x1fff42c8      0x14c ./Sources/Interfaces/iCpu.o
 .text.iCpu_PinFctCfg
                0x1fff4414      0x1f4 ./Sources/Interfaces/iCpu.o
 .text.iCpu_PeriphClkInit
                0x1fff4608      0x120 ./Sources/Interfaces/iCpu.o
 .text.iCpu_VREFInit
                0x1fff4728       0x5c ./Sources/Interfaces/iCpu.o
 .text.iCpu_SysInit
                0x1fff4784       0x30 ./Sources/Interfaces/iCpu.o
                0x1fff4784                iCpu_SysInit
 .text.iAd_Config
                0x1fff47b4       0x7c ./Sources/Interfaces/iAd.o
                0x1fff47b4                iAd_Config
 .text.iAd_GetResult
                0x1fff4830       0x20 ./Sources/Interfaces/iAd.o
                0x1fff4830                iAd_GetResult
 .text.iAd_SelectChannel
                0x1fff4850       0x48 ./Sources/Interfaces/iAd.o
                0x1fff4850                iAd_SelectChannel
 .text.iAd_GetCompleteConvStatus
                0x1fff4898       0x30 ./Sources/Interfaces/iAd.o
                0x1fff4898                iAd_GetCompleteConvStatus
 .text.iAd_Cal  0x1fff48c8      0x228 ./Sources/Interfaces/iAd.o
                0x1fff48c8                iAd_Cal
 .text.mWifi_Setup
                0x1fff4af0        0xc ./Sources/Modules/mWifi.o
                0x1fff4af0                mWifi_Setup
 .text.mWifi_Open
                0x1fff4afc      0x170 ./Sources/Modules/mWifi.o
                0x1fff4afc                mWifi_Open
 .text.mWifi_WriteString
                0x1fff4c6c       0x40 ./Sources/Modules/mWifi.o
                0x1fff4c6c                mWifi_WriteString
 .text.mWifi_WriteChar
                0x1fff4cac       0x2c ./Sources/Modules/mWifi.o
                0x1fff4cac                mWifi_WriteChar
 .text.mWifi_SciReadDataFromBuffer
                0x1fff4cd8       0x34 ./Sources/Modules/mWifi.o
                0x1fff4cd8                mWifi_SciReadDataFromBuffer
 .text.mWifi_SendCmd
                0x1fff4d0c       0xcc ./Sources/Modules/mWifi.o
                0x1fff4d0c                mWifi_SendCmd
 .text.mTimer_Setup
                0x1fff4dd8       0x2c ./Sources/Modules/mTimer.o
                0x1fff4dd8                mTimer_Setup
 .text.mTimer_Open
                0x1fff4e04       0x50 ./Sources/Modules/mTimer.o
                0x1fff4e04                mTimer_Open
 .text.mTimer_GetSpeed
                0x1fff4e54       0x1c ./Sources/Modules/mTimer.o
                0x1fff4e54                mTimer_GetSpeed
 .text.mTimer_SetServoDuty
                0x1fff4e70       0x24 ./Sources/Modules/mTimer.o
                0x1fff4e70                mTimer_SetServoDuty
 .text.mTimer_SetMotorDuty
                0x1fff4e94       0x24 ./Sources/Modules/mTimer.o
                0x1fff4e94                mTimer_SetMotorDuty
 .text.mTimer_MotorMoveStraight
                0x1fff4eb8      0x318 ./Sources/Modules/mTimer.o
                0x1fff4eb8                mTimer_MotorMoveStraight
 .text.mTimer_ForwardRegulationDirection
                0x1fff51d0       0xcc ./Sources/Modules/mTimer.o
 .text.mSwitch_Setup
                0x1fff529c       0x1c ./Sources/Modules/mSwitch.o
                0x1fff529c                mSwitch_Setup
 .text.mSwitch_Open
                0x1fff52b8        0xc ./Sources/Modules/mSwitch.o
                0x1fff52b8                mSwitch_Open
 .text.mSwitch_ReadSwitch
                0x1fff52c4       0x78 ./Sources/Modules/mSwitch.o
                0x1fff52c4                mSwitch_ReadSwitch
 .text.mSwitch_ReadPushBut
                0x1fff533c       0x48 ./Sources/Modules/mSwitch.o
                0x1fff533c                mSwitch_ReadPushBut
 .text.mSpi_Setup
                0x1fff5384       0x90 ./Sources/Modules/mSpi.o
                0x1fff5384                mSpi_Setup
 .text.mSpi_Open
                0x1fff5414       0x30 ./Sources/Modules/mSpi.o
                0x1fff5414                mSpi_Open
 .text.mSpi_SP0ReadWrite
                0x1fff5444       0xd0 ./Sources/Modules/mSpi.o
                0x1fff5444                mSpi_SP0ReadWrite
 .text.mSpi_MLX75306_RXTX
                0x1fff5514       0xb4 ./Sources/Modules/mSpi.o
                0x1fff5514                mSpi_MLX75306_RXTX
 .text.mSpi_MLX75306_ReadPicture
                0x1fff55c8       0xac ./Sources/Modules/mSpi.o
                0x1fff55c8                mSpi_MLX75306_ReadPicture
 .text.mSpi_MLX75306_Reset
                0x1fff5674       0x10 ./Sources/Modules/mSpi.o
                0x1fff5674                mSpi_MLX75306_Reset
 *fill*         0x1fff5684        0x4 00
 .text.mSpi_MLX75306_StartIntegration
                0x1fff5688      0x110 ./Sources/Modules/mSpi.o
                0x1fff5688                mSpi_MLX75306_StartIntegration
 .text.mRs232_Setup
                0x1fff5798        0xc ./Sources/Modules/mRS232.o
                0x1fff5798                mRs232_Setup
 .text.mRs232_Open
                0x1fff57a4        0xc ./Sources/Modules/mRS232.o
                0x1fff57a4                mRs232_Open
 .text.mLeds_Setup
                0x1fff57b0       0x18 ./Sources/Modules/mLeds.o
                0x1fff57b0                mLeds_Setup
 .text.mLeds_Open
                0x1fff57c8        0xc ./Sources/Modules/mLeds.o
                0x1fff57c8                mLeds_Open
 .text.mLeds_Toggle
                0x1fff57d4       0xc8 ./Sources/Modules/mLeds.o
                0x1fff57d4                mLeds_Toggle
 .text.mDelay_Setup
                0x1fff589c       0x1c ./Sources/Modules/mDelay.o
                0x1fff589c                mDelay_Setup
 .text.mDelay_Open
                0x1fff58b8       0x10 ./Sources/Modules/mDelay.o
                0x1fff58b8                mDelay_Open
 .text.mDelay_GetDelay
                0x1fff58c8       0x28 ./Sources/Modules/mDelay.o
                0x1fff58c8                mDelay_GetDelay
 .text.mDelay_ReStart
                0x1fff58f0       0x2c ./Sources/Modules/mDelay.o
                0x1fff58f0                mDelay_ReStart
 .text.mDelay_IsDelayDone
                0x1fff591c       0x28 ./Sources/Modules/mDelay.o
                0x1fff591c                mDelay_IsDelayDone
 .text.mDac_Setup
                0x1fff5944       0x14 ./Sources/Modules/mDac.o
                0x1fff5944                mDac_Setup
 .text.mDac_Open
                0x1fff5958        0xc ./Sources/Modules/mDac.o
                0x1fff5958                mDac_Open
 .text.mDac_SetDac0Output
                0x1fff5964       0x24 ./Sources/Modules/mDac.o
                0x1fff5964                mDac_SetDac0Output
 .text.mCpu_Setup
                0x1fff5988        0xc ./Sources/Modules/mCpu.o
                0x1fff5988                mCpu_Setup
 .text.mAd_Setup
                0x1fff5994       0x14 ./Sources/Modules/mAd.o
                0x1fff5994                mAd_Setup
 .text.mAd_Open
                0x1fff59a8        0xc ./Sources/Modules/mAd.o
                0x1fff59a8                mAd_Open
 .text.mAd_Read
                0x1fff59b4       0xac ./Sources/Modules/mAd.o
                0x1fff59b4                mAd_Read
 .text.mAccelMagneto_Setup
                0x1fff5a60        0xc ./Sources/Modules/mAccelMagneto.o
                0x1fff5a60                mAccelMagneto_Setup
 .text.mAccelMagneto_Open
                0x1fff5a6c        0xc ./Sources/Modules/mAccelMagneto.o
                0x1fff5a6c                mAccelMagneto_Open
 .text.mAccelMagneto_GetData
                0x1fff5a78      0x174 ./Sources/Modules/mAccelMagneto.o
                0x1fff5a78                mAccelMagneto_GetData
 .text.PORTB_IRQHandler
                0x1fff5bec       0x68 ./Sources/Modules/mAccelMagneto.o
                0x1fff5bec                PORTB_IRQHandler
 .text.Stbp_InitSw
                0x1fff5c54       0xec ./Sources/Utils/stbp.o
                0x1fff5c54                Stbp_InitSw
 .text.Stbp_IsDataToTransmit
                0x1fff5d40       0x58 ./Sources/Utils/stbp.o
                0x1fff5d40                Stbp_IsDataToTransmit
 .text.Stbp_GetNextByteToSend
                0x1fff5d98      0x204 ./Sources/Utils/stbp.o
                0x1fff5d98                Stbp_GetNextByteToSend
 .text.Stbp_NewMsg
                0x1fff5f9c       0x80 ./Sources/Utils/stbp.o
                0x1fff5f9c                Stbp_NewMsg
 .text.Stbp_PutUint16
                0x1fff601c       0x94 ./Sources/Utils/stbp.o
                0x1fff601c                Stbp_PutUint16
 .text.Stbp_PutString
                0x1fff60b0       0x94 ./Sources/Utils/stbp.o
                0x1fff60b0                Stbp_PutString
 .text.Stbp_EncodeMessage
                0x1fff6144       0x4c ./Sources/Utils/stbp.o
                0x1fff6144                Stbp_EncodeMessage
 .text.enable_irq
                0x1fff6190      0x228 ./Sources/Utils/def.o
                0x1fff6190                enable_irq
 .text.disable_irq
                0x1fff63b8      0x108 ./Sources/Utils/def.o
                0x1fff63b8                disable_irq
 .text.exit     0x1fff64c0       0x38 C:/Freescale/CW MCU v10.6/MCU/ARM_GCC_Support/ewl/lib/armv7e-m/fpu\libc99.a(exit.o)
                0x1fff64c0                exit
 .text.memset   0x1fff64f8        0xc C:/Freescale/CW MCU v10.6/MCU/ARM_GCC_Support/ewl/lib/armv7e-m/fpu\libc99.a(memset.o)
                0x1fff64f8                memset
 .text.__fill_mem
                0x1fff6504       0x76 C:/Freescale/CW MCU v10.6/MCU/ARM_GCC_Support/ewl/lib/armv7e-m/fpu\libc99.a(__filll_mem.o)
                0x1fff6504                __fill_mem
 *fill*         0x1fff657a        0x2 00
 .text.__init_cpp
                0x1fff657c       0x4c C:/Freescale/CW MCU v10.6/MCU/ARM_GCC_Support/ewl/lib/armv7e-m/fpu\librt.a(gcc_ctor_dtor.o)
                0x1fff657c                __init_cpp
 .text.__fini_cpp
                0x1fff65c8       0x34 C:/Freescale/CW MCU v10.6/MCU/ARM_GCC_Support/ewl/lib/armv7e-m/fpu\librt.a(gcc_ctor_dtor.o)
                0x1fff65c8                __fini_cpp
 .text.__copy_rom_section
                0x1fff65fc       0x44 C:/Freescale/CW MCU v10.6/MCU/ARM_GCC_Support/ewl/lib/armv7e-m/fpu\librt.a(ROMCopy.o)
                0x1fff65fc                __copy_rom_section
 .text.__copy_rom_sections_to_ram
                0x1fff6640       0x30 C:/Freescale/CW MCU v10.6/MCU/ARM_GCC_Support/ewl/lib/armv7e-m/fpu\librt.a(ROMCopy.o)
                0x1fff6640                __copy_rom_sections_to_ram
 .text.__destroy_global_chain
                0x1fff6670       0x18 C:/Freescale/CW MCU v10.6/MCU/ARM_GCC_Support/ewl/lib/armv7e-m/fpu\librt.a(__arm_eabi_init.o)
                0x1fff6670                __destroy_global_chain
 .text.__init_registers
                0x1fff6688       0x24 C:/Freescale/CW MCU v10.6/MCU/ARM_GCC_Support/ewl/lib/armv7e-m/fpu\librt.a(__arm_eabi_init.o)
                0x1fff6688                __init_registers
 .text.__fp_init
                0x1fff66ac       0x1c C:/Freescale/CW MCU v10.6/MCU/ARM_GCC_Support/ewl/lib/armv7e-m/fpu\librt.a(__arm_eabi_init.o)
                0x1fff66ac                __fp_init
 .text.__init_user
                0x1fff66c8        0x4 C:/Freescale/CW MCU v10.6/MCU/ARM_GCC_Support/ewl/lib/armv7e-m/fpu\librt.a(__arm_eabi_init.o)
                0x1fff66c8                __init_user
 *(.rodata)
 .rodata        0x1fff66cc       0xe0 ./Sources/Applications/main.o
 *(.rodata*)
 *(.glue_7)
 .glue_7        0x00000000        0x0 linker stubs
 *(.glue_7t)
 .glue_7t       0x00000000        0x0 linker stubs
 *(.eh_frame)
 *(.init)
 *(.fini)
                0x1fff67ac                . = ALIGN (0x4)
                0x1fff67ac                _etext = .

.vfp11_veneer   0x1fff67ac        0x0
 .vfp11_veneer  0x00000000        0x0 linker stubs

.v4_bx          0x1fff67ac        0x0
 .v4_bx         0x00000000        0x0 linker stubs

.iplt           0x1fff67ac        0x0
 .iplt          0x00000000        0x0 ./Project_Settings/Startup_Code/kinetis_sysinit.o

.rel.dyn        0x1fff67ac        0x0
 .rel.iplt      0x00000000        0x0 ./Project_Settings/Startup_Code/kinetis_sysinit.o

.ARM.extab
 *(.ARM.extab* .gnu.linkonce.armextab.*)

.ARM            0x1fff67ac        0x0
                0x1fff67ac                __exidx_start = .
 *(.ARM.exidx*)
                0x1fff67ac                __exidx_end = .

.ctors          0x1fff67ac        0x0
                0x1fff67ac                __CTOR_LIST__ = .
 *crtbegin.o(.ctors)
 *(EXCLUDE_FILE(*crtend.o) .ctors)
 *(SORT(.ctors.*))
 *(.ctors)
                0x1fff67ac                __CTOR_END__ = .

.dtors          0x1fff67ac        0x0
                0x1fff67ac                __DTOR_LIST__ = .
 *crtbegin.o(.dtors)
 *(EXCLUDE_FILE(*crtend.o) .dtors)
 *(SORT(.dtors.*))
 *(.dtors)
                0x1fff67ac                __DTOR_END__ = .

.preinit_array  0x1fff67ac        0x0
                0x1fff67ac                PROVIDE (__preinit_array_start, .)
 *(.preinit_array*)
                0x1fff67ac                PROVIDE (__preinit_array_end, .)

.init_array     0x1fff67ac        0x0
                0x1fff67ac                PROVIDE (__init_array_start, .)
 *(SORT(.init_array.*))
 *(.init_array*)
                0x1fff67ac                PROVIDE (__init_array_end, .)

.fini_array     0x1fff67ac        0x0
                0x1fff67ac                PROVIDE (__fini_array_start, .)
 *(SORT(.fini_array.*))
 *(.fini_array*)
                0x1fff67ac                PROVIDE (__fini_array_end, .)

.data           0x20000000        0x8
                0x20000000                . = ALIGN (0x4)
                0x20000000                _sdata = .
 *(.data)
 *(.data*)
 .data.sMyCommPtr
                0x20000000        0x4 ./Sources/Applications/main.o
 .data.sTxMsgBufferPtr
                0x20000004        0x4 ./Sources/Applications/main.o
                0x20000004                sTxMsgBufferPtr
                0x20000008                . = ALIGN (0x4)
                0x20000008                _edata = .

.igot.plt       0x20000008        0x0
 .igot.plt      0x00000000        0x0 ./Project_Settings/Startup_Code/kinetis_sysinit.o
                0x20000008                . = ALIGN (0x4)

.bss            0x20000008     0x253c
                0x20000008                __START_BSS = .
                0x20000008                PROVIDE (__bss_start__, __START_BSS)
 *(.bss)
 *(.bss*)
 .bss.argv      0x20000008        0x4 ./Project_Settings/Startup_Code/__arm_start.o
 .bss.sImageTab
                0x2000000c       0xc8 ./Sources/Applications/main.o
 .bss.sImageDeriveTab
                0x200000d4       0xc8 ./Sources/Applications/main.o
 .bss.sMyComm   0x2000019c       0x40 ./Sources/Applications/main.o
 .bss.sMyCommRxBuffer
                0x200001dc      0x1f4 ./Sources/Applications/main.o
 .bss.sMyCommTxBuffer
                0x200003d0      0x1f4 ./Sources/Applications/main.o
 .bss.sNumberOfTransferredBytes
                0x200005c4        0x2 ./Sources/Applications/main.o
 *fill*         0x200005c6        0x2 00
 .bss.sTxMsgBuffer
                0x200005c8      0x3e8 ./Sources/Applications/main.o
                0x200005c8                sTxMsgBuffer
 .bss.sDlyJava  0x200009b0        0x2 ./Sources/Applications/main.o
 *fill*         0x200009b2        0x2 00
 .bss.sServo_Angle
                0x200009b4        0x4 ./Sources/Applications/main.o
                0x200009b4                sServo_Angle
 .bss.sFrameTxJava2
                0x200009b8       0xb0 ./Sources/Applications/main.o
 .bss.sLedOn1.7072
                0x20000a68        0x4 ./Sources/Applications/main.o
 .bss.aStatus.6998
                0x20000a6c        0x2 ./Sources/Applications/main.o
 .bss.sDly.6996
                0x20000a6e        0x2 ./Sources/Applications/main.o
 .bss.sSciRecBufStruct
                0x20000a70       0xd4 ./Sources/Interfaces/iUart.o
 .bss.sReadWifiState
                0x20000b44        0x1 ./Sources/Interfaces/iUart.o
 *fill*         0x20000b45        0x3 00
 .bss.sReadFrame
                0x20000b48     0x17e8 ./Sources/Interfaces/iUart.o
 .bss.sReadFrameInIndex
                0x20002330        0x2 ./Sources/Interfaces/iUart.o
                0x20002330                sReadFrameInIndex
 .bss.sReadFrameCounter
                0x20002332        0x2 ./Sources/Interfaces/iUart.o
                0x20002332                sReadFrameCounter
 .bss.sStatus.5541
                0x20002334        0x1 ./Sources/Interfaces/iUart.o
 *fill*         0x20002335        0x3 00
 .bss.sDly      0x20002338      0x168 ./Sources/Interfaces/iPit.o
 .bss.aTmp.5480
                0x200024a0        0x4 ./Sources/Interfaces/iPit.o
 .bss.sOldTimerValueChL
                0x200024a4        0x2 ./Sources/Interfaces/iFlextimer.o
 *fill*         0x200024a6        0x2 00
 .bss.sDeltaChL
                0x200024a8        0x4 ./Sources/Interfaces/iFlextimer.o
 .bss.sOldTimerValueChR
                0x200024ac        0x2 ./Sources/Interfaces/iFlextimer.o
 *fill*         0x200024ae        0x2 00
 .bss.sDeltaChR
                0x200024b0        0x4 ./Sources/Interfaces/iFlextimer.o
 .bss.sDelayTimeoutSpeed
                0x200024b4        0x4 ./Sources/Interfaces/iFlextimer.o
 .bss.sSpeedLeft
                0x200024b8        0x4 ./Sources/Interfaces/iFlextimer.o
 .bss.sSpeedRight
                0x200024bc        0x4 ./Sources/Interfaces/iFlextimer.o
 .bss.sOverFlowCounterL
                0x200024c0        0x4 ./Sources/Interfaces/iFlextimer.o
 .bss.sOverFlowCounterR
                0x200024c4        0x4 ./Sources/Interfaces/iFlextimer.o
 .bss.sSendDelayNb.4305
                0x200024c8        0x2 ./Sources/Modules/mWifi.o
 *fill*         0x200024ca        0x2 00
 .bss.sServoPosition.4257
                0x200024cc        0x4 ./Sources/Modules/mTimer.o
 .bss.pState.4211
                0x200024d0        0x1 ./Sources/Modules/mLeds.o
 .bss.sDataReady
                0x200024d1        0x1 ./Sources/Modules/mAccelMagneto.o
 *fill*         0x200024d2        0x2 00
 .bss.m_bIsBigEndian
                0x200024d4        0x4 ./Sources/Utils/stbp.o
 .bss.__stdio_exit
                0x200024d8        0x4 C:/Freescale/CW MCU v10.6/MCU/ARM_GCC_Support/ewl/lib/armv7e-m/fpu\libc99.a(exit.o)
                0x200024d8                __stdio_exit
 .bss.__console_exit
                0x200024dc        0x4 C:/Freescale/CW MCU v10.6/MCU/ARM_GCC_Support/ewl/lib/armv7e-m/fpu\libc99.a(exit.o)
                0x200024dc                __console_exit
 .bss.__S_romp  0x200024e0        0xc C:/Freescale/CW MCU v10.6/MCU/ARM_GCC_Support/ewl/lib/armv7e-m/fpu\librt.a(ROMCopy.o)
 .bss.__global_destructor_chain
                0x200024ec        0x4 C:/Freescale/CW MCU v10.6/MCU/ARM_GCC_Support/ewl/lib/armv7e-m/fpu\librt.a(__arm_eabi_init.o)
                0x200024ec                __global_destructor_chain
 *(COMMON)
 COMMON         0x200024f0       0x1c ./Sources/Applications/main.o
                0x200024f0                sMotorSpeed
                0x200024f8                sPitch
                0x200024fc                sRoll
                0x20002500                sSpeedMotLeft
                0x20002504                sYaw
                0x20002508                sSpeedMotRight
 COMMON         0x2000250c       0x38 ./Sources/Modules/mAccelMagneto.o
                0x2000250c                Xout_Mag_16_bit
                0x2000250e                Xout_Accel_14_bit
                0x20002510                Zout_g
                0x20002514                AccelMagData
                0x20002520                Yout_uT
                0x20002524                Yout_Accel_14_bit
                0x20002526                Zout_Accel_14_bit
                0x20002528                Yout_Mag_16_bit
                0x2000252c                Yout_g
                0x20002530                Xout_g
                0x20002534                Zout_uT
                0x20002538                Zout_Mag_16_bit
                0x2000253c                Heading
                0x20002540                Xout_uT
                0x20002544                . = ALIGN (0x4)
                0x20002544                __END_BSS = .
                0x20002544                PROVIDE (__bss_end__, __END_BSS)

._user_heap_stack
                0x20002544     0x1000
                0x20002544                . = ALIGN (0x4)
                0x20002544                PROVIDE (end, .)
                0x20002544                PROVIDE (_end, .)
                0x20002544                __heap_addr = .
                0x20002d44                . = (. + __heap_size)
 *fill*         0x20002544      0x800 00
                0x20003544                . = (. + __stack_size)
 *fill*         0x20002d44      0x800 00
                0x20003544                . = ALIGN (0x4)
                0x00000000                __S_romp = 0x0

.ARM.attributes
                0x00000000       0x3b
 *(.ARM.attributes)
 .ARM.attributes
                0x00000000       0x3b ./Project_Settings/Startup_Code/kinetis_sysinit.o
 .ARM.attributes
                0x0000003b       0x3b ./Project_Settings/Startup_Code/__arm_start.o
 .ARM.attributes
                0x00000076       0x3b ./Project_Settings/Startup_Code/__arm_end.o
 .ARM.attributes
                0x000000b1       0x3b ./Sources/Applications/main.o
 .ARM.attributes
                0x000000ec       0x3b ./Sources/Interfaces/iUart.o
 .ARM.attributes
                0x00000127       0x3b ./Sources/Interfaces/iSpi.o
 .ARM.attributes
                0x00000162       0x3b ./Sources/Interfaces/iPit.o
 .ARM.attributes
                0x0000019d       0x3b ./Sources/Interfaces/iI2C.o
 .ARM.attributes
                0x000001d8       0x3b ./Sources/Interfaces/iFlextimer.o
 .ARM.attributes
                0x00000213       0x3b ./Sources/Interfaces/iDio.o
 .ARM.attributes
                0x0000024e       0x3b ./Sources/Interfaces/iDac.o
 .ARM.attributes
                0x00000289       0x3b ./Sources/Interfaces/iCpu.o
 .ARM.attributes
                0x000002c4       0x3b ./Sources/Interfaces/iAd.o
 .ARM.attributes
                0x000002ff       0x3b ./Sources/Modules/mWifi.o
 .ARM.attributes
                0x0000033a       0x3b ./Sources/Modules/mTimer.o
 .ARM.attributes
                0x00000375       0x3b ./Sources/Modules/mSwitch.o
 .ARM.attributes
                0x000003b0       0x3b ./Sources/Modules/mSpi.o
 .ARM.attributes
                0x000003eb       0x3b ./Sources/Modules/mRS232.o
 .ARM.attributes
                0x00000426       0x3b ./Sources/Modules/mLeds.o
 .ARM.attributes
                0x00000461       0x3b ./Sources/Modules/mDelay.o
 .ARM.attributes
                0x0000049c       0x3b ./Sources/Modules/mDac.o
 .ARM.attributes
                0x000004d7       0x3b ./Sources/Modules/mCpu.o
 .ARM.attributes
                0x00000512       0x3b ./Sources/Modules/mAd.o
 .ARM.attributes
                0x0000054d       0x3b ./Sources/Modules/mAccelMagneto.o
 .ARM.attributes
                0x00000588       0x3b ./Sources/Utils/stbp.o
 .ARM.attributes
                0x000005c3       0x3b ./Sources/Utils/def.o
 .ARM.attributes
                0x000005fe       0x3b C:/Freescale/CW MCU v10.6/MCU/ARM_GCC_Support/ewl/lib/armv7e-m/fpu\libc99.a(exit.o)
 .ARM.attributes
                0x00000639       0x3b C:/Freescale/CW MCU v10.6/MCU/ARM_GCC_Support/ewl/lib/armv7e-m/fpu\libc99.a(memset.o)
 .ARM.attributes
                0x00000674       0x3b C:/Freescale/CW MCU v10.6/MCU/ARM_GCC_Support/ewl/lib/armv7e-m/fpu\libc99.a(__filll_mem.o)
 .ARM.attributes
                0x000006af       0x24 c:/freescale/cw mcu v10.6/cross_tools/arm-none-eabi-gcc-4_7_3/bin/../lib/gcc/arm-none-eabi/4.7.3/armv7e-m/fpu\libgcc.a(_arm_addsubdf3.o)
 .ARM.attributes
                0x000006d3       0x24 c:/freescale/cw mcu v10.6/cross_tools/arm-none-eabi-gcc-4_7_3/bin/../lib/gcc/arm-none-eabi/4.7.3/armv7e-m/fpu\libgcc.a(_arm_muldivdf3.o)
 .ARM.attributes
                0x000006f7       0x24 c:/freescale/cw mcu v10.6/cross_tools/arm-none-eabi-gcc-4_7_3/bin/../lib/gcc/arm-none-eabi/4.7.3/armv7e-m/fpu\libgcc.a(_arm_cmpdf2.o)
 .ARM.attributes
                0x0000071b       0x24 c:/freescale/cw mcu v10.6/cross_tools/arm-none-eabi-gcc-4_7_3/bin/../lib/gcc/arm-none-eabi/4.7.3/armv7e-m/fpu\libgcc.a(_arm_fixunsdfsi.o)
 .ARM.attributes
                0x0000073f       0x24 c:/freescale/cw mcu v10.6/cross_tools/arm-none-eabi-gcc-4_7_3/bin/../lib/gcc/arm-none-eabi/4.7.3/armv7e-m/fpu\libgcc.a(_arm_truncdfsf2.o)
 .ARM.attributes
                0x00000763       0x3b C:/Freescale/CW MCU v10.6/MCU/ARM_GCC_Support/ewl/lib/armv7e-m/fpu\librt.a(gcc_ctor_dtor.o)
 .ARM.attributes
                0x0000079e       0x3b C:/Freescale/CW MCU v10.6/MCU/ARM_GCC_Support/ewl/lib/armv7e-m/fpu\librt.a(ROMCopy.o)
 .ARM.attributes
                0x000007d9       0x3b C:/Freescale/CW MCU v10.6/MCU/ARM_GCC_Support/ewl/lib/armv7e-m/fpu\librt.a(__arm_eabi_init.o)
OUTPUT(FS_K64.elf elf32-littlearm)

.debug_info     0x00000000     0x8f62
 .debug_info    0x00000000      0x38e ./Project_Settings/Startup_Code/kinetis_sysinit.o
 .debug_info    0x0000038e      0x12a ./Project_Settings/Startup_Code/__arm_start.o
 .debug_info    0x000004b8       0x54 ./Project_Settings/Startup_Code/__arm_end.o
 .debug_info    0x0000050c      0xb83 ./Sources/Applications/main.o
 .debug_info    0x0000108f      0x85b ./Sources/Interfaces/iUart.o
 .debug_info    0x000018ea      0xada ./Sources/Interfaces/iSpi.o
 .debug_info    0x000023c4      0x954 ./Sources/Interfaces/iPit.o
 .debug_info    0x00002d18      0x8a7 ./Sources/Interfaces/iI2C.o
 .debug_info    0x000035bf      0xa26 ./Sources/Interfaces/iFlextimer.o
 .debug_info    0x00003fe5      0x3ae ./Sources/Interfaces/iDio.o
 .debug_info    0x00004393      0x4a3 ./Sources/Interfaces/iDac.o
 .debug_info    0x00004836      0x6e4 ./Sources/Interfaces/iCpu.o
 .debug_info    0x00004f1a      0x658 ./Sources/Interfaces/iAd.o
 .debug_info    0x00005572      0x488 ./Sources/Modules/mWifi.o
 .debug_info    0x000059fa      0x515 ./Sources/Modules/mTimer.o
 .debug_info    0x00005f0f      0x2a6 ./Sources/Modules/mSwitch.o
 .debug_info    0x000061b5      0x5c8 ./Sources/Modules/mSpi.o
 .debug_info    0x0000677d      0x13f ./Sources/Modules/mRS232.o
 .debug_info    0x000068bc      0x2dd ./Sources/Modules/mLeds.o
 .debug_info    0x00006b99      0x214 ./Sources/Modules/mDelay.o
 .debug_info    0x00006dad       0xe0 ./Sources/Modules/mDac.o
 .debug_info    0x00006e8d       0x7d ./Sources/Modules/mCpu.o
 .debug_info    0x00006f0a      0x1cb ./Sources/Modules/mAd.o
 .debug_info    0x000070d5      0x6ca ./Sources/Modules/mAccelMagneto.o
 .debug_info    0x0000779f      0xcb7 ./Sources/Utils/stbp.o
 .debug_info    0x00008456      0x22c ./Sources/Utils/def.o
 .debug_info    0x00008682      0x111 C:/Freescale/CW MCU v10.6/MCU/ARM_GCC_Support/ewl/lib/armv7e-m/fpu\libc99.a(exit.o)
 .debug_info    0x00008793       0xec C:/Freescale/CW MCU v10.6/MCU/ARM_GCC_Support/ewl/lib/armv7e-m/fpu\libc99.a(memset.o)
 .debug_info    0x0000887f      0x135 C:/Freescale/CW MCU v10.6/MCU/ARM_GCC_Support/ewl/lib/armv7e-m/fpu\libc99.a(__filll_mem.o)
 .debug_info    0x000089b4      0x136 C:/Freescale/CW MCU v10.6/MCU/ARM_GCC_Support/ewl/lib/armv7e-m/fpu\librt.a(gcc_ctor_dtor.o)
 .debug_info    0x00008aea      0x19a C:/Freescale/CW MCU v10.6/MCU/ARM_GCC_Support/ewl/lib/armv7e-m/fpu\librt.a(ROMCopy.o)
 .debug_info    0x00008c84      0x2de C:/Freescale/CW MCU v10.6/MCU/ARM_GCC_Support/ewl/lib/armv7e-m/fpu\librt.a(__arm_eabi_init.o)

.debug_abbrev   0x00000000     0x1f3d
 .debug_abbrev  0x00000000       0xf6 ./Project_Settings/Startup_Code/kinetis_sysinit.o
 .debug_abbrev  0x000000f6       0x92 ./Project_Settings/Startup_Code/__arm_start.o
 .debug_abbrev  0x00000188       0x4c ./Project_Settings/Startup_Code/__arm_end.o
 .debug_abbrev  0x000001d4      0x1ae ./Sources/Applications/main.o
 .debug_abbrev  0x00000382      0x1d6 ./Sources/Interfaces/iUart.o
 .debug_abbrev  0x00000558      0x1a0 ./Sources/Interfaces/iSpi.o
 .debug_abbrev  0x000006f8      0x16b ./Sources/Interfaces/iPit.o
 .debug_abbrev  0x00000863      0x139 ./Sources/Interfaces/iI2C.o
 .debug_abbrev  0x0000099c      0x125 ./Sources/Interfaces/iFlextimer.o
 .debug_abbrev  0x00000ac1       0xd2 ./Sources/Interfaces/iDio.o
 .debug_abbrev  0x00000b93      0x13a ./Sources/Interfaces/iDac.o
 .debug_abbrev  0x00000ccd      0x102 ./Sources/Interfaces/iCpu.o
 .debug_abbrev  0x00000dcf      0x12e ./Sources/Interfaces/iAd.o
 .debug_abbrev  0x00000efd       0xfd ./Sources/Modules/mWifi.o
 .debug_abbrev  0x00000ffa       0xf7 ./Sources/Modules/mTimer.o
 .debug_abbrev  0x000010f1       0xae ./Sources/Modules/mSwitch.o
 .debug_abbrev  0x0000119f      0x156 ./Sources/Modules/mSpi.o
 .debug_abbrev  0x000012f5       0xa4 ./Sources/Modules/mRS232.o
 .debug_abbrev  0x00001399       0xaa ./Sources/Modules/mLeds.o
 .debug_abbrev  0x00001443       0xc3 ./Sources/Modules/mDelay.o
 .debug_abbrev  0x00001506       0x77 ./Sources/Modules/mDac.o
 .debug_abbrev  0x0000157d       0x3d ./Sources/Modules/mCpu.o
 .debug_abbrev  0x000015ba       0xae ./Sources/Modules/mAd.o
 .debug_abbrev  0x00001668      0x18c ./Sources/Modules/mAccelMagneto.o
 .debug_abbrev  0x000017f4      0x14f ./Sources/Utils/stbp.o
 .debug_abbrev  0x00001943       0xd5 ./Sources/Utils/def.o
 .debug_abbrev  0x00001a18       0x91 C:/Freescale/CW MCU v10.6/MCU/ARM_GCC_Support/ewl/lib/armv7e-m/fpu\libc99.a(exit.o)
 .debug_abbrev  0x00001aa9       0x62 C:/Freescale/CW MCU v10.6/MCU/ARM_GCC_Support/ewl/lib/armv7e-m/fpu\libc99.a(memset.o)
 .debug_abbrev  0x00001b0b       0x87 C:/Freescale/CW MCU v10.6/MCU/ARM_GCC_Support/ewl/lib/armv7e-m/fpu\libc99.a(__filll_mem.o)
 .debug_abbrev  0x00001b92       0x99 C:/Freescale/CW MCU v10.6/MCU/ARM_GCC_Support/ewl/lib/armv7e-m/fpu\librt.a(gcc_ctor_dtor.o)
 .debug_abbrev  0x00001c2b      0x137 C:/Freescale/CW MCU v10.6/MCU/ARM_GCC_Support/ewl/lib/armv7e-m/fpu\librt.a(ROMCopy.o)
 .debug_abbrev  0x00001d62      0x1db C:/Freescale/CW MCU v10.6/MCU/ARM_GCC_Support/ewl/lib/armv7e-m/fpu\librt.a(__arm_eabi_init.o)

.debug_loc      0x00000000     0x2ac3
 .debug_loc     0x00000000       0x58 ./Project_Settings/Startup_Code/kinetis_sysinit.o
 .debug_loc     0x00000058       0x2c ./Project_Settings/Startup_Code/__arm_start.o
 .debug_loc     0x00000084       0x38 ./Project_Settings/Startup_Code/__arm_end.o
 .debug_loc     0x000000bc      0x196 ./Sources/Applications/main.o
 .debug_loc     0x00000252      0x268 ./Sources/Interfaces/iUart.o
 .debug_loc     0x000004ba      0x3e4 ./Sources/Interfaces/iSpi.o
 .debug_loc     0x0000089e      0x268 ./Sources/Interfaces/iPit.o
 .debug_loc     0x00000b06      0x24c ./Sources/Interfaces/iI2C.o
 .debug_loc     0x00000d52      0x10c ./Sources/Interfaces/iFlextimer.o
 .debug_loc     0x00000e5e       0xa8 ./Sources/Interfaces/iDio.o
 .debug_loc     0x00000f06      0x118 ./Sources/Interfaces/iDac.o
 .debug_loc     0x0000101e       0xe8 ./Sources/Interfaces/iCpu.o
 .debug_loc     0x00001106      0x10c ./Sources/Interfaces/iAd.o
 .debug_loc     0x00001212      0x1aa ./Sources/Modules/mWifi.o
 .debug_loc     0x000013bc      0x22c ./Sources/Modules/mTimer.o
 .debug_loc     0x000015e8       0xc8 ./Sources/Modules/mSwitch.o
 .debug_loc     0x000016b0      0x238 ./Sources/Modules/mSpi.o
 .debug_loc     0x000018e8       0xf4 ./Sources/Modules/mRS232.o
 .debug_loc     0x000019dc       0xc8 ./Sources/Modules/mLeds.o
 .debug_loc     0x00001aa4      0x19c ./Sources/Modules/mDelay.o
 .debug_loc     0x00001c40       0x90 ./Sources/Modules/mDac.o
 .debug_loc     0x00001cd0       0x2c ./Sources/Modules/mCpu.o
 .debug_loc     0x00001cfc       0xf4 ./Sources/Modules/mAd.o
 .debug_loc     0x00001df0      0x238 ./Sources/Modules/mAccelMagneto.o
 .debug_loc     0x00002028      0x5b0 ./Sources/Utils/stbp.o
 .debug_loc     0x000025d8       0x70 ./Sources/Utils/def.o
 .debug_loc     0x00002648       0x51 C:/Freescale/CW MCU v10.6/MCU/ARM_GCC_Support/ewl/lib/armv7e-m/fpu\libc99.a(exit.o)
 .debug_loc     0x00002699       0x64 C:/Freescale/CW MCU v10.6/MCU/ARM_GCC_Support/ewl/lib/armv7e-m/fpu\libc99.a(memset.o)
 .debug_loc     0x000026fd      0x12c C:/Freescale/CW MCU v10.6/MCU/ARM_GCC_Support/ewl/lib/armv7e-m/fpu\libc99.a(__filll_mem.o)
 .debug_loc     0x00002829       0x9d C:/Freescale/CW MCU v10.6/MCU/ARM_GCC_Support/ewl/lib/armv7e-m/fpu\librt.a(gcc_ctor_dtor.o)
 .debug_loc     0x000028c6       0xb9 C:/Freescale/CW MCU v10.6/MCU/ARM_GCC_Support/ewl/lib/armv7e-m/fpu\librt.a(ROMCopy.o)
 .debug_loc     0x0000297f      0x144 C:/Freescale/CW MCU v10.6/MCU/ARM_GCC_Support/ewl/lib/armv7e-m/fpu\librt.a(__arm_eabi_init.o)

.debug_aranges  0x00000000      0x968
 .debug_aranges
                0x00000000       0x28 ./Project_Settings/Startup_Code/kinetis_sysinit.o
 .debug_aranges
                0x00000028       0x30 ./Project_Settings/Startup_Code/__arm_start.o
 .debug_aranges
                0x00000058       0x20 ./Project_Settings/Startup_Code/__arm_end.o
 .debug_aranges
                0x00000078       0x50 ./Sources/Applications/main.o
 .debug_aranges
                0x000000c8       0x70 ./Sources/Interfaces/iUart.o
 .debug_aranges
                0x00000138       0xa8 ./Sources/Interfaces/iSpi.o
 .debug_aranges
                0x000001e0       0x70 ./Sources/Interfaces/iPit.o
 .debug_aranges
                0x00000250       0x78 ./Sources/Interfaces/iI2C.o
 .debug_aranges
                0x000002c8       0x40 ./Sources/Interfaces/iFlextimer.o
 .debug_aranges
                0x00000308       0x30 ./Sources/Interfaces/iDio.o
 .debug_aranges
                0x00000338       0x40 ./Sources/Interfaces/iDac.o
 .debug_aranges
                0x00000378       0x40 ./Sources/Interfaces/iCpu.o
 .debug_aranges
                0x000003b8       0x40 ./Sources/Interfaces/iAd.o
 .debug_aranges
                0x000003f8       0x58 ./Sources/Modules/mWifi.o
 .debug_aranges
                0x00000450       0x70 ./Sources/Modules/mTimer.o
 .debug_aranges
                0x000004c0       0x38 ./Sources/Modules/mSwitch.o
 .debug_aranges
                0x000004f8       0x70 ./Sources/Modules/mSpi.o
 .debug_aranges
                0x00000568       0x40 ./Sources/Modules/mRS232.o
 .debug_aranges
                0x000005a8       0x38 ./Sources/Modules/mLeds.o
 .debug_aranges
                0x000005e0       0x58 ./Sources/Modules/mDelay.o
 .debug_aranges
                0x00000638       0x30 ./Sources/Modules/mDac.o
 .debug_aranges
                0x00000668       0x20 ./Sources/Modules/mCpu.o
 .debug_aranges
                0x00000688       0x40 ./Sources/Modules/mAd.o
 .debug_aranges
                0x000006c8       0x70 ./Sources/Modules/mAccelMagneto.o
 .debug_aranges
                0x00000738       0xe8 ./Sources/Utils/stbp.o
 .debug_aranges
                0x00000820       0x28 ./Sources/Utils/def.o
 .debug_aranges
                0x00000848       0x28 C:/Freescale/CW MCU v10.6/MCU/ARM_GCC_Support/ewl/lib/armv7e-m/fpu\libc99.a(exit.o)
 .debug_aranges
                0x00000870       0x20 C:/Freescale/CW MCU v10.6/MCU/ARM_GCC_Support/ewl/lib/armv7e-m/fpu\libc99.a(memset.o)
 .debug_aranges
                0x00000890       0x20 C:/Freescale/CW MCU v10.6/MCU/ARM_GCC_Support/ewl/lib/armv7e-m/fpu\libc99.a(__filll_mem.o)
 .debug_aranges
                0x000008b0       0x28 C:/Freescale/CW MCU v10.6/MCU/ARM_GCC_Support/ewl/lib/armv7e-m/fpu\librt.a(gcc_ctor_dtor.o)
 .debug_aranges
                0x000008d8       0x30 C:/Freescale/CW MCU v10.6/MCU/ARM_GCC_Support/ewl/lib/armv7e-m/fpu\librt.a(ROMCopy.o)
 .debug_aranges
                0x00000908       0x60 C:/Freescale/CW MCU v10.6/MCU/ARM_GCC_Support/ewl/lib/armv7e-m/fpu\librt.a(__arm_eabi_init.o)

.debug_macinfo  0x00000000   0x5882a5
 .debug_macinfo
                0x00000000    0x62237 ./Project_Settings/Startup_Code/kinetis_sysinit.o
 .debug_macinfo
                0x00062237     0x4454 ./Project_Settings/Startup_Code/__arm_start.o
 .debug_macinfo
                0x0006668b     0x39fb ./Project_Settings/Startup_Code/__arm_end.o
 .debug_macinfo
                0x0006a086    0x65299 ./Sources/Applications/main.o
 .debug_macinfo
                0x000cf31f    0x62368 ./Sources/Interfaces/iUart.o
 .debug_macinfo
                0x00131687    0x62305 ./Sources/Interfaces/iSpi.o
 .debug_macinfo
                0x0019398c    0x62319 ./Sources/Interfaces/iPit.o
 .debug_macinfo
                0x001f5ca5    0x6232c ./Sources/Interfaces/iI2C.o
 .debug_macinfo
                0x00257fd1    0x62526 ./Sources/Interfaces/iFlextimer.o
 .debug_macinfo
                0x002ba4f7    0x62305 ./Sources/Interfaces/iDio.o
 .debug_macinfo
                0x0031c7fc    0x62352 ./Sources/Interfaces/iDac.o
 .debug_macinfo
                0x0037eb4e    0x62305 ./Sources/Interfaces/iCpu.o
 .debug_macinfo
                0x003e0e53    0x62304 ./Sources/Interfaces/iAd.o
 .debug_macinfo
                0x00443157     0x2b66 ./Sources/Modules/mWifi.o
 .debug_macinfo
                0x00445cbd     0x2bed ./Sources/Modules/mTimer.o
 .debug_macinfo
                0x004488aa     0x2b46 ./Sources/Modules/mSwitch.o
 .debug_macinfo
                0x0044b3f0    0x62329 ./Sources/Modules/mSpi.o
 .debug_macinfo
                0x004ad719     0x2b47 ./Sources/Modules/mRS232.o
 .debug_macinfo
                0x004b0260     0x2b44 ./Sources/Modules/mLeds.o
 .debug_macinfo
                0x004b2da4     0x2b46 ./Sources/Modules/mDelay.o
 .debug_macinfo
                0x004b58ea     0x2b44 ./Sources/Modules/mDac.o
 .debug_macinfo
                0x004b842e     0x2b44 ./Sources/Modules/mCpu.o
 .debug_macinfo
                0x004baf72     0x2b42 ./Sources/Modules/mAd.o
 .debug_macinfo
                0x004bdab4    0x64986 ./Sources/Modules/mAccelMagneto.o
 .debug_macinfo
                0x0052243a     0x3b76 ./Sources/Utils/stbp.o
 .debug_macinfo
                0x00525fb0    0x622f5 ./Sources/Utils/def.o

.debug_line     0x00000000     0x4db9
 .debug_line    0x00000000      0x238 ./Project_Settings/Startup_Code/kinetis_sysinit.o
 .debug_line    0x00000238      0x2bb ./Project_Settings/Startup_Code/__arm_start.o
 .debug_line    0x000004f3      0x266 ./Project_Settings/Startup_Code/__arm_end.o
 .debug_line    0x00000759      0x5f3 ./Sources/Applications/main.o
 .debug_line    0x00000d4c      0x369 ./Sources/Interfaces/iUart.o
 .debug_line    0x000010b5      0x45f ./Sources/Interfaces/iSpi.o
 .debug_line    0x00001514      0x390 ./Sources/Interfaces/iPit.o
 .debug_line    0x000018a4      0x307 ./Sources/Interfaces/iI2C.o
 .debug_line    0x00001bab      0x360 ./Sources/Interfaces/iFlextimer.o
 .debug_line    0x00001f0b      0x27e ./Sources/Interfaces/iDio.o
 .debug_line    0x00002189      0x2c7 ./Sources/Interfaces/iDac.o
 .debug_line    0x00002450      0x2c8 ./Sources/Interfaces/iCpu.o
 .debug_line    0x00002718      0x2a3 ./Sources/Interfaces/iAd.o
 .debug_line    0x000029bb      0x228 ./Sources/Modules/mWifi.o
 .debug_line    0x00002be3      0x276 ./Sources/Modules/mTimer.o
 .debug_line    0x00002e59      0x197 ./Sources/Modules/mSwitch.o
 .debug_line    0x00002ff0      0x3c1 ./Sources/Modules/mSpi.o
 .debug_line    0x000033b1      0x1a4 ./Sources/Modules/mRS232.o
 .debug_line    0x00003555      0x193 ./Sources/Modules/mLeds.o
 .debug_line    0x000036e8      0x1d2 ./Sources/Modules/mDelay.o
 .debug_line    0x000038ba      0x16f ./Sources/Modules/mDac.o
 .debug_line    0x00003a29      0x14e ./Sources/Modules/mCpu.o
 .debug_line    0x00003b77      0x1b1 ./Sources/Modules/mAd.o
 .debug_line    0x00003d28      0x52a ./Sources/Modules/mAccelMagneto.o
 .debug_line    0x00004252      0x4ed ./Sources/Utils/stbp.o
 .debug_line    0x0000473f      0x244 ./Sources/Utils/def.o
 .debug_line    0x00004983       0xa5 C:/Freescale/CW MCU v10.6/MCU/ARM_GCC_Support/ewl/lib/armv7e-m/fpu\libc99.a(exit.o)
 .debug_line    0x00004a28       0x8f C:/Freescale/CW MCU v10.6/MCU/ARM_GCC_Support/ewl/lib/armv7e-m/fpu\libc99.a(memset.o)
 .debug_line    0x00004ab7       0xcd C:/Freescale/CW MCU v10.6/MCU/ARM_GCC_Support/ewl/lib/armv7e-m/fpu\libc99.a(__filll_mem.o)
 .debug_line    0x00004b84       0x67 C:/Freescale/CW MCU v10.6/MCU/ARM_GCC_Support/ewl/lib/armv7e-m/fpu\librt.a(gcc_ctor_dtor.o)
 .debug_line    0x00004beb       0xa9 C:/Freescale/CW MCU v10.6/MCU/ARM_GCC_Support/ewl/lib/armv7e-m/fpu\librt.a(ROMCopy.o)
 .debug_line    0x00004c94      0x125 C:/Freescale/CW MCU v10.6/MCU/ARM_GCC_Support/ewl/lib/armv7e-m/fpu\librt.a(__arm_eabi_init.o)

.debug_str      0x00000000     0x334d
 .debug_str     0x00000000      0x281 ./Project_Settings/Startup_Code/kinetis_sysinit.o
                                0x2b5 (size before relaxing)
 .debug_str     0x00000281       0x85 ./Project_Settings/Startup_Code/__arm_start.o
                                0x1a9 (size before relaxing)
 .debug_str     0x00000306       0x41 ./Project_Settings/Startup_Code/__arm_end.o
                                 0xe0 (size before relaxing)
 .debug_str     0x00000347      0x7db ./Sources/Applications/main.o
                                0x9a3 (size before relaxing)
 .debug_str     0x00000b22      0x3d0 ./Sources/Interfaces/iUart.o
                                0x595 (size before relaxing)
 .debug_str     0x00000ef2      0x445 ./Sources/Interfaces/iSpi.o
                                0x5d8 (size before relaxing)
 .debug_str     0x00001337      0x631 ./Sources/Interfaces/iPit.o
                                0x88d (size before relaxing)
 .debug_str     0x00001968      0x192 ./Sources/Interfaces/iI2C.o
                                0x8d3 (size before relaxing)
 .debug_str     0x00001afa      0x1f2 ./Sources/Interfaces/iFlextimer.o
                                0x9a9 (size before relaxing)
 .debug_str     0x00001cec      0x23c ./Sources/Interfaces/iDio.o
                                0x3b4 (size before relaxing)
 .debug_str     0x00001f28       0xdc ./Sources/Interfaces/iDac.o
                                0x2fc (size before relaxing)
 .debug_str     0x00002004       0xda ./Sources/Interfaces/iCpu.o
                                0x35e (size before relaxing)
 .debug_str     0x000020de      0x197 ./Sources/Interfaces/iAd.o
                                0x7e2 (size before relaxing)
 .debug_str     0x00002275       0xd1 ./Sources/Modules/mWifi.o
                                0x453 (size before relaxing)
 .debug_str     0x00002346      0x26d ./Sources/Modules/mTimer.o
                                0x5a9 (size before relaxing)
 .debug_str     0x000025b3       0x89 ./Sources/Modules/mSwitch.o
                                0x347 (size before relaxing)
 .debug_str     0x0000263c      0x125 ./Sources/Modules/mSpi.o
                                0x4c0 (size before relaxing)
 .debug_str     0x00002761       0x70 ./Sources/Modules/mRS232.o
                                0x225 (size before relaxing)
 .debug_str     0x000027d1       0x73 ./Sources/Modules/mLeds.o
                                0x359 (size before relaxing)
 .debug_str     0x00002844       0x97 ./Sources/Modules/mDelay.o
                                0x1ed (size before relaxing)
 .debug_str     0x000028db       0x42 ./Sources/Modules/mDac.o
                                0x17d (size before relaxing)
 .debug_str     0x0000291d       0x25 ./Sources/Modules/mCpu.o
                                0x134 (size before relaxing)
 .debug_str     0x00002942       0x63 ./Sources/Modules/mAd.o
                                0x247 (size before relaxing)
 .debug_str     0x000029a5      0x2eb ./Sources/Modules/mAccelMagneto.o
                                0x52c (size before relaxing)
 .debug_str     0x00002c90      0x322 ./Sources/Utils/stbp.o
                                0x8b4 (size before relaxing)
 .debug_str     0x00002fb2       0x2e ./Sources/Utils/def.o
                                0x1df (size before relaxing)
 .debug_str     0x00002fe0       0x54 C:/Freescale/CW MCU v10.6/MCU/ARM_GCC_Support/ewl/lib/armv7e-m/fpu\libc99.a(exit.o)
                                0x15d (size before relaxing)
 .debug_str     0x00003034       0x23 C:/Freescale/CW MCU v10.6/MCU/ARM_GCC_Support/ewl/lib/armv7e-m/fpu\libc99.a(memset.o)
                                0x140 (size before relaxing)
 .debug_str     0x00003057       0x2d C:/Freescale/CW MCU v10.6/MCU/ARM_GCC_Support/ewl/lib/armv7e-m/fpu\libc99.a(__filll_mem.o)
                                0x152 (size before relaxing)
 .debug_str     0x00003084      0x126 C:/Freescale/CW MCU v10.6/MCU/ARM_GCC_Support/ewl/lib/armv7e-m/fpu\librt.a(gcc_ctor_dtor.o)
                                0x181 (size before relaxing)
 .debug_str     0x000031aa       0xa1 C:/Freescale/CW MCU v10.6/MCU/ARM_GCC_Support/ewl/lib/armv7e-m/fpu\librt.a(ROMCopy.o)
                                0x13c (size before relaxing)
 .debug_str     0x0000324b      0x102 C:/Freescale/CW MCU v10.6/MCU/ARM_GCC_Support/ewl/lib/armv7e-m/fpu\librt.a(__arm_eabi_init.o)
                                0x1bf (size before relaxing)

.comment        0x00000000       0x79
 .comment       0x00000000       0x79 ./Project_Settings/Startup_Code/kinetis_sysinit.o
                                 0x7a (size before relaxing)
 .comment       0x00000000       0x7a ./Project_Settings/Startup_Code/__arm_start.o
 .comment       0x00000000       0x7a ./Project_Settings/Startup_Code/__arm_end.o
 .comment       0x00000000       0x7a ./Sources/Applications/main.o
 .comment       0x00000000       0x7a ./Sources/Interfaces/iUart.o
 .comment       0x00000000       0x7a ./Sources/Interfaces/iSpi.o
 .comment       0x00000000       0x7a ./Sources/Interfaces/iPit.o
 .comment       0x00000000       0x7a ./Sources/Interfaces/iI2C.o
 .comment       0x00000000       0x7a ./Sources/Interfaces/iFlextimer.o
 .comment       0x00000000       0x7a ./Sources/Interfaces/iDio.o
 .comment       0x00000000       0x7a ./Sources/Interfaces/iDac.o
 .comment       0x00000000       0x7a ./Sources/Interfaces/iCpu.o
 .comment       0x00000000       0x7a ./Sources/Interfaces/iAd.o
 .comment       0x00000000       0x7a ./Sources/Modules/mWifi.o
 .comment       0x00000000       0x7a ./Sources/Modules/mTimer.o
 .comment       0x00000000       0x7a ./Sources/Modules/mSwitch.o
 .comment       0x00000000       0x7a ./Sources/Modules/mSpi.o
 .comment       0x00000000       0x7a ./Sources/Modules/mRS232.o
 .comment       0x00000000       0x7a ./Sources/Modules/mLeds.o
 .comment       0x00000000       0x7a ./Sources/Modules/mDelay.o
 .comment       0x00000000       0x7a ./Sources/Modules/mDac.o
 .comment       0x00000000       0x7a ./Sources/Modules/mCpu.o
 .comment       0x00000000       0x7a ./Sources/Modules/mAd.o
 .comment       0x00000000       0x7a ./Sources/Modules/mAccelMagneto.o
 .comment       0x00000000       0x7a ./Sources/Utils/stbp.o
 .comment       0x00000000       0x7a ./Sources/Utils/def.o
 .comment       0x00000000       0x7a C:/Freescale/CW MCU v10.6/MCU/ARM_GCC_Support/ewl/lib/armv7e-m/fpu\libc99.a(exit.o)
 .comment       0x00000000       0x7a C:/Freescale/CW MCU v10.6/MCU/ARM_GCC_Support/ewl/lib/armv7e-m/fpu\libc99.a(memset.o)
 .comment       0x00000000       0x7a C:/Freescale/CW MCU v10.6/MCU/ARM_GCC_Support/ewl/lib/armv7e-m/fpu\libc99.a(__filll_mem.o)
 .comment       0x00000000       0x7a C:/Freescale/CW MCU v10.6/MCU/ARM_GCC_Support/ewl/lib/armv7e-m/fpu\librt.a(gcc_ctor_dtor.o)
 .comment       0x00000000       0x7a C:/Freescale/CW MCU v10.6/MCU/ARM_GCC_Support/ewl/lib/armv7e-m/fpu\librt.a(ROMCopy.o)
 .comment       0x00000000       0x7a C:/Freescale/CW MCU v10.6/MCU/ARM_GCC_Support/ewl/lib/armv7e-m/fpu\librt.a(__arm_eabi_init.o)

.debug_frame    0x00000000     0x1860
 .debug_frame   0x00000000       0x40 ./Project_Settings/Startup_Code/kinetis_sysinit.o
 .debug_frame   0x00000040       0x4c ./Project_Settings/Startup_Code/__arm_start.o
 .debug_frame   0x0000008c       0x2c ./Project_Settings/Startup_Code/__arm_end.o
 .debug_frame   0x000000b8       0xf0 ./Sources/Applications/main.o
 .debug_frame   0x000001a8      0x148 ./Sources/Interfaces/iUart.o
 .debug_frame   0x000002f0      0x208 ./Sources/Interfaces/iSpi.o
 .debug_frame   0x000004f8      0x148 ./Sources/Interfaces/iPit.o
 .debug_frame   0x00000640      0x148 ./Sources/Interfaces/iI2C.o
 .debug_frame   0x00000788       0xac ./Sources/Interfaces/iFlextimer.o
 .debug_frame   0x00000834       0x64 ./Sources/Interfaces/iDio.o
 .debug_frame   0x00000898       0xa4 ./Sources/Interfaces/iDac.o
 .debug_frame   0x0000093c       0x90 ./Sources/Interfaces/iCpu.o
 .debug_frame   0x000009cc       0x9c ./Sources/Interfaces/iAd.o
 .debug_frame   0x00000a68      0x104 ./Sources/Modules/mWifi.o
 .debug_frame   0x00000b6c      0x15c ./Sources/Modules/mTimer.o
 .debug_frame   0x00000cc8       0x84 ./Sources/Modules/mSwitch.o
 .debug_frame   0x00000d4c      0x160 ./Sources/Modules/mSpi.o
 .debug_frame   0x00000eac       0x98 ./Sources/Modules/mRS232.o
 .debug_frame   0x00000f44       0x84 ./Sources/Modules/mLeds.o
 .debug_frame   0x00000fc8      0x100 ./Sources/Modules/mDelay.o
 .debug_frame   0x000010c8       0x64 ./Sources/Modules/mDac.o
 .debug_frame   0x0000112c       0x2c ./Sources/Modules/mCpu.o
 .debug_frame   0x00001158       0x9c ./Sources/Modules/mAd.o
 .debug_frame   0x000011f4      0x15c ./Sources/Modules/mAccelMagneto.o
 .debug_frame   0x00001350      0x2f8 ./Sources/Utils/stbp.o
 .debug_frame   0x00001648       0x48 ./Sources/Utils/def.o
 .debug_frame   0x00001690       0x38 C:/Freescale/CW MCU v10.6/MCU/ARM_GCC_Support/ewl/lib/armv7e-m/fpu\libc99.a(exit.o)
 .debug_frame   0x000016c8       0x28 C:/Freescale/CW MCU v10.6/MCU/ARM_GCC_Support/ewl/lib/armv7e-m/fpu\libc99.a(memset.o)
 .debug_frame   0x000016f0       0x2c C:/Freescale/CW MCU v10.6/MCU/ARM_GCC_Support/ewl/lib/armv7e-m/fpu\libc99.a(__filll_mem.o)
 .debug_frame   0x0000171c       0x40 C:/Freescale/CW MCU v10.6/MCU/ARM_GCC_Support/ewl/lib/armv7e-m/fpu\librt.a(gcc_ctor_dtor.o)
 .debug_frame   0x0000175c       0x48 C:/Freescale/CW MCU v10.6/MCU/ARM_GCC_Support/ewl/lib/armv7e-m/fpu\librt.a(ROMCopy.o)
 .debug_frame   0x000017a4       0xbc C:/Freescale/CW MCU v10.6/MCU/ARM_GCC_Support/ewl/lib/armv7e-m/fpu\librt.a(__arm_eabi_init.o)
