Archive member included because of file (symbol)

C:/Freescale/CW MCU v10.6/MCU/ARM_GCC_Support/ewl/lib/armv7e-m/fpu\libc99.a(sprintf.o)
                              ./Sources/Applications/main.o (sprintf)
C:/Freescale/CW MCU v10.6/MCU/ARM_GCC_Support/ewl/lib/armv7e-m/fpu\libc99.a(vsnprintf.o)
                              C:/Freescale/CW MCU v10.6/MCU/ARM_GCC_Support/ewl/lib/armv7e-m/fpu\libc99.a(sprintf.o) (vsnprintf)
C:/Freescale/CW MCU v10.6/MCU/ARM_GCC_Support/ewl/lib/armv7e-m/fpu\libc99.a(exit.o)
                              ./Project_Settings/Startup_Code/__arm_start.o (exit)
C:/Freescale/CW MCU v10.6/MCU/ARM_GCC_Support/ewl/lib/armv7e-m/fpu\libc99.a(memcpy.o)
                              C:/Freescale/CW MCU v10.6/MCU/ARM_GCC_Support/ewl/lib/armv7e-m/fpu\libc99.a(vsnprintf.o) (memcpy)
C:/Freescale/CW MCU v10.6/MCU/ARM_GCC_Support/ewl/lib/armv7e-m/fpu\libc99.a(memset.o)
                              ./Project_Settings/Startup_Code/__arm_start.o (memset)
C:/Freescale/CW MCU v10.6/MCU/ARM_GCC_Support/ewl/lib/armv7e-m/fpu\libc99.a(__wgetchar.o)
                              C:/Freescale/CW MCU v10.6/MCU/ARM_GCC_Support/ewl/lib/armv7e-m/fpu\libc99.a(sprintf.o) (getwc)
C:/Freescale/CW MCU v10.6/MCU/ARM_GCC_Support/ewl/lib/armv7e-m/fpu\libc99.a(__printformat.o)
                              C:/Freescale/CW MCU v10.6/MCU/ARM_GCC_Support/ewl/lib/armv7e-m/fpu\libc99.a(vsnprintf.o) (__pformatter)
C:/Freescale/CW MCU v10.6/MCU/ARM_GCC_Support/ewl/lib/armv7e-m/fpu\libc99.a(ctype_aeabi.o)
                              C:/Freescale/CW MCU v10.6/MCU/ARM_GCC_Support/ewl/lib/armv7e-m/fpu\libc99.a(__printformat.o) (isupper)
C:/Freescale/CW MCU v10.6/MCU/ARM_GCC_Support/ewl/lib/armv7e-m/fpu\libc99.a(secure_error.o)
                              C:/Freescale/CW MCU v10.6/MCU/ARM_GCC_Support/ewl/lib/armv7e-m/fpu\libc99.a(__printformat.o) (__ewl_runtime_constraint_violation_s)
C:/Freescale/CW MCU v10.6/MCU/ARM_GCC_Support/ewl/lib/armv7e-m/fpu\libc99.a(ansi_files.o)
                              C:/Freescale/CW MCU v10.6/MCU/ARM_GCC_Support/ewl/lib/armv7e-m/fpu\libc99.a(sprintf.o) (__files)
C:/Freescale/CW MCU v10.6/MCU/ARM_GCC_Support/ewl/lib/armv7e-m/fpu\libc99.a(fflush.o)
                              C:/Freescale/CW MCU v10.6/MCU/ARM_GCC_Support/ewl/lib/armv7e-m/fpu\libc99.a(ansi_files.o) (fflush)
C:/Freescale/CW MCU v10.6/MCU/ARM_GCC_Support/ewl/lib/armv7e-m/fpu\libc99.a(fread.o)
                              C:/Freescale/CW MCU v10.6/MCU/ARM_GCC_Support/ewl/lib/armv7e-m/fpu\libc99.a(__wgetchar.o) (__fread)
C:/Freescale/CW MCU v10.6/MCU/ARM_GCC_Support/ewl/lib/armv7e-m/fpu\libc99.a(fwrite.o)
                              C:/Freescale/CW MCU v10.6/MCU/ARM_GCC_Support/ewl/lib/armv7e-m/fpu\libc99.a(__wgetchar.o) (__fwrite)
C:/Freescale/CW MCU v10.6/MCU/ARM_GCC_Support/ewl/lib/armv7e-m/fpu\libc99.a(__wctomb.o)
                              C:/Freescale/CW MCU v10.6/MCU/ARM_GCC_Support/ewl/lib/armv7e-m/fpu\libc99.a(__wgetchar.o) (mbtowc)
C:/Freescale/CW MCU v10.6/MCU/ARM_GCC_Support/ewl/lib/armv7e-m/fpu\libc99.a(abort.o)
                              C:/Freescale/CW MCU v10.6/MCU/ARM_GCC_Support/ewl/lib/armv7e-m/fpu\libc99.a(secure_error.o) (abort)
C:/Freescale/CW MCU v10.6/MCU/ARM_GCC_Support/ewl/lib/armv7e-m/fpu\libc99.a(__filll_mem.o)
                              C:/Freescale/CW MCU v10.6/MCU/ARM_GCC_Support/ewl/lib/armv7e-m/fpu\libc99.a(memset.o) (__fill_mem)
C:/Freescale/CW MCU v10.6/MCU/ARM_GCC_Support/ewl/lib/armv7e-m/fpu\libc99.a(__memrchr.o)
                              C:/Freescale/CW MCU v10.6/MCU/ARM_GCC_Support/ewl/lib/armv7e-m/fpu\libc99.a(fwrite.o) (__memrchr)
C:/Freescale/CW MCU v10.6/MCU/ARM_GCC_Support/ewl/lib/armv7e-m/fpu\libc99.a(memchr.o)
                              C:/Freescale/CW MCU v10.6/MCU/ARM_GCC_Support/ewl/lib/armv7e-m/fpu\libc99.a(__printformat.o) (memchr)
C:/Freescale/CW MCU v10.6/MCU/ARM_GCC_Support/ewl/lib/armv7e-m/fpu\libc99.a(strchr.o)
                              C:/Freescale/CW MCU v10.6/MCU/ARM_GCC_Support/ewl/lib/armv7e-m/fpu\libc99.a(__printformat.o) (strchr)
C:/Freescale/CW MCU v10.6/MCU/ARM_GCC_Support/ewl/lib/armv7e-m/fpu\libc99.a(strcpy.o)
                              C:/Freescale/CW MCU v10.6/MCU/ARM_GCC_Support/ewl/lib/armv7e-m/fpu\libc99.a(__printformat.o) (strcpy)
C:/Freescale/CW MCU v10.6/MCU/ARM_GCC_Support/ewl/lib/armv7e-m/fpu\libc99.a(strlen.o)
                              C:/Freescale/CW MCU v10.6/MCU/ARM_GCC_Support/ewl/lib/armv7e-m/fpu\libc99.a(__printformat.o) (strlen)
C:/Freescale/CW MCU v10.6/MCU/ARM_GCC_Support/ewl/lib/armv7e-m/fpu\libc99.a(strncpy.o)
                              C:/Freescale/CW MCU v10.6/MCU/ARM_GCC_Support/ewl/lib/armv7e-m/fpu\libc99.a(__wctomb.o) (strncpy)
C:/Freescale/CW MCU v10.6/MCU/ARM_GCC_Support/ewl/lib/armv7e-m/fpu\libc99.a(strnlen_s.o)
                              C:/Freescale/CW MCU v10.6/MCU/ARM_GCC_Support/ewl/lib/armv7e-m/fpu\libc99.a(__wctomb.o) (strnlen_s)
[...]
Memory Configuration

Name             Origin             Length             Attributes
m_interrupts     0x1fff0000         0x00000198         xr
m_text           0x1fff0198         0x0000fe68         xr
m_data           0x20000000         0x00030000         rw
*default*        0x00000000         0xffffffff

Linker script and memory map

LOAD ./Project_Settings/Startup_Code/kinetis_sysinit.o
LOAD ./Project_Settings/Startup_Code/__arm_start.o
LOAD ./Project_Settings/Startup_Code/__arm_end.o
LOAD ./Sources/Applications/main.o
LOAD ./Sources/Applications/gOutput.o
LOAD ./Sources/Applications/gMBox.o
LOAD ./Sources/Applications/gInput.o
LOAD ./Sources/Applications/gCompute.o
LOAD ./Sources/Interfaces/iUart.o
LOAD ./Sources/Interfaces/iSpi.o
LOAD ./Sources/Interfaces/iPit.o
LOAD ./Sources/Interfaces/iI2C.o
LOAD ./Sources/Interfaces/iFlextimer.o
LOAD ./Sources/Interfaces/iDio.o
LOAD ./Sources/Interfaces/iDac.o
LOAD ./Sources/Interfaces/iCpu.o
LOAD ./Sources/Interfaces/iAd.o
LOAD ./Sources/Modules/mWifi.o
LOAD ./Sources/Modules/mTimer.o
LOAD ./Sources/Modules/mSwitch.o
LOAD ./Sources/Modules/mSpi.o
LOAD ./Sources/Modules/mRS232.o
LOAD ./Sources/Modules/mLeds.o
LOAD ./Sources/Modules/mDelay.o
LOAD ./Sources/Modules/mDac.o
LOAD ./Sources/Modules/mCpu.o
LOAD ./Sources/Modules/mAd.o
LOAD ./Sources/Modules/mAccelMagneto.o
LOAD ./Sources/Utils/stbp.o
LOAD ./Sources/Utils/def.o
LOAD ./Sources/Utils/StTime.o
START GROUP
LOAD C:/Freescale/CW MCU v10.6/MCU/ARM_GCC_Support/ewl/lib/armv7e-m/fpu\libc99.a
LOAD C:/Freescale/CW MCU v10.6/MCU/ARM_GCC_Support/ewl/lib/armv7e-m/fpu\libm.a
LOAD c:/freescale/cw mcu v10.6/cross_tools/arm-none-eabi-gcc-4_7_3/bin/../lib/gcc/arm-none-eabi/4.7.3/armv7e-m/fpu\libgcc.a
LOAD C:/Freescale/CW MCU v10.6/MCU/ARM_GCC_Support/ewl/lib/armv7e-m/fpu\librt.a
LOAD C:/Freescale/CW MCU v10.6/MCU/ARM_GCC_Support/ewl/lib/armv7e-m/fpu\libuart.a
END GROUP
                0x20030000                _estack = 0x20030000
                0x20030000                __SP_INIT = _estack
                0x00000800                __heap_size = 0x800
                0x00000800                __stack_size = 0x800

.interrupts     0x1fff0000      0x198
                0x1fff0000                __vector_table = .
                0x1fff0000                . = ALIGN (0x4)
 *(.vectortable)
 .vectortable   0x1fff0000      0x198 ./Project_Settings/Startup_Code/kinetis_sysinit.o
                0x1fff0000                InterruptVector
                0x1fff0198                . = ALIGN (0x4)

.text           0x1fff0198     0x8980
                0x1fff0198                . = ALIGN (0x4)
 *(.text)
 .text          0x1fff0198      0x370 c:/freescale/cw mcu v10.6/cross_tools/arm-none-eabi-gcc-4_7_3/bin/../lib/gcc/arm-none-eabi/4.7.3/armv7e-m/fpu\libgcc.a(_arm_addsubdf3.o)
                0x1fff0198                __aeabi_drsub
                0x1fff01a0                __aeabi_dsub
                0x1fff01a0                __subdf3
                0x1fff01a4                __aeabi_dadd
                0x1fff01a4                __adddf3
                0x1fff041c                __floatunsidf
                0x1fff041c                __aeabi_ui2d
                0x1fff043c                __floatsidf
                0x1fff043c                __aeabi_i2d
                0x1fff0460                __aeabi_f2d
                0x1fff0460                __extendsfdf2
                0x1fff049c                __floatundidf
                0x1fff049c                __aeabi_ul2d
                0x1fff04ac                __floatdidf
                0x1fff04ac                __aeabi_l2d
 .text          0x1fff0508      0x424 c:/freescale/cw mcu v10.6/cross_tools/arm-none-eabi-gcc-4_7_3/bin/../lib/gcc/arm-none-eabi/4.7.3/armv7e-m/fpu\libgcc.a(_arm_muldivdf3.o)
                0x1fff0508                __aeabi_dmul
                0x1fff0508                __muldf3
                0x1fff075c                __divdf3
                0x1fff075c                __aeabi_ddiv
 .text          0x1fff092c      0x110 c:/freescale/cw mcu v10.6/cross_tools/arm-none-eabi-gcc-4_7_3/bin/../lib/gcc/arm-none-eabi/4.7.3/armv7e-m/fpu\libgcc.a(_arm_cmpdf2.o)
                0x1fff092c                __gtdf2
                0x1fff092c                __gedf2
                0x1fff0934                __ltdf2
                0x1fff0934                __ledf2
                0x1fff093c                __nedf2
                0x1fff093c                __eqdf2
                0x1fff093c                __cmpdf2
                0x1fff09b8                __aeabi_cdrcmple
                0x1fff09c8                __aeabi_cdcmpeq
                0x1fff09c8                __aeabi_cdcmple
                0x1fff09d8                __aeabi_dcmpeq
                0x1fff09ec                __aeabi_dcmplt
                0x1fff0a00                __aeabi_dcmple
                0x1fff0a14                __aeabi_dcmpge
                0x1fff0a28                __aeabi_dcmpgt
 .text          0x1fff0a3c       0x50 c:/freescale/cw mcu v10.6/cross_tools/arm-none-eabi-gcc-4_7_3/bin/../lib/gcc/arm-none-eabi/4.7.3/armv7e-m/fpu\libgcc.a(_arm_fixdfsi.o)
                0x1fff0a3c                __aeabi_d2iz
                0x1fff0a3c                __fixdfsi
 .text          0x1fff0a8c       0x40 c:/freescale/cw mcu v10.6/cross_tools/arm-none-eabi-gcc-4_7_3/bin/../lib/gcc/arm-none-eabi/4.7.3/armv7e-m/fpu\libgcc.a(_arm_fixunsdfsi.o)
                0x1fff0a8c                __aeabi_d2uiz
                0x1fff0a8c                __fixunsdfsi
 .text          0x1fff0acc       0xa0 c:/freescale/cw mcu v10.6/cross_tools/arm-none-eabi-gcc-4_7_3/bin/../lib/gcc/arm-none-eabi/4.7.3/armv7e-m/fpu\libgcc.a(_arm_truncdfsf2.o)
                0x1fff0acc                __truncdfsf2
                0x1fff0acc                __aeabi_d2f
 .text          0x1fff0b6c       0x2c c:/freescale/cw mcu v10.6/cross_tools/arm-none-eabi-gcc-4_7_3/bin/../lib/gcc/arm-none-eabi/4.7.3/armv7e-m/fpu\libgcc.a(_aeabi_uldivmod.o)
                0x1fff0b6c                __aeabi_uldivmod
 .text          0x1fff0b98       0x58 c:/freescale/cw mcu v10.6/cross_tools/arm-none-eabi-gcc-4_7_3/bin/../lib/gcc/arm-none-eabi/4.7.3/armv7e-m/fpu\libgcc.a(bpabi.o)
                0x1fff0b98                __gnu_ldivmod_helper
                0x1fff0bc4                __gnu_uldivmod_helper
 .text          0x1fff0bf0        0x4 c:/freescale/cw mcu v10.6/cross_tools/arm-none-eabi-gcc-4_7_3/bin/../lib/gcc/arm-none-eabi/4.7.3/armv7e-m/fpu\libgcc.a(_dvmd_tls.o)
                0x1fff0bf0                __aeabi_idiv0
                0x1fff0bf0                __aeabi_ldiv0
 .text          0x1fff0bf4      0x2bc c:/freescale/cw mcu v10.6/cross_tools/arm-none-eabi-gcc-4_7_3/bin/../lib/gcc/arm-none-eabi/4.7.3/armv7e-m/fpu\libgcc.a(_divdi3.o)
                0x1fff0bf4                __divdi3
 .text          0x1fff0eb0      0x288 c:/freescale/cw mcu v10.6/cross_tools/arm-none-eabi-gcc-4_7_3/bin/../lib/gcc/arm-none-eabi/4.7.3/armv7e-m/fpu\libgcc.a(_udivdi3.o)
                0x1fff0eb0                __udivdi3
 *(.text*)
 .text.Default_Handler
                0x1fff1138        0xc ./Project_Settings/Startup_Code/kinetis_sysinit.o
                0x1fff1138                RTC_Alarm_IRQHandler
                0x1fff1138                CAN0_Rx_Warning_IRQHandler
                0x1fff1138                CAN0_Err_IRQHandler
                0x1fff1138                I2C0_IRQHandler
                0x1fff1138                HardFault_Handler
                0x1fff1138                PDB_IRQHandler
                0x1fff1138                SysTick_Handler
                0x1fff1138                UART0_Status_IRQHandler
                0x1fff1138                PendSV_Handler
                0x1fff1138                NMI_Handler
                0x1fff1138                I2C1_IRQHandler
                0x1fff1138                DMA2_IRQHandler
                0x1fff1138                Watchdog_IRQHandler
                0x1fff1138                Bus_Fault_Handler
                0x1fff1138                CMP2_IRQHandler
                0x1fff1138                SWI_IRQHandler
                0x1fff1138                ADC0_IRQHandler
                0x1fff1138                ENET_MAC_Transmit_IRQHandler
                0x1fff1138                I2S0_Tx_IRQHandler
                0x1fff1138                CMT_IRQHandler
                0x1fff1138                UART1_Status_IRQHandler
                0x1fff1138                SPI1_IRQHandler
                0x1fff1138                DMA9_IRQHandler
                0x1fff1138                DMA14_IRQHandler
                0x1fff1138                CMP1_IRQHandler
                0x1fff1138                PORTD_IRQHandler
                0x1fff1138                UART4_ERR_IRQHandler
                0x1fff1138                ADC1_IRQHandler
                0x1fff1138                I2C2_IRQHandler
                0x1fff1138                I2S0_Rx_IRQHandler
                0x1fff1138                LPTimer_IRQHandler
                0x1fff1138                DMA5_IRQHandler
                0x1fff1138                UART3_ERR_IRQHandler
                0x1fff1138                SDHC_IRQHandler
                0x1fff1138                RTC_Seconds_IRQHandler
                0x1fff1138                MCG_IRQHandler
                0x1fff1138                ENET_MAC_Timer_IRQHandler
                0x1fff1138                UART2_ERR_IRQHandler
                0x1fff1138                DMA11_IRQHandler
                0x1fff1138                Tamper_Drylce_IRQHandler
                0x1fff1138                USB_OTG_IRQHandler
                0x1fff1138                Read_Collision_IRQHandler
                0x1fff1138                Default_Handler
                0x1fff1138                UART4_Status_IRQHandler
                0x1fff1138                DMA7_IRQHandler
                0x1fff1138                LLW_IRQHandler
                0x1fff1138                SPI2_IRQHandler
                0x1fff1138                USB_Charger_Detect_IRQHandler
                0x1fff1138                SVC_Handler
                0x1fff1138                Usage_Fault_Handler
                0x1fff1138                DMA13_IRQHandler
                0x1fff1138                DMA3_IRQHandler
                0x1fff1138                UART0_LON_IRQHandler
                0x1fff1138                RNG_IRQHandler
                0x1fff1138                DMA0_IRQHandler
                0x1fff1138                DMA15_IRQHandler
                0x1fff1138                DAC0_IRQHandler
                0x1fff1138                ENET_MAC_Error_IRQHandler
                0x1fff1138                DMA4_IRQHandler
                0x1fff1138                UART0_ERR_IRQHandler
                0x1fff1138                DMA_Error_IRQHandler
                0x1fff1138                LVD_LVW_IRQHandler
                0x1fff1138                SPI0_IRQHandler
                0x1fff1138                CAN0_Tx_WarningIRQHandler
                0x1fff1138                FTM0_IRQHandler
                0x1fff1138                PORTA_IRQHandler
                0x1fff1138                DAC1_IRQHandler
                0x1fff1138                MCM_IRQHandler
                0x1fff1138                DMA12_IRQHandler
                0x1fff1138                Mem_Manage_Fault_Handler
                0x1fff1138                FTFL_IRQHandler
                0x1fff1138                CAN0_Bus_Off_IRQHandler
                0x1fff1138                FTM3_IRQHandler
                0x1fff1138                PORTE_IRQHandler
                0x1fff1138                CAN0_Message_buffer_IRQHandler
                0x1fff1138                FTM2_IRQHandler
                0x1fff1138                DMA8_IRQHandler
                0x1fff1138                DMA10_IRQHandler
                0x1fff1138                CAN0_Wake_Up_IRQHandler
                0x1fff1138                DebugMonitor_Handler
                0x1fff1138                UART1_ERR_IRQHandler
                0x1fff1138                CMP0_IRQHandler
                0x1fff1138                ENET_MAC_Receive_IRQHandler
                0x1fff1138                PORTC_IRQHandler
                0x1fff1138                DMA6_IRQHandler
                0x1fff1138                UART2_Status_IRQHandler
                0x1fff1138                DMA1_IRQHandler
 .text.__init_hardware
                0x1fff1144       0x44 ./Project_Settings/Startup_Code/kinetis_sysinit.o
                0x1fff1144                __init_hardware
 .text.zero_fill_bss
                0x1fff1188       0x2c ./Project_Settings/Startup_Code/__arm_start.o
 .text.__thumb_startup
                0x1fff11b4       0x34 ./Project_Settings/Startup_Code/__arm_start.o
                0x1fff11b4                __thumb_startup
 .text._ExitProcess
                0x1fff11e8        0xc ./Project_Settings/Startup_Code/__arm_end.o
                0x1fff11e8                _ExitProcess
 *fill*         0x1fff11f4        0x4 00
 .text.main     0x1fff11f8      0x398 ./Sources/Applications/main.o
                0x1fff11f8                main
 .text.stbpSendFrameJava1
                0x1fff1590      0x258 ./Sources/Applications/main.o
                0x1fff1590                stbpSendFrameJava1
 .text.stbpSendFrameJava2
                0x1fff17e8      0x258 ./Sources/Applications/main.o
                0x1fff17e8                stbpSendFrameJava2
 .text.SendDataJava
                0x1fff1a40      0x660 ./Sources/Applications/main.o
                0x1fff1a40                SendDataJava
 .text.ReadDataJava
                0x1fff20a0       0x9c ./Sources/Applications/main.o
                0x1fff20a0                ReadDataJava
 .text.InitDataJava
                0x1fff213c       0x34 ./Sources/Applications/main.o
                0x1fff213c                InitDataJava
 .text.iUart_Config
                0x1fff2170      0x32c ./Sources/Interfaces/iUart.o
                0x1fff2170                iUart_Config
 .text.iUart_GetStatus
                0x1fff249c       0x34 ./Sources/Interfaces/iUart.o
                0x1fff249c                iUart_GetStatus
 .text.iUart_SetData
                0x1fff24d0       0x20 ./Sources/Interfaces/iUart.o
                0x1fff24d0                iUart_SetData
 .text.iUart_IsBufferEmpty
                0x1fff24f0       0x38 ./Sources/Interfaces/iUart.o
                0x1fff24f0                iUart_IsBufferEmpty
 .text.iUart_GetCharFromBuffer
                0x1fff2528       0x90 ./Sources/Interfaces/iUart.o
                0x1fff2528                iUart_GetCharFromBuffer
 .text.iUart_GetReadWifiFrame
                0x1fff25b8       0xd0 ./Sources/Interfaces/iUart.o
                0x1fff25b8                iUart_GetReadWifiFrame
 .text.UART3_Status_IRQHandler
                0x1fff2688      0x4b0 ./Sources/Interfaces/iUart.o
                0x1fff2688                UART3_Status_IRQHandler
 .text.iUart_Uart4SetData
                0x1fff2b38       0x20 ./Sources/Interfaces/iUart.o
                0x1fff2b38                iUart_Uart4SetData
 .text.iUart_Uart4GetStatus
                0x1fff2b58       0x34 ./Sources/Interfaces/iUart.o
                0x1fff2b58                iUart_Uart4GetStatus
 .text.iSpi_ConfigClockAndPins
                0x1fff2b8c      0x1f8 ./Sources/Interfaces/iSpi.o
                0x1fff2b8c                iSpi_ConfigClockAndPins
 .text.iSpi_ConfigSPIModule
                0x1fff2d84       0xc8 ./Sources/Interfaces/iSpi.o
                0x1fff2d84                iSpi_ConfigSPIModule
 .text.iSpi_ChangeInactiveCSState
                0x1fff2e4c       0xe0 ./Sources/Interfaces/iSpi.o
                0x1fff2e4c                iSpi_ChangeInactiveCSState
 .text.iSpi_ConfigClockAndTransfert
                0x1fff2f2c      0x1a4 ./Sources/Interfaces/iSpi.o
                0x1fff2f2c                iSpi_ConfigClockAndTransfert
 .text.iSpi_ConfigInterrupAndDMA
                0x1fff30d0       0x70 ./Sources/Interfaces/iSpi.o
                0x1fff30d0                iSpi_ConfigInterrupAndDMA
 .text.iSpi_StartTX
                0x1fff3140       0x70 ./Sources/Interfaces/iSpi.o
                0x1fff3140                iSpi_StartTX
 .text.iSpi_GetStatus
                0x1fff31b0       0x84 ./Sources/Interfaces/iSpi.o
                0x1fff31b0                iSpi_GetStatus
 .text.iSpi_ResetStatus
                0x1fff3234       0x74 ./Sources/Interfaces/iSpi.o
                0x1fff3234                iSpi_ResetStatus
 .text.iSpi_PushDataIntoFifo
                0x1fff32a8       0x88 ./Sources/Interfaces/iSpi.o
                0x1fff32a8                iSpi_PushDataIntoFifo
 .text.iSpi_ReadData
                0x1fff3330       0x50 ./Sources/Interfaces/iSpi.o
                0x1fff3330                iSpi_ReadData
 .text.iPit_Config
                0x1fff3380      0x2b8 ./Sources/Interfaces/iPit.o
                0x1fff3380                iPit_Config
 .text.iPit_StartPit
                0x1fff3638       0xa4 ./Sources/Interfaces/iPit.o
                0x1fff3638                iPit_StartPit
 .text.iPit_InitDelay
                0x1fff36dc       0xc8 ./Sources/Interfaces/iPit.o
                0x1fff36dc                iPit_InitDelay
 .text.iPit_GetDelay
                0x1fff37a4      0x160 ./Sources/Interfaces/iPit.o
                0x1fff37a4                iPit_GetDelay
 .text.iPit_IsDelayDone
                0x1fff3904       0x4c ./Sources/Interfaces/iPit.o
                0x1fff3904                iPit_IsDelayDone
 .text.iPit_DelayRelease
                0x1fff3950       0xb0 ./Sources/Interfaces/iPit.o
                0x1fff3950                iPit_DelayRelease
 .text.iPit_ReStart
                0x1fff3a00       0xb4 ./Sources/Interfaces/iPit.o
                0x1fff3a00                iPit_ReStart
 .text.PIT0_IRQHandler
                0x1fff3ab4      0x134 ./Sources/Interfaces/iPit.o
                0x1fff3ab4                PIT0_IRQHandler
 .text.PIT1_IRQHandler
                0x1fff3be8      0x144 ./Sources/Interfaces/iPit.o
                0x1fff3be8                PIT1_IRQHandler
 .text.PIT2_IRQHandler
                0x1fff3d2c      0x144 ./Sources/Interfaces/iPit.o
                0x1fff3d2c                PIT2_IRQHandler
 .text.PIT3_IRQHandler
                0x1fff3e70      0x144 ./Sources/Interfaces/iPit.o
                0x1fff3e70                PIT3_IRQHandler
 .text.iI2C_Config
                0x1fff3fb4       0x9c ./Sources/Interfaces/iI2C.o
                0x1fff3fb4                iI2C_Config
 .text.iI2C_Enable
                0x1fff4050       0x28 ./Sources/Interfaces/iI2C.o
                0x1fff4050                iI2C_Enable
 .text.iI2C_SetStartState
                0x1fff4078       0x28 ./Sources/Interfaces/iI2C.o
                0x1fff4078                iI2C_SetStartState
 .text.iI2C_SetRepeatedStartSate
                0x1fff40a0       0x28 ./Sources/Interfaces/iI2C.o
                0x1fff40a0                iI2C_SetRepeatedStartSate
 .text.iI2C_SetStopState
                0x1fff40c8       0x28 ./Sources/Interfaces/iI2C.o
                0x1fff40c8                iI2C_SetStopState
 .text.iI2C_SetAckMode
                0x1fff40f0       0x5c ./Sources/Interfaces/iI2C.o
                0x1fff40f0                iI2C_SetAckMode
 .text.iI2C_TxRxSelect
                0x1fff414c       0x5c ./Sources/Interfaces/iI2C.o
                0x1fff414c                iI2C_TxRxSelect
 .text.iI2C_SendData
                0x1fff41a8       0x20 ./Sources/Interfaces/iI2C.o
                0x1fff41a8                iI2C_SendData
 .text.iI2C_WaitEndOfRxOrTx
                0x1fff41c8       0x3c ./Sources/Interfaces/iI2C.o
                0x1fff41c8                iI2C_WaitEndOfRxOrTx
 .text.iI2C_ReadData
                0x1fff4204       0x28 ./Sources/Interfaces/iI2C.o
                0x1fff4204                iI2C_ReadData
 .text.iI2C_ReadStatus
                0x1fff422c       0x34 ./Sources/Interfaces/iI2C.o
                0x1fff422c                iI2C_ReadStatus
 .text.iFlextimer_Config
                0x1fff4260      0x3d0 ./Sources/Interfaces/iFlextimer.o
                0x1fff4260                iFlextimer_Config
 .text.iFlextimer_GetSpeed
                0x1fff4630       0x30 ./Sources/Interfaces/iFlextimer.o
                0x1fff4630                iFlextimer_GetSpeed
 .text.FTM1_IRQHandler
                0x1fff4660      0x330 ./Sources/Interfaces/iFlextimer.o
                0x1fff4660                FTM1_IRQHandler
 .text.iFlextimer_SetServoDuty
                0x1fff4990      0x118 ./Sources/Interfaces/iFlextimer.o
                0x1fff4990                iFlextimer_SetServoDuty
 .text.iFlextimer_SetMotorDuty
                0x1fff4aa8      0x174 ./Sources/Interfaces/iFlextimer.o
                0x1fff4aa8                iFlextimer_SetMotorDuty
 .text.iDio_SetPortDirection
                0x1fff4c1c       0xa0 ./Sources/Interfaces/iDio.o
                0x1fff4c1c                iDio_SetPortDirection
 .text.iDio_SetPort
                0x1fff4cbc       0xd0 ./Sources/Interfaces/iDio.o
                0x1fff4cbc                iDio_SetPort
 .text.iDio_GetPort
                0x1fff4d8c       0x94 ./Sources/Interfaces/iDio.o
                0x1fff4d8c                iDio_GetPort
 .text.iDac_Config
                0x1fff4e20      0x110 ./Sources/Interfaces/iDac.o
                0x1fff4e20                iDac_Config
 .text.iDac_SetResetVal
                0x1fff4f30      0x104 ./Sources/Interfaces/iDac.o
 *fill*         0x1fff5034        0x4 00
 .text.iDac_SETDACBUFFER
                0x1fff5038       0xe0 ./Sources/Interfaces/iDac.o
                0x1fff5038                iDac_SETDACBUFFER
 .text.iCpu_PllInit
                0x1fff5118      0x14c ./Sources/Interfaces/iCpu.o
 .text.iCpu_PinFctCfg
                0x1fff5264      0x1f4 ./Sources/Interfaces/iCpu.o
 .text.iCpu_PeriphClkInit
                0x1fff5458      0x120 ./Sources/Interfaces/iCpu.o
 .text.iCpu_VREFInit
                0x1fff5578       0x5c ./Sources/Interfaces/iCpu.o
 .text.iCpu_SysInit
                0x1fff55d4       0x30 ./Sources/Interfaces/iCpu.o
                0x1fff55d4                iCpu_SysInit
 .text.iAd_Config
                0x1fff5604       0x7c ./Sources/Interfaces/iAd.o
                0x1fff5604                iAd_Config
 .text.iAd_GetResult
                0x1fff5680       0x20 ./Sources/Interfaces/iAd.o
                0x1fff5680                iAd_GetResult
 .text.iAd_SelectChannel
                0x1fff56a0       0x48 ./Sources/Interfaces/iAd.o
                0x1fff56a0                iAd_SelectChannel
 .text.iAd_GetCompleteConvStatus
                0x1fff56e8       0x30 ./Sources/Interfaces/iAd.o
                0x1fff56e8                iAd_GetCompleteConvStatus
 .text.iAd_Cal  0x1fff5718      0x228 ./Sources/Interfaces/iAd.o
                0x1fff5718                iAd_Cal
 .text.mWifi_Setup
                0x1fff5940        0xc ./Sources/Modules/mWifi.o
                0x1fff5940                mWifi_Setup
 .text.mWifi_Open
                0x1fff594c      0x16c ./Sources/Modules/mWifi.o
                0x1fff594c                mWifi_Open
 .text.mWifi_WriteString
                0x1fff5ab8       0x3c ./Sources/Modules/mWifi.o
                0x1fff5ab8                mWifi_WriteString
 .text.mWifi_WriteChar
                0x1fff5af4       0x2c ./Sources/Modules/mWifi.o
                0x1fff5af4                mWifi_WriteChar
 .text.mWifi_SciReadDataFromBuffer
                0x1fff5b20       0x34 ./Sources/Modules/mWifi.o
                0x1fff5b20                mWifi_SciReadDataFromBuffer
 .text.mWifi_SendCmd
                0x1fff5b54       0xc8 ./Sources/Modules/mWifi.o
                0x1fff5b54                mWifi_SendCmd
 .text.mRS232_GetReadWifiFrame
                0x1fff5c1c       0x30 ./Sources/Modules/mWifi.o
                0x1fff5c1c                mRS232_GetReadWifiFrame
 .text.mTimer_Setup
                0x1fff5c4c       0x1c ./Sources/Modules/mTimer.o
                0x1fff5c4c                mTimer_Setup
 .text.mTimer_Open
                0x1fff5c68       0x44 ./Sources/Modules/mTimer.o
                0x1fff5c68                mTimer_Open
 .text.mTimer_GetSpeed
                0x1fff5cac       0x1c ./Sources/Modules/mTimer.o
                0x1fff5cac                mTimer_GetSpeed
 .text.mTimer_SetServoDuty
                0x1fff5cc8       0x24 ./Sources/Modules/mTimer.o
                0x1fff5cc8                mTimer_SetServoDuty
 .text.mTimer_SetMotorDuty
                0x1fff5cec       0x24 ./Sources/Modules/mTimer.o
                0x1fff5cec                mTimer_SetMotorDuty
 .text.mSwitch_Setup
                0x1fff5d10       0x1c ./Sources/Modules/mSwitch.o
                0x1fff5d10                mSwitch_Setup
 .text.mSwitch_Open
                0x1fff5d2c        0xc ./Sources/Modules/mSwitch.o
                0x1fff5d2c                mSwitch_Open
 .text.mSwitch_ReadSwitch
                0x1fff5d38       0x78 ./Sources/Modules/mSwitch.o
                0x1fff5d38                mSwitch_ReadSwitch
 .text.mSwitch_ReadPushBut
                0x1fff5db0       0x48 ./Sources/Modules/mSwitch.o
                0x1fff5db0                mSwitch_ReadPushBut
 .text.mSpi_Setup
                0x1fff5df8       0x90 ./Sources/Modules/mSpi.o
                0x1fff5df8                mSpi_Setup
 .text.mSpi_Open
                0x1fff5e88       0x30 ./Sources/Modules/mSpi.o
                0x1fff5e88                mSpi_Open
 .text.mSpi_SP0ReadWrite
                0x1fff5eb8       0xd0 ./Sources/Modules/mSpi.o
                0x1fff5eb8                mSpi_SP0ReadWrite
 .text.mSpi_MLX75306_RXTX
                0x1fff5f88       0xb4 ./Sources/Modules/mSpi.o
                0x1fff5f88                mSpi_MLX75306_RXTX
 .text.mSpi_MLX75306_ReadPictureTest
                0x1fff603c       0xac ./Sources/Modules/mSpi.o
                0x1fff603c                mSpi_MLX75306_ReadPictureTest
 .text.mSpi_MLX75306_Reset
                0x1fff60e8       0x10 ./Sources/Modules/mSpi.o
                0x1fff60e8                mSpi_MLX75306_Reset
 .text.mRs232_Setup
                0x1fff60f8        0xc ./Sources/Modules/mRS232.o
                0x1fff60f8                mRs232_Setup
 .text.mRs232_Open
                0x1fff6104        0xc ./Sources/Modules/mRS232.o
                0x1fff6104                mRs232_Open
 .text.mRs232_Uart4WriteString
                0x1fff6110       0x3c ./Sources/Modules/mRS232.o
                0x1fff6110                mRs232_Uart4WriteString
 .text.mLeds_Setup
                0x1fff614c       0x18 ./Sources/Modules/mLeds.o
                0x1fff614c                mLeds_Setup
 .text.mLeds_Open
                0x1fff6164        0xc ./Sources/Modules/mLeds.o
                0x1fff6164                mLeds_Open
 .text.mLeds_Toggle
                0x1fff6170       0xc8 ./Sources/Modules/mLeds.o
                0x1fff6170                mLeds_Toggle
 .text.mDelay_Setup
                0x1fff6238       0x1c ./Sources/Modules/mDelay.o
                0x1fff6238                mDelay_Setup
 .text.mDelay_Open
                0x1fff6254       0x10 ./Sources/Modules/mDelay.o
                0x1fff6254                mDelay_Open
 .text.mDelay_GetDelay
                0x1fff6264       0x28 ./Sources/Modules/mDelay.o
                0x1fff6264                mDelay_GetDelay
 .text.mDelay_ReStart
                0x1fff628c       0x2c ./Sources/Modules/mDelay.o
                0x1fff628c                mDelay_ReStart
 .text.mDelay_IsDelayDone
                0x1fff62b8       0x28 ./Sources/Modules/mDelay.o
                0x1fff62b8                mDelay_IsDelayDone
 .text.mDac_Setup
                0x1fff62e0       0x14 ./Sources/Modules/mDac.o
                0x1fff62e0                mDac_Setup
 .text.mDac_Open
                0x1fff62f4        0xc ./Sources/Modules/mDac.o
                0x1fff62f4                mDac_Open
 .text.mDac_SetDac0Output
                0x1fff6300       0x24 ./Sources/Modules/mDac.o
                0x1fff6300                mDac_SetDac0Output
 .text.mCpu_Setup
                0x1fff6324        0xc ./Sources/Modules/mCpu.o
                0x1fff6324                mCpu_Setup
 .text.mAd_Setup
                0x1fff6330       0x14 ./Sources/Modules/mAd.o
                0x1fff6330                mAd_Setup
 .text.mAd_Open
                0x1fff6344        0xc ./Sources/Modules/mAd.o
                0x1fff6344                mAd_Open
 .text.mAd_Read
                0x1fff6350       0xac ./Sources/Modules/mAd.o
                0x1fff6350                mAd_Read
 .text.mAd_ReadCamera
                0x1fff63fc       0x68 ./Sources/Modules/mAd.o
                0x1fff63fc                mAd_ReadCamera
 .text.mAccelMagneto_Setup
                0x1fff6464        0xc ./Sources/Modules/mAccelMagneto.o
                0x1fff6464                mAccelMagneto_Setup
 .text.mAccelMagneto_Open
                0x1fff6470        0xc ./Sources/Modules/mAccelMagneto.o
                0x1fff6470                mAccelMagneto_Open
 .text.mAccelMagneto_GetData
                0x1fff647c      0x174 ./Sources/Modules/mAccelMagneto.o
                0x1fff647c                mAccelMagneto_GetData
 .text.PORTB_IRQHandler
                0x1fff65f0       0x68 ./Sources/Modules/mAccelMagneto.o
                0x1fff65f0                PORTB_IRQHandler
 .text.Stbp_InitSw
                0x1fff6658       0xec ./Sources/Utils/stbp.o
                0x1fff6658                Stbp_InitSw
 .text.Stbp_ReceiveByte
                0x1fff6744      0x340 ./Sources/Utils/stbp.o
                0x1fff6744                Stbp_ReceiveByte
 .text.Stbp_IsDataToTransmit
                0x1fff6a84       0x58 ./Sources/Utils/stbp.o
                0x1fff6a84                Stbp_IsDataToTransmit
 .text.Stbp_GetNextByteToSend
                0x1fff6adc      0x204 ./Sources/Utils/stbp.o
                0x1fff6adc                Stbp_GetNextByteToSend
 .text.Stbp_NewMsg
                0x1fff6ce0       0x80 ./Sources/Utils/stbp.o
                0x1fff6ce0                Stbp_NewMsg
 .text.Stbp_PutUint16
                0x1fff6d60       0x94 ./Sources/Utils/stbp.o
                0x1fff6d60                Stbp_PutUint16
 .text.Stbp_PutString
                0x1fff6df4       0x94 ./Sources/Utils/stbp.o
                0x1fff6df4                Stbp_PutString
 .text.Stbp_EncodeMessage
                0x1fff6e88       0x4c ./Sources/Utils/stbp.o
                0x1fff6e88                Stbp_EncodeMessage
 .text.Stbp_DecodeMessage
                0x1fff6ed4       0x6c ./Sources/Utils/stbp.o
                0x1fff6ed4                Stbp_DecodeMessage
 .text.enable_irq
                0x1fff6f40      0x228 ./Sources/Utils/def.o
                0x1fff6f40                enable_irq
 .text.disable_irq
                0x1fff7168      0x108 ./Sources/Utils/def.o
                0x1fff7168                disable_irq
 .text.sprintf  0x1fff7270       0x1c C:/Freescale/CW MCU v10.6/MCU/ARM_GCC_Support/ewl/lib/armv7e-m/fpu\libc99.a(sprintf.o)
                0x1fff7270                sprintf
 .text.__StringWrite
                0x1fff728c       0x2a C:/Freescale/CW MCU v10.6/MCU/ARM_GCC_Support/ewl/lib/armv7e-m/fpu\libc99.a(vsnprintf.o)
                0x1fff728c                __StringWrite
 *fill*         0x1fff72b6        0x2 00
 .text.vsnprintf
                0x1fff72b8       0x34 C:/Freescale/CW MCU v10.6/MCU/ARM_GCC_Support/ewl/lib/armv7e-m/fpu\libc99.a(vsnprintf.o)
                0x1fff72b8                vsnprintf
 .text.exit     0x1fff72ec       0x38 C:/Freescale/CW MCU v10.6/MCU/ARM_GCC_Support/ewl/lib/armv7e-m/fpu\libc99.a(exit.o)
                0x1fff72ec                exit
 .text.memcpy   0x1fff7324       0x12 C:/Freescale/CW MCU v10.6/MCU/ARM_GCC_Support/ewl/lib/armv7e-m/fpu\libc99.a(memcpy.o)
                0x1fff7324                memcpy
 .text.memset   0x1fff7336        0xc C:/Freescale/CW MCU v10.6/MCU/ARM_GCC_Support/ewl/lib/armv7e-m/fpu\libc99.a(memset.o)
                0x1fff7336                memset
 .text.long2str.isra.0
                0x1fff7342      0x196 C:/Freescale/CW MCU v10.6/MCU/ARM_GCC_Support/ewl/lib/armv7e-m/fpu\libc99.a(__printformat.o)
 .text.longlong2str.isra.1
                0x1fff74d8      0x1ee C:/Freescale/CW MCU v10.6/MCU/ARM_GCC_Support/ewl/lib/armv7e-m/fpu\libc99.a(__printformat.o)
 *fill*         0x1fff76c6        0x2 00
 .text.double2hex.isra.2
                0x1fff76c8      0x238 C:/Freescale/CW MCU v10.6/MCU/ARM_GCC_Support/ewl/lib/armv7e-m/fpu\libc99.a(__printformat.o)
 .text.__pformatter
                0x1fff7900      0xa04 C:/Freescale/CW MCU v10.6/MCU/ARM_GCC_Support/ewl/lib/armv7e-m/fpu\libc99.a(__printformat.o)
                0x1fff7900                __pformatter
 .text.isupper  0x1fff8304       0x1c C:/Freescale/CW MCU v10.6/MCU/ARM_GCC_Support/ewl/lib/armv7e-m/fpu\libc99.a(ctype_aeabi.o)
                0x1fff8304                isupper
 .text.__ewl_runtime_constraint_violation_s
                0x1fff8320       0x10 C:/Freescale/CW MCU v10.6/MCU/ARM_GCC_Support/ewl/lib/armv7e-m/fpu\libc99.a(secure_error.o)
                0x1fff8320                __ewl_runtime_constraint_violation_s
 .text.wcstombs
                0x1fff8330       0x40 C:/Freescale/CW MCU v10.6/MCU/ARM_GCC_Support/ewl/lib/armv7e-m/fpu\libc99.a(__wctomb.o)
                0x1fff8330                wcstombs
 .text.__fill_mem
                0x1fff8370       0x76 C:/Freescale/CW MCU v10.6/MCU/ARM_GCC_Support/ewl/lib/armv7e-m/fpu\libc99.a(__filll_mem.o)
                0x1fff8370                __fill_mem
 .text.memchr   0x1fff83e6       0x18 C:/Freescale/CW MCU v10.6/MCU/ARM_GCC_Support/ewl/lib/armv7e-m/fpu\libc99.a(memchr.o)
                0x1fff83e6                memchr
 .text.strchr   0x1fff83fe       0x1a C:/Freescale/CW MCU v10.6/MCU/ARM_GCC_Support/ewl/lib/armv7e-m/fpu\libc99.a(strchr.o)
                0x1fff83fe                strchr
 .text.strcpy   0x1fff8418        0xe C:/Freescale/CW MCU v10.6/MCU/ARM_GCC_Support/ewl/lib/armv7e-m/fpu\libc99.a(strcpy.o)
                0x1fff8418                strcpy
 .text.strlen   0x1fff8426       0x10 C:/Freescale/CW MCU v10.6/MCU/ARM_GCC_Support/ewl/lib/armv7e-m/fpu\libc99.a(strlen.o)
                0x1fff8426                strlen
 .text.strncpy  0x1fff8436       0x30 C:/Freescale/CW MCU v10.6/MCU/ARM_GCC_Support/ewl/lib/armv7e-m/fpu\libc99.a(strncpy.o)
                0x1fff8436                strncpy
 *fill*         0x1fff8466        0x2 00
 .text.__num2dec
                0x1fff8468      0x248 C:/Freescale/CW MCU v10.6/MCU/ARM_GCC_Support/ewl/lib/armv7e-m/fpu\libm.a(ansi_fp.o)
                0x1fff8468                __num2dec
 .text.__round_decimal
                0x1fff86b0       0x98 C:/Freescale/CW MCU v10.6/MCU/ARM_GCC_Support/ewl/lib/armv7e-m/fpu\libm.a(ansi_fp.o)
                0x1fff86b0                __round_decimal
 .text.__signbitd
                0x1fff8748        0x8 C:/Freescale/CW MCU v10.6/MCU/ARM_GCC_Support/ewl/lib/armv7e-m/fpu\libm.a(math_api.o)
                0x1fff8748                __signbitd
 .text.__fpclassifyd
                0x1fff8750       0x40 C:/Freescale/CW MCU v10.6/MCU/ARM_GCC_Support/ewl/lib/armv7e-m/fpu\libm.a(math_api.o)
                0x1fff8750                __fpclassifyd
 .text.frexp    0x1fff8790       0x6c C:/Freescale/CW MCU v10.6/MCU/ARM_GCC_Support/ewl/lib/armv7e-m/fpu\libm.a(s_frexp.o)
                0x1fff8790                frexp
 .text.__init_cpp
                0x1fff87fc       0x4c C:/Freescale/CW MCU v10.6/MCU/ARM_GCC_Support/ewl/lib/armv7e-m/fpu\librt.a(gcc_ctor_dtor.o)
                0x1fff87fc                __init_cpp
 .text.__fini_cpp
                0x1fff8848       0x34 C:/Freescale/CW MCU v10.6/MCU/ARM_GCC_Support/ewl/lib/armv7e-m/fpu\librt.a(gcc_ctor_dtor.o)
                0x1fff8848                __fini_cpp
 .text.__copy_rom_section
                0x1fff887c       0x44 C:/Freescale/CW MCU v10.6/MCU/ARM_GCC_Support/ewl/lib/armv7e-m/fpu\librt.a(ROMCopy.o)
                0x1fff887c                __copy_rom_section
 .text.__copy_rom_sections_to_ram
                0x1fff88c0       0x30 C:/Freescale/CW MCU v10.6/MCU/ARM_GCC_Support/ewl/lib/armv7e-m/fpu\librt.a(ROMCopy.o)
                0x1fff88c0                __copy_rom_sections_to_ram
 .text.__destroy_global_chain
                0x1fff88f0       0x18 C:/Freescale/CW MCU v10.6/MCU/ARM_GCC_Support/ewl/lib/armv7e-m/fpu\librt.a(__arm_eabi_init.o)
                0x1fff88f0                __destroy_global_chain
 .text.__init_registers
                0x1fff8908       0x24 C:/Freescale/CW MCU v10.6/MCU/ARM_GCC_Support/ewl/lib/armv7e-m/fpu\librt.a(__arm_eabi_init.o)
                0x1fff8908                __init_registers
 .text.__fp_init
                0x1fff892c       0x1c C:/Freescale/CW MCU v10.6/MCU/ARM_GCC_Support/ewl/lib/armv7e-m/fpu\librt.a(__arm_eabi_init.o)
                0x1fff892c                __fp_init
 .text.__init_user
                0x1fff8948        0x4 C:/Freescale/CW MCU v10.6/MCU/ARM_GCC_Support/ewl/lib/armv7e-m/fpu\librt.a(__arm_eabi_init.o)
                0x1fff8948                __init_user
 *(.rodata)
 .rodata        0x1fff894c       0x28 ./Sources/Applications/main.o
 *(.rodata*)
 .rodata.str1.1
                0x1fff8974       0x14 C:/Freescale/CW MCU v10.6/MCU/ARM_GCC_Support/ewl/lib/armv7e-m/fpu\libc99.a(__printformat.o)
                                 0x25 (size before relaxing)
 .rodata.str4.4
                0x1fff8988        0x4 C:/Freescale/CW MCU v10.6/MCU/ARM_GCC_Support/ewl/lib/armv7e-m/fpu\libc99.a(__printformat.o)
 .rodata.__aeabi_ctype_table_C
                0x1fff898c      0x101 C:/Freescale/CW MCU v10.6/MCU/ARM_GCC_Support/ewl/lib/armv7e-m/fpu\libc99.a(ctype_aeabi.o)
                0x1fff898c                __aeabi_ctype_table_C
 *fill*         0x1fff8a8d        0x3 00
 .rodata.digit_values
                0x1fff8a90       0x40 C:/Freescale/CW MCU v10.6/MCU/ARM_GCC_Support/ewl/lib/armv7e-m/fpu\libm.a(ansi_fp.o)
 .rodata.bit_values
                0x1fff8ad0       0x48 C:/Freescale/CW MCU v10.6/MCU/ARM_GCC_Support/ewl/lib/armv7e-m/fpu\libm.a(ansi_fp.o)
 *(.glue_7)
 .glue_7        0x00000000        0x0 linker stubs
 *(.glue_7t)
 .glue_7t       0x00000000        0x0 linker stubs
 *(.eh_frame)
 *(.init)
 *(.fini)
                0x1fff8b18                . = ALIGN (0x4)
                0x1fff8b18                _etext = .

.vfp11_veneer   0x1fff8b18        0x0
 .vfp11_veneer  0x00000000        0x0 linker stubs

.v4_bx          0x1fff8b18        0x0
 .v4_bx         0x00000000        0x0 linker stubs

.iplt           0x1fff8b18        0x0
 .iplt          0x00000000        0x0 ./Project_Settings/Startup_Code/kinetis_sysinit.o

.ARM.extab
 *(.ARM.extab* .gnu.linkonce.armextab.*)

.ARM            0x1fff8b18        0x8
                0x1fff8b18                __exidx_start = .
 *(.ARM.exidx*)
 .ARM.exidx     0x1fff8b18        0x8 c:/freescale/cw mcu v10.6/cross_tools/arm-none-eabi-gcc-4_7_3/bin/../lib/gcc/arm-none-eabi/4.7.3/armv7e-m/fpu\libgcc.a(_divdi3.o)
 .ARM.exidx     0x1fff8b20        0x0 c:/freescale/cw mcu v10.6/cross_tools/arm-none-eabi-gcc-4_7_3/bin/../lib/gcc/arm-none-eabi/4.7.3/armv7e-m/fpu\libgcc.a(_udivdi3.o)
                                  0x8 (size before relaxing)
                0x1fff8b20                __exidx_end = .

.rel.dyn        0x1fff8b20        0x0
 .rel.iplt      0x00000000        0x0 ./Project_Settings/Startup_Code/kinetis_sysinit.o

.ctors          0x1fff8b20        0x0
                0x1fff8b20                __CTOR_LIST__ = .
 *crtbegin.o(.ctors)
 *(EXCLUDE_FILE(*crtend.o) .ctors)
 *(SORT(.ctors.*))
 *(.ctors)
                0x1fff8b20                __CTOR_END__ = .

.dtors          0x1fff8b20        0x0
                0x1fff8b20                __DTOR_LIST__ = .
 *crtbegin.o(.dtors)
 *(EXCLUDE_FILE(*crtend.o) .dtors)
 *(SORT(.dtors.*))
 *(.dtors)
                0x1fff8b20                __DTOR_END__ = .

.preinit_array  0x1fff8b20        0x0
                0x1fff8b20                PROVIDE (__preinit_array_start, .)
 *(.preinit_array*)
                0x1fff8b20                PROVIDE (__preinit_array_end, .)

.init_array     0x1fff8b20        0x0
                0x1fff8b20                PROVIDE (__init_array_start, .)
 *(SORT(.init_array.*))
 *(.init_array*)
                0x1fff8b20                PROVIDE (__init_array_end, .)

.fini_array     0x1fff8b20        0x0
                0x1fff8b20                PROVIDE (__fini_array_start, .)
 *(SORT(.fini_array.*))
 *(.fini_array*)
                0x1fff8b20                PROVIDE (__fini_array_end, .)

.data           0x20000000       0x74
                0x20000000                . = ALIGN (0x4)
                0x20000000                _sdata = .
 *(.data)
 *(.data*)
 .data.sMyCommPtr
                0x20000000        0x4 ./Sources/Applications/main.o
 .data.sTxMsgBufferPtr
                0x20000004        0x4 ./Sources/Applications/main.o
                0x20000004                sTxMsgBufferPtr
 .data.sFrameRxWifiPtr
                0x20000008        0x4 ./Sources/Applications/main.o
 .data.sSinusTab
                0x2000000c       0x64 ./Sources/Applications/main.o
 .data.sIntTime.6214
                0x20000070        0x2 ./Sources/Applications/main.o
                0x20000074                . = ALIGN (0x4)
 *fill*         0x20000072        0x2 00
                0x20000074                _edata = .

.igot.plt       0x20000074        0x0
 .igot.plt      0x00000000        0x0 ./Project_Settings/Startup_Code/kinetis_sysinit.o
                0x20000074                . = ALIGN (0x4)

.bss            0x20000074     0x25a0
                0x20000074                __START_BSS = .
                0x20000074                PROVIDE (__bss_start__, __START_BSS)
 *(.bss)
 *(.bss*)
 .bss.argv      0x20000074        0x4 ./Project_Settings/Startup_Code/__arm_start.o
 .bss.sImageTabTest
                0x20000078      0x190 ./Sources/Applications/main.o
 .bss.sMyComm   0x20000208       0x40 ./Sources/Applications/main.o
 .bss.sMyCommRxBuffer
                0x20000248      0x1f4 ./Sources/Applications/main.o
 .bss.sMyCommTxBuffer
                0x2000043c      0x1f4 ./Sources/Applications/main.o
 .bss.sNumberOfTransferredBytes
                0x20000630        0x2 ./Sources/Applications/main.o
 *fill*         0x20000632        0x2 00
 .bss.sTxMsgBuffer
                0x20000634      0x3e8 ./Sources/Applications/main.o
                0x20000634                sTxMsgBuffer
 .bss.sFrameRxWifi
                0x20000a1c        0xc ./Sources/Applications/main.o
 .bss.sDlyJava  0x20000a28        0x2 ./Sources/Applications/main.o
 *fill*         0x20000a2a        0x2 00
 .bss.sFrameTxJava1
                0x20000a2c       0x40 ./Sources/Applications/main.o
 .bss.sFrameTxJava2
                0x20000a6c       0xd0 ./Sources/Applications/main.o
 .bss.sLedOn1.6305
                0x20000b3c        0x4 ./Sources/Applications/main.o
 .bss.sSinIndex.6306
                0x20000b40        0x1 ./Sources/Applications/main.o
 *fill*         0x20000b41        0x1 00
 .bss.aStatus.6209
                0x20000b42        0x2 ./Sources/Applications/main.o
 .bss.sDly.6207
                0x20000b44        0x2 ./Sources/Applications/main.o
 *fill*         0x20000b46        0x2 00
 .bss.sSciRecBufStruct
                0x20000b48       0xd4 ./Sources/Interfaces/iUart.o
 .bss.sReadWifiState
                0x20000c1c        0x1 ./Sources/Interfaces/iUart.o
 *fill*         0x20000c1d        0x3 00
 .bss.sReadFrame
                0x20000c20     0x17e8 ./Sources/Interfaces/iUart.o
 .bss.sReadFrameInIndex
                0x20002408        0x2 ./Sources/Interfaces/iUart.o
                0x20002408                sReadFrameInIndex
 .bss.sReadFrameOutIndex
                0x2000240a        0x2 ./Sources/Interfaces/iUart.o
                0x2000240a                sReadFrameOutIndex
 .bss.sReadFrameCounter
                0x2000240c        0x2 ./Sources/Interfaces/iUart.o
                0x2000240c                sReadFrameCounter
 .bss.sStatus.5533
                0x2000240e        0x1 ./Sources/Interfaces/iUart.o
 *fill*         0x2000240f        0x1 00
 .bss.aFramePtr.5528
                0x20002410        0x4 ./Sources/Interfaces/iUart.o
 .bss.sDly      0x20002414      0x168 ./Sources/Interfaces/iPit.o
 .bss.aTmp.5472
                0x2000257c        0x4 ./Sources/Interfaces/iPit.o
 .bss.sOldTimerValueChL
                0x20002580        0x2 ./Sources/Interfaces/iFlextimer.o
 *fill*         0x20002582        0x2 00
 .bss.sDeltaChL
                0x20002584        0x4 ./Sources/Interfaces/iFlextimer.o
 .bss.sOldTimerValueChR
                0x20002588        0x2 ./Sources/Interfaces/iFlextimer.o
 *fill*         0x2000258a        0x2 00
 .bss.sDeltaChR
                0x2000258c        0x4 ./Sources/Interfaces/iFlextimer.o
 .bss.sSpeedLeft
                0x20002590        0x4 ./Sources/Interfaces/iFlextimer.o
 .bss.sSpeedRight
                0x20002594        0x4 ./Sources/Interfaces/iFlextimer.o
 .bss.sOverFlowCounterL
                0x20002598        0x4 ./Sources/Interfaces/iFlextimer.o
 .bss.sOverFlowCounterR
                0x2000259c        0x4 ./Sources/Interfaces/iFlextimer.o
 .bss.aFrame.4304
                0x200025a0        0x4 ./Sources/Modules/mWifi.o
 .bss.sSendDelayNb.4297
                0x200025a4        0x2 ./Sources/Modules/mWifi.o
 .bss.pState.4203
                0x200025a6        0x1 ./Sources/Modules/mLeds.o
 .bss.sDataReady
                0x200025a7        0x1 ./Sources/Modules/mAccelMagneto.o
 .bss.m_bIsBigEndian
                0x200025a8        0x4 ./Sources/Utils/stbp.o
 .bss.__stdio_exit
                0x200025ac        0x4 C:/Freescale/CW MCU v10.6/MCU/ARM_GCC_Support/ewl/lib/armv7e-m/fpu\libc99.a(exit.o)
                0x200025ac                __stdio_exit
 .bss.__console_exit
                0x200025b0        0x4 C:/Freescale/CW MCU v10.6/MCU/ARM_GCC_Support/ewl/lib/armv7e-m/fpu\libc99.a(exit.o)
                0x200025b0                __console_exit
 .bss.__ewl_constraint_handler
                0x200025b4        0x4 C:/Freescale/CW MCU v10.6/MCU/ARM_GCC_Support/ewl/lib/armv7e-m/fpu\libc99.a(secure_error.o)
 .bss.__S_romp  0x200025b8        0xc C:/Freescale/CW MCU v10.6/MCU/ARM_GCC_Support/ewl/lib/armv7e-m/fpu\librt.a(ROMCopy.o)
 .bss.__global_destructor_chain
                0x200025c4        0x4 C:/Freescale/CW MCU v10.6/MCU/ARM_GCC_Support/ewl/lib/armv7e-m/fpu\librt.a(__arm_eabi_init.o)
                0x200025c4                __global_destructor_chain
 *(COMMON)
 COMMON         0x200025c8       0x14 ./Sources/Applications/main.o
                0x200025c8                sPitch
                0x200025cc                sRoll
                0x200025d0                sSpeedMotLeft
                0x200025d4                sYaw
                0x200025d8                sSpeedMotRight
 COMMON         0x200025dc       0x38 ./Sources/Modules/mAccelMagneto.o
                0x200025dc                Xout_Mag_16_bit
                0x200025de                Xout_Accel_14_bit
                0x200025e0                Zout_g
                0x200025e4                AccelMagData
                0x200025f0                Yout_uT
                0x200025f4                Yout_Accel_14_bit
                0x200025f6                Zout_Accel_14_bit
                0x200025f8                Yout_Mag_16_bit
                0x200025fc                Yout_g
                0x20002600                Xout_g
                0x20002604                Zout_uT
                0x20002608                Zout_Mag_16_bit
                0x2000260c                Heading
                0x20002610                Xout_uT
                0x20002614                . = ALIGN (0x4)
                0x20002614                __END_BSS = .
                0x20002614                PROVIDE (__bss_end__, __END_BSS)

._user_heap_stack
                0x20002614     0x1000
                0x20002614                . = ALIGN (0x4)
                0x20002614                PROVIDE (end, .)
                0x20002614                PROVIDE (_end, .)
                0x20002614                __heap_addr = .
                0x20002e14                . = (. + __heap_size)
 *fill*         0x20002614      0x800 00
                0x20003614                . = (. + __stack_size)
 *fill*         0x20002e14      0x800 00
                0x20003614                . = ALIGN (0x4)
                0x00000000                __S_romp = 0x0

.ARM.attributes
                0x00000000       0x3b
 *(.ARM.attributes)
 .ARM.attributes
                0x00000000       0x3b ./Project_Settings/Startup_Code/kinetis_sysinit.o
 .ARM.attributes
                0x0000003b       0x3b ./Project_Settings/Startup_Code/__arm_start.o
 .ARM.attributes
                0x00000076       0x3b ./Project_Settings/Startup_Code/__arm_end.o
 .ARM.attributes
                0x000000b1       0x3b ./Sources/Applications/main.o
 .ARM.attributes
                0x000000ec       0x3b ./Sources/Interfaces/iUart.o
 .ARM.attributes
                0x00000127       0x3b ./Sources/Interfaces/iSpi.o
 .ARM.attributes
                0x00000162       0x3b ./Sources/Interfaces/iPit.o
 .ARM.attributes
                0x0000019d       0x3b ./Sources/Interfaces/iI2C.o
 .ARM.attributes
                0x000001d8       0x3b ./Sources/Interfaces/iFlextimer.o
 .ARM.attributes
                0x00000213       0x3b ./Sources/Interfaces/iDio.o
 .ARM.attributes
                0x0000024e       0x3b ./Sources/Interfaces/iDac.o
 .ARM.attributes
                0x00000289       0x3b ./Sources/Interfaces/iCpu.o
 .ARM.attributes
                0x000002c4       0x3b ./Sources/Interfaces/iAd.o
 .ARM.attributes
                0x000002ff       0x3b ./Sources/Modules/mWifi.o
 .ARM.attributes
                0x0000033a       0x3b ./Sources/Modules/mTimer.o
 .ARM.attributes
                0x00000375       0x3b ./Sources/Modules/mSwitch.o
 .ARM.attributes
                0x000003b0       0x3b ./Sources/Modules/mSpi.o
 .ARM.attributes
                0x000003eb       0x3b ./Sources/Modules/mRS232.o
 .ARM.attributes
                0x00000426       0x3b ./Sources/Modules/mLeds.o
 .ARM.attributes
                0x00000461       0x3b ./Sources/Modules/mDelay.o
 .ARM.attributes
                0x0000049c       0x3b ./Sources/Modules/mDac.o
 .ARM.attributes
                0x000004d7       0x3b ./Sources/Modules/mCpu.o
 .ARM.attributes
                0x00000512       0x3b ./Sources/Modules/mAd.o
 .ARM.attributes
                0x0000054d       0x3b ./Sources/Modules/mAccelMagneto.o
 .ARM.attributes
                0x00000588       0x3b ./Sources/Utils/stbp.o
 .ARM.attributes
                0x000005c3       0x3b ./Sources/Utils/def.o
 .ARM.attributes
                0x000005fe       0x3b C:/Freescale/CW MCU v10.6/MCU/ARM_GCC_Support/ewl/lib/armv7e-m/fpu\libc99.a(sprintf.o)
 .ARM.attributes
                0x00000639       0x3b C:/Freescale/CW MCU v10.6/MCU/ARM_GCC_Support/ewl/lib/armv7e-m/fpu\libc99.a(vsnprintf.o)
 .ARM.attributes
                0x00000674       0x3b C:/Freescale/CW MCU v10.6/MCU/ARM_GCC_Support/ewl/lib/armv7e-m/fpu\libc99.a(exit.o)
 .ARM.attributes
                0x000006af       0x3b C:/Freescale/CW MCU v10.6/MCU/ARM_GCC_Support/ewl/lib/armv7e-m/fpu\libc99.a(memcpy.o)
 .ARM.attributes
                0x000006ea       0x3b C:/Freescale/CW MCU v10.6/MCU/ARM_GCC_Support/ewl/lib/armv7e-m/fpu\libc99.a(memset.o)
 .ARM.attributes
                0x00000725       0x3b C:/Freescale/CW MCU v10.6/MCU/ARM_GCC_Support/ewl/lib/armv7e-m/fpu\libc99.a(__printformat.o)
 .ARM.attributes
                0x00000760       0x3b C:/Freescale/CW MCU v10.6/MCU/ARM_GCC_Support/ewl/lib/armv7e-m/fpu\libc99.a(ctype_aeabi.o)
 .ARM.attributes
                0x0000079b       0x3b C:/Freescale/CW MCU v10.6/MCU/ARM_GCC_Support/ewl/lib/armv7e-m/fpu\libc99.a(secure_error.o)
 .ARM.attributes
                0x000007d6       0x3b C:/Freescale/CW MCU v10.6/MCU/ARM_GCC_Support/ewl/lib/armv7e-m/fpu\libc99.a(__wctomb.o)
 .ARM.attributes
                0x00000811       0x3b C:/Freescale/CW MCU v10.6/MCU/ARM_GCC_Support/ewl/lib/armv7e-m/fpu\libc99.a(__filll_mem.o)
 .ARM.attributes
                0x0000084c       0x3b C:/Freescale/CW MCU v10.6/MCU/ARM_GCC_Support/ewl/lib/armv7e-m/fpu\libc99.a(memchr.o)
 .ARM.attributes
                0x00000887       0x3b C:/Freescale/CW MCU v10.6/MCU/ARM_GCC_Support/ewl/lib/armv7e-m/fpu\libc99.a(strchr.o)
 .ARM.attributes
                0x000008c2       0x3b C:/Freescale/CW MCU v10.6/MCU/ARM_GCC_Support/ewl/lib/armv7e-m/fpu\libc99.a(strcpy.o)
 .ARM.attributes
                0x000008fd       0x3b C:/Freescale/CW MCU v10.6/MCU/ARM_GCC_Support/ewl/lib/armv7e-m/fpu\libc99.a(strlen.o)
 .ARM.attributes
                0x00000938       0x3b C:/Freescale/CW MCU v10.6/MCU/ARM_GCC_Support/ewl/lib/armv7e-m/fpu\libc99.a(strncpy.o)
 .ARM.attributes
                0x00000973       0x3b C:/Freescale/CW MCU v10.6/MCU/ARM_GCC_Support/ewl/lib/armv7e-m/fpu\libm.a(ansi_fp.o)
 .ARM.attributes
                0x000009ae       0x3b C:/Freescale/CW MCU v10.6/MCU/ARM_GCC_Support/ewl/lib/armv7e-m/fpu\libm.a(math_api.o)
 .ARM.attributes
                0x000009e9       0x3b C:/Freescale/CW MCU v10.6/MCU/ARM_GCC_Support/ewl/lib/armv7e-m/fpu\libm.a(s_frexp.o)
 .ARM.attributes
                0x00000a24       0x24 c:/freescale/cw mcu v10.6/cross_tools/arm-none-eabi-gcc-4_7_3/bin/../lib/gcc/arm-none-eabi/4.7.3/armv7e-m/fpu\libgcc.a(_arm_addsubdf3.o)
 .ARM.attributes
                0x00000a48       0x24 c:/freescale/cw mcu v10.6/cross_tools/arm-none-eabi-gcc-4_7_3/bin/../lib/gcc/arm-none-eabi/4.7.3/armv7e-m/fpu\libgcc.a(_arm_muldivdf3.o)
 .ARM.attributes
                0x00000a6c       0x24 c:/freescale/cw mcu v10.6/cross_tools/arm-none-eabi-gcc-4_7_3/bin/../lib/gcc/arm-none-eabi/4.7.3/armv7e-m/fpu\libgcc.a(_arm_cmpdf2.o)
 .ARM.attributes
                0x00000a90       0x24 c:/freescale/cw mcu v10.6/cross_tools/arm-none-eabi-gcc-4_7_3/bin/../lib/gcc/arm-none-eabi/4.7.3/armv7e-m/fpu\libgcc.a(_arm_fixdfsi.o)
 .ARM.attributes
                0x00000ab4       0x24 c:/freescale/cw mcu v10.6/cross_tools/arm-none-eabi-gcc-4_7_3/bin/../lib/gcc/arm-none-eabi/4.7.3/armv7e-m/fpu\libgcc.a(_arm_fixunsdfsi.o)
 .ARM.attributes
                0x00000ad8       0x24 c:/freescale/cw mcu v10.6/cross_tools/arm-none-eabi-gcc-4_7_3/bin/../lib/gcc/arm-none-eabi/4.7.3/armv7e-m/fpu\libgcc.a(_arm_truncdfsf2.o)
 .ARM.attributes
                0x00000afc       0x24 c:/freescale/cw mcu v10.6/cross_tools/arm-none-eabi-gcc-4_7_3/bin/../lib/gcc/arm-none-eabi/4.7.3/armv7e-m/fpu\libgcc.a(_aeabi_uldivmod.o)
 .ARM.attributes
                0x00000b20       0x36 c:/freescale/cw mcu v10.6/cross_tools/arm-none-eabi-gcc-4_7_3/bin/../lib/gcc/arm-none-eabi/4.7.3/armv7e-m/fpu\libgcc.a(bpabi.o)
 .ARM.attributes
                0x00000b56       0x24 c:/freescale/cw mcu v10.6/cross_tools/arm-none-eabi-gcc-4_7_3/bin/../lib/gcc/arm-none-eabi/4.7.3/armv7e-m/fpu\libgcc.a(_dvmd_tls.o)
 .ARM.attributes
                0x00000b7a       0x36 c:/freescale/cw mcu v10.6/cross_tools/arm-none-eabi-gcc-4_7_3/bin/../lib/gcc/arm-none-eabi/4.7.3/armv7e-m/fpu\libgcc.a(_divdi3.o)
 .ARM.attributes
                0x00000bb0       0x36 c:/freescale/cw mcu v10.6/cross_tools/arm-none-eabi-gcc-4_7_3/bin/../lib/gcc/arm-none-eabi/4.7.3/armv7e-m/fpu\libgcc.a(_udivdi3.o)
 .ARM.attributes
                0x00000be6       0x3b C:/Freescale/CW MCU v10.6/MCU/ARM_GCC_Support/ewl/lib/armv7e-m/fpu\librt.a(gcc_ctor_dtor.o)
 .ARM.attributes
                0x00000c21       0x3b C:/Freescale/CW MCU v10.6/MCU/ARM_GCC_Support/ewl/lib/armv7e-m/fpu\librt.a(ROMCopy.o)
 .ARM.attributes
                0x00000c5c       0x3b C:/Freescale/CW MCU v10.6/MCU/ARM_GCC_Support/ewl/lib/armv7e-m/fpu\librt.a(__arm_eabi_init.o)
OUTPUT(FS_K64.elf elf32-littlearm)

.debug_info     0x00000000     0xca47
 .debug_info    0x00000000      0x38e ./Project_Settings/Startup_Code/kinetis_sysinit.o
 .debug_info    0x0000038e      0x12a ./Project_Settings/Startup_Code/__arm_start.o
 .debug_info    0x000004b8       0x54 ./Project_Settings/Startup_Code/__arm_end.o
 .debug_info    0x0000050c      0xc4e ./Sources/Applications/main.o
 .debug_info    0x0000115a      0x85b ./Sources/Interfaces/iUart.o
 .debug_info    0x000019b5      0xada ./Sources/Interfaces/iSpi.o
 .debug_info    0x0000248f      0x954 ./Sources/Interfaces/iPit.o
 .debug_info    0x00002de3      0x8a7 ./Sources/Interfaces/iI2C.o
 .debug_info    0x0000368a      0x9fb ./Sources/Interfaces/iFlextimer.o
 .debug_info    0x00004085      0x3ae ./Sources/Interfaces/iDio.o
 .debug_info    0x00004433      0x4ae ./Sources/Interfaces/iDac.o
 .debug_info    0x000048e1      0x6e4 ./Sources/Interfaces/iCpu.o
 .debug_info    0x00004fc5      0x658 ./Sources/Interfaces/iAd.o
 .debug_info    0x0000561d      0x481 ./Sources/Modules/mWifi.o
 .debug_info    0x00005a9e      0x2e6 ./Sources/Modules/mTimer.o
 .debug_info    0x00005d84      0x29f ./Sources/Modules/mSwitch.o
 .debug_info    0x00006023      0x5cf ./Sources/Modules/mSpi.o
 .debug_info    0x000065f2      0x138 ./Sources/Modules/mRS232.o
 .debug_info    0x0000672a      0x2d6 ./Sources/Modules/mLeds.o
 .debug_info    0x00006a00      0x1d7 ./Sources/Modules/mDelay.o
 .debug_info    0x00006bd7       0xe4 ./Sources/Modules/mDac.o
 .debug_info    0x00006cbb       0x76 ./Sources/Modules/mCpu.o
 .debug_info    0x00006d31      0x1cb ./Sources/Modules/mAd.o
 .debug_info    0x00006efc      0x6ca ./Sources/Modules/mAccelMagneto.o
 .debug_info    0x000075c6      0xcb0 ./Sources/Utils/stbp.o
 .debug_info    0x00008276      0x22c ./Sources/Utils/def.o
 .debug_info    0x000084a2      0x3ef C:/Freescale/CW MCU v10.6/MCU/ARM_GCC_Support/ewl/lib/armv7e-m/fpu\libc99.a(sprintf.o)
 .debug_info    0x00008891      0x4cb C:/Freescale/CW MCU v10.6/MCU/ARM_GCC_Support/ewl/lib/armv7e-m/fpu\libc99.a(vsnprintf.o)
 .debug_info    0x00008d5c      0x111 C:/Freescale/CW MCU v10.6/MCU/ARM_GCC_Support/ewl/lib/armv7e-m/fpu\libc99.a(exit.o)
 .debug_info    0x00008e6d      0x10f C:/Freescale/CW MCU v10.6/MCU/ARM_GCC_Support/ewl/lib/armv7e-m/fpu\libc99.a(memcpy.o)
 .debug_info    0x00008f7c       0xec C:/Freescale/CW MCU v10.6/MCU/ARM_GCC_Support/ewl/lib/armv7e-m/fpu\libc99.a(memset.o)
 .debug_info    0x00009068      0xe01 C:/Freescale/CW MCU v10.6/MCU/ARM_GCC_Support/ewl/lib/armv7e-m/fpu\libc99.a(__printformat.o)
 .debug_info    0x00009e69      0x306 C:/Freescale/CW MCU v10.6/MCU/ARM_GCC_Support/ewl/lib/armv7e-m/fpu\libc99.a(ctype_aeabi.o)
 .debug_info    0x0000a16f      0x247 C:/Freescale/CW MCU v10.6/MCU/ARM_GCC_Support/ewl/lib/armv7e-m/fpu\libc99.a(secure_error.o)
 .debug_info    0x0000a3b6     0x10ca C:/Freescale/CW MCU v10.6/MCU/ARM_GCC_Support/ewl/lib/armv7e-m/fpu\libc99.a(__wctomb.o)
 .debug_info    0x0000b480      0x135 C:/Freescale/CW MCU v10.6/MCU/ARM_GCC_Support/ewl/lib/armv7e-m/fpu\libc99.a(__filll_mem.o)
 .debug_info    0x0000b5b5      0x120 C:/Freescale/CW MCU v10.6/MCU/ARM_GCC_Support/ewl/lib/armv7e-m/fpu\libc99.a(memchr.o)
 .debug_info    0x0000b6d5      0x108 C:/Freescale/CW MCU v10.6/MCU/ARM_GCC_Support/ewl/lib/armv7e-m/fpu\libc99.a(strchr.o)
 .debug_info    0x0000b7dd      0x108 C:/Freescale/CW MCU v10.6/MCU/ARM_GCC_Support/ewl/lib/armv7e-m/fpu\libc99.a(strcpy.o)
 .debug_info    0x0000b8e5       0xeb C:/Freescale/CW MCU v10.6/MCU/ARM_GCC_Support/ewl/lib/armv7e-m/fpu\libc99.a(strlen.o)
 .debug_info    0x0000b9d0      0x108 C:/Freescale/CW MCU v10.6/MCU/ARM_GCC_Support/ewl/lib/armv7e-m/fpu\libc99.a(strncpy.o)
 .debug_info    0x0000bad8      0x515 C:/Freescale/CW MCU v10.6/MCU/ARM_GCC_Support/ewl/lib/armv7e-m/fpu\libm.a(ansi_fp.o)
 .debug_info    0x0000bfed      0x30b C:/Freescale/CW MCU v10.6/MCU/ARM_GCC_Support/ewl/lib/armv7e-m/fpu\libm.a(math_api.o)
 .debug_info    0x0000c2f8      0x1a1 C:/Freescale/CW MCU v10.6/MCU/ARM_GCC_Support/ewl/lib/armv7e-m/fpu\libm.a(s_frexp.o)
 .debug_info    0x0000c499      0x136 C:/Freescale/CW MCU v10.6/MCU/ARM_GCC_Support/ewl/lib/armv7e-m/fpu\librt.a(gcc_ctor_dtor.o)
 .debug_info    0x0000c5cf      0x19a C:/Freescale/CW MCU v10.6/MCU/ARM_GCC_Support/ewl/lib/armv7e-m/fpu\librt.a(ROMCopy.o)
 .debug_info    0x0000c769      0x2de C:/Freescale/CW MCU v10.6/MCU/ARM_GCC_Support/ewl/lib/armv7e-m/fpu\librt.a(__arm_eabi_init.o)

.debug_abbrev   0x00000000     0x2e76
 .debug_abbrev  0x00000000       0xf6 ./Project_Settings/Startup_Code/kinetis_sysinit.o
 .debug_abbrev  0x000000f6       0x92 ./Project_Settings/Startup_Code/__arm_start.o
 .debug_abbrev  0x00000188       0x4c ./Project_Settings/Startup_Code/__arm_end.o
 .debug_abbrev  0x000001d4      0x1b2 ./Sources/Applications/main.o
 .debug_abbrev  0x00000386      0x1d6 ./Sources/Interfaces/iUart.o
 .debug_abbrev  0x0000055c      0x1a0 ./Sources/Interfaces/iSpi.o
 .debug_abbrev  0x000006fc      0x16b ./Sources/Interfaces/iPit.o
 .debug_abbrev  0x00000867      0x139 ./Sources/Interfaces/iI2C.o
 .debug_abbrev  0x000009a0      0x125 ./Sources/Interfaces/iFlextimer.o
 .debug_abbrev  0x00000ac5       0xd2 ./Sources/Interfaces/iDio.o
 .debug_abbrev  0x00000b97      0x125 ./Sources/Interfaces/iDac.o
 .debug_abbrev  0x00000cbc      0x102 ./Sources/Interfaces/iCpu.o
 .debug_abbrev  0x00000dbe      0x12e ./Sources/Interfaces/iAd.o
 .debug_abbrev  0x00000eec       0xfd ./Sources/Modules/mWifi.o
 .debug_abbrev  0x00000fe9       0x8f ./Sources/Modules/mTimer.o
 .debug_abbrev  0x00001078       0xae ./Sources/Modules/mSwitch.o
 .debug_abbrev  0x00001126      0x156 ./Sources/Modules/mSpi.o
 .debug_abbrev  0x0000127c       0xa4 ./Sources/Modules/mRS232.o
 .debug_abbrev  0x00001320       0xaa ./Sources/Modules/mLeds.o
 .debug_abbrev  0x000013ca       0xb6 ./Sources/Modules/mDelay.o
 .debug_abbrev  0x00001480       0x79 ./Sources/Modules/mDac.o
 .debug_abbrev  0x000014f9       0x3d ./Sources/Modules/mCpu.o
 .debug_abbrev  0x00001536       0xae ./Sources/Modules/mAd.o
 .debug_abbrev  0x000015e4      0x18c ./Sources/Modules/mAccelMagneto.o
 .debug_abbrev  0x00001770      0x14f ./Sources/Utils/stbp.o
 .debug_abbrev  0x000018bf       0xd5 ./Sources/Utils/def.o
 .debug_abbrev  0x00001994      0x12d C:/Freescale/CW MCU v10.6/MCU/ARM_GCC_Support/ewl/lib/armv7e-m/fpu\libc99.a(sprintf.o)
 .debug_abbrev  0x00001ac1      0x150 C:/Freescale/CW MCU v10.6/MCU/ARM_GCC_Support/ewl/lib/armv7e-m/fpu\libc99.a(vsnprintf.o)
 .debug_abbrev  0x00001c11       0x91 C:/Freescale/CW MCU v10.6/MCU/ARM_GCC_Support/ewl/lib/armv7e-m/fpu\libc99.a(exit.o)
 .debug_abbrev  0x00001ca2       0x95 C:/Freescale/CW MCU v10.6/MCU/ARM_GCC_Support/ewl/lib/armv7e-m/fpu\libc99.a(memcpy.o)
 .debug_abbrev  0x00001d37       0x62 C:/Freescale/CW MCU v10.6/MCU/ARM_GCC_Support/ewl/lib/armv7e-m/fpu\libc99.a(memset.o)
 .debug_abbrev  0x00001d99      0x29d C:/Freescale/CW MCU v10.6/MCU/ARM_GCC_Support/ewl/lib/armv7e-m/fpu\libc99.a(__printformat.o)
 .debug_abbrev  0x00002036       0x85 C:/Freescale/CW MCU v10.6/MCU/ARM_GCC_Support/ewl/lib/armv7e-m/fpu\libc99.a(ctype_aeabi.o)
 .debug_abbrev  0x000020bb      0x131 C:/Freescale/CW MCU v10.6/MCU/ARM_GCC_Support/ewl/lib/armv7e-m/fpu\libc99.a(secure_error.o)
 .debug_abbrev  0x000021ec      0x29d C:/Freescale/CW MCU v10.6/MCU/ARM_GCC_Support/ewl/lib/armv7e-m/fpu\libc99.a(__wctomb.o)
 .debug_abbrev  0x00002489       0x87 C:/Freescale/CW MCU v10.6/MCU/ARM_GCC_Support/ewl/lib/armv7e-m/fpu\libc99.a(__filll_mem.o)
 .debug_abbrev  0x00002510       0x95 C:/Freescale/CW MCU v10.6/MCU/ARM_GCC_Support/ewl/lib/armv7e-m/fpu\libc99.a(memchr.o)
 .debug_abbrev  0x000025a5       0x89 C:/Freescale/CW MCU v10.6/MCU/ARM_GCC_Support/ewl/lib/armv7e-m/fpu\libc99.a(strchr.o)
 .debug_abbrev  0x0000262e       0x78 C:/Freescale/CW MCU v10.6/MCU/ARM_GCC_Support/ewl/lib/armv7e-m/fpu\libc99.a(strcpy.o)
 .debug_abbrev  0x000026a6       0x7a C:/Freescale/CW MCU v10.6/MCU/ARM_GCC_Support/ewl/lib/armv7e-m/fpu\libc99.a(strlen.o)
 .debug_abbrev  0x00002720       0x89 C:/Freescale/CW MCU v10.6/MCU/ARM_GCC_Support/ewl/lib/armv7e-m/fpu\libc99.a(strncpy.o)
 .debug_abbrev  0x000027a9      0x15d C:/Freescale/CW MCU v10.6/MCU/ARM_GCC_Support/ewl/lib/armv7e-m/fpu\libm.a(ansi_fp.o)
 .debug_abbrev  0x00002906       0xf7 C:/Freescale/CW MCU v10.6/MCU/ARM_GCC_Support/ewl/lib/armv7e-m/fpu\libm.a(math_api.o)
 .debug_abbrev  0x000029fd       0xce C:/Freescale/CW MCU v10.6/MCU/ARM_GCC_Support/ewl/lib/armv7e-m/fpu\libm.a(s_frexp.o)
 .debug_abbrev  0x00002acb       0x99 C:/Freescale/CW MCU v10.6/MCU/ARM_GCC_Support/ewl/lib/armv7e-m/fpu\librt.a(gcc_ctor_dtor.o)
 .debug_abbrev  0x00002b64      0x137 C:/Freescale/CW MCU v10.6/MCU/ARM_GCC_Support/ewl/lib/armv7e-m/fpu\librt.a(ROMCopy.o)
 .debug_abbrev  0x00002c9b      0x1db C:/Freescale/CW MCU v10.6/MCU/ARM_GCC_Support/ewl/lib/armv7e-m/fpu\librt.a(__arm_eabi_init.o)

.debug_loc      0x00000000     0x6338
 .debug_loc     0x00000000       0x58 ./Project_Settings/Startup_Code/kinetis_sysinit.o
 .debug_loc     0x00000058       0x2c ./Project_Settings/Startup_Code/__arm_start.o
 .debug_loc     0x00000084       0x38 ./Project_Settings/Startup_Code/__arm_end.o
 .debug_loc     0x000000bc      0x196 ./Sources/Applications/main.o
 .debug_loc     0x00000252      0x268 ./Sources/Interfaces/iUart.o
 .debug_loc     0x000004ba      0x3e4 ./Sources/Interfaces/iSpi.o
 .debug_loc     0x0000089e      0x268 ./Sources/Interfaces/iPit.o
 .debug_loc     0x00000b06      0x24c ./Sources/Interfaces/iI2C.o
 .debug_loc     0x00000d52      0x10c ./Sources/Interfaces/iFlextimer.o
 .debug_loc     0x00000e5e       0xa8 ./Sources/Interfaces/iDio.o
 .debug_loc     0x00000f06      0x118 ./Sources/Interfaces/iDac.o
 .debug_loc     0x0000101e       0xe8 ./Sources/Interfaces/iCpu.o
 .debug_loc     0x00001106      0x10c ./Sources/Interfaces/iAd.o
 .debug_loc     0x00001212      0x1aa ./Sources/Modules/mWifi.o
 .debug_loc     0x000013bc      0x184 ./Sources/Modules/mTimer.o
 .debug_loc     0x00001540       0xc8 ./Sources/Modules/mSwitch.o
 .debug_loc     0x00001608      0x238 ./Sources/Modules/mSpi.o
 .debug_loc     0x00001840       0xf4 ./Sources/Modules/mRS232.o
 .debug_loc     0x00001934       0xc8 ./Sources/Modules/mLeds.o
 .debug_loc     0x000019fc      0x164 ./Sources/Modules/mDelay.o
 .debug_loc     0x00001b60       0x90 ./Sources/Modules/mDac.o
 .debug_loc     0x00001bf0       0x2c ./Sources/Modules/mCpu.o
 .debug_loc     0x00001c1c       0xf4 ./Sources/Modules/mAd.o
 .debug_loc     0x00001d10      0x238 ./Sources/Modules/mAccelMagneto.o
 .debug_loc     0x00001f48      0x5b0 ./Sources/Utils/stbp.o
 .debug_loc     0x000024f8       0x70 ./Sources/Utils/def.o
 .debug_loc     0x00002568       0x3f C:/Freescale/CW MCU v10.6/MCU/ARM_GCC_Support/ewl/lib/armv7e-m/fpu\libc99.a(sprintf.o)
 .debug_loc     0x000025a7      0x105 C:/Freescale/CW MCU v10.6/MCU/ARM_GCC_Support/ewl/lib/armv7e-m/fpu\libc99.a(vsnprintf.o)
 .debug_loc     0x000026ac       0x51 C:/Freescale/CW MCU v10.6/MCU/ARM_GCC_Support/ewl/lib/armv7e-m/fpu\libc99.a(exit.o)
 .debug_loc     0x000026fd       0x59 C:/Freescale/CW MCU v10.6/MCU/ARM_GCC_Support/ewl/lib/armv7e-m/fpu\libc99.a(memcpy.o)
 .debug_loc     0x00002756       0x64 C:/Freescale/CW MCU v10.6/MCU/ARM_GCC_Support/ewl/lib/armv7e-m/fpu\libc99.a(memset.o)
 .debug_loc     0x000027ba     0x1921 C:/Freescale/CW MCU v10.6/MCU/ARM_GCC_Support/ewl/lib/armv7e-m/fpu\libc99.a(__printformat.o)
 .debug_loc     0x000040db      0x18e C:/Freescale/CW MCU v10.6/MCU/ARM_GCC_Support/ewl/lib/armv7e-m/fpu\libc99.a(ctype_aeabi.o)
 .debug_loc     0x00004269       0xd4 C:/Freescale/CW MCU v10.6/MCU/ARM_GCC_Support/ewl/lib/armv7e-m/fpu\libc99.a(secure_error.o)
 .debug_loc     0x0000433d     0x12da C:/Freescale/CW MCU v10.6/MCU/ARM_GCC_Support/ewl/lib/armv7e-m/fpu\libc99.a(__wctomb.o)
 .debug_loc     0x00005617      0x12c C:/Freescale/CW MCU v10.6/MCU/ARM_GCC_Support/ewl/lib/armv7e-m/fpu\libc99.a(__filll_mem.o)
 .debug_loc     0x00005743       0x62 C:/Freescale/CW MCU v10.6/MCU/ARM_GCC_Support/ewl/lib/armv7e-m/fpu\libc99.a(memchr.o)
 .debug_loc     0x000057a5       0x7c C:/Freescale/CW MCU v10.6/MCU/ARM_GCC_Support/ewl/lib/armv7e-m/fpu\libc99.a(strchr.o)
 .debug_loc     0x00005821       0x26 C:/Freescale/CW MCU v10.6/MCU/ARM_GCC_Support/ewl/lib/armv7e-m/fpu\libc99.a(strlen.o)
 .debug_loc     0x00005847       0x82 C:/Freescale/CW MCU v10.6/MCU/ARM_GCC_Support/ewl/lib/armv7e-m/fpu\libc99.a(strncpy.o)
 .debug_loc     0x000058c9      0x523 C:/Freescale/CW MCU v10.6/MCU/ARM_GCC_Support/ewl/lib/armv7e-m/fpu\libm.a(ansi_fp.o)
 .debug_loc     0x00005dec      0x1fa C:/Freescale/CW MCU v10.6/MCU/ARM_GCC_Support/ewl/lib/armv7e-m/fpu\libm.a(math_api.o)
 .debug_loc     0x00005fe6       0xb8 C:/Freescale/CW MCU v10.6/MCU/ARM_GCC_Support/ewl/lib/armv7e-m/fpu\libm.a(s_frexp.o)
 .debug_loc     0x0000609e       0x9d C:/Freescale/CW MCU v10.6/MCU/ARM_GCC_Support/ewl/lib/armv7e-m/fpu\librt.a(gcc_ctor_dtor.o)
 .debug_loc     0x0000613b       0xb9 C:/Freescale/CW MCU v10.6/MCU/ARM_GCC_Support/ewl/lib/armv7e-m/fpu\librt.a(ROMCopy.o)
 .debug_loc     0x000061f4      0x144 C:/Freescale/CW MCU v10.6/MCU/ARM_GCC_Support/ewl/lib/armv7e-m/fpu\librt.a(__arm_eabi_init.o)

.debug_aranges  0x00000000      0xcf8
 .debug_aranges
                0x00000000       0x28 ./Project_Settings/Startup_Code/kinetis_sysinit.o
 .debug_aranges
                0x00000028       0x30 ./Project_Settings/Startup_Code/__arm_start.o
 .debug_aranges
                0x00000058       0x20 ./Project_Settings/Startup_Code/__arm_end.o
 .debug_aranges
                0x00000078       0x50 ./Sources/Applications/main.o
 .debug_aranges
                0x000000c8       0x70 ./Sources/Interfaces/iUart.o
 .debug_aranges
                0x00000138       0xa8 ./Sources/Interfaces/iSpi.o
 .debug_aranges
                0x000001e0       0x70 ./Sources/Interfaces/iPit.o
 .debug_aranges
                0x00000250       0x78 ./Sources/Interfaces/iI2C.o
 .debug_aranges
                0x000002c8       0x40 ./Sources/Interfaces/iFlextimer.o
 .debug_aranges
                0x00000308       0x30 ./Sources/Interfaces/iDio.o
 .debug_aranges
                0x00000338       0x40 ./Sources/Interfaces/iDac.o
 .debug_aranges
                0x00000378       0x40 ./Sources/Interfaces/iCpu.o
 .debug_aranges
                0x000003b8       0x40 ./Sources/Interfaces/iAd.o
 .debug_aranges
                0x000003f8       0x58 ./Sources/Modules/mWifi.o
 .debug_aranges
                0x00000450       0x58 ./Sources/Modules/mTimer.o
 .debug_aranges
                0x000004a8       0x38 ./Sources/Modules/mSwitch.o
 .debug_aranges
                0x000004e0       0x70 ./Sources/Modules/mSpi.o
 .debug_aranges
                0x00000550       0x40 ./Sources/Modules/mRS232.o
 .debug_aranges
                0x00000590       0x38 ./Sources/Modules/mLeds.o
 .debug_aranges
                0x000005c8       0x50 ./Sources/Modules/mDelay.o
 .debug_aranges
                0x00000618       0x30 ./Sources/Modules/mDac.o
 .debug_aranges
                0x00000648       0x20 ./Sources/Modules/mCpu.o
 .debug_aranges
                0x00000668       0x40 ./Sources/Modules/mAd.o
 .debug_aranges
                0x000006a8       0x70 ./Sources/Modules/mAccelMagneto.o
 .debug_aranges
                0x00000718       0xe8 ./Sources/Utils/stbp.o
 .debug_aranges
                0x00000800       0x28 ./Sources/Utils/def.o
 .debug_aranges
                0x00000828       0x28 C:/Freescale/CW MCU v10.6/MCU/ARM_GCC_Support/ewl/lib/armv7e-m/fpu\libc99.a(sprintf.o)
 .debug_aranges
                0x00000850       0x30 C:/Freescale/CW MCU v10.6/MCU/ARM_GCC_Support/ewl/lib/armv7e-m/fpu\libc99.a(vsnprintf.o)
 .debug_aranges
                0x00000880       0x28 C:/Freescale/CW MCU v10.6/MCU/ARM_GCC_Support/ewl/lib/armv7e-m/fpu\libc99.a(exit.o)
 .debug_aranges
                0x000008a8       0x20 C:/Freescale/CW MCU v10.6/MCU/ARM_GCC_Support/ewl/lib/armv7e-m/fpu\libc99.a(memcpy.o)
 .debug_aranges
                0x000008c8       0x20 C:/Freescale/CW MCU v10.6/MCU/ARM_GCC_Support/ewl/lib/armv7e-m/fpu\libc99.a(memset.o)
 .debug_aranges
                0x000008e8       0x48 C:/Freescale/CW MCU v10.6/MCU/ARM_GCC_Support/ewl/lib/armv7e-m/fpu\libc99.a(__printformat.o)
 .debug_aranges
                0x00000930       0x88 C:/Freescale/CW MCU v10.6/MCU/ARM_GCC_Support/ewl/lib/armv7e-m/fpu\libc99.a(ctype_aeabi.o)
 .debug_aranges
                0x000009b8       0x40 C:/Freescale/CW MCU v10.6/MCU/ARM_GCC_Support/ewl/lib/armv7e-m/fpu\libc99.a(secure_error.o)
 .debug_aranges
                0x000009f8       0xd8 C:/Freescale/CW MCU v10.6/MCU/ARM_GCC_Support/ewl/lib/armv7e-m/fpu\libc99.a(__wctomb.o)
 .debug_aranges
                0x00000ad0       0x20 C:/Freescale/CW MCU v10.6/MCU/ARM_GCC_Support/ewl/lib/armv7e-m/fpu\libc99.a(__filll_mem.o)
 .debug_aranges
                0x00000af0       0x20 C:/Freescale/CW MCU v10.6/MCU/ARM_GCC_Support/ewl/lib/armv7e-m/fpu\libc99.a(memchr.o)
 .debug_aranges
                0x00000b10       0x20 C:/Freescale/CW MCU v10.6/MCU/ARM_GCC_Support/ewl/lib/armv7e-m/fpu\libc99.a(strchr.o)
 .debug_aranges
                0x00000b30       0x20 C:/Freescale/CW MCU v10.6/MCU/ARM_GCC_Support/ewl/lib/armv7e-m/fpu\libc99.a(strcpy.o)
 .debug_aranges
                0x00000b50       0x20 C:/Freescale/CW MCU v10.6/MCU/ARM_GCC_Support/ewl/lib/armv7e-m/fpu\libc99.a(strlen.o)
 .debug_aranges
                0x00000b70       0x20 C:/Freescale/CW MCU v10.6/MCU/ARM_GCC_Support/ewl/lib/armv7e-m/fpu\libc99.a(strncpy.o)
 .debug_aranges
                0x00000b90       0x30 C:/Freescale/CW MCU v10.6/MCU/ARM_GCC_Support/ewl/lib/armv7e-m/fpu\libm.a(ansi_fp.o)
 .debug_aranges
                0x00000bc0       0x60 C:/Freescale/CW MCU v10.6/MCU/ARM_GCC_Support/ewl/lib/armv7e-m/fpu\libm.a(math_api.o)
 .debug_aranges
                0x00000c20       0x20 C:/Freescale/CW MCU v10.6/MCU/ARM_GCC_Support/ewl/lib/armv7e-m/fpu\libm.a(s_frexp.o)
 .debug_aranges
                0x00000c40       0x28 C:/Freescale/CW MCU v10.6/MCU/ARM_GCC_Support/ewl/lib/armv7e-m/fpu\librt.a(gcc_ctor_dtor.o)
 .debug_aranges
                0x00000c68       0x30 C:/Freescale/CW MCU v10.6/MCU/ARM_GCC_Support/ewl/lib/armv7e-m/fpu\librt.a(ROMCopy.o)
 .debug_aranges
                0x00000c98       0x60 C:/Freescale/CW MCU v10.6/MCU/ARM_GCC_Support/ewl/lib/armv7e-m/fpu\librt.a(__arm_eabi_init.o)

.debug_macinfo  0x00000000   0x586578
 .debug_macinfo
                0x00000000    0x62237 ./Project_Settings/Startup_Code/kinetis_sysinit.o
 .debug_macinfo
                0x00062237     0x4454 ./Project_Settings/Startup_Code/__arm_start.o
 .debug_macinfo
                0x0006668b     0x39fb ./Project_Settings/Startup_Code/__arm_end.o
 .debug_macinfo
                0x0006a086    0x635f4 ./Sources/Applications/main.o
 .debug_macinfo
                0x000cd67a    0x62368 ./Sources/Interfaces/iUart.o
 .debug_macinfo
                0x0012f9e2    0x62305 ./Sources/Interfaces/iSpi.o
 .debug_macinfo
                0x00191ce7    0x62319 ./Sources/Interfaces/iPit.o
 .debug_macinfo
                0x001f4000    0x6232c ./Sources/Interfaces/iI2C.o
 .debug_macinfo
                0x0025632c    0x62512 ./Sources/Interfaces/iFlextimer.o
 .debug_macinfo
                0x002b883e    0x62305 ./Sources/Interfaces/iDio.o
 .debug_macinfo
                0x0031ab43    0x62352 ./Sources/Interfaces/iDac.o
 .debug_macinfo
                0x0037ce95    0x62305 ./Sources/Interfaces/iCpu.o
 .debug_macinfo
                0x003df19a    0x62304 ./Sources/Interfaces/iAd.o
 .debug_macinfo
                0x0044149e     0x2b66 ./Sources/Modules/mWifi.o
 .debug_macinfo
                0x00444004     0x2b79 ./Sources/Modules/mTimer.o
 .debug_macinfo
                0x00446b7d     0x2b46 ./Sources/Modules/mSwitch.o
 .debug_macinfo
                0x004496c3    0x62329 ./Sources/Modules/mSpi.o
 .debug_macinfo
                0x004ab9ec     0x2b47 ./Sources/Modules/mRS232.o
 .debug_macinfo
                0x004ae533     0x2b44 ./Sources/Modules/mLeds.o
 .debug_macinfo
                0x004b1077     0x2b46 ./Sources/Modules/mDelay.o
 .debug_macinfo
                0x004b3bbd     0x2b44 ./Sources/Modules/mDac.o
 .debug_macinfo
                0x004b6701     0x2b44 ./Sources/Modules/mCpu.o
 .debug_macinfo
                0x004b9245     0x2b42 ./Sources/Modules/mAd.o
 .debug_macinfo
                0x004bbd87    0x64986 ./Sources/Modules/mAccelMagneto.o
 .debug_macinfo
                0x0052070d     0x3b76 ./Sources/Utils/stbp.o
 .debug_macinfo
                0x00524283    0x622f5 ./Sources/Utils/def.o

.debug_line     0x00000000     0x64ec
 .debug_line    0x00000000      0x261 ./Project_Settings/Startup_Code/kinetis_sysinit.o
 .debug_line    0x00000261      0x2e4 ./Project_Settings/Startup_Code/__arm_start.o
 .debug_line    0x00000545      0x266 ./Project_Settings/Startup_Code/__arm_end.o
 .debug_line    0x000007ab      0x581 ./Sources/Applications/main.o
 .debug_line    0x00000d2c      0x392 ./Sources/Interfaces/iUart.o
 .debug_line    0x000010be      0x488 ./Sources/Interfaces/iSpi.o
 .debug_line    0x00001546      0x3bd ./Sources/Interfaces/iPit.o
 .debug_line    0x00001903      0x330 ./Sources/Interfaces/iI2C.o
 .debug_line    0x00001c33      0x31f ./Sources/Interfaces/iFlextimer.o
 .debug_line    0x00001f52      0x2a7 ./Sources/Interfaces/iDio.o
 .debug_line    0x000021f9      0x2f0 ./Sources/Interfaces/iDac.o
 .debug_line    0x000024e9      0x2f1 ./Sources/Interfaces/iCpu.o
 .debug_line    0x000027da      0x2cc ./Sources/Interfaces/iAd.o
 .debug_line    0x00002aa6      0x228 ./Sources/Modules/mWifi.o
 .debug_line    0x00002cce      0x1e0 ./Sources/Modules/mTimer.o
 .debug_line    0x00002eae      0x197 ./Sources/Modules/mSwitch.o
 .debug_line    0x00003045      0x3ea ./Sources/Modules/mSpi.o
 .debug_line    0x0000342f      0x1a4 ./Sources/Modules/mRS232.o
 .debug_line    0x000035d3      0x193 ./Sources/Modules/mLeds.o
 .debug_line    0x00003766      0x1bb ./Sources/Modules/mDelay.o
 .debug_line    0x00003921      0x16f ./Sources/Modules/mDac.o
 .debug_line    0x00003a90      0x14e ./Sources/Modules/mCpu.o
 .debug_line    0x00003bde      0x1b1 ./Sources/Modules/mAd.o
 .debug_line    0x00003d8f      0x553 ./Sources/Modules/mAccelMagneto.o
 .debug_line    0x000042e2      0x4ec ./Sources/Utils/stbp.o
 .debug_line    0x000047ce      0x26d ./Sources/Utils/def.o
 .debug_line    0x00004a3b       0xda C:/Freescale/CW MCU v10.6/MCU/ARM_GCC_Support/ewl/lib/armv7e-m/fpu\libc99.a(sprintf.o)
 .debug_line    0x00004b15      0x10b C:/Freescale/CW MCU v10.6/MCU/ARM_GCC_Support/ewl/lib/armv7e-m/fpu\libc99.a(vsnprintf.o)
 .debug_line    0x00004c20       0xa5 C:/Freescale/CW MCU v10.6/MCU/ARM_GCC_Support/ewl/lib/armv7e-m/fpu\libc99.a(exit.o)
 .debug_line    0x00004cc5       0x8b C:/Freescale/CW MCU v10.6/MCU/ARM_GCC_Support/ewl/lib/armv7e-m/fpu\libc99.a(memcpy.o)
 .debug_line    0x00004d50       0x8f C:/Freescale/CW MCU v10.6/MCU/ARM_GCC_Support/ewl/lib/armv7e-m/fpu\libc99.a(memset.o)
 .debug_line    0x00004ddf      0x5b4 C:/Freescale/CW MCU v10.6/MCU/ARM_GCC_Support/ewl/lib/armv7e-m/fpu\libc99.a(__printformat.o)
 .debug_line    0x00005393      0x1a9 C:/Freescale/CW MCU v10.6/MCU/ARM_GCC_Support/ewl/lib/armv7e-m/fpu\libc99.a(ctype_aeabi.o)
 .debug_line    0x0000553c       0xd2 C:/Freescale/CW MCU v10.6/MCU/ARM_GCC_Support/ewl/lib/armv7e-m/fpu\libc99.a(secure_error.o)
 .debug_line    0x0000560e      0x4f6 C:/Freescale/CW MCU v10.6/MCU/ARM_GCC_Support/ewl/lib/armv7e-m/fpu\libc99.a(__wctomb.o)
 .debug_line    0x00005b04       0xcd C:/Freescale/CW MCU v10.6/MCU/ARM_GCC_Support/ewl/lib/armv7e-m/fpu\libc99.a(__filll_mem.o)
 .debug_line    0x00005bd1       0x9f C:/Freescale/CW MCU v10.6/MCU/ARM_GCC_Support/ewl/lib/armv7e-m/fpu\libc99.a(memchr.o)
 .debug_line    0x00005c70       0x7d C:/Freescale/CW MCU v10.6/MCU/ARM_GCC_Support/ewl/lib/armv7e-m/fpu\libc99.a(strchr.o)
 .debug_line    0x00005ced       0x7d C:/Freescale/CW MCU v10.6/MCU/ARM_GCC_Support/ewl/lib/armv7e-m/fpu\libc99.a(strcpy.o)
 .debug_line    0x00005d6a       0x83 C:/Freescale/CW MCU v10.6/MCU/ARM_GCC_Support/ewl/lib/armv7e-m/fpu\libc99.a(strlen.o)
 .debug_line    0x00005ded       0x9f C:/Freescale/CW MCU v10.6/MCU/ARM_GCC_Support/ewl/lib/armv7e-m/fpu\libc99.a(strncpy.o)
 .debug_line    0x00005e8c      0x1fe C:/Freescale/CW MCU v10.6/MCU/ARM_GCC_Support/ewl/lib/armv7e-m/fpu\libm.a(ansi_fp.o)
 .debug_line    0x0000608a      0x16f C:/Freescale/CW MCU v10.6/MCU/ARM_GCC_Support/ewl/lib/armv7e-m/fpu\libm.a(math_api.o)
 .debug_line    0x000061f9       0xbe C:/Freescale/CW MCU v10.6/MCU/ARM_GCC_Support/ewl/lib/armv7e-m/fpu\libm.a(s_frexp.o)
 .debug_line    0x000062b7       0x67 C:/Freescale/CW MCU v10.6/MCU/ARM_GCC_Support/ewl/lib/armv7e-m/fpu\librt.a(gcc_ctor_dtor.o)
 .debug_line    0x0000631e       0xa9 C:/Freescale/CW MCU v10.6/MCU/ARM_GCC_Support/ewl/lib/armv7e-m/fpu\librt.a(ROMCopy.o)
 .debug_line    0x000063c7      0x125 C:/Freescale/CW MCU v10.6/MCU/ARM_GCC_Support/ewl/lib/armv7e-m/fpu\librt.a(__arm_eabi_init.o)

.debug_str      0x00000000     0x3cd0
 .debug_str     0x00000000      0x2aa ./Project_Settings/Startup_Code/kinetis_sysinit.o
                                0x2de (size before relaxing)
 .debug_str     0x000002aa       0x85 ./Project_Settings/Startup_Code/__arm_start.o
                                0x1d2 (size before relaxing)
 .debug_str     0x0000032f       0x3a ./Project_Settings/Startup_Code/__arm_end.o
                                0x109 (size before relaxing)
 .debug_str     0x00000369      0x7ba ./Sources/Applications/main.o
                                0x999 (size before relaxing)
 .debug_str     0x00000b23      0x3d0 ./Sources/Interfaces/iUart.o
                                0x5bd (size before relaxing)
 .debug_str     0x00000ef3      0x445 ./Sources/Interfaces/iSpi.o
                                0x600 (size before relaxing)
 .debug_str     0x00001338      0x631 ./Sources/Interfaces/iPit.o
                                0x8b5 (size before relaxing)
 .debug_str     0x00001969      0x192 ./Sources/Interfaces/iI2C.o
                                0x8fb (size before relaxing)
 .debug_str     0x00001afb      0x1df ./Sources/Interfaces/iFlextimer.o
                                0x9ac (size before relaxing)
 .debug_str     0x00001cda      0x23c ./Sources/Interfaces/iDio.o
                                0x3dc (size before relaxing)
 .debug_str     0x00001f16       0xdc ./Sources/Interfaces/iDac.o
                                0x32a (size before relaxing)
 .debug_str     0x00001ff2       0xda ./Sources/Interfaces/iCpu.o
                                0x386 (size before relaxing)
 .debug_str     0x000020cc      0x197 ./Sources/Interfaces/iAd.o
                                0x80a (size before relaxing)
 .debug_str     0x00002263       0xd1 ./Sources/Modules/mWifi.o
                                0x46f (size before relaxing)
 .debug_str     0x00002334       0xa5 ./Sources/Modules/mTimer.o
                                0x3ab (size before relaxing)
 .debug_str     0x000023d9       0x89 ./Sources/Modules/mSwitch.o
                                0x363 (size before relaxing)
 .debug_str     0x00002462      0x12a ./Sources/Modules/mSpi.o
                                0x4ee (size before relaxing)
 .debug_str     0x0000258c       0x70 ./Sources/Modules/mRS232.o
                                0x240 (size before relaxing)
 .debug_str     0x000025fc       0x73 ./Sources/Modules/mLeds.o
                                0x375 (size before relaxing)
 .debug_str     0x0000266f       0x88 ./Sources/Modules/mDelay.o
                                0x1fa (size before relaxing)
 .debug_str     0x000026f7       0x42 ./Sources/Modules/mDac.o
                                0x19f (size before relaxing)
 .debug_str     0x00002739       0x25 ./Sources/Modules/mCpu.o
                                0x150 (size before relaxing)
 .debug_str     0x0000275e       0x63 ./Sources/Modules/mAd.o
                                0x269 (size before relaxing)
 .debug_str     0x000027c1      0x2f7 ./Sources/Modules/mAccelMagneto.o
                                0x555 (size before relaxing)
 .debug_str     0x00002ab8      0x322 ./Sources/Utils/stbp.o
                                0x8d0 (size before relaxing)
 .debug_str     0x00002dda       0x2e ./Sources/Utils/def.o
                                0x207 (size before relaxing)
 .debug_str     0x00002e08      0x1c0 C:/Freescale/CW MCU v10.6/MCU/ARM_GCC_Support/ewl/lib/armv7e-m/fpu\libc99.a(sprintf.o)
                                0x315 (size before relaxing)
 .debug_str     0x00002fc8       0x7c C:/Freescale/CW MCU v10.6/MCU/ARM_GCC_Support/ewl/lib/armv7e-m/fpu\libc99.a(vsnprintf.o)
                                0x377 (size before relaxing)
 .debug_str     0x00003044       0x34 C:/Freescale/CW MCU v10.6/MCU/ARM_GCC_Support/ewl/lib/armv7e-m/fpu\libc99.a(exit.o)
                                0x15d (size before relaxing)
 .debug_str     0x00003078       0x1c C:/Freescale/CW MCU v10.6/MCU/ARM_GCC_Support/ewl/lib/armv7e-m/fpu\libc99.a(memcpy.o)
                                0x138 (size before relaxing)
 .debug_str     0x00003094       0x1c C:/Freescale/CW MCU v10.6/MCU/ARM_GCC_Support/ewl/lib/armv7e-m/fpu\libc99.a(memset.o)
                                0x140 (size before relaxing)
 .debug_str     0x000030b0      0x38f C:/Freescale/CW MCU v10.6/MCU/ARM_GCC_Support/ewl/lib/armv7e-m/fpu\libc99.a(__printformat.o)
                                0x72f (size before relaxing)
 .debug_str     0x0000343f       0x9d C:/Freescale/CW MCU v10.6/MCU/ARM_GCC_Support/ewl/lib/armv7e-m/fpu\libc99.a(ctype_aeabi.o)
                                0x1bc (size before relaxing)
 .debug_str     0x000034dc       0xd0 C:/Freescale/CW MCU v10.6/MCU/ARM_GCC_Support/ewl/lib/armv7e-m/fpu\libc99.a(secure_error.o)
                                0x1f3 (size before relaxing)
 .debug_str     0x000035ac      0x20c C:/Freescale/CW MCU v10.6/MCU/ARM_GCC_Support/ewl/lib/armv7e-m/fpu\libc99.a(__wctomb.o)
                                0x52d (size before relaxing)
 .debug_str     0x000037b8       0x25 C:/Freescale/CW MCU v10.6/MCU/ARM_GCC_Support/ewl/lib/armv7e-m/fpu\libc99.a(__filll_mem.o)
                                0x152 (size before relaxing)
 .debug_str     0x000037dd       0x1c C:/Freescale/CW MCU v10.6/MCU/ARM_GCC_Support/ewl/lib/armv7e-m/fpu\libc99.a(memchr.o)
                                0x148 (size before relaxing)
 .debug_str     0x000037f9       0x1c C:/Freescale/CW MCU v10.6/MCU/ARM_GCC_Support/ewl/lib/armv7e-m/fpu\libc99.a(strchr.o)
                                0x137 (size before relaxing)
 .debug_str     0x00003815       0x1c C:/Freescale/CW MCU v10.6/MCU/ARM_GCC_Support/ewl/lib/armv7e-m/fpu\libc99.a(strcpy.o)
                                0x142 (size before relaxing)
 .debug_str     0x00003831       0x1c C:/Freescale/CW MCU v10.6/MCU/ARM_GCC_Support/ewl/lib/armv7e-m/fpu\libc99.a(strlen.o)
                                0x140 (size before relaxing)
 .debug_str     0x0000384d       0x1e C:/Freescale/CW MCU v10.6/MCU/ARM_GCC_Support/ewl/lib/armv7e-m/fpu\libc99.a(strncpy.o)
                                0x13a (size before relaxing)
 .debug_str     0x0000386b       0x98 C:/Freescale/CW MCU v10.6/MCU/ARM_GCC_Support/ewl/lib/armv7e-m/fpu\libm.a(ansi_fp.o)
                                0x219 (size before relaxing)
 .debug_str     0x00003903       0xe5 C:/Freescale/CW MCU v10.6/MCU/ARM_GCC_Support/ewl/lib/armv7e-m/fpu\libm.a(math_api.o)
                                0x228 (size before relaxing)
 .debug_str     0x000039e8       0x24 C:/Freescale/CW MCU v10.6/MCU/ARM_GCC_Support/ewl/lib/armv7e-m/fpu\libm.a(s_frexp.o)
                                0x15d (size before relaxing)
 .debug_str     0x00003a0c      0x126 C:/Freescale/CW MCU v10.6/MCU/ARM_GCC_Support/ewl/lib/armv7e-m/fpu\librt.a(gcc_ctor_dtor.o)
                                0x181 (size before relaxing)
 .debug_str     0x00003b32       0x9c C:/Freescale/CW MCU v10.6/MCU/ARM_GCC_Support/ewl/lib/armv7e-m/fpu\librt.a(ROMCopy.o)
                                0x13c (size before relaxing)
 .debug_str     0x00003bce      0x102 C:/Freescale/CW MCU v10.6/MCU/ARM_GCC_Support/ewl/lib/armv7e-m/fpu\librt.a(__arm_eabi_init.o)
                                0x1bf (size before relaxing)

.comment        0x00000000       0x79
 .comment       0x00000000       0x79 ./Project_Settings/Startup_Code/kinetis_sysinit.o
                                 0x7a (size before relaxing)
 .comment       0x00000000       0x7a ./Project_Settings/Startup_Code/__arm_start.o
 .comment       0x00000000       0x7a ./Project_Settings/Startup_Code/__arm_end.o
 .comment       0x00000000       0x7a ./Sources/Applications/main.o
 .comment       0x00000000       0x7a ./Sources/Interfaces/iUart.o
 .comment       0x00000000       0x7a ./Sources/Interfaces/iSpi.o
 .comment       0x00000000       0x7a ./Sources/Interfaces/iPit.o
 .comment       0x00000000       0x7a ./Sources/Interfaces/iI2C.o
 .comment       0x00000000       0x7a ./Sources/Interfaces/iFlextimer.o
 .comment       0x00000000       0x7a ./Sources/Interfaces/iDio.o
 .comment       0x00000000       0x7a ./Sources/Interfaces/iDac.o
 .comment       0x00000000       0x7a ./Sources/Interfaces/iCpu.o
 .comment       0x00000000       0x7a ./Sources/Interfaces/iAd.o
 .comment       0x00000000       0x7a ./Sources/Modules/mWifi.o
 .comment       0x00000000       0x7a ./Sources/Modules/mTimer.o
 .comment       0x00000000       0x7a ./Sources/Modules/mSwitch.o
 .comment       0x00000000       0x7a ./Sources/Modules/mSpi.o
 .comment       0x00000000       0x7a ./Sources/Modules/mRS232.o
 .comment       0x00000000       0x7a ./Sources/Modules/mLeds.o
 .comment       0x00000000       0x7a ./Sources/Modules/mDelay.o
 .comment       0x00000000       0x7a ./Sources/Modules/mDac.o
 .comment       0x00000000       0x7a ./Sources/Modules/mCpu.o
 .comment       0x00000000       0x7a ./Sources/Modules/mAd.o
 .comment       0x00000000       0x7a ./Sources/Modules/mAccelMagneto.o
 .comment       0x00000000       0x7a ./Sources/Utils/stbp.o
 .comment       0x00000000       0x7a ./Sources/Utils/def.o
 .comment       0x00000000       0x7a C:/Freescale/CW MCU v10.6/MCU/ARM_GCC_Support/ewl/lib/armv7e-m/fpu\libc99.a(sprintf.o)
 .comment       0x00000000       0x7a C:/Freescale/CW MCU v10.6/MCU/ARM_GCC_Support/ewl/lib/armv7e-m/fpu\libc99.a(vsnprintf.o)
 .comment       0x00000000       0x7a C:/Freescale/CW MCU v10.6/MCU/ARM_GCC_Support/ewl/lib/armv7e-m/fpu\libc99.a(exit.o)
 .comment       0x00000000       0x7a C:/Freescale/CW MCU v10.6/MCU/ARM_GCC_Support/ewl/lib/armv7e-m/fpu\libc99.a(memcpy.o)
 .comment       0x00000000       0x7a C:/Freescale/CW MCU v10.6/MCU/ARM_GCC_Support/ewl/lib/armv7e-m/fpu\libc99.a(memset.o)
 .comment       0x00000000       0x7a C:/Freescale/CW MCU v10.6/MCU/ARM_GCC_Support/ewl/lib/armv7e-m/fpu\libc99.a(__printformat.o)
 .comment       0x00000000       0x7a C:/Freescale/CW MCU v10.6/MCU/ARM_GCC_Support/ewl/lib/armv7e-m/fpu\libc99.a(ctype_aeabi.o)
 .comment       0x00000000       0x7a C:/Freescale/CW MCU v10.6/MCU/ARM_GCC_Support/ewl/lib/armv7e-m/fpu\libc99.a(secure_error.o)
 .comment       0x00000000       0x7a C:/Freescale/CW MCU v10.6/MCU/ARM_GCC_Support/ewl/lib/armv7e-m/fpu\libc99.a(__wctomb.o)
 .comment       0x00000000       0x7a C:/Freescale/CW MCU v10.6/MCU/ARM_GCC_Support/ewl/lib/armv7e-m/fpu\libc99.a(__filll_mem.o)
 .comment       0x00000000       0x7a C:/Freescale/CW MCU v10.6/MCU/ARM_GCC_Support/ewl/lib/armv7e-m/fpu\libc99.a(memchr.o)
 .comment       0x00000000       0x7a C:/Freescale/CW MCU v10.6/MCU/ARM_GCC_Support/ewl/lib/armv7e-m/fpu\libc99.a(strchr.o)
 .comment       0x00000000       0x7a C:/Freescale/CW MCU v10.6/MCU/ARM_GCC_Support/ewl/lib/armv7e-m/fpu\libc99.a(strcpy.o)
 .comment       0x00000000       0x7a C:/Freescale/CW MCU v10.6/MCU/ARM_GCC_Support/ewl/lib/armv7e-m/fpu\libc99.a(strlen.o)
 .comment       0x00000000       0x7a C:/Freescale/CW MCU v10.6/MCU/ARM_GCC_Support/ewl/lib/armv7e-m/fpu\libc99.a(strncpy.o)
 .comment       0x00000000       0x7a C:/Freescale/CW MCU v10.6/MCU/ARM_GCC_Support/ewl/lib/armv7e-m/fpu\libm.a(ansi_fp.o)
 .comment       0x00000000       0x7a C:/Freescale/CW MCU v10.6/MCU/ARM_GCC_Support/ewl/lib/armv7e-m/fpu\libm.a(math_api.o)
 .comment       0x00000000       0x7a C:/Freescale/CW MCU v10.6/MCU/ARM_GCC_Support/ewl/lib/armv7e-m/fpu\libm.a(s_frexp.o)
 .comment       0x00000000       0x7a C:/Freescale/CW MCU v10.6/MCU/ARM_GCC_Support/ewl/lib/armv7e-m/fpu\librt.a(gcc_ctor_dtor.o)
 .comment       0x00000000       0x7a C:/Freescale/CW MCU v10.6/MCU/ARM_GCC_Support/ewl/lib/armv7e-m/fpu\librt.a(ROMCopy.o)
 .comment       0x00000000       0x7a C:/Freescale/CW MCU v10.6/MCU/ARM_GCC_Support/ewl/lib/armv7e-m/fpu\librt.a(__arm_eabi_init.o)

.debug_frame    0x00000000     0x2084
 .debug_frame   0x00000000       0x40 ./Project_Settings/Startup_Code/kinetis_sysinit.o
 .debug_frame   0x00000040       0x4c ./Project_Settings/Startup_Code/__arm_start.o
 .debug_frame   0x0000008c       0x2c ./Project_Settings/Startup_Code/__arm_end.o
 .debug_frame   0x000000b8       0xf0 ./Sources/Applications/main.o