Archive member included because of file (symbol)

C:/Freescale/CW MCU v10.6/MCU/ARM_GCC_Support/ewl/lib/armv7e-m/fpu\libc.a(exit.o)
                              ./Project_Settings/Startup_Code/__arm_start.o (exit)
C:/Freescale/CW MCU v10.6/MCU/ARM_GCC_Support/ewl/lib/armv7e-m/fpu\libc.a(memset.o)
                              ./Project_Settings/Startup_Code/__arm_start.o (memset)
C:/Freescale/CW MCU v10.6/MCU/ARM_GCC_Support/ewl/lib/armv7e-m/fpu\libc.a(printformat_fp.o)
                              (__pformatterFP)
C:/Freescale/CW MCU v10.6/MCU/ARM_GCC_Support/ewl/lib/armv7e-m/fpu\libc.a(scanformat_fp.o)
                              (__sformatter_FP)
C:/Freescale/CW MCU v10.6/MCU/ARM_GCC_Support/ewl/lib/armv7e-m/fpu\libc.a(ctype_aeabi.o)
                              C:/Freescale/CW MCU v10.6/MCU/ARM_GCC_Support/ewl/lib/armv7e-m/fpu\libc.a(scanformat_fp.o) (isspace)
C:/Freescale/CW MCU v10.6/MCU/ARM_GCC_Support/ewl/lib/armv7e-m/fpu\libc.a(__strtold.o)
                              C:/Freescale/CW MCU v10.6/MCU/ARM_GCC_Support/ewl/lib/armv7e-m/fpu\libc.a(scanformat_fp.o) (__strtold)
C:/Freescale/CW MCU v10.6/MCU/ARM_GCC_Support/ewl/lib/armv7e-m/fpu\libc.a(vsscanf.o)
                              C:/Freescale/CW MCU v10.6/MCU/ARM_GCC_Support/ewl/lib/armv7e-m/fpu\libc.a(__strtold.o) (__StringRead)
C:/Freescale/CW MCU v10.6/MCU/ARM_GCC_Support/ewl/lib/armv7e-m/fpu\libc.a(__strtoul.o)
                              C:/Freescale/CW MCU v10.6/MCU/ARM_GCC_Support/ewl/lib/armv7e-m/fpu\libc.a(scanformat_fp.o) (__strtoul)
C:/Freescale/CW MCU v10.6/MCU/ARM_GCC_Support/ewl/lib/armv7e-m/fpu\libc.a(__filll_mem.o)
                              C:/Freescale/CW MCU v10.6/MCU/ARM_GCC_Support/ewl/lib/armv7e-m/fpu\libc.a(memset.o) (__fill_mem)
C:/Freescale/CW MCU v10.6/MCU/ARM_GCC_Support/ewl/lib/armv7e-m/fpu\libc.a(memchr.o)
                              C:/Freescale/CW MCU v10.6/MCU/ARM_GCC_Support/ewl/lib/armv7e-m/fpu\libc.a(printformat_fp.o) (memchr)
C:/Freescale/CW MCU v10.6/MCU/ARM_GCC_Support/ewl/lib/armv7e-m/fpu\libc.a(strchr.o)
                              C:/Freescale/CW MCU v10.6/MCU/ARM_GCC_Support/ewl/lib/armv7e-m/fpu\libc.a(printformat_fp.o) (strchr)
C:/Freescale/CW MCU v10.6/MCU/ARM_GCC_Support/ewl/lib/armv7e-m/fpu\libc.a(strcpy.o)
                              C:/Freescale/CW MCU v10.6/MCU/ARM_GCC_Support/ewl/lib/armv7e-m/fpu\libc.a(printformat_fp.o) (strcpy)
C:/Freescale/CW MCU v10.6/MCU/ARM_GCC_Support/ewl/lib/armv7e-m/fpu\libc.a(strlen.o)
                              C:/Freescale/CW MCU v10.6/MCU/ARM_GCC_Support/ewl/lib/armv7e-m/fpu\libc.a(printformat_fp.o) (strlen)
C:/Freescale/CW MCU v10.6/MCU/ARM_GCC_Support/ewl/lib/armv7e-m/fpu\libc.a(errno.o)
                              C:/Freescale/CW MCU v10.6/MCU/ARM_GCC_Support/ewl/lib/armv7e-m/fpu\libc.a(__strtold.o) (errno)
C:/Freescale/CW MCU v10.6/MCU/ARM_GCC_Support/ewl/lib/armv7e-m/fpu\libm.a(ansi_fp.o)
                              C:/Freescale/CW MCU v10.6/MCU/ARM_GCC_Support/ewl/lib/armv7e-m/fpu\libc.a(printformat_fp.o) (__num2dec)
C:/Freescale/CW MCU v10.6/MCU/ARM_GCC_Support/ewl/lib/armv7e-m/fpu\libm.a(float.o)
                              C:/Freescale/CW MCU v10.6/MCU/ARM_GCC_Support/ewl/lib/armv7e-m/fpu\libc.a(__strtold.o) (__extended_max)
C:/Freescale/CW MCU v10.6/MCU/ARM_GCC_Support/ewl/lib/armv7e-m/fpu\libm.a(math_api.o)
                              C:/Freescale/CW MCU v10.6/MCU/ARM_GCC_Support/ewl/lib/armv7e-m/fpu\libm.a(ansi_fp.o) (__signbitd)
C:/Freescale/CW MCU v10.6/MCU/ARM_GCC_Support/ewl/lib/armv7e-m/fpu\libm.a(s_frexp.o)
                              C:/Freescale/CW MCU v10.6/MCU/ARM_GCC_Support/ewl/lib/armv7e-m/fpu\libm.a(ansi_fp.o) (frexp)
C:/Freescale/CW MCU v10.6/MCU/ARM_GCC_Support/ewl/lib/armv7e-m/fpu\libm.a(w_atan2.o)
                              ./Sources/Modules/mAccelMagneto.o (atan2)
C:/Freescale/CW MCU v10.6/MCU/ARM_GCC_Support/ewl/lib/armv7e-m/fpu\libm.a(w_pow.o)
                              C:/Freescale/CW MCU v10.6/MCU/ARM_GCC_Support/ewl/lib/armv7e-m/fpu\libm.a(ansi_fp.o) (pow)
C:/Freescale/CW MCU v10.6/MCU/ARM_GCC_Support/ewl/lib/armv7e-m/fpu\libm.a(w_sqrt.o)
                              ./Sources/Modules/mAccelMagneto.o (sqrt)
C:/Freescale/CW MCU v10.6/MCU/ARM_GCC_Support/ewl/lib/armv7e-m/fpu\libm.a(e_atan2.o)
                              C:/Freescale/CW MCU v10.6/MCU/ARM_GCC_Support/ewl/lib/armv7e-m/fpu\libm.a(w_atan2.o) (__ieee754_atan2)
C:/Freescale/CW MCU v10.6/MCU/ARM_GCC_Support/ewl/lib/armv7e-m/fpu\libm.a(e_pow.o)
                              C:/Freescale/CW MCU v10.6/MCU/ARM_GCC_Support/ewl/lib/armv7e-m/fpu\libm.a(w_pow.o) (__ieee754_pow)
C:/Freescale/CW MCU v10.6/MCU/ARM_GCC_Support/ewl/lib/armv7e-m/fpu\libm.a(e_sqrt.o)
                              C:/Freescale/CW MCU v10.6/MCU/ARM_GCC_Support/ewl/lib/armv7e-m/fpu\libm.a(w_sqrt.o) (__ieee754_sqrt)
C:/Freescale/CW MCU v10.6/MCU/ARM_GCC_Support/ewl/lib/armv7e-m/fpu\libm.a(s_atan.o)
[...]
Memory Configuration

Name             Origin             Length             Attributes
m_interrupts     0x00000000         0x00000198         xr
m_cfmprotrom     0x00000400         0x00000010         xr
m_text           0x00000800         0x000ff800         xr
m_data           0x1fff0000         0x00010000         xrw
m_data2          0x20000000         0x00030000         xrw
*default*        0x00000000         0xffffffff

Linker script and memory map

LOAD ./Project_Settings/Startup_Code/kinetis_sysinit.o
LOAD ./Project_Settings/Startup_Code/__arm_start.o
LOAD ./Project_Settings/Startup_Code/__arm_end.o
LOAD ./Sources/Applications/main.o
LOAD ./Sources/Applications/gOutput.o
LOAD ./Sources/Applications/gMBox.o
LOAD ./Sources/Applications/gInput.o
LOAD ./Sources/Applications/gCompute.o
LOAD ./Sources/Interfaces/iUart.o
LOAD ./Sources/Interfaces/iSpi.o
LOAD ./Sources/Interfaces/iPit.o
LOAD ./Sources/Interfaces/iI2C.o
LOAD ./Sources/Interfaces/iFlextimer.o
LOAD ./Sources/Interfaces/iDio.o
LOAD ./Sources/Interfaces/iDac.o
LOAD ./Sources/Interfaces/iCpu.o
LOAD ./Sources/Interfaces/iAd.o
LOAD ./Sources/Modules/mWifi.o
LOAD ./Sources/Modules/mTimer.o
LOAD ./Sources/Modules/mSwitch.o
LOAD ./Sources/Modules/mSpi.o
LOAD ./Sources/Modules/mRS232.o
LOAD ./Sources/Modules/mLeds.o
LOAD ./Sources/Modules/mDelay.o
LOAD ./Sources/Modules/mDac.o
LOAD ./Sources/Modules/mCpu.o
LOAD ./Sources/Modules/mAd.o
LOAD ./Sources/Modules/mAccelMagneto.o
LOAD ./Sources/Utils/stbp.o
LOAD ./Sources/Utils/def.o
LOAD ./Sources/Utils/StTime.o
                0x0000716c                __pformatter = __pformatterFP
                0x000079a4                __sformatter = __sformatter_FP
START GROUP
LOAD C:/Freescale/CW MCU v10.6/MCU/ARM_GCC_Support/ewl/lib/armv7e-m/fpu\libc.a
LOAD C:/Freescale/CW MCU v10.6/MCU/ARM_GCC_Support/ewl/lib/armv7e-m/fpu\libm.a
LOAD c:/freescale/cw mcu v10.6/cross_tools/arm-none-eabi-gcc-4_7_3/bin/../lib/gcc/arm-none-eabi/4.7.3/armv7e-m/fpu\libgcc.a
LOAD C:/Freescale/CW MCU v10.6/MCU/ARM_GCC_Support/ewl/lib/armv7e-m/fpu\librt.a
LOAD C:/Freescale/CW MCU v10.6/MCU/ARM_GCC_Support/ewl/lib/armv7e-m/fpu\libuart.a
END GROUP
                0x20000000                _estack = 0x20000000
                0x20000000                __SP_INIT = _estack
                0x00000800                __heap_size = 0x800
                0x00000800                __stack_size = 0x800

.interrupts     0x00000000      0x198
                0x00000000                __vector_table = .
                0x00000000                . = ALIGN (0x4)
 *(.vectortable)
 .vectortable   0x00000000      0x198 ./Project_Settings/Startup_Code/kinetis_sysinit.o
                0x00000000                InterruptVector
                0x00000198                . = ALIGN (0x4)

.cfmprotect     0x00000400        0x0
                0x00000400                . = ALIGN (0x4)
 *(.cfmconfig)
                0x00000400                . = ALIGN (0x4)

.text           0x00000800     0x9b48
                0x00000800                . = ALIGN (0x4)
 *(.text)
 .text          0x00000800      0x370 c:/freescale/cw mcu v10.6/cross_tools/arm-none-eabi-gcc-4_7_3/bin/../lib/gcc/arm-none-eabi/4.7.3/armv7e-m/fpu\libgcc.a(_arm_addsubdf3.o)
                0x00000800                __aeabi_drsub
                0x00000808                __aeabi_dsub
                0x00000808                __subdf3
                0x0000080c                __aeabi_dadd
                0x0000080c                __adddf3
                0x00000a84                __floatunsidf
                0x00000a84                __aeabi_ui2d
                0x00000aa4                __floatsidf
                0x00000aa4                __aeabi_i2d
                0x00000ac8                __aeabi_f2d
                0x00000ac8                __extendsfdf2
                0x00000b04                __floatundidf
                0x00000b04                __aeabi_ul2d
                0x00000b14                __floatdidf
                0x00000b14                __aeabi_l2d
 .text          0x00000b70      0x424 c:/freescale/cw mcu v10.6/cross_tools/arm-none-eabi-gcc-4_7_3/bin/../lib/gcc/arm-none-eabi/4.7.3/armv7e-m/fpu\libgcc.a(_arm_muldivdf3.o)
                0x00000b70                __aeabi_dmul
                0x00000b70                __muldf3
                0x00000dc4                __divdf3
                0x00000dc4                __aeabi_ddiv
 .text          0x00000f94      0x110 c:/freescale/cw mcu v10.6/cross_tools/arm-none-eabi-gcc-4_7_3/bin/../lib/gcc/arm-none-eabi/4.7.3/armv7e-m/fpu\libgcc.a(_arm_cmpdf2.o)
                0x00000f94                __gtdf2
                0x00000f94                __gedf2
                0x00000f9c                __ltdf2
                0x00000f9c                __ledf2
                0x00000fa4                __nedf2
                0x00000fa4                __eqdf2
                0x00000fa4                __cmpdf2
                0x00001020                __aeabi_cdrcmple
                0x00001030                __aeabi_cdcmpeq
                0x00001030                __aeabi_cdcmple
                0x00001040                __aeabi_dcmpeq
                0x00001054                __aeabi_dcmplt
                0x00001068                __aeabi_dcmple
                0x0000107c                __aeabi_dcmpge
                0x00001090                __aeabi_dcmpgt
 .text          0x000010a4       0x50 c:/freescale/cw mcu v10.6/cross_tools/arm-none-eabi-gcc-4_7_3/bin/../lib/gcc/arm-none-eabi/4.7.3/armv7e-m/fpu\libgcc.a(_arm_fixdfsi.o)
                0x000010a4                __aeabi_d2iz
                0x000010a4                __fixdfsi
 .text          0x000010f4       0x40 c:/freescale/cw mcu v10.6/cross_tools/arm-none-eabi-gcc-4_7_3/bin/../lib/gcc/arm-none-eabi/4.7.3/armv7e-m/fpu\libgcc.a(_arm_fixunsdfsi.o)
                0x000010f4                __aeabi_d2uiz
                0x000010f4                __fixunsdfsi
 .text          0x00001134       0xa0 c:/freescale/cw mcu v10.6/cross_tools/arm-none-eabi-gcc-4_7_3/bin/../lib/gcc/arm-none-eabi/4.7.3/armv7e-m/fpu\libgcc.a(_arm_truncdfsf2.o)
                0x00001134                __truncdfsf2
                0x00001134                __aeabi_d2f
 *(.text*)
 .text.Default_Handler
                0x000011d4        0xc ./Project_Settings/Startup_Code/kinetis_sysinit.o
                0x000011d4                RTC_Alarm_IRQHandler
                0x000011d4                CAN0_Rx_Warning_IRQHandler
                0x000011d4                CAN0_Err_IRQHandler
                0x000011d4                I2C0_IRQHandler
                0x000011d4                HardFault_Handler
                0x000011d4                PDB_IRQHandler
                0x000011d4                SysTick_Handler
                0x000011d4                UART0_Status_IRQHandler
                0x000011d4                PendSV_Handler
                0x000011d4                NMI_Handler
                0x000011d4                I2C1_IRQHandler
                0x000011d4                DMA2_IRQHandler
                0x000011d4                Watchdog_IRQHandler
                0x000011d4                Bus_Fault_Handler
                0x000011d4                CMP2_IRQHandler
                0x000011d4                SWI_IRQHandler
                0x000011d4                ADC0_IRQHandler
                0x000011d4                ENET_MAC_Transmit_IRQHandler
                0x000011d4                I2S0_Tx_IRQHandler
                0x000011d4                CMT_IRQHandler
                0x000011d4                UART1_Status_IRQHandler
                0x000011d4                SPI1_IRQHandler
                0x000011d4                DMA9_IRQHandler
                0x000011d4                DMA14_IRQHandler
                0x000011d4                CMP1_IRQHandler
                0x000011d4                PORTD_IRQHandler
                0x000011d4                UART4_ERR_IRQHandler
                0x000011d4                ADC1_IRQHandler
                0x000011d4                I2C2_IRQHandler
                0x000011d4                I2S0_Rx_IRQHandler
                0x000011d4                LPTimer_IRQHandler
                0x000011d4                DMA5_IRQHandler
                0x000011d4                UART3_ERR_IRQHandler
                0x000011d4                SDHC_IRQHandler
                0x000011d4                RTC_Seconds_IRQHandler
                0x000011d4                MCG_IRQHandler
                0x000011d4                ENET_MAC_Timer_IRQHandler
                0x000011d4                UART2_ERR_IRQHandler
                0x000011d4                DMA11_IRQHandler
                0x000011d4                Tamper_Drylce_IRQHandler
                0x000011d4                USB_OTG_IRQHandler
                0x000011d4                Read_Collision_IRQHandler
                0x000011d4                Default_Handler
                0x000011d4                UART4_Status_IRQHandler
                0x000011d4                DMA7_IRQHandler
                0x000011d4                LLW_IRQHandler
                0x000011d4                SPI2_IRQHandler
                0x000011d4                USB_Charger_Detect_IRQHandler
                0x000011d4                SVC_Handler
                0x000011d4                Usage_Fault_Handler
                0x000011d4                DMA13_IRQHandler
                0x000011d4                DMA3_IRQHandler
                0x000011d4                UART0_LON_IRQHandler
                0x000011d4                RNG_IRQHandler
                0x000011d4                DMA0_IRQHandler
                0x000011d4                DMA15_IRQHandler
                0x000011d4                DAC0_IRQHandler
                0x000011d4                ENET_MAC_Error_IRQHandler
                0x000011d4                DMA4_IRQHandler
                0x000011d4                UART0_ERR_IRQHandler
                0x000011d4                DMA_Error_IRQHandler
                0x000011d4                LVD_LVW_IRQHandler
                0x000011d4                SPI0_IRQHandler
                0x000011d4                CAN0_Tx_WarningIRQHandler
                0x000011d4                FTM0_IRQHandler
                0x000011d4                PORTA_IRQHandler
                0x000011d4                DAC1_IRQHandler
                0x000011d4                MCM_IRQHandler
                0x000011d4                DMA12_IRQHandler
                0x000011d4                Mem_Manage_Fault_Handler
                0x000011d4                FTFL_IRQHandler
                0x000011d4                CAN0_Bus_Off_IRQHandler
                0x000011d4                FTM3_IRQHandler
                0x000011d4                PORTE_IRQHandler
                0x000011d4                CAN0_Message_buffer_IRQHandler
                0x000011d4                FTM2_IRQHandler
                0x000011d4                DMA8_IRQHandler
                0x000011d4                DMA10_IRQHandler
                0x000011d4                CAN0_Wake_Up_IRQHandler
                0x000011d4                DebugMonitor_Handler
                0x000011d4                UART1_ERR_IRQHandler
                0x000011d4                CMP0_IRQHandler
                0x000011d4                ENET_MAC_Receive_IRQHandler
                0x000011d4                PORTC_IRQHandler
                0x000011d4                DMA6_IRQHandler
                0x000011d4                UART2_Status_IRQHandler
                0x000011d4                DMA1_IRQHandler
 .text.__init_hardware
                0x000011e0       0x44 ./Project_Settings/Startup_Code/kinetis_sysinit.o
                0x000011e0                __init_hardware
 .text.zero_fill_bss
                0x00001224       0x2c ./Project_Settings/Startup_Code/__arm_start.o
 .text.__thumb_startup
                0x00001250       0x34 ./Project_Settings/Startup_Code/__arm_start.o
                0x00001250                __thumb_startup
 .text._ExitProcess
                0x00001284        0xc ./Project_Settings/Startup_Code/__arm_end.o
                0x00001284                _ExitProcess
 .text.main     0x00001290      0x470 ./Sources/Applications/main.o
                0x00001290                main
 .text.stbpSendFrameJava2
                0x00001700      0x25c ./Sources/Applications/main.o
                0x00001700                stbpSendFrameJava2
 .text.SendDataJava
                0x0000195c      0x15c ./Sources/Applications/main.o
                0x0000195c                SendDataJava
 .text.InitDataJava
                0x00001ab8       0x34 ./Sources/Applications/main.o
                0x00001ab8                InitDataJava
 .text.iUart_Config
                0x00001aec      0x32c ./Sources/Interfaces/iUart.o
                0x00001aec                iUart_Config
 .text.iUart_GetStatus
                0x00001e18       0x34 ./Sources/Interfaces/iUart.o
                0x00001e18                iUart_GetStatus
 .text.iUart_SetData
                0x00001e4c       0x20 ./Sources/Interfaces/iUart.o
                0x00001e4c                iUart_SetData
 .text.iUart_IsBufferEmpty
                0x00001e6c       0x38 ./Sources/Interfaces/iUart.o
                0x00001e6c                iUart_IsBufferEmpty
 .text.iUart_GetCharFromBuffer
                0x00001ea4       0x94 ./Sources/Interfaces/iUart.o
                0x00001ea4                iUart_GetCharFromBuffer
 .text.UART3_Status_IRQHandler
                0x00001f38      0x4cc ./Sources/Interfaces/iUart.o
                0x00001f38                UART3_Status_IRQHandler
 .text.iSpi_ConfigClockAndPins
                0x00002404      0x1f8 ./Sources/Interfaces/iSpi.o
                0x00002404                iSpi_ConfigClockAndPins
 .text.iSpi_ConfigSPIModule
                0x000025fc       0xc8 ./Sources/Interfaces/iSpi.o
                0x000025fc                iSpi_ConfigSPIModule
 .text.iSpi_ChangeInactiveCSState
                0x000026c4       0xe0 ./Sources/Interfaces/iSpi.o
                0x000026c4                iSpi_ChangeInactiveCSState
 .text.iSpi_ConfigClockAndTransfert
                0x000027a4      0x1a4 ./Sources/Interfaces/iSpi.o
                0x000027a4                iSpi_ConfigClockAndTransfert
 .text.iSpi_ConfigInterrupAndDMA
                0x00002948       0x70 ./Sources/Interfaces/iSpi.o
                0x00002948                iSpi_ConfigInterrupAndDMA
 .text.iSpi_StartTX
                0x000029b8       0x70 ./Sources/Interfaces/iSpi.o
                0x000029b8                iSpi_StartTX
 .text.iSpi_GetStatus
                0x00002a28       0x84 ./Sources/Interfaces/iSpi.o
                0x00002a28                iSpi_GetStatus
 .text.iSpi_ResetStatus
                0x00002aac       0x74 ./Sources/Interfaces/iSpi.o
                0x00002aac                iSpi_ResetStatus
 .text.iSpi_PushDataIntoFifo
                0x00002b20       0x88 ./Sources/Interfaces/iSpi.o
                0x00002b20                iSpi_PushDataIntoFifo
 .text.iSpi_ReadData
                0x00002ba8       0x50 ./Sources/Interfaces/iSpi.o
                0x00002ba8                iSpi_ReadData
 .text.iPit_Config
                0x00002bf8      0x2b8 ./Sources/Interfaces/iPit.o
                0x00002bf8                iPit_Config
 .text.iPit_StartPit
                0x00002eb0       0xa4 ./Sources/Interfaces/iPit.o
                0x00002eb0                iPit_StartPit
 .text.iPit_InitDelay
                0x00002f54       0xc8 ./Sources/Interfaces/iPit.o
                0x00002f54                iPit_InitDelay
 .text.iPit_GetDelay
                0x0000301c      0x160 ./Sources/Interfaces/iPit.o
                0x0000301c                iPit_GetDelay
 .text.iPit_IsDelayDone
                0x0000317c       0x4c ./Sources/Interfaces/iPit.o
                0x0000317c                iPit_IsDelayDone
 .text.iPit_DelayRelease
                0x000031c8       0xb0 ./Sources/Interfaces/iPit.o
                0x000031c8                iPit_DelayRelease
 .text.iPit_ReStart
                0x00003278       0xb4 ./Sources/Interfaces/iPit.o
                0x00003278                iPit_ReStart
 .text.PIT0_IRQHandler
                0x0000332c      0x134 ./Sources/Interfaces/iPit.o
                0x0000332c                PIT0_IRQHandler
 .text.PIT1_IRQHandler
                0x00003460      0x144 ./Sources/Interfaces/iPit.o
                0x00003460                PIT1_IRQHandler
 .text.PIT2_IRQHandler
                0x000035a4      0x144 ./Sources/Interfaces/iPit.o
                0x000035a4                PIT2_IRQHandler
 .text.PIT3_IRQHandler
                0x000036e8      0x144 ./Sources/Interfaces/iPit.o
                0x000036e8                PIT3_IRQHandler
 .text.iI2C_Config
                0x0000382c       0x9c ./Sources/Interfaces/iI2C.o
                0x0000382c                iI2C_Config
 .text.iI2C_Enable
                0x000038c8       0x28 ./Sources/Interfaces/iI2C.o
                0x000038c8                iI2C_Enable
 .text.iI2C_SetStartState
                0x000038f0       0x28 ./Sources/Interfaces/iI2C.o
                0x000038f0                iI2C_SetStartState
 .text.iI2C_SetRepeatedStartSate
                0x00003918       0x28 ./Sources/Interfaces/iI2C.o
                0x00003918                iI2C_SetRepeatedStartSate
 .text.iI2C_SetStopState
                0x00003940       0x28 ./Sources/Interfaces/iI2C.o
                0x00003940                iI2C_SetStopState
 .text.iI2C_SetAckMode
                0x00003968       0x5c ./Sources/Interfaces/iI2C.o
                0x00003968                iI2C_SetAckMode
 .text.iI2C_TxRxSelect
                0x000039c4       0x5c ./Sources/Interfaces/iI2C.o
                0x000039c4                iI2C_TxRxSelect
 .text.iI2C_SendData
                0x00003a20       0x20 ./Sources/Interfaces/iI2C.o
                0x00003a20                iI2C_SendData
 .text.iI2C_WaitEndOfRxOrTx
                0x00003a40       0x3c ./Sources/Interfaces/iI2C.o
                0x00003a40                iI2C_WaitEndOfRxOrTx
 .text.iI2C_ReadData
                0x00003a7c       0x28 ./Sources/Interfaces/iI2C.o
                0x00003a7c                iI2C_ReadData
 .text.iI2C_ReadStatus
                0x00003aa4       0x34 ./Sources/Interfaces/iI2C.o
                0x00003aa4                iI2C_ReadStatus
 .text.iFlextimer_Config
                0x00003ad8      0x3d0 ./Sources/Interfaces/iFlextimer.o
                0x00003ad8                iFlextimer_Config
 .text.iFlextimer_GetSpeed
                0x00003ea8       0x30 ./Sources/Interfaces/iFlextimer.o
                0x00003ea8                iFlextimer_GetSpeed
 .text.FTM1_IRQHandler
                0x00003ed8      0x330 ./Sources/Interfaces/iFlextimer.o
                0x00003ed8                FTM1_IRQHandler
 .text.iFlextimer_SetServoDuty
                0x00004208      0x118 ./Sources/Interfaces/iFlextimer.o
                0x00004208                iFlextimer_SetServoDuty
 .text.iFlextimer_SetMotorDuty
                0x00004320      0x174 ./Sources/Interfaces/iFlextimer.o
                0x00004320                iFlextimer_SetMotorDuty
 .text.iDio_SetPortDirection
                0x00004494       0xa0 ./Sources/Interfaces/iDio.o
                0x00004494                iDio_SetPortDirection
 .text.iDio_SetPort
                0x00004534       0xd0 ./Sources/Interfaces/iDio.o
                0x00004534                iDio_SetPort
 .text.iDio_GetPort
                0x00004604       0x94 ./Sources/Interfaces/iDio.o
                0x00004604                iDio_GetPort
 .text.iDac_Config
                0x00004698      0x110 ./Sources/Interfaces/iDac.o
                0x00004698                iDac_Config
 .text.iDac_SetResetVal
                0x000047a8      0x104 ./Sources/Interfaces/iDac.o
 *fill*         0x000048ac        0x4 00
 .text.iDac_SETDACBUFFER
                0x000048b0       0xe0 ./Sources/Interfaces/iDac.o
                0x000048b0                iDac_SETDACBUFFER
 .text.iCpu_PllInit
                0x00004990      0x14c ./Sources/Interfaces/iCpu.o
 .text.iCpu_PinFctCfg
                0x00004adc      0x1f4 ./Sources/Interfaces/iCpu.o
 .text.iCpu_PeriphClkInit
                0x00004cd0      0x120 ./Sources/Interfaces/iCpu.o
 .text.iCpu_VREFInit
                0x00004df0       0x5c ./Sources/Interfaces/iCpu.o
 .text.iCpu_SysInit
                0x00004e4c       0x30 ./Sources/Interfaces/iCpu.o
                0x00004e4c                iCpu_SysInit
 .text.iAd_Config
                0x00004e7c       0x7c ./Sources/Interfaces/iAd.o
                0x00004e7c                iAd_Config
 .text.iAd_GetResult
                0x00004ef8       0x20 ./Sources/Interfaces/iAd.o
                0x00004ef8                iAd_GetResult
 .text.iAd_SelectChannel
                0x00004f18       0x48 ./Sources/Interfaces/iAd.o
                0x00004f18                iAd_SelectChannel
 .text.iAd_GetCompleteConvStatus
                0x00004f60       0x30 ./Sources/Interfaces/iAd.o
                0x00004f60                iAd_GetCompleteConvStatus
 .text.iAd_Cal  0x00004f90      0x228 ./Sources/Interfaces/iAd.o
                0x00004f90                iAd_Cal
 .text.mWifi_Setup
                0x000051b8        0xc ./Sources/Modules/mWifi.o
                0x000051b8                mWifi_Setup
 .text.mWifi_Open
                0x000051c4      0x170 ./Sources/Modules/mWifi.o
                0x000051c4                mWifi_Open
 .text.mWifi_WriteString
                0x00005334       0x40 ./Sources/Modules/mWifi.o
                0x00005334                mWifi_WriteString
 .text.mWifi_WriteChar
                0x00005374       0x2c ./Sources/Modules/mWifi.o
                0x00005374                mWifi_WriteChar
 .text.mWifi_SciReadDataFromBuffer
                0x000053a0       0x34 ./Sources/Modules/mWifi.o
                0x000053a0                mWifi_SciReadDataFromBuffer
 .text.mWifi_SendCmd
                0x000053d4       0xcc ./Sources/Modules/mWifi.o
                0x000053d4                mWifi_SendCmd
 .text.mTimer_Setup
                0x000054a0       0x2c ./Sources/Modules/mTimer.o
                0x000054a0                mTimer_Setup
 .text.mTimer_Open
                0x000054cc       0x50 ./Sources/Modules/mTimer.o
                0x000054cc                mTimer_Open
 .text.mTimer_GetSpeed
                0x0000551c       0x1c ./Sources/Modules/mTimer.o
                0x0000551c                mTimer_GetSpeed
 .text.mTimer_SetServoDuty
                0x00005538       0x24 ./Sources/Modules/mTimer.o
                0x00005538                mTimer_SetServoDuty
 .text.mTimer_SetMotorDuty
                0x0000555c       0x24 ./Sources/Modules/mTimer.o
                0x0000555c                mTimer_SetMotorDuty
 .text.mTimer_MotorMoveStraight
                0x00005580      0x318 ./Sources/Modules/mTimer.o
                0x00005580                mTimer_MotorMoveStraight
 .text.mTimer_ForwardRegulationDirection
                0x00005898       0xcc ./Sources/Modules/mTimer.o
 *fill*         0x00005964        0x4 00
 .text.mTimer_SetSameVitesseMotor
                0x00005968      0x408 ./Sources/Modules/mTimer.o
                0x00005968                mTimer_SetSameVitesseMotor
 .text.mSwitch_Setup
                0x00005d70       0x1c ./Sources/Modules/mSwitch.o
                0x00005d70                mSwitch_Setup
 .text.mSwitch_Open
                0x00005d8c        0xc ./Sources/Modules/mSwitch.o
                0x00005d8c                mSwitch_Open
 .text.mSwitch_ReadSwitch
                0x00005d98       0x78 ./Sources/Modules/mSwitch.o
                0x00005d98                mSwitch_ReadSwitch
 .text.mSwitch_ReadPushBut
                0x00005e10       0x48 ./Sources/Modules/mSwitch.o
                0x00005e10                mSwitch_ReadPushBut
 .text.mSpi_Setup
                0x00005e58       0x90 ./Sources/Modules/mSpi.o
                0x00005e58                mSpi_Setup
 .text.mSpi_Open
                0x00005ee8       0x30 ./Sources/Modules/mSpi.o
                0x00005ee8                mSpi_Open
 .text.mSpi_SP0ReadWrite
                0x00005f18       0xd0 ./Sources/Modules/mSpi.o
                0x00005f18                mSpi_SP0ReadWrite
 .text.mSpi_MLX75306_RXTX
                0x00005fe8       0xb4 ./Sources/Modules/mSpi.o
                0x00005fe8                mSpi_MLX75306_RXTX
 .text.mSpi_MLX75306_ReadPicture
                0x0000609c       0xac ./Sources/Modules/mSpi.o
                0x0000609c                mSpi_MLX75306_ReadPicture
 .text.mSpi_MLX75306_Reset
                0x00006148       0x10 ./Sources/Modules/mSpi.o
                0x00006148                mSpi_MLX75306_Reset
 .text.mSpi_MLX75306_StartIntegration
                0x00006158      0x110 ./Sources/Modules/mSpi.o
                0x00006158                mSpi_MLX75306_StartIntegration
 .text.mRs232_Setup
                0x00006268        0xc ./Sources/Modules/mRS232.o
                0x00006268                mRs232_Setup
 .text.mRs232_Open
                0x00006274        0xc ./Sources/Modules/mRS232.o
                0x00006274                mRs232_Open
 .text.mLeds_Setup
                0x00006280       0x18 ./Sources/Modules/mLeds.o
                0x00006280                mLeds_Setup
 .text.mLeds_Open
                0x00006298        0xc ./Sources/Modules/mLeds.o
                0x00006298                mLeds_Open
 .text.mLeds_Toggle
                0x000062a4       0xc8 ./Sources/Modules/mLeds.o
                0x000062a4                mLeds_Toggle
 .text.mDelay_Setup
                0x0000636c       0x1c ./Sources/Modules/mDelay.o
                0x0000636c                mDelay_Setup
 .text.mDelay_Open
                0x00006388       0x10 ./Sources/Modules/mDelay.o
                0x00006388                mDelay_Open
 .text.mDelay_GetDelay
                0x00006398       0x28 ./Sources/Modules/mDelay.o
                0x00006398                mDelay_GetDelay
 .text.mDelay_ReStart
                0x000063c0       0x2c ./Sources/Modules/mDelay.o
                0x000063c0                mDelay_ReStart
 .text.mDelay_IsDelayDone
                0x000063ec       0x28 ./Sources/Modules/mDelay.o
                0x000063ec                mDelay_IsDelayDone
 .text.mDac_Setup
                0x00006414       0x14 ./Sources/Modules/mDac.o
                0x00006414                mDac_Setup
 .text.mDac_Open
                0x00006428        0xc ./Sources/Modules/mDac.o
                0x00006428                mDac_Open
 .text.mDac_SetDac0Output
                0x00006434       0x24 ./Sources/Modules/mDac.o
                0x00006434                mDac_SetDac0Output
 .text.mCpu_Setup
                0x00006458        0xc ./Sources/Modules/mCpu.o
                0x00006458                mCpu_Setup
 .text.mAd_Setup
                0x00006464       0x14 ./Sources/Modules/mAd.o
                0x00006464                mAd_Setup
 .text.mAd_Open
                0x00006478        0xc ./Sources/Modules/mAd.o
                0x00006478                mAd_Open
 .text.mAd_Read
                0x00006484       0xac ./Sources/Modules/mAd.o
                0x00006484                mAd_Read
 .text.mAccelMagneto_Setup
                0x00006530        0xc ./Sources/Modules/mAccelMagneto.o
                0x00006530                mAccelMagneto_Setup
 .text.mAccelMagneto_Open
                0x0000653c        0xc ./Sources/Modules/mAccelMagneto.o
                0x0000653c                mAccelMagneto_Open
 .text.mAccelMagneto_GetData
                0x00006548      0x174 ./Sources/Modules/mAccelMagneto.o
                0x00006548                mAccelMagneto_GetData
 .text.PORTB_IRQHandler
                0x000066bc       0x68 ./Sources/Modules/mAccelMagneto.o
                0x000066bc                PORTB_IRQHandler
 .text.Stbp_InitSw
                0x00006724       0xec ./Sources/Utils/stbp.o
                0x00006724                Stbp_InitSw
 .text.Stbp_IsDataToTransmit
                0x00006810       0x58 ./Sources/Utils/stbp.o
                0x00006810                Stbp_IsDataToTransmit
 .text.Stbp_GetNextByteToSend
                0x00006868      0x204 ./Sources/Utils/stbp.o
                0x00006868                Stbp_GetNextByteToSend
 .text.Stbp_NewMsg
                0x00006a6c       0x80 ./Sources/Utils/stbp.o
                0x00006a6c                Stbp_NewMsg
 .text.Stbp_PutUint16
                0x00006aec       0x94 ./Sources/Utils/stbp.o
                0x00006aec                Stbp_PutUint16
 .text.Stbp_PutString
                0x00006b80       0x94 ./Sources/Utils/stbp.o
                0x00006b80                Stbp_PutString
 .text.Stbp_EncodeMessage
                0x00006c14       0x4c ./Sources/Utils/stbp.o
                0x00006c14                Stbp_EncodeMessage
 .text.enable_irq
                0x00006c60      0x228 ./Sources/Utils/def.o
                0x00006c60                enable_irq
 .text.disable_irq
                0x00006e88      0x108 ./Sources/Utils/def.o
                0x00006e88                disable_irq
 .text.exit     0x00006f90       0x38 C:/Freescale/CW MCU v10.6/MCU/ARM_GCC_Support/ewl/lib/armv7e-m/fpu\libc.a(exit.o)
                0x00006f90                exit
 .text.memset   0x00006fc8        0xc C:/Freescale/CW MCU v10.6/MCU/ARM_GCC_Support/ewl/lib/armv7e-m/fpu\libc.a(memset.o)
                0x00006fc8                memset
 .text.long2str.isra.0
                0x00006fd4      0x196 C:/Freescale/CW MCU v10.6/MCU/ARM_GCC_Support/ewl/lib/armv7e-m/fpu\libc.a(printformat_fp.o)
 *fill*         0x0000716a        0x2 00
 .text.__pformatterFP
                0x0000716c      0x838 C:/Freescale/CW MCU v10.6/MCU/ARM_GCC_Support/ewl/lib/armv7e-m/fpu\libc.a(printformat_fp.o)
                0x0000716c                __pformatterFP
 .text.__sformatter_FP
                0x000079a4      0x7a8 C:/Freescale/CW MCU v10.6/MCU/ARM_GCC_Support/ewl/lib/armv7e-m/fpu\libc.a(scanformat_fp.o)
                0x000079a4                __sformatter_FP
 .text.isalpha  0x0000814c       0x1c C:/Freescale/CW MCU v10.6/MCU/ARM_GCC_Support/ewl/lib/armv7e-m/fpu\libc.a(ctype_aeabi.o)
                0x0000814c                isalpha
 .text.isspace  0x00008168       0x1c C:/Freescale/CW MCU v10.6/MCU/ARM_GCC_Support/ewl/lib/armv7e-m/fpu\libc.a(ctype_aeabi.o)
                0x00008168                isspace
 .text.isupper  0x00008184       0x1c C:/Freescale/CW MCU v10.6/MCU/ARM_GCC_Support/ewl/lib/armv7e-m/fpu\libc.a(ctype_aeabi.o)
                0x00008184                isupper
 .text.isxdigit
                0x000081a0       0x1c C:/Freescale/CW MCU v10.6/MCU/ARM_GCC_Support/ewl/lib/armv7e-m/fpu\libc.a(ctype_aeabi.o)
                0x000081a0                isxdigit
 .text.toupper  0x000081bc        0xc C:/Freescale/CW MCU v10.6/MCU/ARM_GCC_Support/ewl/lib/armv7e-m/fpu\libc.a(ctype_aeabi.o)
                0x000081bc                toupper
 .text.__strtold
                0x000081c8      0x6dc C:/Freescale/CW MCU v10.6/MCU/ARM_GCC_Support/ewl/lib/armv7e-m/fpu\libc.a(__strtold.o)
                0x000081c8                __strtold
 .text.__strtoul
                0x000088a4      0x214 C:/Freescale/CW MCU v10.6/MCU/ARM_GCC_Support/ewl/lib/armv7e-m/fpu\libc.a(__strtoul.o)
                0x000088a4                __strtoul
 .text.__fill_mem
                0x00008ab8       0x76 C:/Freescale/CW MCU v10.6/MCU/ARM_GCC_Support/ewl/lib/armv7e-m/fpu\libc.a(__filll_mem.o)
                0x00008ab8                __fill_mem
 .text.memchr   0x00008b2e       0x18 C:/Freescale/CW MCU v10.6/MCU/ARM_GCC_Support/ewl/lib/armv7e-m/fpu\libc.a(memchr.o)
                0x00008b2e                memchr
 .text.strchr   0x00008b46       0x1a C:/Freescale/CW MCU v10.6/MCU/ARM_GCC_Support/ewl/lib/armv7e-m/fpu\libc.a(strchr.o)
                0x00008b46                strchr
 .text.strcpy   0x00008b60        0xe C:/Freescale/CW MCU v10.6/MCU/ARM_GCC_Support/ewl/lib/armv7e-m/fpu\libc.a(strcpy.o)
                0x00008b60                strcpy
 .text.strlen   0x00008b6e       0x10 C:/Freescale/CW MCU v10.6/MCU/ARM_GCC_Support/ewl/lib/armv7e-m/fpu\libc.a(strlen.o)
                0x00008b6e                strlen
 *fill*         0x00008b7e        0x2 00
 .text.__num2dec
                0x00008b80      0x248 C:/Freescale/CW MCU v10.6/MCU/ARM_GCC_Support/ewl/lib/armv7e-m/fpu\libm.a(ansi_fp.o)
                0x00008b80                __num2dec
 .text.__dec2num
                0x00008dc8      0x168 C:/Freescale/CW MCU v10.6/MCU/ARM_GCC_Support/ewl/lib/armv7e-m/fpu\libm.a(ansi_fp.o)
                0x00008dc8                __dec2num
 .text.__round_decimal
                0x00008f30       0x98 C:/Freescale/CW MCU v10.6/MCU/ARM_GCC_Support/ewl/lib/armv7e-m/fpu\libm.a(ansi_fp.o)
                0x00008f30                __round_decimal
 .text.__signbitd
                0x00008fc8        0x8 C:/Freescale/CW MCU v10.6/MCU/ARM_GCC_Support/ewl/lib/armv7e-m/fpu\libm.a(math_api.o)
                0x00008fc8                __signbitd
 .text.__fpclassifyd
                0x00008fd0       0x40 C:/Freescale/CW MCU v10.6/MCU/ARM_GCC_Support/ewl/lib/armv7e-m/fpu\libm.a(math_api.o)
                0x00008fd0                __fpclassifyd
 .text.frexp    0x00009010       0x6c C:/Freescale/CW MCU v10.6/MCU/ARM_GCC_Support/ewl/lib/armv7e-m/fpu\libm.a(s_frexp.o)
                0x00009010                frexp
 .text.pow      0x0000907c        0x4 C:/Freescale/CW MCU v10.6/MCU/ARM_GCC_Support/ewl/lib/armv7e-m/fpu\libm.a(w_pow.o)
                0x0000907c                pow
 .text.sqrt     0x00009080        0x4 C:/Freescale/CW MCU v10.6/MCU/ARM_GCC_Support/ewl/lib/armv7e-m/fpu\libm.a(w_sqrt.o)
                0x00009080                sqrt
 *fill*         0x00009084        0x4 00
 .text.__ieee754_pow
                0x00009088      0xb98 C:/Freescale/CW MCU v10.6/MCU/ARM_GCC_Support/ewl/lib/armv7e-m/fpu\libm.a(e_pow.o)
                0x00009088                __ieee754_pow
 .text.__ieee754_sqrt
                0x00009c20      0x174 C:/Freescale/CW MCU v10.6/MCU/ARM_GCC_Support/ewl/lib/armv7e-m/fpu\libm.a(e_sqrt.o)
                0x00009c20                __ieee754_sqrt
 .text.scalbn   0x00009d94       0x18 C:/Freescale/CW MCU v10.6/MCU/ARM_GCC_Support/ewl/lib/armv7e-m/fpu\libm.a(scalbn.o)
                0x00009d94                scalbn
 *fill*         0x00009dac        0x4 00
 .text.ldexp    0x00009db0      0x138 C:/Freescale/CW MCU v10.6/MCU/ARM_GCC_Support/ewl/lib/armv7e-m/fpu\libm.a(s_ldexp.o)
                0x00009db0                ldexp
 .text.__init_cpp
                0x00009ee8       0x4c C:/Freescale/CW MCU v10.6/MCU/ARM_GCC_Support/ewl/lib/armv7e-m/fpu\librt.a(gcc_ctor_dtor.o)
                0x00009ee8                __init_cpp
 .text.__fini_cpp
                0x00009f34       0x34 C:/Freescale/CW MCU v10.6/MCU/ARM_GCC_Support/ewl/lib/armv7e-m/fpu\librt.a(gcc_ctor_dtor.o)
                0x00009f34                __fini_cpp
 .text.__copy_rom_section
                0x00009f68       0x44 C:/Freescale/CW MCU v10.6/MCU/ARM_GCC_Support/ewl/lib/armv7e-m/fpu\librt.a(ROMCopy.o)
                0x00009f68                __copy_rom_section
 .text.__copy_rom_sections_to_ram
                0x00009fac       0x30 C:/Freescale/CW MCU v10.6/MCU/ARM_GCC_Support/ewl/lib/armv7e-m/fpu\librt.a(ROMCopy.o)
                0x00009fac                __copy_rom_sections_to_ram
 .text.__destroy_global_chain
                0x00009fdc       0x18 C:/Freescale/CW MCU v10.6/MCU/ARM_GCC_Support/ewl/lib/armv7e-m/fpu\librt.a(__arm_eabi_init.o)
                0x00009fdc                __destroy_global_chain
 .text.__init_registers
                0x00009ff4       0x24 C:/Freescale/CW MCU v10.6/MCU/ARM_GCC_Support/ewl/lib/armv7e-m/fpu\librt.a(__arm_eabi_init.o)
                0x00009ff4                __init_registers
 .text.__fp_init
                0x0000a018       0x1c C:/Freescale/CW MCU v10.6/MCU/ARM_GCC_Support/ewl/lib/armv7e-m/fpu\librt.a(__arm_eabi_init.o)
                0x0000a018                __fp_init
 .text.__init_user
                0x0000a034        0x4 C:/Freescale/CW MCU v10.6/MCU/ARM_GCC_Support/ewl/lib/armv7e-m/fpu\librt.a(__arm_eabi_init.o)
                0x0000a034                __init_user
 *(.rodata)
 .rodata        0x0000a038       0xe0 ./Sources/Applications/main.o
 .rodata        0x0000a118       0x20 C:/Freescale/CW MCU v10.6/MCU/ARM_GCC_Support/ewl/lib/armv7e-m/fpu\libc.a(__strtold.o)
 *(.rodata*)
 .rodata.str1.1
                0x0000a138       0x14 C:/Freescale/CW MCU v10.6/MCU/ARM_GCC_Support/ewl/lib/armv7e-m/fpu\libc.a(printformat_fp.o)
                                 0x25 (size before relaxing)
 .rodata.CSWTCH.22
                0x0000a14c       0x21 C:/Freescale/CW MCU v10.6/MCU/ARM_GCC_Support/ewl/lib/armv7e-m/fpu\libc.a(printformat_fp.o)
 .rodata.CSWTCH.23
                0x0000a16d       0x21 C:/Freescale/CW MCU v10.6/MCU/ARM_GCC_Support/ewl/lib/armv7e-m/fpu\libc.a(printformat_fp.o)
 .rodata.__aeabi_ctype_table_C
                0x0000a18e      0x101 C:/Freescale/CW MCU v10.6/MCU/ARM_GCC_Support/ewl/lib/armv7e-m/fpu\libc.a(ctype_aeabi.o)
                0x0000a18e                __aeabi_ctype_table_C
 *fill*         0x0000a28f        0x1 00
 .rodata.digit_values
                0x0000a290       0x40 C:/Freescale/CW MCU v10.6/MCU/ARM_GCC_Support/ewl/lib/armv7e-m/fpu\libm.a(ansi_fp.o)
 .rodata.bit_values
                0x0000a2d0       0x48 C:/Freescale/CW MCU v10.6/MCU/ARM_GCC_Support/ewl/lib/armv7e-m/fpu\libm.a(ansi_fp.o)
 .rodata.dp_h   0x0000a318       0x10 C:/Freescale/CW MCU v10.6/MCU/ARM_GCC_Support/ewl/lib/armv7e-m/fpu\libm.a(e_pow.o)
 .rodata.dp_l   0x0000a328       0x10 C:/Freescale/CW MCU v10.6/MCU/ARM_GCC_Support/ewl/lib/armv7e-m/fpu\libm.a(e_pow.o)
 .rodata.bp     0x0000a338       0x10 C:/Freescale/CW MCU v10.6/MCU/ARM_GCC_Support/ewl/lib/armv7e-m/fpu\libm.a(e_pow.o)
 *(.glue_7)
 .glue_7        0x00000000        0x0 linker stubs
 *(.glue_7t)
 .glue_7t       0x00000000        0x0 linker stubs
 *(.eh_frame)
 *(.init)
 *(.fini)
                0x0000a348                . = ALIGN (0x4)
                0x0000a348                _etext = .

.vfp11_veneer   0x0000a348        0x0
 .vfp11_veneer  0x00000000        0x0 linker stubs

.v4_bx          0x0000a348        0x0
 .v4_bx         0x00000000        0x0 linker stubs

.iplt           0x0000a348        0x0
 .iplt          0x00000000        0x0 ./Project_Settings/Startup_Code/kinetis_sysinit.o

.rel.dyn        0x0000a348        0x0
 .rel.iplt      0x00000000        0x0 ./Project_Settings/Startup_Code/kinetis_sysinit.o

.ARM.extab
 *(.ARM.extab* .gnu.linkonce.armextab.*)

.ARM            0x0000a348        0x0
                0x0000a348                __exidx_start = .
 *(.ARM.exidx*)
                0x0000a348                __exidx_end = .

.ctors          0x0000a348        0x0
                0x0000a348                __CTOR_LIST__ = .
 *crtbegin.o(.ctors)
 *(EXCLUDE_FILE(*crtend.o) .ctors)
 *(SORT(.ctors.*))
 *(.ctors)
                0x0000a348                __CTOR_END__ = .

.dtors          0x0000a348        0x0
                0x0000a348                __DTOR_LIST__ = .
 *crtbegin.o(.dtors)
 *(EXCLUDE_FILE(*crtend.o) .dtors)
 *(SORT(.dtors.*))
 *(.dtors)
                0x0000a348                __DTOR_END__ = .

.preinit_array  0x0000a348        0x0
                0x0000a348                PROVIDE (__preinit_array_start, .)
 *(.preinit_array*)
                0x0000a348                PROVIDE (__preinit_array_end, .)

.init_array     0x0000a348        0x0
                0x0000a348                PROVIDE (__init_array_start, .)
 *(SORT(.init_array.*))
 *(.init_array*)
                0x0000a348                PROVIDE (__init_array_end, .)

.fini_array     0x0000a348        0x0
                0x0000a348                PROVIDE (__fini_array_start, .)
 *(SORT(.fini_array.*))
 *(.fini_array*)
                0x0000a348                PROVIDE (__fini_array_end, .)
                0x0000a348                ___ROM_AT = .

.data           0x1fff0000       0x24 load address 0x0000a348
                0x1fff0000                . = ALIGN (0x4)
                0x1fff0000                _sdata = .
 *(.data)
 *(.data*)
 .data.sMyCommPtr
                0x1fff0000        0x4 ./Sources/Applications/main.o
 .data.sTxMsgBufferPtr
                0x1fff0004        0x4 ./Sources/Applications/main.o
                0x1fff0004                sTxMsgBufferPtr
 .data.__double_nan
                0x1fff0008        0x8 C:/Freescale/CW MCU v10.6/MCU/ARM_GCC_Support/ewl/lib/armv7e-m/fpu\libm.a(float.o)
                0x1fff0008                __double_nan
 .data.__double_huge
                0x1fff0010        0x8 C:/Freescale/CW MCU v10.6/MCU/ARM_GCC_Support/ewl/lib/armv7e-m/fpu\libm.a(float.o)
                0x1fff0010                __double_huge
 .data.__float_nan
                0x1fff0018        0x4 C:/Freescale/CW MCU v10.6/MCU/ARM_GCC_Support/ewl/lib/armv7e-m/fpu\libm.a(float.o)
                0x1fff0018                __float_nan
 .data.__extended_max
                0x1fff001c        0x8 C:/Freescale/CW MCU v10.6/MCU/ARM_GCC_Support/ewl/lib/armv7e-m/fpu\libm.a(float.o)
                0x1fff001c                __extended_max
                0x1fff0024                . = ALIGN (0x4)
                0x1fff0024                _edata = .
                0x00000024                ___data_size = (_edata - _sdata)
                0x0000a36c                ___m_data2_ROMStart = (___ROM_AT + SIZEOF (.data))

.igot.plt       0x1fff0024        0x0 load address 0x0000a36c
 .igot.plt      0x00000000        0x0 ./Project_Settings/Startup_Code/kinetis_sysinit.o

.user_data2     0x20000000        0x0 load address 0x0000a36c
                0x20000000                . = ALIGN (0x4)
                0x20000000                ___m_data2_RAMStart = .
 *(.data2)
                0x20000000                ___m_data2_RAMEnd = .
                0x20000000                . = ALIGN (0x4)
                0x00000000                ___m_data2_ROMSize = (___m_data2_RAMEnd - ___m_data2_RAMStart)
                0x20000000                . = ALIGN (0x4)

.bss            0x1fff0024     0x2544 load address 0x0000a36c
                0x1fff0024                __START_BSS = .
                0x1fff0024                PROVIDE (__bss_start__, __START_BSS)
 *(.bss)
 *(.bss*)
 .bss.argv      0x1fff0024        0x4 ./Project_Settings/Startup_Code/__arm_start.o
 .bss.sImageTab
                0x1fff0028       0xc8 ./Sources/Applications/main.o
 .bss.sImageDeriveTab
                0x1fff00f0       0xc8 ./Sources/Applications/main.o
 .bss.sMyComm   0x1fff01b8       0x40 ./Sources/Applications/main.o
 .bss.sMyCommRxBuffer
                0x1fff01f8      0x1f4 ./Sources/Applications/main.o
 .bss.sMyCommTxBuffer
                0x1fff03ec      0x1f4 ./Sources/Applications/main.o
 .bss.sNumberOfTransferredBytes
                0x1fff05e0        0x2 ./Sources/Applications/main.o
 *fill*         0x1fff05e2        0x2 00
 .bss.sTxMsgBuffer
                0x1fff05e4      0x3e8 ./Sources/Applications/main.o
                0x1fff05e4                sTxMsgBuffer
 .bss.sDlyJava  0x1fff09cc        0x2 ./Sources/Applications/main.o
 *fill*         0x1fff09ce        0x2 00
 .bss.sServo_Angle
                0x1fff09d0        0x4 ./Sources/Applications/main.o
                0x1fff09d0                sServo_Angle
 .bss.sFrameTxJava2
                0x1fff09d4       0xb0 ./Sources/Applications/main.o
 .bss.sLedOn1.6992
                0x1fff0a84        0x4 ./Sources/Applications/main.o
 .bss.aStatus.6918
                0x1fff0a88        0x2 ./Sources/Applications/main.o
 .bss.sDly.6916
                0x1fff0a8a        0x2 ./Sources/Applications/main.o
 .bss.sSciRecBufStruct
                0x1fff0a8c       0xd4 ./Sources/Interfaces/iUart.o
 .bss.sReadWifiState
                0x1fff0b60        0x1 ./Sources/Interfaces/iUart.o
 *fill*         0x1fff0b61        0x3 00
 .bss.sReadFrame
                0x1fff0b64     0x17e8 ./Sources/Interfaces/iUart.o
 .bss.sReadFrameInIndex
                0x1fff234c        0x2 ./Sources/Interfaces/iUart.o
                0x1fff234c                sReadFrameInIndex
 .bss.sReadFrameCounter
                0x1fff234e        0x2 ./Sources/Interfaces/iUart.o
                0x1fff234e                sReadFrameCounter
 .bss.sStatus.5512
                0x1fff2350        0x1 ./Sources/Interfaces/iUart.o
 *fill*         0x1fff2351        0x3 00
 .bss.sDly      0x1fff2354      0x168 ./Sources/Interfaces/iPit.o
 .bss.aTmp.5451
                0x1fff24bc        0x4 ./Sources/Interfaces/iPit.o
 .bss.sOldTimerValueChL
                0x1fff24c0        0x2 ./Sources/Interfaces/iFlextimer.o
 *fill*         0x1fff24c2        0x2 00
 .bss.sDeltaChL
                0x1fff24c4        0x4 ./Sources/Interfaces/iFlextimer.o
 .bss.sOldTimerValueChR
                0x1fff24c8        0x2 ./Sources/Interfaces/iFlextimer.o
 *fill*         0x1fff24ca        0x2 00
 .bss.sDeltaChR
                0x1fff24cc        0x4 ./Sources/Interfaces/iFlextimer.o
 .bss.sSpeedLeft
                0x1fff24d0        0x4 ./Sources/Interfaces/iFlextimer.o
 .bss.sSpeedRight
                0x1fff24d4        0x4 ./Sources/Interfaces/iFlextimer.o
 .bss.sOverFlowCounterL
                0x1fff24d8        0x4 ./Sources/Interfaces/iFlextimer.o
 .bss.sOverFlowCounterR
                0x1fff24dc        0x4 ./Sources/Interfaces/iFlextimer.o
 .bss.sSendDelayNb.4301
                0x1fff24e0        0x2 ./Sources/Modules/mWifi.o
 *fill*         0x1fff24e2        0x2 00
 .bss.aSpeedLeftCmd.4283
                0x1fff24e4        0x4 ./Sources/Modules/mTimer.o
 .bss.aSpeedRightCmd.4284
                0x1fff24e8        0x4 ./Sources/Modules/mTimer.o
 .bss.sServoPosition.4253
                0x1fff24ec        0x4 ./Sources/Modules/mTimer.o
 .bss.pState.4207
                0x1fff24f0        0x1 ./Sources/Modules/mLeds.o
 .bss.sDataReady
                0x1fff24f1        0x1 ./Sources/Modules/mAccelMagneto.o
 *fill*         0x1fff24f2        0x2 00
 .bss.m_bIsBigEndian
                0x1fff24f4        0x4 ./Sources/Utils/stbp.o
 .bss.__stdio_exit
                0x1fff24f8        0x4 C:/Freescale/CW MCU v10.6/MCU/ARM_GCC_Support/ewl/lib/armv7e-m/fpu\libc.a(exit.o)
                0x1fff24f8                __stdio_exit
 .bss.__console_exit
                0x1fff24fc        0x4 C:/Freescale/CW MCU v10.6/MCU/ARM_GCC_Support/ewl/lib/armv7e-m/fpu\libc.a(exit.o)
                0x1fff24fc                __console_exit
 .bss.__S_romp  0x1fff2500        0xc C:/Freescale/CW MCU v10.6/MCU/ARM_GCC_Support/ewl/lib/armv7e-m/fpu\librt.a(ROMCopy.o)
 .bss.__global_destructor_chain
                0x1fff250c        0x4 C:/Freescale/CW MCU v10.6/MCU/ARM_GCC_Support/ewl/lib/armv7e-m/fpu\librt.a(__arm_eabi_init.o)
                0x1fff250c                __global_destructor_chain
 *(COMMON)
 COMMON         0x1fff2510       0x1c ./Sources/Applications/main.o
                0x1fff2510                sMotorSpeed
                0x1fff2518                sPitch
                0x1fff251c                sRoll
                0x1fff2520                sSpeedMotLeft
                0x1fff2524                sYaw
                0x1fff2528                sSpeedMotRight
 COMMON         0x1fff252c       0x38 ./Sources/Modules/mAccelMagneto.o
                0x1fff252c                Xout_Mag_16_bit
                0x1fff252e                Xout_Accel_14_bit
                0x1fff2530                Zout_g
                0x1fff2534                AccelMagData
                0x1fff2540                Yout_uT
                0x1fff2544                Yout_Accel_14_bit
                0x1fff2546                Zout_Accel_14_bit
                0x1fff2548                Yout_Mag_16_bit
                0x1fff254c                Yout_g
                0x1fff2550                Xout_g
                0x1fff2554                Zout_uT
                0x1fff2558                Zout_Mag_16_bit
                0x1fff255c                Heading
                0x1fff2560                Xout_uT
 COMMON         0x1fff2564        0x4 C:/Freescale/CW MCU v10.6/MCU/ARM_GCC_Support/ewl/lib/armv7e-m/fpu\libc.a(errno.o)
                0x1fff2564                errno
                0x1fff2568                . = ALIGN (0x4)
                0x1fff2568                __END_BSS = .
                0x1fff2568                PROVIDE (__bss_end__, __END_BSS)

._user_heap_stack
                0x1fff2568     0x1000 load address 0x0000c8b0
                0x1fff2568                . = ALIGN (0x4)
                0x1fff2568                PROVIDE (end, .)
                0x1fff2568                PROVIDE (_end, .)
                0x1fff2568                __heap_addr = .
                0x1fff2d68                . = (. + __heap_size)
 *fill*         0x1fff2568      0x800 00
                0x1fff3568                . = (. + __stack_size)
 *fill*         0x1fff2d68      0x800 00
                0x1fff3568                . = ALIGN (0x4)
                0x0000a36c                _romp_at = ((___ROM_AT + SIZEOF (.data)) + SIZEOF (.user_data2))

.romp           0x20000000       0x24 load address 0x0000a36c
                0x0000a36c                __S_romp = _romp_at
                0x20000000        0x4 LONG 0xa348 ___ROM_AT
                0x20000004        0x4 LONG 0x1fff0000 _sdata
                0x20000008        0x4 LONG 0x24 ___data_size
                0x2000000c        0x4 LONG 0xa36c ___m_data2_ROMStart
                0x20000010        0x4 LONG 0x20000000 ___m_data2_RAMStart
                0x20000014        0x4 LONG 0x0 ___m_data2_ROMSize
                0x20000018        0x4 LONG 0x0
                0x2000001c        0x4 LONG 0x0
                0x20000020        0x4 LONG 0x0

.ARM.attributes
                0x00000000       0x3b
 *(.ARM.attributes)
 .ARM.attributes
                0x00000000       0x3b ./Project_Settings/Startup_Code/kinetis_sysinit.o
 .ARM.attributes
                0x0000003b       0x3b ./Project_Settings/Startup_Code/__arm_start.o
 .ARM.attributes
                0x00000076       0x3b ./Project_Settings/Startup_Code/__arm_end.o
 .ARM.attributes
                0x000000b1       0x3b ./Sources/Applications/main.o
 .ARM.attributes
                0x000000ec       0x3b ./Sources/Interfaces/iUart.o
 .ARM.attributes
                0x00000127       0x3b ./Sources/Interfaces/iSpi.o
 .ARM.attributes
                0x00000162       0x3b ./Sources/Interfaces/iPit.o
 .ARM.attributes
                0x0000019d       0x3b ./Sources/Interfaces/iI2C.o
 .ARM.attributes
                0x000001d8       0x3b ./Sources/Interfaces/iFlextimer.o
 .ARM.attributes
                0x00000213       0x3b ./Sources/Interfaces/iDio.o
 .ARM.attributes
                0x0000024e       0x3b ./Sources/Interfaces/iDac.o
 .ARM.attributes
                0x00000289       0x3b ./Sources/Interfaces/iCpu.o
 .ARM.attributes
                0x000002c4       0x3b ./Sources/Interfaces/iAd.o
 .ARM.attributes
                0x000002ff       0x3b ./Sources/Modules/mWifi.o
 .ARM.attributes
                0x0000033a       0x3b ./Sources/Modules/mTimer.o
 .ARM.attributes
                0x00000375       0x3b ./Sources/Modules/mSwitch.o
 .ARM.attributes
                0x000003b0       0x3b ./Sources/Modules/mSpi.o
 .ARM.attributes
                0x000003eb       0x3b ./Sources/Modules/mRS232.o
 .ARM.attributes
                0x00000426       0x3b ./Sources/Modules/mLeds.o
 .ARM.attributes
                0x00000461       0x3b ./Sources/Modules/mDelay.o
 .ARM.attributes
                0x0000049c       0x3b ./Sources/Modules/mDac.o
 .ARM.attributes
                0x000004d7       0x3b ./Sources/Modules/mCpu.o
 .ARM.attributes
                0x00000512       0x3b ./Sources/Modules/mAd.o
 .ARM.attributes
                0x0000054d       0x3b ./Sources/Modules/mAccelMagneto.o
 .ARM.attributes
                0x00000588       0x3b ./Sources/Utils/stbp.o
 .ARM.attributes
                0x000005c3       0x3b ./Sources/Utils/def.o
 .ARM.attributes
                0x000005fe       0x3b C:/Freescale/CW MCU v10.6/MCU/ARM_GCC_Support/ewl/lib/armv7e-m/fpu\libc.a(exit.o)
 .ARM.attributes
                0x00000639       0x3b C:/Freescale/CW MCU v10.6/MCU/ARM_GCC_Support/ewl/lib/armv7e-m/fpu\libc.a(memset.o)
 .ARM.attributes
                0x00000674       0x3b C:/Freescale/CW MCU v10.6/MCU/ARM_GCC_Support/ewl/lib/armv7e-m/fpu\libc.a(printformat_fp.o)
 .ARM.attributes
                0x000006af       0x3b C:/Freescale/CW MCU v10.6/MCU/ARM_GCC_Support/ewl/lib/armv7e-m/fpu\libc.a(scanformat_fp.o)
 .ARM.attributes
                0x000006ea       0x3b C:/Freescale/CW MCU v10.6/MCU/ARM_GCC_Support/ewl/lib/armv7e-m/fpu\libc.a(ctype_aeabi.o)
 .ARM.attributes
                0x00000725       0x3b C:/Freescale/CW MCU v10.6/MCU/ARM_GCC_Support/ewl/lib/armv7e-m/fpu\libc.a(__strtold.o)
 .ARM.attributes
                0x00000760       0x3b C:/Freescale/CW MCU v10.6/MCU/ARM_GCC_Support/ewl/lib/armv7e-m/fpu\libc.a(__strtoul.o)
 .ARM.attributes
                0x0000079b       0x3b C:/Freescale/CW MCU v10.6/MCU/ARM_GCC_Support/ewl/lib/armv7e-m/fpu\libc.a(__filll_mem.o)
 .ARM.attributes
                0x000007d6       0x3b C:/Freescale/CW MCU v10.6/MCU/ARM_GCC_Support/ewl/lib/armv7e-m/fpu\libc.a(memchr.o)
 .ARM.attributes
                0x00000811       0x3b C:/Freescale/CW MCU v10.6/MCU/ARM_GCC_Support/ewl/lib/armv7e-m/fpu\libc.a(strchr.o)
 .ARM.attributes
                0x0000084c       0x3b C:/Freescale/CW MCU v10.6/MCU/ARM_GCC_Support/ewl/lib/armv7e-m/fpu\libc.a(strcpy.o)
 .ARM.attributes
                0x00000887       0x3b C:/Freescale/CW MCU v10.6/MCU/ARM_GCC_Support/ewl/lib/armv7e-m/fpu\libc.a(strlen.o)
 .ARM.attributes
                0x000008c2       0x3b C:/Freescale/CW MCU v10.6/MCU/ARM_GCC_Support/ewl/lib/armv7e-m/fpu\libc.a(errno.o)
 .ARM.attributes
                0x000008fd       0x3b C:/Freescale/CW MCU v10.6/MCU/ARM_GCC_Support/ewl/lib/armv7e-m/fpu\libm.a(ansi_fp.o)
 .ARM.attributes
                0x00000938       0x3b C:/Freescale/CW MCU v10.6/MCU/ARM_GCC_Support/ewl/lib/armv7e-m/fpu\libm.a(float.o)
 .ARM.attributes
                0x00000973       0x3b C:/Freescale/CW MCU v10.6/MCU/ARM_GCC_Support/ewl/lib/armv7e-m/fpu\libm.a(math_api.o)
 .ARM.attributes
                0x000009ae       0x3b C:/Freescale/CW MCU v10.6/MCU/ARM_GCC_Support/ewl/lib/armv7e-m/fpu\libm.a(s_frexp.o)
 .ARM.attributes
                0x000009e9       0x3b C:/Freescale/CW MCU v10.6/MCU/ARM_GCC_Support/ewl/lib/armv7e-m/fpu\libm.a(w_pow.o)
 .ARM.attributes
                0x00000a24       0x3b C:/Freescale/CW MCU v10.6/MCU/ARM_GCC_Support/ewl/lib/armv7e-m/fpu\libm.a(w_sqrt.o)
 .ARM.attributes
                0x00000a5f       0x3b C:/Freescale/CW MCU v10.6/MCU/ARM_GCC_Support/ewl/lib/armv7e-m/fpu\libm.a(e_pow.o)
 .ARM.attributes
                0x00000a9a       0x3b C:/Freescale/CW MCU v10.6/MCU/ARM_GCC_Support/ewl/lib/armv7e-m/fpu\libm.a(e_sqrt.o)
 .ARM.attributes
                0x00000ad5       0x3b C:/Freescale/CW MCU v10.6/MCU/ARM_GCC_Support/ewl/lib/armv7e-m/fpu\libm.a(scalbn.o)
 .ARM.attributes
                0x00000b10       0x3b C:/Freescale/CW MCU v10.6/MCU/ARM_GCC_Support/ewl/lib/armv7e-m/fpu\libm.a(s_ldexp.o)
 .ARM.attributes
                0x00000b4b       0x24 c:/freescale/cw mcu v10.6/cross_tools/arm-none-eabi-gcc-4_7_3/bin/../lib/gcc/arm-none-eabi/4.7.3/armv7e-m/fpu\libgcc.a(_arm_addsubdf3.o)
 .ARM.attributes
                0x00000b6f       0x24 c:/freescale/cw mcu v10.6/cross_tools/arm-none-eabi-gcc-4_7_3/bin/../lib/gcc/arm-none-eabi/4.7.3/armv7e-m/fpu\libgcc.a(_arm_muldivdf3.o)
 .ARM.attributes
                0x00000b93       0x24 c:/freescale/cw mcu v10.6/cross_tools/arm-none-eabi-gcc-4_7_3/bin/../lib/gcc/arm-none-eabi/4.7.3/armv7e-m/fpu\libgcc.a(_arm_cmpdf2.o)
 .ARM.attributes
                0x00000bb7       0x24 c:/freescale/cw mcu v10.6/cross_tools/arm-none-eabi-gcc-4_7_3/bin/../lib/gcc/arm-none-eabi/4.7.3/armv7e-m/fpu\libgcc.a(_arm_fixdfsi.o)
 .ARM.attributes
                0x00000bdb       0x24 c:/freescale/cw mcu v10.6/cross_tools/arm-none-eabi-gcc-4_7_3/bin/../lib/gcc/arm-none-eabi/4.7.3/armv7e-m/fpu\libgcc.a(_arm_fixunsdfsi.o)
 .ARM.attributes
                0x00000bff       0x24 c:/freescale/cw mcu v10.6/cross_tools/arm-none-eabi-gcc-4_7_3/bin/../lib/gcc/arm-none-eabi/4.7.3/armv7e-m/fpu\libgcc.a(_arm_truncdfsf2.o)
 .ARM.attributes
                0x00000c23       0x3b C:/Freescale/CW MCU v10.6/MCU/ARM_GCC_Support/ewl/lib/armv7e-m/fpu\librt.a(gcc_ctor_dtor.o)
 .ARM.attributes
                0x00000c5e       0x3b C:/Freescale/CW MCU v10.6/MCU/ARM_GCC_Support/ewl/lib/armv7e-m/fpu\librt.a(ROMCopy.o)
 .ARM.attributes
                0x00000c99       0x3b C:/Freescale/CW MCU v10.6/MCU/ARM_GCC_Support/ewl/lib/armv7e-m/fpu\librt.a(__arm_eabi_init.o)
OUTPUT(FS_K64.elf elf32-littlearm)

.debug_info     0x00000000     0xc514
 .debug_info    0x00000000      0x387 ./Project_Settings/Startup_Code/kinetis_sysinit.o
 .debug_info    0x00000387      0x12a ./Project_Settings/Startup_Code/__arm_start.o
 .debug_info    0x000004b1       0x54 ./Project_Settings/Startup_Code/__arm_end.o
 .debug_info    0x00000505      0xb83 ./Sources/Applications/main.o
 .debug_info    0x00001088      0x854 ./Sources/Interfaces/iUart.o
 .debug_info    0x000018dc      0xad3 ./Sources/Interfaces/iSpi.o
 .debug_info    0x000023af      0x94d ./Sources/Interfaces/iPit.o
 .debug_info    0x00002cfc      0x8a0 ./Sources/Interfaces/iI2C.o
 .debug_info    0x0000359c      0x9ed ./Sources/Interfaces/iFlextimer.o
 .debug_info    0x00003f89      0x3a7 ./Sources/Interfaces/iDio.o
 .debug_info    0x00004330      0x49c ./Sources/Interfaces/iDac.o
 .debug_info    0x000047cc      0x6dd ./Sources/Interfaces/iCpu.o
 .debug_info    0x00004ea9      0x651 ./Sources/Interfaces/iAd.o
 .debug_info    0x000054fa      0x488 ./Sources/Modules/mWifi.o
 .debug_info    0x00005982      0x533 ./Sources/Modules/mTimer.o
 .debug_info    0x00005eb5      0x2a6 ./Sources/Modules/mSwitch.o
 .debug_info    0x0000615b      0x5c1 ./Sources/Modules/mSpi.o
 .debug_info    0x0000671c      0x13f ./Sources/Modules/mRS232.o
 .debug_info    0x0000685b      0x2dd ./Sources/Modules/mLeds.o
 .debug_info    0x00006b38      0x214 ./Sources/Modules/mDelay.o
 .debug_info    0x00006d4c       0xe0 ./Sources/Modules/mDac.o
 .debug_info    0x00006e2c       0x7d ./Sources/Modules/mCpu.o
 .debug_info    0x00006ea9      0x1cb ./Sources/Modules/mAd.o
 .debug_info    0x00007074      0x6ca ./Sources/Modules/mAccelMagneto.o
 .debug_info    0x0000773e      0xcb7 ./Sources/Utils/stbp.o
 .debug_info    0x000083f5      0x225 ./Sources/Utils/def.o
 .debug_info    0x0000861a       0xe8 C:/Freescale/CW MCU v10.6/MCU/ARM_GCC_Support/ewl/lib/armv7e-m/fpu\libc.a(exit.o)
 .debug_info    0x00008702       0xec C:/Freescale/CW MCU v10.6/MCU/ARM_GCC_Support/ewl/lib/armv7e-m/fpu\libc.a(memset.o)
 .debug_info    0x000087ee      0x765 C:/Freescale/CW MCU v10.6/MCU/ARM_GCC_Support/ewl/lib/armv7e-m/fpu\libc.a(printformat_fp.o)
 .debug_info    0x00008f53      0x5c6 C:/Freescale/CW MCU v10.6/MCU/ARM_GCC_Support/ewl/lib/armv7e-m/fpu\libc.a(scanformat_fp.o)
 .debug_info    0x00009519      0x306 C:/Freescale/CW MCU v10.6/MCU/ARM_GCC_Support/ewl/lib/armv7e-m/fpu\libc.a(ctype_aeabi.o)
 .debug_info    0x0000981f      0x76d C:/Freescale/CW MCU v10.6/MCU/ARM_GCC_Support/ewl/lib/armv7e-m/fpu\libc.a(__strtold.o)
 .debug_info    0x00009f8c      0x1d6 C:/Freescale/CW MCU v10.6/MCU/ARM_GCC_Support/ewl/lib/armv7e-m/fpu\libc.a(__strtoul.o)
 .debug_info    0x0000a162      0x135 C:/Freescale/CW MCU v10.6/MCU/ARM_GCC_Support/ewl/lib/armv7e-m/fpu\libc.a(__filll_mem.o)
 .debug_info    0x0000a297      0x120 C:/Freescale/CW MCU v10.6/MCU/ARM_GCC_Support/ewl/lib/armv7e-m/fpu\libc.a(memchr.o)
 .debug_info    0x0000a3b7      0x108 C:/Freescale/CW MCU v10.6/MCU/ARM_GCC_Support/ewl/lib/armv7e-m/fpu\libc.a(strchr.o)
 .debug_info    0x0000a4bf      0x108 C:/Freescale/CW MCU v10.6/MCU/ARM_GCC_Support/ewl/lib/armv7e-m/fpu\libc.a(strcpy.o)
 .debug_info    0x0000a5c7       0xeb C:/Freescale/CW MCU v10.6/MCU/ARM_GCC_Support/ewl/lib/armv7e-m/fpu\libc.a(strlen.o)
 .debug_info    0x0000a6b2       0x9d C:/Freescale/CW MCU v10.6/MCU/ARM_GCC_Support/ewl/lib/armv7e-m/fpu\libc.a(errno.o)
 .debug_info    0x0000a74f      0x515 C:/Freescale/CW MCU v10.6/MCU/ARM_GCC_Support/ewl/lib/armv7e-m/fpu\libm.a(ansi_fp.o)
 .debug_info    0x0000ac64      0x1e4 C:/Freescale/CW MCU v10.6/MCU/ARM_GCC_Support/ewl/lib/armv7e-m/fpu\libm.a(float.o)
 .debug_info    0x0000ae48      0x30b C:/Freescale/CW MCU v10.6/MCU/ARM_GCC_Support/ewl/lib/armv7e-m/fpu\libm.a(math_api.o)
 .debug_info    0x0000b153      0x1a1 C:/Freescale/CW MCU v10.6/MCU/ARM_GCC_Support/ewl/lib/armv7e-m/fpu\libm.a(s_frexp.o)
 .debug_info    0x0000b2f4       0xbf C:/Freescale/CW MCU v10.6/MCU/ARM_GCC_Support/ewl/lib/armv7e-m/fpu\libm.a(w_pow.o)
 .debug_info    0x0000b3b3       0xb2 C:/Freescale/CW MCU v10.6/MCU/ARM_GCC_Support/ewl/lib/armv7e-m/fpu\libm.a(w_sqrt.o)
 .debug_info    0x0000b465      0x5cb C:/Freescale/CW MCU v10.6/MCU/ARM_GCC_Support/ewl/lib/armv7e-m/fpu\libm.a(e_pow.o)
 .debug_info    0x0000ba30      0x266 C:/Freescale/CW MCU v10.6/MCU/ARM_GCC_Support/ewl/lib/armv7e-m/fpu\libm.a(e_sqrt.o)
 .debug_info    0x0000bc96       0xee C:/Freescale/CW MCU v10.6/MCU/ARM_GCC_Support/ewl/lib/armv7e-m/fpu\libm.a(scalbn.o)
 .debug_info    0x0000bd84      0x1e2 C:/Freescale/CW MCU v10.6/MCU/ARM_GCC_Support/ewl/lib/armv7e-m/fpu\libm.a(s_ldexp.o)
 .debug_info    0x0000bf66      0x136 C:/Freescale/CW MCU v10.6/MCU/ARM_GCC_Support/ewl/lib/armv7e-m/fpu\librt.a(gcc_ctor_dtor.o)
 .debug_info    0x0000c09c      0x19a C:/Freescale/CW MCU v10.6/MCU/ARM_GCC_Support/ewl/lib/armv7e-m/fpu\librt.a(ROMCopy.o)
 .debug_info    0x0000c236      0x2de C:/Freescale/CW MCU v10.6/MCU/ARM_GCC_Support/ewl/lib/armv7e-m/fpu\librt.a(__arm_eabi_init.o)

.debug_abbrev   0x00000000     0x30a0
 .debug_abbrev  0x00000000       0xf6 ./Project_Settings/Startup_Code/kinetis_sysinit.o
 .debug_abbrev  0x000000f6       0x92 ./Project_Settings/Startup_Code/__arm_start.o
 .debug_abbrev  0x00000188       0x4c ./Project_Settings/Startup_Code/__arm_end.o
 .debug_abbrev  0x000001d4      0x1ae ./Sources/Applications/main.o
 .debug_abbrev  0x00000382      0x1d6 ./Sources/Interfaces/iUart.o
 .debug_abbrev  0x00000558      0x1a0 ./Sources/Interfaces/iSpi.o
 .debug_abbrev  0x000006f8      0x16b ./Sources/Interfaces/iPit.o
 .debug_abbrev  0x00000863      0x139 ./Sources/Interfaces/iI2C.o
 .debug_abbrev  0x0000099c      0x125 ./Sources/Interfaces/iFlextimer.o
 .debug_abbrev  0x00000ac1       0xd2 ./Sources/Interfaces/iDio.o
 .debug_abbrev  0x00000b93      0x13a ./Sources/Interfaces/iDac.o
 .debug_abbrev  0x00000ccd      0x102 ./Sources/Interfaces/iCpu.o
 .debug_abbrev  0x00000dcf      0x12e ./Sources/Interfaces/iAd.o
 .debug_abbrev  0x00000efd       0xfd ./Sources/Modules/mWifi.o
 .debug_abbrev  0x00000ffa      0x106 ./Sources/Modules/mTimer.o
 .debug_abbrev  0x00001100       0xae ./Sources/Modules/mSwitch.o
 .debug_abbrev  0x000011ae      0x156 ./Sources/Modules/mSpi.o
 .debug_abbrev  0x00001304       0xa4 ./Sources/Modules/mRS232.o
 .debug_abbrev  0x000013a8       0xaa ./Sources/Modules/mLeds.o
 .debug_abbrev  0x00001452       0xc3 ./Sources/Modules/mDelay.o
 .debug_abbrev  0x00001515       0x77 ./Sources/Modules/mDac.o
 .debug_abbrev  0x0000158c       0x3d ./Sources/Modules/mCpu.o
 .debug_abbrev  0x000015c9       0xae ./Sources/Modules/mAd.o
 .debug_abbrev  0x00001677      0x18c ./Sources/Modules/mAccelMagneto.o
 .debug_abbrev  0x00001803      0x14f ./Sources/Utils/stbp.o
 .debug_abbrev  0x00001952       0xd5 ./Sources/Utils/def.o
 .debug_abbrev  0x00001a27       0x7a C:/Freescale/CW MCU v10.6/MCU/ARM_GCC_Support/ewl/lib/armv7e-m/fpu\libc.a(exit.o)
 .debug_abbrev  0x00001aa1       0x62 C:/Freescale/CW MCU v10.6/MCU/ARM_GCC_Support/ewl/lib/armv7e-m/fpu\libc.a(memset.o)
 .debug_abbrev  0x00001b03      0x23e C:/Freescale/CW MCU v10.6/MCU/ARM_GCC_Support/ewl/lib/armv7e-m/fpu\libc.a(printformat_fp.o)
 .debug_abbrev  0x00001d41      0x206 C:/Freescale/CW MCU v10.6/MCU/ARM_GCC_Support/ewl/lib/armv7e-m/fpu\libc.a(scanformat_fp.o)
 .debug_abbrev  0x00001f47       0x85 C:/Freescale/CW MCU v10.6/MCU/ARM_GCC_Support/ewl/lib/armv7e-m/fpu\libc.a(ctype_aeabi.o)
 .debug_abbrev  0x00001fcc      0x1cc C:/Freescale/CW MCU v10.6/MCU/ARM_GCC_Support/ewl/lib/armv7e-m/fpu\libc.a(__strtold.o)
 .debug_abbrev  0x00002198       0xc2 C:/Freescale/CW MCU v10.6/MCU/ARM_GCC_Support/ewl/lib/armv7e-m/fpu\libc.a(__strtoul.o)
 .debug_abbrev  0x0000225a       0x87 C:/Freescale/CW MCU v10.6/MCU/ARM_GCC_Support/ewl/lib/armv7e-m/fpu\libc.a(__filll_mem.o)
 .debug_abbrev  0x000022e1       0x95 C:/Freescale/CW MCU v10.6/MCU/ARM_GCC_Support/ewl/lib/armv7e-m/fpu\libc.a(memchr.o)
 .debug_abbrev  0x00002376       0x89 C:/Freescale/CW MCU v10.6/MCU/ARM_GCC_Support/ewl/lib/armv7e-m/fpu\libc.a(strchr.o)
 .debug_abbrev  0x000023ff       0x78 C:/Freescale/CW MCU v10.6/MCU/ARM_GCC_Support/ewl/lib/armv7e-m/fpu\libc.a(strcpy.o)
 .debug_abbrev  0x00002477       0x7a C:/Freescale/CW MCU v10.6/MCU/ARM_GCC_Support/ewl/lib/armv7e-m/fpu\libc.a(strlen.o)
 .debug_abbrev  0x000024f1       0x44 C:/Freescale/CW MCU v10.6/MCU/ARM_GCC_Support/ewl/lib/armv7e-m/fpu\libc.a(errno.o)
 .debug_abbrev  0x00002535      0x15d C:/Freescale/CW MCU v10.6/MCU/ARM_GCC_Support/ewl/lib/armv7e-m/fpu\libm.a(ansi_fp.o)
 .debug_abbrev  0x00002692       0x56 C:/Freescale/CW MCU v10.6/MCU/ARM_GCC_Support/ewl/lib/armv7e-m/fpu\libm.a(float.o)
 .debug_abbrev  0x000026e8       0xf7 C:/Freescale/CW MCU v10.6/MCU/ARM_GCC_Support/ewl/lib/armv7e-m/fpu\libm.a(math_api.o)
 .debug_abbrev  0x000027df       0xce C:/Freescale/CW MCU v10.6/MCU/ARM_GCC_Support/ewl/lib/armv7e-m/fpu\libm.a(s_frexp.o)
 .debug_abbrev  0x000028ad       0x59 C:/Freescale/CW MCU v10.6/MCU/ARM_GCC_Support/ewl/lib/armv7e-m/fpu\libm.a(w_pow.o)
 .debug_abbrev  0x00002906       0x59 C:/Freescale/CW MCU v10.6/MCU/ARM_GCC_Support/ewl/lib/armv7e-m/fpu\libm.a(w_sqrt.o)
 .debug_abbrev  0x0000295f      0x148 C:/Freescale/CW MCU v10.6/MCU/ARM_GCC_Support/ewl/lib/armv7e-m/fpu\libm.a(e_pow.o)
 .debug_abbrev  0x00002aa7      0x10b C:/Freescale/CW MCU v10.6/MCU/ARM_GCC_Support/ewl/lib/armv7e-m/fpu\libm.a(e_sqrt.o)
 .debug_abbrev  0x00002bb2       0x75 C:/Freescale/CW MCU v10.6/MCU/ARM_GCC_Support/ewl/lib/armv7e-m/fpu\libm.a(scalbn.o)
 .debug_abbrev  0x00002c27       0xce C:/Freescale/CW MCU v10.6/MCU/ARM_GCC_Support/ewl/lib/armv7e-m/fpu\libm.a(s_ldexp.o)
 .debug_abbrev  0x00002cf5       0x99 C:/Freescale/CW MCU v10.6/MCU/ARM_GCC_Support/ewl/lib/armv7e-m/fpu\librt.a(gcc_ctor_dtor.o)
 .debug_abbrev  0x00002d8e      0x137 C:/Freescale/CW MCU v10.6/MCU/ARM_GCC_Support/ewl/lib/armv7e-m/fpu\librt.a(ROMCopy.o)
 .debug_abbrev  0x00002ec5      0x1db C:/Freescale/CW MCU v10.6/MCU/ARM_GCC_Support/ewl/lib/armv7e-m/fpu\librt.a(__arm_eabi_init.o)

.debug_loc      0x00000000     0x6692
 .debug_loc     0x00000000       0x58 ./Project_Settings/Startup_Code/kinetis_sysinit.o
 .debug_loc     0x00000058       0x2c ./Project_Settings/Startup_Code/__arm_start.o
 .debug_loc     0x00000084       0x38 ./Project_Settings/Startup_Code/__arm_end.o
 .debug_loc     0x000000bc      0x18a ./Sources/Applications/main.o
 .debug_loc     0x00000246      0x268 ./Sources/Interfaces/iUart.o
 .debug_loc     0x000004ae      0x3e4 ./Sources/Interfaces/iSpi.o
 .debug_loc     0x00000892      0x268 ./Sources/Interfaces/iPit.o
 .debug_loc     0x00000afa      0x24c ./Sources/Interfaces/iI2C.o
 .debug_loc     0x00000d46      0x10c ./Sources/Interfaces/iFlextimer.o
 .debug_loc     0x00000e52       0xa8 ./Sources/Interfaces/iDio.o
 .debug_loc     0x00000efa      0x118 ./Sources/Interfaces/iDac.o
 .debug_loc     0x00001012       0xe8 ./Sources/Interfaces/iCpu.o
 .debug_loc     0x000010fa      0x10c ./Sources/Interfaces/iAd.o
 .debug_loc     0x00001206      0x1aa ./Sources/Modules/mWifi.o
 .debug_loc     0x000013b0      0x22c ./Sources/Modules/mTimer.o
 .debug_loc     0x000015dc       0xc8 ./Sources/Modules/mSwitch.o
 .debug_loc     0x000016a4      0x238 ./Sources/Modules/mSpi.o
 .debug_loc     0x000018dc       0xf4 ./Sources/Modules/mRS232.o
 .debug_loc     0x000019d0       0xc8 ./Sources/Modules/mLeds.o
 .debug_loc     0x00001a98      0x19c ./Sources/Modules/mDelay.o
 .debug_loc     0x00001c34       0x90 ./Sources/Modules/mDac.o
 .debug_loc     0x00001cc4       0x2c ./Sources/Modules/mCpu.o
 .debug_loc     0x00001cf0       0xf4 ./Sources/Modules/mAd.o
 .debug_loc     0x00001de4      0x238 ./Sources/Modules/mAccelMagneto.o
 .debug_loc     0x0000201c      0x5b0 ./Sources/Utils/stbp.o
 .debug_loc     0x000025cc       0x70 ./Sources/Utils/def.o
 .debug_loc     0x0000263c       0x3e C:/Freescale/CW MCU v10.6/MCU/ARM_GCC_Support/ewl/lib/armv7e-m/fpu\libc.a(exit.o)
 .debug_loc     0x0000267a       0x64 C:/Freescale/CW MCU v10.6/MCU/ARM_GCC_Support/ewl/lib/armv7e-m/fpu\libc.a(memset.o)
 .debug_loc     0x000026de     0x1075 C:/Freescale/CW MCU v10.6/MCU/ARM_GCC_Support/ewl/lib/armv7e-m/fpu\libc.a(printformat_fp.o)
 .debug_loc     0x00003753      0x930 C:/Freescale/CW MCU v10.6/MCU/ARM_GCC_Support/ewl/lib/armv7e-m/fpu\libc.a(scanformat_fp.o)
 .debug_loc     0x00004083      0x18e C:/Freescale/CW MCU v10.6/MCU/ARM_GCC_Support/ewl/lib/armv7e-m/fpu\libc.a(ctype_aeabi.o)
 .debug_loc     0x00004211      0x7df C:/Freescale/CW MCU v10.6/MCU/ARM_GCC_Support/ewl/lib/armv7e-m/fpu\libc.a(__strtold.o)
 .debug_loc     0x000049f0      0x2bb C:/Freescale/CW MCU v10.6/MCU/ARM_GCC_Support/ewl/lib/armv7e-m/fpu\libc.a(__strtoul.o)
 .debug_loc     0x00004cab      0x12c C:/Freescale/CW MCU v10.6/MCU/ARM_GCC_Support/ewl/lib/armv7e-m/fpu\libc.a(__filll_mem.o)
 .debug_loc     0x00004dd7       0x62 C:/Freescale/CW MCU v10.6/MCU/ARM_GCC_Support/ewl/lib/armv7e-m/fpu\libc.a(memchr.o)
 .debug_loc     0x00004e39       0x7c C:/Freescale/CW MCU v10.6/MCU/ARM_GCC_Support/ewl/lib/armv7e-m/fpu\libc.a(strchr.o)
 .debug_loc     0x00004eb5       0x26 C:/Freescale/CW MCU v10.6/MCU/ARM_GCC_Support/ewl/lib/armv7e-m/fpu\libc.a(strlen.o)
 .debug_loc     0x00004edb      0x523 C:/Freescale/CW MCU v10.6/MCU/ARM_GCC_Support/ewl/lib/armv7e-m/fpu\libm.a(ansi_fp.o)
 .debug_loc     0x000053fe      0x1fa C:/Freescale/CW MCU v10.6/MCU/ARM_GCC_Support/ewl/lib/armv7e-m/fpu\libm.a(math_api.o)
 .debug_loc     0x000055f8       0xb8 C:/Freescale/CW MCU v10.6/MCU/ARM_GCC_Support/ewl/lib/armv7e-m/fpu\libm.a(s_frexp.o)
 .debug_loc     0x000056b0       0x34 C:/Freescale/CW MCU v10.6/MCU/ARM_GCC_Support/ewl/lib/armv7e-m/fpu\libm.a(w_pow.o)
 .debug_loc     0x000056e4       0x1a C:/Freescale/CW MCU v10.6/MCU/ARM_GCC_Support/ewl/lib/armv7e-m/fpu\libm.a(w_sqrt.o)
 .debug_loc     0x000056fe      0x962 C:/Freescale/CW MCU v10.6/MCU/ARM_GCC_Support/ewl/lib/armv7e-m/fpu\libm.a(e_pow.o)
 .debug_loc     0x00006060      0x21a C:/Freescale/CW MCU v10.6/MCU/ARM_GCC_Support/ewl/lib/armv7e-m/fpu\libm.a(e_sqrt.o)
 .debug_loc     0x0000627a       0x58 C:/Freescale/CW MCU v10.6/MCU/ARM_GCC_Support/ewl/lib/armv7e-m/fpu\libm.a(scalbn.o)
 .debug_loc     0x000062d2      0x126 C:/Freescale/CW MCU v10.6/MCU/ARM_GCC_Support/ewl/lib/armv7e-m/fpu\libm.a(s_ldexp.o)
 .debug_loc     0x000063f8       0x9d C:/Freescale/CW MCU v10.6/MCU/ARM_GCC_Support/ewl/lib/armv7e-m/fpu\librt.a(gcc_ctor_dtor.o)
 .debug_loc     0x00006495       0xb9 C:/Freescale/CW MCU v10.6/MCU/ARM_GCC_Support/ewl/lib/armv7e-m/fpu\librt.a(ROMCopy.o)
 .debug_loc     0x0000654e      0x144 C:/Freescale/CW MCU v10.6/MCU/ARM_GCC_Support/ewl/lib/armv7e-m/fpu\librt.a(__arm_eabi_init.o)

.debug_aranges  0x00000000      0xca8
 .debug_aranges
                0x00000000       0x28 ./Project_Settings/Startup_Code/kinetis_sysinit.o
 .debug_aranges
                0x00000028       0x30 ./Project_Settings/Startup_Code/__arm_start.o
 .debug_aranges
                0x00000058       0x20 ./Project_Settings/Startup_Code/__arm_end.o
 .debug_aranges
                0x00000078       0x50 ./Sources/Applications/main.o
 .debug_aranges
                0x000000c8       0x70 ./Sources/Interfaces/iUart.o
 .debug_aranges
                0x00000138       0xa8 ./Sources/Interfaces/iSpi.o
 .debug_aranges
                0x000001e0       0x70 ./Sources/Interfaces/iPit.o
 .debug_aranges
                0x00000250       0x78 ./Sources/Interfaces/iI2C.o
 .debug_aranges
                0x000002c8       0x40 ./Sources/Interfaces/iFlextimer.o
 .debug_aranges
                0x00000308       0x30 ./Sources/Interfaces/iDio.o
 .debug_aranges
                0x00000338       0x40 ./Sources/Interfaces/iDac.o
 .debug_aranges
                0x00000378       0x40 ./Sources/Interfaces/iCpu.o
 .debug_aranges
                0x000003b8       0x40 ./Sources/Interfaces/iAd.o
 .debug_aranges
                0x000003f8       0x58 ./Sources/Modules/mWifi.o
 .debug_aranges
                0x00000450       0x70 ./Sources/Modules/mTimer.o
 .debug_aranges
                0x000004c0       0x38 ./Sources/Modules/mSwitch.o
 .debug_aranges
                0x000004f8       0x70 ./Sources/Modules/mSpi.o
 .debug_aranges
                0x00000568       0x40 ./Sources/Modules/mRS232.o
 .debug_aranges
                0x000005a8       0x38 ./Sources/Modules/mLeds.o
 .debug_aranges
                0x000005e0       0x58 ./Sources/Modules/mDelay.o
 .debug_aranges
                0x00000638       0x30 ./Sources/Modules/mDac.o
 .debug_aranges
                0x00000668       0x20 ./Sources/Modules/mCpu.o
 .debug_aranges
                0x00000688       0x40 ./Sources/Modules/mAd.o
 .debug_aranges
                0x000006c8       0x70 ./Sources/Modules/mAccelMagneto.o
 .debug_aranges
                0x00000738       0xe8 ./Sources/Utils/stbp.o
 .debug_aranges
                0x00000820       0x28 ./Sources/Utils/def.o
 .debug_aranges
                0x00000848       0x20 C:/Freescale/CW MCU v10.6/MCU/ARM_GCC_Support/ewl/lib/armv7e-m/fpu\libc.a(exit.o)
 .debug_aranges
                0x00000868       0x20 C:/Freescale/CW MCU v10.6/MCU/ARM_GCC_Support/ewl/lib/armv7e-m/fpu\libc.a(memset.o)
 .debug_aranges
                0x00000888       0x28 C:/Freescale/CW MCU v10.6/MCU/ARM_GCC_Support/ewl/lib/armv7e-m/fpu\libc.a(printformat_fp.o)
 .debug_aranges
                0x000008b0       0x20 C:/Freescale/CW MCU v10.6/MCU/ARM_GCC_Support/ewl/lib/armv7e-m/fpu\libc.a(scanformat_fp.o)
 .debug_aranges
                0x000008d0       0x88 C:/Freescale/CW MCU v10.6/MCU/ARM_GCC_Support/ewl/lib/armv7e-m/fpu\libc.a(ctype_aeabi.o)
 .debug_aranges
                0x00000958       0x38 C:/Freescale/CW MCU v10.6/MCU/ARM_GCC_Support/ewl/lib/armv7e-m/fpu\libc.a(__strtold.o)
 .debug_aranges
                0x00000990       0x20 C:/Freescale/CW MCU v10.6/MCU/ARM_GCC_Support/ewl/lib/armv7e-m/fpu\libc.a(__strtoul.o)
 .debug_aranges
                0x000009b0       0x20 C:/Freescale/CW MCU v10.6/MCU/ARM_GCC_Support/ewl/lib/armv7e-m/fpu\libc.a(__filll_mem.o)
 .debug_aranges
                0x000009d0       0x20 C:/Freescale/CW MCU v10.6/MCU/ARM_GCC_Support/ewl/lib/armv7e-m/fpu\libc.a(memchr.o)
 .debug_aranges
                0x000009f0       0x20 C:/Freescale/CW MCU v10.6/MCU/ARM_GCC_Support/ewl/lib/armv7e-m/fpu\libc.a(strchr.o)
 .debug_aranges
                0x00000a10       0x20 C:/Freescale/CW MCU v10.6/MCU/ARM_GCC_Support/ewl/lib/armv7e-m/fpu\libc.a(strcpy.o)
 .debug_aranges
                0x00000a30       0x20 C:/Freescale/CW MCU v10.6/MCU/ARM_GCC_Support/ewl/lib/armv7e-m/fpu\libc.a(strlen.o)
 .debug_aranges
                0x00000a50       0x18 C:/Freescale/CW MCU v10.6/MCU/ARM_GCC_Support/ewl/lib/armv7e-m/fpu\libc.a(errno.o)
 .debug_aranges
                0x00000a68       0x30 C:/Freescale/CW MCU v10.6/MCU/ARM_GCC_Support/ewl/lib/armv7e-m/fpu\libm.a(ansi_fp.o)
 .debug_aranges
                0x00000a98       0x18 C:/Freescale/CW MCU v10.6/MCU/ARM_GCC_Support/ewl/lib/armv7e-m/fpu\libm.a(float.o)
 .debug_aranges
                0x00000ab0       0x60 C:/Freescale/CW MCU v10.6/MCU/ARM_GCC_Support/ewl/lib/armv7e-m/fpu\libm.a(math_api.o)
 .debug_aranges
                0x00000b10       0x20 C:/Freescale/CW MCU v10.6/MCU/ARM_GCC_Support/ewl/lib/armv7e-m/fpu\libm.a(s_frexp.o)
 .debug_aranges
                0x00000b30       0x20 C:/Freescale/CW MCU v10.6/MCU/ARM_GCC_Support/ewl/lib/armv7e-m/fpu\libm.a(w_pow.o)
 .debug_aranges
                0x00000b50       0x20 C:/Freescale/CW MCU v10.6/MCU/ARM_GCC_Support/ewl/lib/armv7e-m/fpu\libm.a(w_sqrt.o)
 .debug_aranges
                0x00000b70       0x20 C:/Freescale/CW MCU v10.6/MCU/ARM_GCC_Support/ewl/lib/armv7e-m/fpu\libm.a(e_pow.o)
 .debug_aranges
                0x00000b90       0x20 C:/Freescale/CW MCU v10.6/MCU/ARM_GCC_Support/ewl/lib/armv7e-m/fpu\libm.a(e_sqrt.o)
 .debug_aranges
                0x00000bb0       0x20 C:/Freescale/CW MCU v10.6/MCU/ARM_GCC_Support/ewl/lib/armv7e-m/fpu\libm.a(scalbn.o)
 .debug_aranges
                0x00000bd0       0x20 C:/Freescale/CW MCU v10.6/MCU/ARM_GCC_Support/ewl/lib/armv7e-m/fpu\libm.a(s_ldexp.o)
 .debug_aranges
                0x00000bf0       0x28 C:/Freescale/CW MCU v10.6/MCU/ARM_GCC_Support/ewl/lib/armv7e-m/fpu\librt.a(gcc_ctor_dtor.o)
 .debug_aranges
                0x00000c18       0x30 C:/Freescale/CW MCU v10.6/MCU/ARM_GCC_Support/ewl/lib/armv7e-m/fpu\librt.a(ROMCopy.o)
 .debug_aranges
                0x00000c48       0x60 C:/Freescale/CW MCU v10.6/MCU/ARM_GCC_Support/ewl/lib/armv7e-m/fpu\librt.a(__arm_eabi_init.o)

.debug_macinfo  0x00000000   0x58068d
 .debug_macinfo
                0x00000000    0x61d23 ./Project_Settings/Startup_Code/kinetis_sysinit.o
 .debug_macinfo
                0x00061d23     0x3f41 ./Project_Settings/Startup_Code/__arm_start.o
 .debug_macinfo
                0x00065c64     0x352a ./Project_Settings/Startup_Code/__arm_end.o
 .debug_macinfo
                0x0006918e    0x64d37 ./Sources/Applications/main.o
 .debug_macinfo
                0x000cdec5    0x61e54 ./Sources/Interfaces/iUart.o
 .debug_macinfo
                0x0012fd19    0x61df1 ./Sources/Interfaces/iSpi.o
 .debug_macinfo
                0x00191b0a    0x61e05 ./Sources/Interfaces/iPit.o
 .debug_macinfo
                0x001f390f    0x61e18 ./Sources/Interfaces/iI2C.o
 .debug_macinfo
                0x00255727    0x61ffe ./Sources/Interfaces/iFlextimer.o
 .debug_macinfo
                0x002b7725    0x61df1 ./Sources/Interfaces/iDio.o
 .debug_macinfo
                0x00319516    0x61e3e ./Sources/Interfaces/iDac.o
 .debug_macinfo
                0x0037b354    0x61df1 ./Sources/Interfaces/iCpu.o
 .debug_macinfo
                0x003dd145    0x61df0 ./Sources/Interfaces/iAd.o
 .debug_macinfo
                0x0043ef35     0x2731 ./Sources/Modules/mWifi.o
 .debug_macinfo
                0x00441666     0x27b8 ./Sources/Modules/mTimer.o
 .debug_macinfo
                0x00443e1e     0x2711 ./Sources/Modules/mSwitch.o
 .debug_macinfo
                0x0044652f    0x61e15 ./Sources/Modules/mSpi.o
 .debug_macinfo
                0x004a8344     0x2712 ./Sources/Modules/mRS232.o
 .debug_macinfo
                0x004aaa56     0x270f ./Sources/Modules/mLeds.o
 .debug_macinfo
                0x004ad165     0x2711 ./Sources/Modules/mDelay.o
 .debug_macinfo
                0x004af876     0x270f ./Sources/Modules/mDac.o
 .debug_macinfo
                0x004b1f85     0x270f ./Sources/Modules/mCpu.o
 .debug_macinfo
                0x004b4694     0x270d ./Sources/Modules/mAd.o
 .debug_macinfo
                0x004b6da1    0x64466 ./Sources/Modules/mAccelMagneto.o
 .debug_macinfo
                0x0051b207     0x36a5 ./Sources/Utils/stbp.o
 .debug_macinfo
                0x0051e8ac    0x61de1 ./Sources/Utils/def.o

.debug_line     0x00000000     0x657f
 .debug_line    0x00000000      0x230 ./Project_Settings/Startup_Code/kinetis_sysinit.o
 .debug_line    0x00000230      0x2b3 ./Project_Settings/Startup_Code/__arm_start.o
 .debug_line    0x000004e3      0x266 ./Project_Settings/Startup_Code/__arm_end.o
 .debug_line    0x00000749      0x5f9 ./Sources/Applications/main.o
 .debug_line    0x00000d42      0x361 ./Sources/Interfaces/iUart.o
 .debug_line    0x000010a3      0x457 ./Sources/Interfaces/iSpi.o
 .debug_line    0x000014fa      0x38c ./Sources/Interfaces/iPit.o
 .debug_line    0x00001886      0x2ff ./Sources/Interfaces/iI2C.o
 .debug_line    0x00001b85      0x2ee ./Sources/Interfaces/iFlextimer.o
 .debug_line    0x00001e73      0x276 ./Sources/Interfaces/iDio.o
 .debug_line    0x000020e9      0x2bf ./Sources/Interfaces/iDac.o
 .debug_line    0x000023a8      0x2c0 ./Sources/Interfaces/iCpu.o
 .debug_line    0x00002668      0x29b ./Sources/Interfaces/iAd.o
 .debug_line    0x00002903      0x228 ./Sources/Modules/mWifi.o
 .debug_line    0x00002b2b      0x29b ./Sources/Modules/mTimer.o
 .debug_line    0x00002dc6      0x197 ./Sources/Modules/mSwitch.o
 .debug_line    0x00002f5d      0x3b9 ./Sources/Modules/mSpi.o
 .debug_line    0x00003316      0x1a4 ./Sources/Modules/mRS232.o
 .debug_line    0x000034ba      0x193 ./Sources/Modules/mLeds.o
 .debug_line    0x0000364d      0x1d2 ./Sources/Modules/mDelay.o
 .debug_line    0x0000381f      0x16f ./Sources/Modules/mDac.o
 .debug_line    0x0000398e      0x14e ./Sources/Modules/mCpu.o
 .debug_line    0x00003adc      0x1b1 ./Sources/Modules/mAd.o
 .debug_line    0x00003c8d      0x522 ./Sources/Modules/mAccelMagneto.o
 .debug_line    0x000041af      0x4ed ./Sources/Utils/stbp.o
 .debug_line    0x0000469c      0x23c ./Sources/Utils/def.o
 .debug_line    0x000048d8       0x94 C:/Freescale/CW MCU v10.6/MCU/ARM_GCC_Support/ewl/lib/armv7e-m/fpu\libc.a(exit.o)
 .debug_line    0x0000496c       0x8f C:/Freescale/CW MCU v10.6/MCU/ARM_GCC_Support/ewl/lib/armv7e-m/fpu\libc.a(memset.o)
 .debug_line    0x000049fb      0x3aa C:/Freescale/CW MCU v10.6/MCU/ARM_GCC_Support/ewl/lib/armv7e-m/fpu\libc.a(printformat_fp.o)
 .debug_line    0x00004da5      0x2ed C:/Freescale/CW MCU v10.6/MCU/ARM_GCC_Support/ewl/lib/armv7e-m/fpu\libc.a(scanformat_fp.o)
 .debug_line    0x00005092      0x1a9 C:/Freescale/CW MCU v10.6/MCU/ARM_GCC_Support/ewl/lib/armv7e-m/fpu\libc.a(ctype_aeabi.o)
 .debug_line    0x0000523b      0x2e5 C:/Freescale/CW MCU v10.6/MCU/ARM_GCC_Support/ewl/lib/armv7e-m/fpu\libc.a(__strtold.o)
 .debug_line    0x00005520      0x11b C:/Freescale/CW MCU v10.6/MCU/ARM_GCC_Support/ewl/lib/armv7e-m/fpu\libc.a(__strtoul.o)
 .debug_line    0x0000563b       0xcd C:/Freescale/CW MCU v10.6/MCU/ARM_GCC_Support/ewl/lib/armv7e-m/fpu\libc.a(__filll_mem.o)
 .debug_line    0x00005708       0x9f C:/Freescale/CW MCU v10.6/MCU/ARM_GCC_Support/ewl/lib/armv7e-m/fpu\libc.a(memchr.o)
 .debug_line    0x000057a7       0x7d C:/Freescale/CW MCU v10.6/MCU/ARM_GCC_Support/ewl/lib/armv7e-m/fpu\libc.a(strchr.o)
 .debug_line    0x00005824       0x7d C:/Freescale/CW MCU v10.6/MCU/ARM_GCC_Support/ewl/lib/armv7e-m/fpu\libc.a(strcpy.o)
 .debug_line    0x000058a1       0x83 C:/Freescale/CW MCU v10.6/MCU/ARM_GCC_Support/ewl/lib/armv7e-m/fpu\libc.a(strlen.o)
 .debug_line    0x00005924       0x4d C:/Freescale/CW MCU v10.6/MCU/ARM_GCC_Support/ewl/lib/armv7e-m/fpu\libc.a(errno.o)
 .debug_line    0x00005971      0x1fe C:/Freescale/CW MCU v10.6/MCU/ARM_GCC_Support/ewl/lib/armv7e-m/fpu\libm.a(ansi_fp.o)
 .debug_line    0x00005b6f       0x60 C:/Freescale/CW MCU v10.6/MCU/ARM_GCC_Support/ewl/lib/armv7e-m/fpu\libm.a(float.o)
 .debug_line    0x00005bcf      0x16f C:/Freescale/CW MCU v10.6/MCU/ARM_GCC_Support/ewl/lib/armv7e-m/fpu\libm.a(math_api.o)
 .debug_line    0x00005d3e       0xbe C:/Freescale/CW MCU v10.6/MCU/ARM_GCC_Support/ewl/lib/armv7e-m/fpu\libm.a(s_frexp.o)
 .debug_line    0x00005dfc       0x75 C:/Freescale/CW MCU v10.6/MCU/ARM_GCC_Support/ewl/lib/armv7e-m/fpu\libm.a(w_pow.o)
 .debug_line    0x00005e71       0x76 C:/Freescale/CW MCU v10.6/MCU/ARM_GCC_Support/ewl/lib/armv7e-m/fpu\libm.a(w_sqrt.o)
 .debug_line    0x00005ee7      0x20a C:/Freescale/CW MCU v10.6/MCU/ARM_GCC_Support/ewl/lib/armv7e-m/fpu\libm.a(e_pow.o)
 .debug_line    0x000060f1      0x121 C:/Freescale/CW MCU v10.6/MCU/ARM_GCC_Support/ewl/lib/armv7e-m/fpu\libm.a(e_sqrt.o)
 .debug_line    0x00006212       0x75 C:/Freescale/CW MCU v10.6/MCU/ARM_GCC_Support/ewl/lib/armv7e-m/fpu\libm.a(scalbn.o)
 .debug_line    0x00006287       0xc3 C:/Freescale/CW MCU v10.6/MCU/ARM_GCC_Support/ewl/lib/armv7e-m/fpu\libm.a(s_ldexp.o)
 .debug_line    0x0000634a       0x67 C:/Freescale/CW MCU v10.6/MCU/ARM_GCC_Support/ewl/lib/armv7e-m/fpu\librt.a(gcc_ctor_dtor.o)
 .debug_line    0x000063b1       0xa9 C:/Freescale/CW MCU v10.6/MCU/ARM_GCC_Support/ewl/lib/armv7e-m/fpu\librt.a(ROMCopy.o)
 .debug_line    0x0000645a      0x125 C:/Freescale/CW MCU v10.6/MCU/ARM_GCC_Support/ewl/lib/armv7e-m/fpu\librt.a(__arm_eabi_init.o)

.debug_str      0x00000000     0x3f2c
 .debug_str     0x00000000      0x288 ./Project_Settings/Startup_Code/kinetis_sysinit.o
                                0x2af (size before relaxing)
 .debug_str     0x00000288       0x85 ./Project_Settings/Startup_Code/__arm_start.o
                                0x1b0 (size before relaxing)
 .debug_str     0x0000030d       0xac ./Project_Settings/Startup_Code/__arm_end.o
                                0x10b (size before relaxing)
 .debug_str     0x000003b9      0x7d5 ./Sources/Applications/main.o
                                0x9aa (size before relaxing)
 .debug_str     0x00000b8e      0x3d0 ./Sources/Interfaces/iUart.o
                                0x58f (size before relaxing)
 .debug_str     0x00000f5e      0x445 ./Sources/Interfaces/iSpi.o
                                0x5d2 (size before relaxing)
 .debug_str     0x000013a3      0x631 ./Sources/Interfaces/iPit.o
                                0x887 (size before relaxing)
 .debug_str     0x000019d4      0x192 ./Sources/Interfaces/iI2C.o
                                0x8cd (size before relaxing)
 .debug_str     0x00001b66      0x1df ./Sources/Interfaces/iFlextimer.o
                                0x978 (size before relaxing)
 .debug_str     0x00001d45      0x23c ./Sources/Interfaces/iDio.o
                                0x3ae (size before relaxing)
 .debug_str     0x00001f81       0xdc ./Sources/Interfaces/iDac.o
                                0x2f6 (size before relaxing)
 .debug_str     0x0000205d       0xda ./Sources/Interfaces/iCpu.o
                                0x358 (size before relaxing)
 .debug_str     0x00002137      0x197 ./Sources/Interfaces/iAd.o
                                0x7dc (size before relaxing)
 .debug_str     0x000022ce       0xd1 ./Sources/Modules/mWifi.o
                                0x45a (size before relaxing)
 .debug_str     0x0000239f      0x283 ./Sources/Modules/mTimer.o
                                0x5c6 (size before relaxing)
 .debug_str     0x00002622       0x89 ./Sources/Modules/mSwitch.o
                                0x34e (size before relaxing)
 .debug_str     0x000026ab      0x12a ./Sources/Modules/mSpi.o
                                0x4ba (size before relaxing)
 .debug_str     0x000027d5       0x70 ./Sources/Modules/mRS232.o
                                0x22c (size before relaxing)
 .debug_str     0x00002845       0x73 ./Sources/Modules/mLeds.o
                                0x360 (size before relaxing)
 .debug_str     0x000028b8       0x97 ./Sources/Modules/mDelay.o
                                0x1f4 (size before relaxing)
 .debug_str     0x0000294f       0x42 ./Sources/Modules/mDac.o
                                0x184 (size before relaxing)
 .debug_str     0x00002991       0x25 ./Sources/Modules/mCpu.o
                                0x13b (size before relaxing)
 .debug_str     0x000029b6       0x63 ./Sources/Modules/mAd.o
                                0x24e (size before relaxing)
 .debug_str     0x00002a19      0x2eb ./Sources/Modules/mAccelMagneto.o
                                0x533 (size before relaxing)
 .debug_str     0x00002d04      0x322 ./Sources/Utils/stbp.o
                                0x8bb (size before relaxing)
 .debug_str     0x00003026       0x2e ./Sources/Utils/def.o
                                0x1d9 (size before relaxing)
 .debug_str     0x00003054       0x48 C:/Freescale/CW MCU v10.6/MCU/ARM_GCC_Support/ewl/lib/armv7e-m/fpu\libc.a(exit.o)
                                0x157 (size before relaxing)
 .debug_str     0x0000309c       0x23 C:/Freescale/CW MCU v10.6/MCU/ARM_GCC_Support/ewl/lib/armv7e-m/fpu\libc.a(memset.o)
                                0x140 (size before relaxing)
 .debug_str     0x000030bf      0x2ba C:/Freescale/CW MCU v10.6/MCU/ARM_GCC_Support/ewl/lib/armv7e-m/fpu\libc.a(printformat_fp.o)
                                0x463 (size before relaxing)
 .debug_str     0x00003379      0x19f C:/Freescale/CW MCU v10.6/MCU/ARM_GCC_Support/ewl/lib/armv7e-m/fpu\libc.a(scanformat_fp.o)
                                0x45f (size before relaxing)
 .debug_str     0x00003518       0x9d C:/Freescale/CW MCU v10.6/MCU/ARM_GCC_Support/ewl/lib/armv7e-m/fpu\libc.a(ctype_aeabi.o)
                                0x1bc (size before relaxing)
 .debug_str     0x000035b5      0x293 C:/Freescale/CW MCU v10.6/MCU/ARM_GCC_Support/ewl/lib/armv7e-m/fpu\libc.a(__strtold.o)
                                0x533 (size before relaxing)
 .debug_str     0x00003848       0x2b C:/Freescale/CW MCU v10.6/MCU/ARM_GCC_Support/ewl/lib/armv7e-m/fpu\libc.a(__strtoul.o)
                                0x1fb (size before relaxing)
 .debug_str     0x00003873       0x25 C:/Freescale/CW MCU v10.6/MCU/ARM_GCC_Support/ewl/lib/armv7e-m/fpu\libc.a(__filll_mem.o)
                                0x152 (size before relaxing)
 .debug_str     0x00003898       0x1c C:/Freescale/CW MCU v10.6/MCU/ARM_GCC_Support/ewl/lib/armv7e-m/fpu\libc.a(memchr.o)
                                0x148 (size before relaxing)
 .debug_str     0x000038b4       0x1c C:/Freescale/CW MCU v10.6/MCU/ARM_GCC_Support/ewl/lib/armv7e-m/fpu\libc.a(strchr.o)
                                0x137 (size before relaxing)
 .debug_str     0x000038d0       0x1c C:/Freescale/CW MCU v10.6/MCU/ARM_GCC_Support/ewl/lib/armv7e-m/fpu\libc.a(strcpy.o)
                                0x142 (size before relaxing)
 .debug_str     0x000038ec       0x1c C:/Freescale/CW MCU v10.6/MCU/ARM_GCC_Support/ewl/lib/armv7e-m/fpu\libc.a(strlen.o)
                                0x140 (size before relaxing)
 .debug_str     0x00003908       0x12 C:/Freescale/CW MCU v10.6/MCU/ARM_GCC_Support/ewl/lib/armv7e-m/fpu\libc.a(errno.o)
                                0x12c (size before relaxing)
 .debug_str     0x0000391a       0x84 C:/Freescale/CW MCU v10.6/MCU/ARM_GCC_Support/ewl/lib/armv7e-m/fpu\libm.a(ansi_fp.o)
                                0x219 (size before relaxing)
 .debug_str     0x0000399e       0xd0 C:/Freescale/CW MCU v10.6/MCU/ARM_GCC_Support/ewl/lib/armv7e-m/fpu\libm.a(float.o)
                                0x225 (size before relaxing)
 .debug_str     0x00003a6e       0xe8 C:/Freescale/CW MCU v10.6/MCU/ARM_GCC_Support/ewl/lib/armv7e-m/fpu\libm.a(math_api.o)
                                0x228 (size before relaxing)
 .debug_str     0x00003b56       0x24 C:/Freescale/CW MCU v10.6/MCU/ARM_GCC_Support/ewl/lib/armv7e-m/fpu\libm.a(s_frexp.o)
                                0x15d (size before relaxing)
 .debug_str     0x00003b7a       0x11 C:/Freescale/CW MCU v10.6/MCU/ARM_GCC_Support/ewl/lib/armv7e-m/fpu\libm.a(w_pow.o)
                                0x125 (size before relaxing)
 .debug_str     0x00003b8b       0x12 C:/Freescale/CW MCU v10.6/MCU/ARM_GCC_Support/ewl/lib/armv7e-m/fpu\libm.a(w_sqrt.o)
                                0x12b (size before relaxing)
 .debug_str     0x00003b9d       0x6c C:/Freescale/CW MCU v10.6/MCU/ARM_GCC_Support/ewl/lib/armv7e-m/fpu\libm.a(e_pow.o)
                                0x1cd (size before relaxing)
 .debug_str     0x00003c09       0x21 C:/Freescale/CW MCU v10.6/MCU/ARM_GCC_Support/ewl/lib/armv7e-m/fpu\libm.a(e_sqrt.o)
                                0x17e (size before relaxing)
 .debug_str     0x00003c2a       0x1e C:/Freescale/CW MCU v10.6/MCU/ARM_GCC_Support/ewl/lib/armv7e-m/fpu\libm.a(scalbn.o)
                                0x13f (size before relaxing)
 .debug_str     0x00003c48       0x20 C:/Freescale/CW MCU v10.6/MCU/ARM_GCC_Support/ewl/lib/armv7e-m/fpu\libm.a(s_ldexp.o)
                                0x164 (size before relaxing)
 .debug_str     0x00003c68      0x126 C:/Freescale/CW MCU v10.6/MCU/ARM_GCC_Support/ewl/lib/armv7e-m/fpu\librt.a(gcc_ctor_dtor.o)
                                0x181 (size before relaxing)
 .debug_str     0x00003d8e       0x9c C:/Freescale/CW MCU v10.6/MCU/ARM_GCC_Support/ewl/lib/armv7e-m/fpu\librt.a(ROMCopy.o)
                                0x13c (size before relaxing)
 .debug_str     0x00003e2a      0x102 C:/Freescale/CW MCU v10.6/MCU/ARM_GCC_Support/ewl/lib/armv7e-m/fpu\librt.a(__arm_eabi_init.o)
                                0x1bf (size before relaxing)

.comment        0x00000000       0x79
 .comment       0x00000000       0x79 ./Project_Settings/Startup_Code/kinetis_sysinit.o
                                 0x7a (size before relaxing)