Archive member included because of file (symbol)

C:/Freescale/CW MCU v10.6/MCU/ARM_GCC_Support/ewl/lib/armv7e-m/fpu\libc.a(exit.o)
                              ./Project_Settings/Startup_Code/__arm_start.o (exit)
C:/Freescale/CW MCU v10.6/MCU/ARM_GCC_Support/ewl/lib/armv7e-m/fpu\libc.a(memset.o)
                              ./Project_Settings/Startup_Code/__arm_start.o (memset)
C:/Freescale/CW MCU v10.6/MCU/ARM_GCC_Support/ewl/lib/armv7e-m/fpu\libc.a(printformat_fp.o)
                              (__pformatterFP)
C:/Freescale/CW MCU v10.6/MCU/ARM_GCC_Support/ewl/lib/armv7e-m/fpu\libc.a(scanformat_fp.o)
                              (__sformatter_FP)
C:/Freescale/CW MCU v10.6/MCU/ARM_GCC_Support/ewl/lib/armv7e-m/fpu\libc.a(ctype_aeabi.o)
                              C:/Freescale/CW MCU v10.6/MCU/ARM_GCC_Support/ewl/lib/armv7e-m/fpu\libc.a(scanformat_fp.o) (isspace)
C:/Freescale/CW MCU v10.6/MCU/ARM_GCC_Support/ewl/lib/armv7e-m/fpu\libc.a(__strtold.o)
                              C:/Freescale/CW MCU v10.6/MCU/ARM_GCC_Support/ewl/lib/armv7e-m/fpu\libc.a(scanformat_fp.o) (__strtold)
C:/Freescale/CW MCU v10.6/MCU/ARM_GCC_Support/ewl/lib/armv7e-m/fpu\libc.a(vsscanf.o)
                              C:/Freescale/CW MCU v10.6/MCU/ARM_GCC_Support/ewl/lib/armv7e-m/fpu\libc.a(__strtold.o) (__StringRead)
C:/Freescale/CW MCU v10.6/MCU/ARM_GCC_Support/ewl/lib/armv7e-m/fpu\libc.a(__strtoul.o)
                              C:/Freescale/CW MCU v10.6/MCU/ARM_GCC_Support/ewl/lib/armv7e-m/fpu\libc.a(scanformat_fp.o) (__strtoul)
C:/Freescale/CW MCU v10.6/MCU/ARM_GCC_Support/ewl/lib/armv7e-m/fpu\libc.a(__filll_mem.o)
                              C:/Freescale/CW MCU v10.6/MCU/ARM_GCC_Support/ewl/lib/armv7e-m/fpu\libc.a(memset.o) (__fill_mem)
C:/Freescale/CW MCU v10.6/MCU/ARM_GCC_Support/ewl/lib/armv7e-m/fpu\libc.a(memchr.o)
                              C:/Freescale/CW MCU v10.6/MCU/ARM_GCC_Support/ewl/lib/armv7e-m/fpu\libc.a(printformat_fp.o) (memchr)
C:/Freescale/CW MCU v10.6/MCU/ARM_GCC_Support/ewl/lib/armv7e-m/fpu\libc.a(strchr.o)
                              C:/Freescale/CW MCU v10.6/MCU/ARM_GCC_Support/ewl/lib/armv7e-m/fpu\libc.a(printformat_fp.o) (strchr)
C:/Freescale/CW MCU v10.6/MCU/ARM_GCC_Support/ewl/lib/armv7e-m/fpu\libc.a(strcpy.o)
                              C:/Freescale/CW MCU v10.6/MCU/ARM_GCC_Support/ewl/lib/armv7e-m/fpu\libc.a(printformat_fp.o) (strcpy)
C:/Freescale/CW MCU v10.6/MCU/ARM_GCC_Support/ewl/lib/armv7e-m/fpu\libc.a(strlen.o)
                              C:/Freescale/CW MCU v10.6/MCU/ARM_GCC_Support/ewl/lib/armv7e-m/fpu\libc.a(printformat_fp.o) (strlen)
C:/Freescale/CW MCU v10.6/MCU/ARM_GCC_Support/ewl/lib/armv7e-m/fpu\libc.a(errno.o)
                              C:/Freescale/CW MCU v10.6/MCU/ARM_GCC_Support/ewl/lib/armv7e-m/fpu\libc.a(__strtold.o) (errno)
C:/Freescale/CW MCU v10.6/MCU/ARM_GCC_Support/ewl/lib/armv7e-m/fpu\libm.a(ansi_fp.o)
                              C:/Freescale/CW MCU v10.6/MCU/ARM_GCC_Support/ewl/lib/armv7e-m/fpu\libc.a(printformat_fp.o) (__num2dec)
C:/Freescale/CW MCU v10.6/MCU/ARM_GCC_Support/ewl/lib/armv7e-m/fpu\libm.a(float.o)
                              C:/Freescale/CW MCU v10.6/MCU/ARM_GCC_Support/ewl/lib/armv7e-m/fpu\libc.a(__strtold.o) (__extended_max)
C:/Freescale/CW MCU v10.6/MCU/ARM_GCC_Support/ewl/lib/armv7e-m/fpu\libm.a(math_api.o)
                              C:/Freescale/CW MCU v10.6/MCU/ARM_GCC_Support/ewl/lib/armv7e-m/fpu\libm.a(ansi_fp.o) (__signbitd)
C:/Freescale/CW MCU v10.6/MCU/ARM_GCC_Support/ewl/lib/armv7e-m/fpu\libm.a(s_frexp.o)
                              C:/Freescale/CW MCU v10.6/MCU/ARM_GCC_Support/ewl/lib/armv7e-m/fpu\libm.a(ansi_fp.o) (frexp)
C:/Freescale/CW MCU v10.6/MCU/ARM_GCC_Support/ewl/lib/armv7e-m/fpu\libm.a(w_atan2.o)
                              ./Sources/Modules/mAccelMagneto.o (atan2)
C:/Freescale/CW MCU v10.6/MCU/ARM_GCC_Support/ewl/lib/armv7e-m/fpu\libm.a(w_pow.o)
                              C:/Freescale/CW MCU v10.6/MCU/ARM_GCC_Support/ewl/lib/armv7e-m/fpu\libm.a(ansi_fp.o) (pow)
C:/Freescale/CW MCU v10.6/MCU/ARM_GCC_Support/ewl/lib/armv7e-m/fpu\libm.a(w_sqrt.o)
                              ./Sources/Modules/mAccelMagneto.o (sqrt)
C:/Freescale/CW MCU v10.6/MCU/ARM_GCC_Support/ewl/lib/armv7e-m/fpu\libm.a(e_atan2.o)
                              C:/Freescale/CW MCU v10.6/MCU/ARM_GCC_Support/ewl/lib/armv7e-m/fpu\libm.a(w_atan2.o) (__ieee754_atan2)
C:/Freescale/CW MCU v10.6/MCU/ARM_GCC_Support/ewl/lib/armv7e-m/fpu\libm.a(e_pow.o)
                              C:/Freescale/CW MCU v10.6/MCU/ARM_GCC_Support/ewl/lib/armv7e-m/fpu\libm.a(w_pow.o) (__ieee754_pow)
C:/Freescale/CW MCU v10.6/MCU/ARM_GCC_Support/ewl/lib/armv7e-m/fpu\libm.a(e_sqrt.o)
                              C:/Freescale/CW MCU v10.6/MCU/ARM_GCC_Support/ewl/lib/armv7e-m/fpu\libm.a(w_sqrt.o) (__ieee754_sqrt)
C:/Freescale/CW MCU v10.6/MCU/ARM_GCC_Support/ewl/lib/armv7e-m/fpu\libm.a(s_atan.o)
[...]
Memory Configuration

Name             Origin             Length             Attributes
m_interrupts     0x00000000         0x00000198         xr
m_cfmprotrom     0x00000400         0x00000010         xr
m_text           0x00000800         0x000ff800         xr
m_data           0x1fff0000         0x00010000         xrw
m_data2          0x20000000         0x00030000         xrw
*default*        0x00000000         0xffffffff

Linker script and memory map

LOAD ./Project_Settings/Startup_Code/kinetis_sysinit.o
LOAD ./Project_Settings/Startup_Code/__arm_start.o
LOAD ./Project_Settings/Startup_Code/__arm_end.o
LOAD ./Sources/Applications/main.o
LOAD ./Sources/Applications/gOutput.o
LOAD ./Sources/Applications/gMBox.o
LOAD ./Sources/Applications/gInput.o
LOAD ./Sources/Applications/gCompute.o
LOAD ./Sources/Interfaces/iUart.o
LOAD ./Sources/Interfaces/iSpi.o
LOAD ./Sources/Interfaces/iPit.o
LOAD ./Sources/Interfaces/iI2C.o
LOAD ./Sources/Interfaces/iFlextimer.o
LOAD ./Sources/Interfaces/iDio.o
LOAD ./Sources/Interfaces/iDac.o
LOAD ./Sources/Interfaces/iCpu.o
LOAD ./Sources/Interfaces/iAd.o
LOAD ./Sources/Modules/mWifi.o
LOAD ./Sources/Modules/mTimer.o
LOAD ./Sources/Modules/mSwitch.o
LOAD ./Sources/Modules/mSpi.o
LOAD ./Sources/Modules/mRS232.o
LOAD ./Sources/Modules/mLeds.o
LOAD ./Sources/Modules/mDelay.o
LOAD ./Sources/Modules/mDac.o
LOAD ./Sources/Modules/mCpu.o
LOAD ./Sources/Modules/mAd.o
LOAD ./Sources/Modules/mAccelMagneto.o
LOAD ./Sources/Utils/stbp.o
LOAD ./Sources/Utils/def.o
LOAD ./Sources/Utils/StTime.o
                0x000071f4                __pformatter = __pformatterFP
                0x00007a2c                __sformatter = __sformatter_FP
START GROUP
LOAD C:/Freescale/CW MCU v10.6/MCU/ARM_GCC_Support/ewl/lib/armv7e-m/fpu\libc.a
LOAD C:/Freescale/CW MCU v10.6/MCU/ARM_GCC_Support/ewl/lib/armv7e-m/fpu\libm.a
LOAD c:/freescale/cw mcu v10.6/cross_tools/arm-none-eabi-gcc-4_7_3/bin/../lib/gcc/arm-none-eabi/4.7.3/armv7e-m/fpu\libgcc.a
LOAD C:/Freescale/CW MCU v10.6/MCU/ARM_GCC_Support/ewl/lib/armv7e-m/fpu\librt.a
LOAD C:/Freescale/CW MCU v10.6/MCU/ARM_GCC_Support/ewl/lib/armv7e-m/fpu\libuart.a
END GROUP
                0x20000000                _estack = 0x20000000
                0x20000000                __SP_INIT = _estack
                0x00000800                __heap_size = 0x800
                0x00000800                __stack_size = 0x800

.interrupts     0x00000000      0x198
                0x00000000                __vector_table = .
                0x00000000                . = ALIGN (0x4)
 *(.vectortable)
 .vectortable   0x00000000      0x198 ./Project_Settings/Startup_Code/kinetis_sysinit.o
                0x00000000                InterruptVector
                0x00000198                . = ALIGN (0x4)

.cfmprotect     0x00000400        0x0
                0x00000400                . = ALIGN (0x4)
 *(.cfmconfig)
                0x00000400                . = ALIGN (0x4)

.text           0x00000800     0x9bd0
                0x00000800                . = ALIGN (0x4)
 *(.text)
 .text          0x00000800      0x370 c:/freescale/cw mcu v10.6/cross_tools/arm-none-eabi-gcc-4_7_3/bin/../lib/gcc/arm-none-eabi/4.7.3/armv7e-m/fpu\libgcc.a(_arm_addsubdf3.o)
                0x00000800                __aeabi_drsub
                0x00000808                __aeabi_dsub
                0x00000808                __subdf3
                0x0000080c                __aeabi_dadd
                0x0000080c                __adddf3
                0x00000a84                __floatunsidf
                0x00000a84                __aeabi_ui2d
                0x00000aa4                __floatsidf
                0x00000aa4                __aeabi_i2d
                0x00000ac8                __aeabi_f2d
                0x00000ac8                __extendsfdf2
                0x00000b04                __floatundidf
                0x00000b04                __aeabi_ul2d
                0x00000b14                __floatdidf
                0x00000b14                __aeabi_l2d
 .text          0x00000b70      0x424 c:/freescale/cw mcu v10.6/cross_tools/arm-none-eabi-gcc-4_7_3/bin/../lib/gcc/arm-none-eabi/4.7.3/armv7e-m/fpu\libgcc.a(_arm_muldivdf3.o)
                0x00000b70                __aeabi_dmul
                0x00000b70                __muldf3
                0x00000dc4                __divdf3
                0x00000dc4                __aeabi_ddiv
 .text          0x00000f94      0x110 c:/freescale/cw mcu v10.6/cross_tools/arm-none-eabi-gcc-4_7_3/bin/../lib/gcc/arm-none-eabi/4.7.3/armv7e-m/fpu\libgcc.a(_arm_cmpdf2.o)
                0x00000f94                __gtdf2
                0x00000f94                __gedf2
                0x00000f9c                __ltdf2
                0x00000f9c                __ledf2
                0x00000fa4                __nedf2
                0x00000fa4                __eqdf2
                0x00000fa4                __cmpdf2
                0x00001020                __aeabi_cdrcmple
                0x00001030                __aeabi_cdcmpeq
                0x00001030                __aeabi_cdcmple
                0x00001040                __aeabi_dcmpeq
                0x00001054                __aeabi_dcmplt
                0x00001068                __aeabi_dcmple
                0x0000107c                __aeabi_dcmpge
                0x00001090                __aeabi_dcmpgt
 .text          0x000010a4       0x50 c:/freescale/cw mcu v10.6/cross_tools/arm-none-eabi-gcc-4_7_3/bin/../lib/gcc/arm-none-eabi/4.7.3/armv7e-m/fpu\libgcc.a(_arm_fixdfsi.o)
                0x000010a4                __aeabi_d2iz
                0x000010a4                __fixdfsi
 .text          0x000010f4       0x40 c:/freescale/cw mcu v10.6/cross_tools/arm-none-eabi-gcc-4_7_3/bin/../lib/gcc/arm-none-eabi/4.7.3/armv7e-m/fpu\libgcc.a(_arm_fixunsdfsi.o)
                0x000010f4                __aeabi_d2uiz
                0x000010f4                __fixunsdfsi
 .text          0x00001134       0xa0 c:/freescale/cw mcu v10.6/cross_tools/arm-none-eabi-gcc-4_7_3/bin/../lib/gcc/arm-none-eabi/4.7.3/armv7e-m/fpu\libgcc.a(_arm_truncdfsf2.o)
                0x00001134                __truncdfsf2
                0x00001134                __aeabi_d2f
 *(.text*)
 .text.Default_Handler
                0x000011d4        0xc ./Project_Settings/Startup_Code/kinetis_sysinit.o
                0x000011d4                RTC_Alarm_IRQHandler
                0x000011d4                CAN0_Rx_Warning_IRQHandler
                0x000011d4                CAN0_Err_IRQHandler
                0x000011d4                I2C0_IRQHandler
                0x000011d4                HardFault_Handler
                0x000011d4                PDB_IRQHandler
                0x000011d4                SysTick_Handler
                0x000011d4                UART0_Status_IRQHandler
                0x000011d4                PendSV_Handler
                0x000011d4                NMI_Handler
                0x000011d4                I2C1_IRQHandler
                0x000011d4                DMA2_IRQHandler
                0x000011d4                Watchdog_IRQHandler
                0x000011d4                Bus_Fault_Handler
                0x000011d4                CMP2_IRQHandler
                0x000011d4                SWI_IRQHandler
                0x000011d4                ADC0_IRQHandler
                0x000011d4                ENET_MAC_Transmit_IRQHandler
                0x000011d4                I2S0_Tx_IRQHandler
                0x000011d4                CMT_IRQHandler
                0x000011d4                UART1_Status_IRQHandler
                0x000011d4                SPI1_IRQHandler
                0x000011d4                DMA9_IRQHandler
                0x000011d4                DMA14_IRQHandler
                0x000011d4                CMP1_IRQHandler
                0x000011d4                PORTD_IRQHandler
                0x000011d4                UART4_ERR_IRQHandler
                0x000011d4                ADC1_IRQHandler
                0x000011d4                I2C2_IRQHandler
                0x000011d4                I2S0_Rx_IRQHandler
                0x000011d4                LPTimer_IRQHandler
                0x000011d4                DMA5_IRQHandler
                0x000011d4                UART3_ERR_IRQHandler
                0x000011d4                SDHC_IRQHandler
                0x000011d4                RTC_Seconds_IRQHandler
                0x000011d4                MCG_IRQHandler
                0x000011d4                ENET_MAC_Timer_IRQHandler
                0x000011d4                UART2_ERR_IRQHandler
                0x000011d4                DMA11_IRQHandler
                0x000011d4                Tamper_Drylce_IRQHandler
                0x000011d4                USB_OTG_IRQHandler
                0x000011d4                Read_Collision_IRQHandler
                0x000011d4                Default_Handler
                0x000011d4                UART4_Status_IRQHandler
                0x000011d4                DMA7_IRQHandler
                0x000011d4                LLW_IRQHandler
                0x000011d4                SPI2_IRQHandler
                0x000011d4                USB_Charger_Detect_IRQHandler
                0x000011d4                SVC_Handler
                0x000011d4                Usage_Fault_Handler
                0x000011d4                DMA13_IRQHandler
                0x000011d4                DMA3_IRQHandler
                0x000011d4                UART0_LON_IRQHandler
                0x000011d4                RNG_IRQHandler
                0x000011d4                DMA0_IRQHandler
                0x000011d4                DMA15_IRQHandler
                0x000011d4                DAC0_IRQHandler
                0x000011d4                ENET_MAC_Error_IRQHandler
                0x000011d4                DMA4_IRQHandler
                0x000011d4                UART0_ERR_IRQHandler
                0x000011d4                DMA_Error_IRQHandler
                0x000011d4                LVD_LVW_IRQHandler
                0x000011d4                SPI0_IRQHandler
                0x000011d4                CAN0_Tx_WarningIRQHandler
                0x000011d4                FTM0_IRQHandler
                0x000011d4                PORTA_IRQHandler
                0x000011d4                DAC1_IRQHandler
                0x000011d4                MCM_IRQHandler
                0x000011d4                DMA12_IRQHandler
                0x000011d4                Mem_Manage_Fault_Handler
                0x000011d4                FTFL_IRQHandler
                0x000011d4                CAN0_Bus_Off_IRQHandler
                0x000011d4                FTM3_IRQHandler
                0x000011d4                PORTE_IRQHandler
                0x000011d4                CAN0_Message_buffer_IRQHandler
                0x000011d4                FTM2_IRQHandler
                0x000011d4                DMA8_IRQHandler
                0x000011d4                DMA10_IRQHandler
                0x000011d4                CAN0_Wake_Up_IRQHandler
                0x000011d4                DebugMonitor_Handler
                0x000011d4                UART1_ERR_IRQHandler
                0x000011d4                CMP0_IRQHandler
                0x000011d4                ENET_MAC_Receive_IRQHandler
                0x000011d4                PORTC_IRQHandler
                0x000011d4                DMA6_IRQHandler
                0x000011d4                UART2_Status_IRQHandler
                0x000011d4                DMA1_IRQHandler
 .text.__init_hardware
                0x000011e0       0x44 ./Project_Settings/Startup_Code/kinetis_sysinit.o
                0x000011e0                __init_hardware
 .text.zero_fill_bss
                0x00001224       0x2c ./Project_Settings/Startup_Code/__arm_start.o
 .text.__thumb_startup
                0x00001250       0x34 ./Project_Settings/Startup_Code/__arm_start.o
                0x00001250                __thumb_startup
 .text._ExitProcess
                0x00001284        0xc ./Project_Settings/Startup_Code/__arm_end.o
                0x00001284                _ExitProcess
 .text.main     0x00001290      0x4a8 ./Sources/Applications/main.o
                0x00001290                main
 .text.stbpSendFrameJava2
                0x00001738      0x25c ./Sources/Applications/main.o
                0x00001738                stbpSendFrameJava2
 .text.SendDataJava
                0x00001994      0x184 ./Sources/Applications/main.o
                0x00001994                SendDataJava
 .text.InitDataJava
                0x00001b18       0x34 ./Sources/Applications/main.o
                0x00001b18                InitDataJava
 *fill*         0x00001b4c        0x4 00
 .text.iUart_Config
                0x00001b50      0x368 ./Sources/Interfaces/iUart.o
                0x00001b50                iUart_Config
 .text.iUart_GetStatus
                0x00001eb8       0x34 ./Sources/Interfaces/iUart.o
                0x00001eb8                iUart_GetStatus
 .text.iUart_SetData
                0x00001eec       0x20 ./Sources/Interfaces/iUart.o
                0x00001eec                iUart_SetData
 .text.iUart_IsBufferEmpty
                0x00001f0c       0x38 ./Sources/Interfaces/iUart.o
                0x00001f0c                iUart_IsBufferEmpty
 .text.iUart_GetCharFromBuffer
                0x00001f44       0x94 ./Sources/Interfaces/iUart.o
                0x00001f44                iUart_GetCharFromBuffer
 .text.UART3_Status_IRQHandler
                0x00001fd8      0x4cc ./Sources/Interfaces/iUart.o
                0x00001fd8                UART3_Status_IRQHandler
 .text.iSpi_ConfigClockAndPins
                0x000024a4      0x1f8 ./Sources/Interfaces/iSpi.o
                0x000024a4                iSpi_ConfigClockAndPins
 .text.iSpi_ConfigSPIModule
                0x0000269c       0xc8 ./Sources/Interfaces/iSpi.o
                0x0000269c                iSpi_ConfigSPIModule
 .text.iSpi_ChangeInactiveCSState
                0x00002764       0xe0 ./Sources/Interfaces/iSpi.o
                0x00002764                iSpi_ChangeInactiveCSState
 .text.iSpi_ConfigClockAndTransfert
                0x00002844      0x1a4 ./Sources/Interfaces/iSpi.o
                0x00002844                iSpi_ConfigClockAndTransfert
 .text.iSpi_ConfigInterrupAndDMA
                0x000029e8       0x70 ./Sources/Interfaces/iSpi.o
                0x000029e8                iSpi_ConfigInterrupAndDMA
 .text.iSpi_StartTX
                0x00002a58       0x70 ./Sources/Interfaces/iSpi.o
                0x00002a58                iSpi_StartTX
 .text.iSpi_GetStatus
                0x00002ac8       0x84 ./Sources/Interfaces/iSpi.o
                0x00002ac8                iSpi_GetStatus
 .text.iSpi_ResetStatus
                0x00002b4c       0x74 ./Sources/Interfaces/iSpi.o
                0x00002b4c                iSpi_ResetStatus
 .text.iSpi_PushDataIntoFifo
                0x00002bc0       0x88 ./Sources/Interfaces/iSpi.o
                0x00002bc0                iSpi_PushDataIntoFifo
 .text.iSpi_ReadData
                0x00002c48       0x50 ./Sources/Interfaces/iSpi.o
                0x00002c48                iSpi_ReadData
 .text.iPit_Config
                0x00002c98      0x258 ./Sources/Interfaces/iPit.o
                0x00002c98                iPit_Config
 .text.iPit_StartPit
                0x00002ef0       0xa4 ./Sources/Interfaces/iPit.o
                0x00002ef0                iPit_StartPit
 .text.iPit_InitDelay
                0x00002f94       0xc8 ./Sources/Interfaces/iPit.o
                0x00002f94                iPit_InitDelay
 .text.iPit_GetDelay
                0x0000305c      0x160 ./Sources/Interfaces/iPit.o
                0x0000305c                iPit_GetDelay
 .text.iPit_IsDelayDone
                0x000031bc       0x4c ./Sources/Interfaces/iPit.o
                0x000031bc                iPit_IsDelayDone
 .text.iPit_DelayRelease
                0x00003208       0xb0 ./Sources/Interfaces/iPit.o
                0x00003208                iPit_DelayRelease
 .text.iPit_ReStart
                0x000032b8       0xb4 ./Sources/Interfaces/iPit.o
                0x000032b8                iPit_ReStart
 .text.PIT0_IRQHandler
                0x0000336c      0x134 ./Sources/Interfaces/iPit.o
                0x0000336c                PIT0_IRQHandler
 .text.PIT1_IRQHandler
                0x000034a0      0x144 ./Sources/Interfaces/iPit.o
                0x000034a0                PIT1_IRQHandler
 .text.PIT2_IRQHandler
                0x000035e4      0x144 ./Sources/Interfaces/iPit.o
                0x000035e4                PIT2_IRQHandler
 .text.PIT3_IRQHandler
                0x00003728      0x144 ./Sources/Interfaces/iPit.o
                0x00003728                PIT3_IRQHandler
 .text.iI2C_Config
                0x0000386c       0x9c ./Sources/Interfaces/iI2C.o
                0x0000386c                iI2C_Config
 .text.iI2C_Enable
                0x00003908       0x28 ./Sources/Interfaces/iI2C.o
                0x00003908                iI2C_Enable
 .text.iI2C_SetStartState
                0x00003930       0x28 ./Sources/Interfaces/iI2C.o
                0x00003930                iI2C_SetStartState
 .text.iI2C_SetRepeatedStartSate
                0x00003958       0x28 ./Sources/Interfaces/iI2C.o
                0x00003958                iI2C_SetRepeatedStartSate
 .text.iI2C_SetStopState
                0x00003980       0x28 ./Sources/Interfaces/iI2C.o
                0x00003980                iI2C_SetStopState
 .text.iI2C_SetAckMode
                0x000039a8       0x5c ./Sources/Interfaces/iI2C.o
                0x000039a8                iI2C_SetAckMode
 .text.iI2C_TxRxSelect
                0x00003a04       0x5c ./Sources/Interfaces/iI2C.o
                0x00003a04                iI2C_TxRxSelect
 .text.iI2C_SendData
                0x00003a60       0x20 ./Sources/Interfaces/iI2C.o
                0x00003a60                iI2C_SendData
 .text.iI2C_WaitEndOfRxOrTx
                0x00003a80       0x3c ./Sources/Interfaces/iI2C.o
                0x00003a80                iI2C_WaitEndOfRxOrTx
 .text.iI2C_ReadData
                0x00003abc       0x28 ./Sources/Interfaces/iI2C.o
                0x00003abc                iI2C_ReadData
 .text.iI2C_ReadStatus
                0x00003ae4       0x34 ./Sources/Interfaces/iI2C.o
                0x00003ae4                iI2C_ReadStatus
 .text.iFlextimer_Config
                0x00003b18      0x3e8 ./Sources/Interfaces/iFlextimer.o
                0x00003b18                iFlextimer_Config
 .text.iFlextimer_GetSpeed
                0x00003f00       0x5c ./Sources/Interfaces/iFlextimer.o
                0x00003f00                iFlextimer_GetSpeed
 *fill*         0x00003f5c        0x4 00
 .text.FTM1_IRQHandler
                0x00003f60      0x340 ./Sources/Interfaces/iFlextimer.o
                0x00003f60                FTM1_IRQHandler
 .text.iFlextimer_SetServoDuty
                0x000042a0      0x118 ./Sources/Interfaces/iFlextimer.o
                0x000042a0                iFlextimer_SetServoDuty
 .text.iFlextimer_SetMotorDuty
                0x000043b8      0x174 ./Sources/Interfaces/iFlextimer.o
                0x000043b8                iFlextimer_SetMotorDuty
 .text.iDio_SetPortDirection
                0x0000452c       0xa0 ./Sources/Interfaces/iDio.o
                0x0000452c                iDio_SetPortDirection
 .text.iDio_SetPort
                0x000045cc       0xd0 ./Sources/Interfaces/iDio.o
                0x000045cc                iDio_SetPort
 .text.iDio_GetPort
                0x0000469c       0x94 ./Sources/Interfaces/iDio.o
                0x0000469c                iDio_GetPort
 .text.iDac_Config
                0x00004730      0x110 ./Sources/Interfaces/iDac.o
                0x00004730                iDac_Config
 .text.iDac_SetResetVal
                0x00004840      0x104 ./Sources/Interfaces/iDac.o
 *fill*         0x00004944        0x4 00
 .text.iDac_SETDACBUFFER
                0x00004948       0xe0 ./Sources/Interfaces/iDac.o
                0x00004948                iDac_SETDACBUFFER
 .text.iCpu_PllInit
                0x00004a28      0x14c ./Sources/Interfaces/iCpu.o
 .text.iCpu_PinFctCfg
                0x00004b74      0x1f4 ./Sources/Interfaces/iCpu.o
 .text.iCpu_PeriphClkInit
                0x00004d68      0x120 ./Sources/Interfaces/iCpu.o
 .text.iCpu_VREFInit
                0x00004e88       0x5c ./Sources/Interfaces/iCpu.o
 .text.iCpu_SysInit
                0x00004ee4       0x30 ./Sources/Interfaces/iCpu.o
                0x00004ee4                iCpu_SysInit
 .text.iAd_Config
                0x00004f14       0x7c ./Sources/Interfaces/iAd.o
                0x00004f14                iAd_Config
 .text.iAd_GetResult
                0x00004f90       0x20 ./Sources/Interfaces/iAd.o
                0x00004f90                iAd_GetResult
 .text.iAd_SelectChannel
                0x00004fb0       0x48 ./Sources/Interfaces/iAd.o
                0x00004fb0                iAd_SelectChannel
 .text.iAd_GetCompleteConvStatus
                0x00004ff8       0x30 ./Sources/Interfaces/iAd.o
                0x00004ff8                iAd_GetCompleteConvStatus
 .text.iAd_Cal  0x00005028      0x228 ./Sources/Interfaces/iAd.o
                0x00005028                iAd_Cal
 .text.mWifi_Setup
                0x00005250        0xc ./Sources/Modules/mWifi.o
                0x00005250                mWifi_Setup
 .text.mWifi_Open
                0x0000525c      0x170 ./Sources/Modules/mWifi.o
                0x0000525c                mWifi_Open
 .text.mWifi_WriteString
                0x000053cc       0x40 ./Sources/Modules/mWifi.o
                0x000053cc                mWifi_WriteString
 .text.mWifi_WriteChar
                0x0000540c       0x2c ./Sources/Modules/mWifi.o
                0x0000540c                mWifi_WriteChar
 .text.mWifi_SciReadDataFromBuffer
                0x00005438       0x34 ./Sources/Modules/mWifi.o
                0x00005438                mWifi_SciReadDataFromBuffer
 .text.mWifi_SendCmd
                0x0000546c       0xcc ./Sources/Modules/mWifi.o
                0x0000546c                mWifi_SendCmd
 .text.mTimer_Setup
                0x00005538       0x2c ./Sources/Modules/mTimer.o
                0x00005538                mTimer_Setup
 .text.mTimer_Open
                0x00005564       0x50 ./Sources/Modules/mTimer.o
                0x00005564                mTimer_Open
 .text.mTimer_GetSpeed
                0x000055b4       0x1c ./Sources/Modules/mTimer.o
                0x000055b4                mTimer_GetSpeed
 .text.mTimer_SetServoDuty
                0x000055d0       0x24 ./Sources/Modules/mTimer.o
                0x000055d0                mTimer_SetServoDuty
 .text.mTimer_SetMotorDuty
                0x000055f4       0x24 ./Sources/Modules/mTimer.o
                0x000055f4                mTimer_SetMotorDuty
 .text.mTimer_MotorMoveStraight
                0x00005618      0x318 ./Sources/Modules/mTimer.o
                0x00005618                mTimer_MotorMoveStraight
 .text.mTimer_ForwardRegulationDirection
                0x00005930       0xcc ./Sources/Modules/mTimer.o
 .text.mTimer_SetSameVitesseMotor
                0x000059fc      0x3f8 ./Sources/Modules/mTimer.o
                0x000059fc                mTimer_SetSameVitesseMotor
 .text.mSwitch_Setup
                0x00005df4       0x1c ./Sources/Modules/mSwitch.o
                0x00005df4                mSwitch_Setup
 .text.mSwitch_Open
                0x00005e10        0xc ./Sources/Modules/mSwitch.o
                0x00005e10                mSwitch_Open
 .text.mSwitch_ReadSwitch
                0x00005e1c       0x78 ./Sources/Modules/mSwitch.o
                0x00005e1c                mSwitch_ReadSwitch
 .text.mSwitch_ReadPushBut
                0x00005e94       0x48 ./Sources/Modules/mSwitch.o
                0x00005e94                mSwitch_ReadPushBut
 .text.mSpi_Setup
                0x00005edc       0x90 ./Sources/Modules/mSpi.o
                0x00005edc                mSpi_Setup
 .text.mSpi_Open
                0x00005f6c       0x30 ./Sources/Modules/mSpi.o
                0x00005f6c                mSpi_Open
 .text.mSpi_SP0ReadWrite
                0x00005f9c       0xd0 ./Sources/Modules/mSpi.o
                0x00005f9c                mSpi_SP0ReadWrite
 .text.mSpi_MLX75306_RXTX
                0x0000606c       0xb4 ./Sources/Modules/mSpi.o
                0x0000606c                mSpi_MLX75306_RXTX
 .text.mSpi_MLX75306_ReadPicture
                0x00006120       0xac ./Sources/Modules/mSpi.o
                0x00006120                mSpi_MLX75306_ReadPicture
 .text.mSpi_MLX75306_Reset
                0x000061cc       0x10 ./Sources/Modules/mSpi.o
                0x000061cc                mSpi_MLX75306_Reset
 *fill*         0x000061dc        0x4 00
 .text.mSpi_MLX75306_StartIntegration
                0x000061e0      0x110 ./Sources/Modules/mSpi.o
                0x000061e0                mSpi_MLX75306_StartIntegration
 .text.mRs232_Setup
                0x000062f0        0xc ./Sources/Modules/mRS232.o
                0x000062f0                mRs232_Setup
 .text.mRs232_Open
                0x000062fc        0xc ./Sources/Modules/mRS232.o
                0x000062fc                mRs232_Open
 .text.mLeds_Setup
                0x00006308       0x18 ./Sources/Modules/mLeds.o
                0x00006308                mLeds_Setup
 .text.mLeds_Open
                0x00006320        0xc ./Sources/Modules/mLeds.o
                0x00006320                mLeds_Open
 .text.mLeds_Toggle
                0x0000632c       0xc8 ./Sources/Modules/mLeds.o
                0x0000632c                mLeds_Toggle
 .text.mDelay_Setup
                0x000063f4       0x1c ./Sources/Modules/mDelay.o
                0x000063f4                mDelay_Setup
 .text.mDelay_Open
                0x00006410       0x10 ./Sources/Modules/mDelay.o
                0x00006410                mDelay_Open
 .text.mDelay_GetDelay
                0x00006420       0x28 ./Sources/Modules/mDelay.o
                0x00006420                mDelay_GetDelay
 .text.mDelay_ReStart
                0x00006448       0x2c ./Sources/Modules/mDelay.o
                0x00006448                mDelay_ReStart
 .text.mDelay_IsDelayDone
                0x00006474       0x28 ./Sources/Modules/mDelay.o
                0x00006474                mDelay_IsDelayDone
 .text.mDac_Setup
                0x0000649c       0x14 ./Sources/Modules/mDac.o
                0x0000649c                mDac_Setup
 .text.mDac_Open
                0x000064b0        0xc ./Sources/Modules/mDac.o
                0x000064b0                mDac_Open
 .text.mDac_SetDac0Output
                0x000064bc       0x24 ./Sources/Modules/mDac.o
                0x000064bc                mDac_SetDac0Output
 .text.mCpu_Setup
                0x000064e0        0xc ./Sources/Modules/mCpu.o
                0x000064e0                mCpu_Setup
 .text.mAd_Setup
                0x000064ec       0x14 ./Sources/Modules/mAd.o
                0x000064ec                mAd_Setup
 .text.mAd_Open
                0x00006500        0xc ./Sources/Modules/mAd.o
                0x00006500                mAd_Open
 .text.mAd_Read
                0x0000650c       0xac ./Sources/Modules/mAd.o
                0x0000650c                mAd_Read
 .text.mAccelMagneto_Setup
                0x000065b8        0xc ./Sources/Modules/mAccelMagneto.o
                0x000065b8                mAccelMagneto_Setup
 .text.mAccelMagneto_Open
                0x000065c4        0xc ./Sources/Modules/mAccelMagneto.o
                0x000065c4                mAccelMagneto_Open
 .text.mAccelMagneto_GetData
                0x000065d0      0x174 ./Sources/Modules/mAccelMagneto.o
                0x000065d0                mAccelMagneto_GetData
 .text.PORTB_IRQHandler
                0x00006744       0x68 ./Sources/Modules/mAccelMagneto.o
                0x00006744                PORTB_IRQHandler
 .text.Stbp_InitSw
                0x000067ac       0xec ./Sources/Utils/stbp.o
                0x000067ac                Stbp_InitSw
 .text.Stbp_IsDataToTransmit
                0x00006898       0x58 ./Sources/Utils/stbp.o
                0x00006898                Stbp_IsDataToTransmit
 .text.Stbp_GetNextByteToSend
                0x000068f0      0x204 ./Sources/Utils/stbp.o
                0x000068f0                Stbp_GetNextByteToSend
 .text.Stbp_NewMsg
                0x00006af4       0x80 ./Sources/Utils/stbp.o
                0x00006af4                Stbp_NewMsg
 .text.Stbp_PutUint16
                0x00006b74       0x94 ./Sources/Utils/stbp.o
                0x00006b74                Stbp_PutUint16
 .text.Stbp_PutString
                0x00006c08       0x94 ./Sources/Utils/stbp.o
                0x00006c08                Stbp_PutString
 .text.Stbp_EncodeMessage
                0x00006c9c       0x4c ./Sources/Utils/stbp.o
                0x00006c9c                Stbp_EncodeMessage
 .text.enable_irq
                0x00006ce8      0x228 ./Sources/Utils/def.o
                0x00006ce8                enable_irq
 .text.disable_irq
                0x00006f10      0x108 ./Sources/Utils/def.o
                0x00006f10                disable_irq
 .text.exit     0x00007018       0x38 C:/Freescale/CW MCU v10.6/MCU/ARM_GCC_Support/ewl/lib/armv7e-m/fpu\libc.a(exit.o)
                0x00007018                exit
 .text.memset   0x00007050        0xc C:/Freescale/CW MCU v10.6/MCU/ARM_GCC_Support/ewl/lib/armv7e-m/fpu\libc.a(memset.o)
                0x00007050                memset
 .text.long2str.isra.0
                0x0000705c      0x196 C:/Freescale/CW MCU v10.6/MCU/ARM_GCC_Support/ewl/lib/armv7e-m/fpu\libc.a(printformat_fp.o)
 *fill*         0x000071f2        0x2 00
 .text.__pformatterFP
                0x000071f4      0x838 C:/Freescale/CW MCU v10.6/MCU/ARM_GCC_Support/ewl/lib/armv7e-m/fpu\libc.a(printformat_fp.o)
                0x000071f4                __pformatterFP
 .text.__sformatter_FP
                0x00007a2c      0x7a8 C:/Freescale/CW MCU v10.6/MCU/ARM_GCC_Support/ewl/lib/armv7e-m/fpu\libc.a(scanformat_fp.o)
                0x00007a2c                __sformatter_FP
 .text.isalpha  0x000081d4       0x1c C:/Freescale/CW MCU v10.6/MCU/ARM_GCC_Support/ewl/lib/armv7e-m/fpu\libc.a(ctype_aeabi.o)
                0x000081d4                isalpha
 .text.isspace  0x000081f0       0x1c C:/Freescale/CW MCU v10.6/MCU/ARM_GCC_Support/ewl/lib/armv7e-m/fpu\libc.a(ctype_aeabi.o)
                0x000081f0                isspace
 .text.isupper  0x0000820c       0x1c C:/Freescale/CW MCU v10.6/MCU/ARM_GCC_Support/ewl/lib/armv7e-m/fpu\libc.a(ctype_aeabi.o)
                0x0000820c                isupper
 .text.isxdigit
                0x00008228       0x1c C:/Freescale/CW MCU v10.6/MCU/ARM_GCC_Support/ewl/lib/armv7e-m/fpu\libc.a(ctype_aeabi.o)
                0x00008228                isxdigit
 .text.toupper  0x00008244        0xc C:/Freescale/CW MCU v10.6/MCU/ARM_GCC_Support/ewl/lib/armv7e-m/fpu\libc.a(ctype_aeabi.o)
                0x00008244                toupper
 .text.__strtold
                0x00008250      0x6dc C:/Freescale/CW MCU v10.6/MCU/ARM_GCC_Support/ewl/lib/armv7e-m/fpu\libc.a(__strtold.o)
                0x00008250                __strtold
 .text.__strtoul
                0x0000892c      0x214 C:/Freescale/CW MCU v10.6/MCU/ARM_GCC_Support/ewl/lib/armv7e-m/fpu\libc.a(__strtoul.o)
                0x0000892c                __strtoul
 .text.__fill_mem
                0x00008b40       0x76 C:/Freescale/CW MCU v10.6/MCU/ARM_GCC_Support/ewl/lib/armv7e-m/fpu\libc.a(__filll_mem.o)
                0x00008b40                __fill_mem
 .text.memchr   0x00008bb6       0x18 C:/Freescale/CW MCU v10.6/MCU/ARM_GCC_Support/ewl/lib/armv7e-m/fpu\libc.a(memchr.o)
                0x00008bb6                memchr
 .text.strchr   0x00008bce       0x1a C:/Freescale/CW MCU v10.6/MCU/ARM_GCC_Support/ewl/lib/armv7e-m/fpu\libc.a(strchr.o)
                0x00008bce                strchr
 .text.strcpy   0x00008be8        0xe C:/Freescale/CW MCU v10.6/MCU/ARM_GCC_Support/ewl/lib/armv7e-m/fpu\libc.a(strcpy.o)
                0x00008be8                strcpy
 .text.strlen   0x00008bf6       0x10 C:/Freescale/CW MCU v10.6/MCU/ARM_GCC_Support/ewl/lib/armv7e-m/fpu\libc.a(strlen.o)
                0x00008bf6                strlen
 *fill*         0x00008c06        0x2 00
 .text.__num2dec
                0x00008c08      0x248 C:/Freescale/CW MCU v10.6/MCU/ARM_GCC_Support/ewl/lib/armv7e-m/fpu\libm.a(ansi_fp.o)
                0x00008c08                __num2dec
 .text.__dec2num
                0x00008e50      0x168 C:/Freescale/CW MCU v10.6/MCU/ARM_GCC_Support/ewl/lib/armv7e-m/fpu\libm.a(ansi_fp.o)
                0x00008e50                __dec2num
 .text.__round_decimal
                0x00008fb8       0x98 C:/Freescale/CW MCU v10.6/MCU/ARM_GCC_Support/ewl/lib/armv7e-m/fpu\libm.a(ansi_fp.o)
                0x00008fb8                __round_decimal
 .text.__signbitd
                0x00009050        0x8 C:/Freescale/CW MCU v10.6/MCU/ARM_GCC_Support/ewl/lib/armv7e-m/fpu\libm.a(math_api.o)
                0x00009050                __signbitd
 .text.__fpclassifyd
                0x00009058       0x40 C:/Freescale/CW MCU v10.6/MCU/ARM_GCC_Support/ewl/lib/armv7e-m/fpu\libm.a(math_api.o)
                0x00009058                __fpclassifyd
 .text.frexp    0x00009098       0x6c C:/Freescale/CW MCU v10.6/MCU/ARM_GCC_Support/ewl/lib/armv7e-m/fpu\libm.a(s_frexp.o)
                0x00009098                frexp
 .text.pow      0x00009104        0x4 C:/Freescale/CW MCU v10.6/MCU/ARM_GCC_Support/ewl/lib/armv7e-m/fpu\libm.a(w_pow.o)
                0x00009104                pow
 .text.sqrt     0x00009108        0x4 C:/Freescale/CW MCU v10.6/MCU/ARM_GCC_Support/ewl/lib/armv7e-m/fpu\libm.a(w_sqrt.o)
                0x00009108                sqrt
 *fill*         0x0000910c        0x4 00
 .text.__ieee754_pow
                0x00009110      0xb98 C:/Freescale/CW MCU v10.6/MCU/ARM_GCC_Support/ewl/lib/armv7e-m/fpu\libm.a(e_pow.o)
                0x00009110                __ieee754_pow
 .text.__ieee754_sqrt
                0x00009ca8      0x174 C:/Freescale/CW MCU v10.6/MCU/ARM_GCC_Support/ewl/lib/armv7e-m/fpu\libm.a(e_sqrt.o)
                0x00009ca8                __ieee754_sqrt
 .text.scalbn   0x00009e1c       0x18 C:/Freescale/CW MCU v10.6/MCU/ARM_GCC_Support/ewl/lib/armv7e-m/fpu\libm.a(scalbn.o)
                0x00009e1c                scalbn
 *fill*         0x00009e34        0x4 00
 .text.ldexp    0x00009e38      0x138 C:/Freescale/CW MCU v10.6/MCU/ARM_GCC_Support/ewl/lib/armv7e-m/fpu\libm.a(s_ldexp.o)
                0x00009e38                ldexp
 .text.__init_cpp
                0x00009f70       0x4c C:/Freescale/CW MCU v10.6/MCU/ARM_GCC_Support/ewl/lib/armv7e-m/fpu\librt.a(gcc_ctor_dtor.o)
                0x00009f70                __init_cpp
 .text.__fini_cpp
                0x00009fbc       0x34 C:/Freescale/CW MCU v10.6/MCU/ARM_GCC_Support/ewl/lib/armv7e-m/fpu\librt.a(gcc_ctor_dtor.o)
                0x00009fbc                __fini_cpp
 .text.__copy_rom_section
                0x00009ff0       0x44 C:/Freescale/CW MCU v10.6/MCU/ARM_GCC_Support/ewl/lib/armv7e-m/fpu\librt.a(ROMCopy.o)
                0x00009ff0                __copy_rom_section
 .text.__copy_rom_sections_to_ram
                0x0000a034       0x30 C:/Freescale/CW MCU v10.6/MCU/ARM_GCC_Support/ewl/lib/armv7e-m/fpu\librt.a(ROMCopy.o)
                0x0000a034                __copy_rom_sections_to_ram
 .text.__destroy_global_chain
                0x0000a064       0x18 C:/Freescale/CW MCU v10.6/MCU/ARM_GCC_Support/ewl/lib/armv7e-m/fpu\librt.a(__arm_eabi_init.o)
                0x0000a064                __destroy_global_chain
 .text.__init_registers
                0x0000a07c       0x24 C:/Freescale/CW MCU v10.6/MCU/ARM_GCC_Support/ewl/lib/armv7e-m/fpu\librt.a(__arm_eabi_init.o)
                0x0000a07c                __init_registers
 .text.__fp_init
                0x0000a0a0       0x1c C:/Freescale/CW MCU v10.6/MCU/ARM_GCC_Support/ewl/lib/armv7e-m/fpu\librt.a(__arm_eabi_init.o)
                0x0000a0a0                __fp_init
 .text.__init_user
                0x0000a0bc        0x4 C:/Freescale/CW MCU v10.6/MCU/ARM_GCC_Support/ewl/lib/armv7e-m/fpu\librt.a(__arm_eabi_init.o)
                0x0000a0bc                __init_user
 *(.rodata)
 .rodata        0x0000a0c0       0xe0 ./Sources/Applications/main.o
 .rodata        0x0000a1a0       0x20 C:/Freescale/CW MCU v10.6/MCU/ARM_GCC_Support/ewl/lib/armv7e-m/fpu\libc.a(__strtold.o)
 *(.rodata*)
 .rodata.str1.1
                0x0000a1c0       0x14 C:/Freescale/CW MCU v10.6/MCU/ARM_GCC_Support/ewl/lib/armv7e-m/fpu\libc.a(printformat_fp.o)
                                 0x25 (size before relaxing)
 .rodata.CSWTCH.22
                0x0000a1d4       0x21 C:/Freescale/CW MCU v10.6/MCU/ARM_GCC_Support/ewl/lib/armv7e-m/fpu\libc.a(printformat_fp.o)
 .rodata.CSWTCH.23
                0x0000a1f5       0x21 C:/Freescale/CW MCU v10.6/MCU/ARM_GCC_Support/ewl/lib/armv7e-m/fpu\libc.a(printformat_fp.o)
 .rodata.__aeabi_ctype_table_C
                0x0000a216      0x101 C:/Freescale/CW MCU v10.6/MCU/ARM_GCC_Support/ewl/lib/armv7e-m/fpu\libc.a(ctype_aeabi.o)
                0x0000a216                __aeabi_ctype_table_C
 *fill*         0x0000a317        0x1 00
 .rodata.digit_values
                0x0000a318       0x40 C:/Freescale/CW MCU v10.6/MCU/ARM_GCC_Support/ewl/lib/armv7e-m/fpu\libm.a(ansi_fp.o)
 .rodata.bit_values
                0x0000a358       0x48 C:/Freescale/CW MCU v10.6/MCU/ARM_GCC_Support/ewl/lib/armv7e-m/fpu\libm.a(ansi_fp.o)
 .rodata.dp_h   0x0000a3a0       0x10 C:/Freescale/CW MCU v10.6/MCU/ARM_GCC_Support/ewl/lib/armv7e-m/fpu\libm.a(e_pow.o)
 .rodata.dp_l   0x0000a3b0       0x10 C:/Freescale/CW MCU v10.6/MCU/ARM_GCC_Support/ewl/lib/armv7e-m/fpu\libm.a(e_pow.o)
 .rodata.bp     0x0000a3c0       0x10 C:/Freescale/CW MCU v10.6/MCU/ARM_GCC_Support/ewl/lib/armv7e-m/fpu\libm.a(e_pow.o)
 *(.glue_7)
 .glue_7        0x00000000        0x0 linker stubs
 *(.glue_7t)
 .glue_7t       0x00000000        0x0 linker stubs
 *(.eh_frame)
 *(.init)
 *(.fini)
                0x0000a3d0                . = ALIGN (0x4)
                0x0000a3d0                _etext = .

.vfp11_veneer   0x0000a3d0        0x0
 .vfp11_veneer  0x00000000        0x0 linker stubs

.v4_bx          0x0000a3d0        0x0
 .v4_bx         0x00000000        0x0 linker stubs

.iplt           0x0000a3d0        0x0
 .iplt          0x00000000        0x0 ./Project_Settings/Startup_Code/kinetis_sysinit.o

.rel.dyn        0x0000a3d0        0x0
 .rel.iplt      0x00000000        0x0 ./Project_Settings/Startup_Code/kinetis_sysinit.o

.ARM.extab
 *(.ARM.extab* .gnu.linkonce.armextab.*)

.ARM            0x0000a3d0        0x0
                0x0000a3d0                __exidx_start = .
 *(.ARM.exidx*)
                0x0000a3d0                __exidx_end = .

.ctors          0x0000a3d0        0x0
                0x0000a3d0                __CTOR_LIST__ = .
 *crtbegin.o(.ctors)
 *(EXCLUDE_FILE(*crtend.o) .ctors)
 *(SORT(.ctors.*))
 *(.ctors)
                0x0000a3d0                __CTOR_END__ = .

.dtors          0x0000a3d0        0x0
                0x0000a3d0                __DTOR_LIST__ = .
 *crtbegin.o(.dtors)
 *(EXCLUDE_FILE(*crtend.o) .dtors)
 *(SORT(.dtors.*))
 *(.dtors)
                0x0000a3d0                __DTOR_END__ = .

.preinit_array  0x0000a3d0        0x0
                0x0000a3d0                PROVIDE (__preinit_array_start, .)
 *(.preinit_array*)
                0x0000a3d0                PROVIDE (__preinit_array_end, .)

.init_array     0x0000a3d0        0x0
                0x0000a3d0                PROVIDE (__init_array_start, .)
 *(SORT(.init_array.*))
 *(.init_array*)
                0x0000a3d0                PROVIDE (__init_array_end, .)

.fini_array     0x0000a3d0        0x0
                0x0000a3d0                PROVIDE (__fini_array_start, .)
 *(SORT(.fini_array.*))
 *(.fini_array*)
                0x0000a3d0                PROVIDE (__fini_array_end, .)
                0x0000a3d0                ___ROM_AT = .

.data           0x1fff0000       0x34 load address 0x0000a3d0
                0x1fff0000                . = ALIGN (0x4)
                0x1fff0000                _sdata = .
 *(.data)
 *(.data*)
 .data.sMyCommPtr
                0x1fff0000        0x4 ./Sources/Applications/main.o
 .data.sTxMsgBufferPtr
                0x1fff0004        0x4 ./Sources/Applications/main.o
                0x1fff0004                sTxMsgBufferPtr
 .data.KiMR.4290
                0x1fff0008        0x4 ./Sources/Modules/mTimer.o
 .data.KiML.4291
                0x1fff000c        0x4 ./Sources/Modules/mTimer.o
 .data.KpML.4289
                0x1fff0010        0x4 ./Sources/Modules/mTimer.o
 .data.KpMR.4288
                0x1fff0014        0x4 ./Sources/Modules/mTimer.o
 .data.__double_nan
                0x1fff0018        0x8 C:/Freescale/CW MCU v10.6/MCU/ARM_GCC_Support/ewl/lib/armv7e-m/fpu\libm.a(float.o)
                0x1fff0018                __double_nan
 .data.__double_huge
                0x1fff0020        0x8 C:/Freescale/CW MCU v10.6/MCU/ARM_GCC_Support/ewl/lib/armv7e-m/fpu\libm.a(float.o)
                0x1fff0020                __double_huge
 .data.__float_nan
                0x1fff0028        0x4 C:/Freescale/CW MCU v10.6/MCU/ARM_GCC_Support/ewl/lib/armv7e-m/fpu\libm.a(float.o)
                0x1fff0028                __float_nan
 .data.__extended_max
                0x1fff002c        0x8 C:/Freescale/CW MCU v10.6/MCU/ARM_GCC_Support/ewl/lib/armv7e-m/fpu\libm.a(float.o)
                0x1fff002c                __extended_max
                0x1fff0034                . = ALIGN (0x4)
                0x1fff0034                _edata = .
                0x00000034                ___data_size = (_edata - _sdata)
                0x0000a404                ___m_data2_ROMStart = (___ROM_AT + SIZEOF (.data))

.igot.plt       0x1fff0034        0x0 load address 0x0000a404
 .igot.plt      0x00000000        0x0 ./Project_Settings/Startup_Code/kinetis_sysinit.o

.user_data2     0x20000000        0x0 load address 0x0000a404
                0x20000000                . = ALIGN (0x4)
                0x20000000                ___m_data2_RAMStart = .
 *(.data2)
                0x20000000                ___m_data2_RAMEnd = .
                0x20000000                . = ALIGN (0x4)
                0x00000000                ___m_data2_ROMSize = (___m_data2_RAMEnd - ___m_data2_RAMStart)
                0x20000000                . = ALIGN (0x4)

.bss            0x1fff0034     0x2564 load address 0x0000a404
                0x1fff0034                __START_BSS = .
                0x1fff0034                PROVIDE (__bss_start__, __START_BSS)
 *(.bss)
 *(.bss*)
 .bss.argv      0x1fff0034        0x4 ./Project_Settings/Startup_Code/__arm_start.o
 .bss.sImageTab
                0x1fff0038       0xc8 ./Sources/Applications/main.o
 .bss.sImageDeriveTab
                0x1fff0100       0xc8 ./Sources/Applications/main.o
 .bss.sSpeedMotLeft
                0x1fff01c8        0x4 ./Sources/Applications/main.o
                0x1fff01c8                sSpeedMotLeft
 .bss.sSpeedMotRight
                0x1fff01cc        0x4 ./Sources/Applications/main.o
                0x1fff01cc                sSpeedMotRight
 .bss.sMotorSpeed
                0x1fff01d0        0x8 ./Sources/Applications/main.o
                0x1fff01d0                sMotorSpeed
 .bss.sMotorConsi
                0x1fff01d8        0x8 ./Sources/Applications/main.o
                0x1fff01d8                sMotorConsi
 .bss.sMotorRegu
                0x1fff01e0        0x8 ./Sources/Applications/main.o
                0x1fff01e0                sMotorRegu
 .bss.sServo_Angle
                0x1fff01e8        0x4 ./Sources/Applications/main.o
                0x1fff01e8                sServo_Angle
 .bss.sMyComm   0x1fff01ec       0x40 ./Sources/Applications/main.o
 .bss.sMyCommRxBuffer
                0x1fff022c      0x1f4 ./Sources/Applications/main.o
 .bss.sMyCommTxBuffer
                0x1fff0420      0x1f4 ./Sources/Applications/main.o
 .bss.sNumberOfTransferredBytes
                0x1fff0614        0x2 ./Sources/Applications/main.o
 *fill*         0x1fff0616        0x2 00
 .bss.sTxMsgBuffer
                0x1fff0618      0x3e8 ./Sources/Applications/main.o
                0x1fff0618                sTxMsgBuffer
 .bss.sDlyJava  0x1fff0a00        0x2 ./Sources/Applications/main.o
 *fill*         0x1fff0a02        0x2 00
 .bss.sFrameTxJava2
                0x1fff0a04       0xb0 ./Sources/Applications/main.o
 .bss.sLedOn1.6998
                0x1fff0ab4        0x4 ./Sources/Applications/main.o
 .bss.aStatus.6924
                0x1fff0ab8        0x2 ./Sources/Applications/main.o
 .bss.sDly.6922
                0x1fff0aba        0x2 ./Sources/Applications/main.o
 .bss.sSciRecBufStruct
                0x1fff0abc       0xd4 ./Sources/Interfaces/iUart.o
 .bss.sReadWifiState
                0x1fff0b90        0x1 ./Sources/Interfaces/iUart.o
 *fill*         0x1fff0b91        0x3 00
 .bss.sReadFrame
                0x1fff0b94     0x17e8 ./Sources/Interfaces/iUart.o
 .bss.sReadFrameInIndex
                0x1fff237c        0x2 ./Sources/Interfaces/iUart.o
                0x1fff237c                sReadFrameInIndex
 .bss.sReadFrameCounter
                0x1fff237e        0x2 ./Sources/Interfaces/iUart.o
                0x1fff237e                sReadFrameCounter
 .bss.sStatus.5516
                0x1fff2380        0x1 ./Sources/Interfaces/iUart.o
 *fill*         0x1fff2381        0x3 00
 .bss.sDly      0x1fff2384      0x168 ./Sources/Interfaces/iPit.o
 .bss.aTmp.5455
                0x1fff24ec        0x4 ./Sources/Interfaces/iPit.o
 .bss.sOldTimerValueChL
                0x1fff24f0        0x2 ./Sources/Interfaces/iFlextimer.o
 *fill*         0x1fff24f2        0x2 00
 .bss.sDeltaChL
                0x1fff24f4        0x4 ./Sources/Interfaces/iFlextimer.o
 .bss.sOldTimerValueChR
                0x1fff24f8        0x2 ./Sources/Interfaces/iFlextimer.o
 *fill*         0x1fff24fa        0x2 00
 .bss.sDeltaChR
                0x1fff24fc        0x4 ./Sources/Interfaces/iFlextimer.o
 .bss.sDelayTimeoutSpeed
                0x1fff2500        0x4 ./Sources/Interfaces/iFlextimer.o
 .bss.sSpeedLeft
                0x1fff2504        0x4 ./Sources/Interfaces/iFlextimer.o
 .bss.sSpeedRight
                0x1fff2508        0x4 ./Sources/Interfaces/iFlextimer.o
 .bss.sOverFlowCounterL
                0x1fff250c        0x4 ./Sources/Interfaces/iFlextimer.o
 .bss.sOverFlowCounterR
                0x1fff2510        0x4 ./Sources/Interfaces/iFlextimer.o
 .bss.sSendDelayNb.4305
                0x1fff2514        0x2 ./Sources/Modules/mWifi.o
 *fill*         0x1fff2516        0x2 00
 .bss.MesureML.4296
                0x1fff2518        0x4 ./Sources/Modules/mTimer.o
 .bss.MesureMR.4297
                0x1fff251c        0x4 ./Sources/Modules/mTimer.o
 .bss.ConsigneMR.4294
                0x1fff2520        0x4 ./Sources/Modules/mTimer.o
 .bss.ConsigneML.4295
                0x1fff2524        0x4 ./Sources/Modules/mTimer.o
 .bss.ErrMR.4292
                0x1fff2528        0x4 ./Sources/Modules/mTimer.o
 .bss.ErrML.4293
                0x1fff252c        0x4 ./Sources/Modules/mTimer.o
 .bss.RegiMR.4298
                0x1fff2530        0x4 ./Sources/Modules/mTimer.o
 .bss.RegiML.4299
                0x1fff2534        0x4 ./Sources/Modules/mTimer.o
 .bss.sServoPosition.4258
                0x1fff2538        0x4 ./Sources/Modules/mTimer.o
 .bss.pState.4211
                0x1fff253c        0x1 ./Sources/Modules/mLeds.o
 .bss.sDataReady
                0x1fff253d        0x1 ./Sources/Modules/mAccelMagneto.o
 *fill*         0x1fff253e        0x2 00
 .bss.m_bIsBigEndian
                0x1fff2540        0x4 ./Sources/Utils/stbp.o
 .bss.__stdio_exit
                0x1fff2544        0x4 C:/Freescale/CW MCU v10.6/MCU/ARM_GCC_Support/ewl/lib/armv7e-m/fpu\libc.a(exit.o)
                0x1fff2544                __stdio_exit
 .bss.__console_exit
                0x1fff2548        0x4 C:/Freescale/CW MCU v10.6/MCU/ARM_GCC_Support/ewl/lib/armv7e-m/fpu\libc.a(exit.o)
                0x1fff2548                __console_exit
 .bss.__S_romp  0x1fff254c        0xc C:/Freescale/CW MCU v10.6/MCU/ARM_GCC_Support/ewl/lib/armv7e-m/fpu\librt.a(ROMCopy.o)
 .bss.__global_destructor_chain
                0x1fff2558        0x4 C:/Freescale/CW MCU v10.6/MCU/ARM_GCC_Support/ewl/lib/armv7e-m/fpu\librt.a(__arm_eabi_init.o)
                0x1fff2558                __global_destructor_chain
 *(COMMON)
 COMMON         0x1fff255c       0x38 ./Sources/Modules/mAccelMagneto.o
                0x1fff255c                Xout_Mag_16_bit
                0x1fff255e                Xout_Accel_14_bit
                0x1fff2560                Zout_g
                0x1fff2564                AccelMagData
                0x1fff2570                Yout_uT
                0x1fff2574                Yout_Accel_14_bit
                0x1fff2576                Zout_Accel_14_bit
                0x1fff2578                Yout_Mag_16_bit
                0x1fff257c                Yout_g
                0x1fff2580                Xout_g
                0x1fff2584                Zout_uT
                0x1fff2588                Zout_Mag_16_bit
                0x1fff258c                Heading
                0x1fff2590                Xout_uT
 COMMON         0x1fff2594        0x4 C:/Freescale/CW MCU v10.6/MCU/ARM_GCC_Support/ewl/lib/armv7e-m/fpu\libc.a(errno.o)
                0x1fff2594                errno
                0x1fff2598                . = ALIGN (0x4)
                0x1fff2598                __END_BSS = .
                0x1fff2598                PROVIDE (__bss_end__, __END_BSS)

._user_heap_stack
                0x1fff2598     0x1000 load address 0x0000c968
                0x1fff2598                . = ALIGN (0x4)
                0x1fff2598                PROVIDE (end, .)
                0x1fff2598                PROVIDE (_end, .)
                0x1fff2598                __heap_addr = .
                0x1fff2d98                . = (. + __heap_size)
 *fill*         0x1fff2598      0x800 00
                0x1fff3598                . = (. + __stack_size)
 *fill*         0x1fff2d98      0x800 00
                0x1fff3598                . = ALIGN (0x4)
                0x0000a404                _romp_at = ((___ROM_AT + SIZEOF (.data)) + SIZEOF (.user_data2))

.romp           0x20000000       0x24 load address 0x0000a404
                0x0000a404                __S_romp = _romp_at
                0x20000000        0x4 LONG 0xa3d0 ___ROM_AT
                0x20000004        0x4 LONG 0x1fff0000 _sdata
                0x20000008        0x4 LONG 0x34 ___data_size
                0x2000000c        0x4 LONG 0xa404 ___m_data2_ROMStart
                0x20000010        0x4 LONG 0x20000000 ___m_data2_RAMStart
                0x20000014        0x4 LONG 0x0 ___m_data2_ROMSize
                0x20000018        0x4 LONG 0x0
                0x2000001c        0x4 LONG 0x0
                0x20000020        0x4 LONG 0x0

.ARM.attributes
                0x00000000       0x3b
 *(.ARM.attributes)
 .ARM.attributes
                0x00000000       0x3b ./Project_Settings/Startup_Code/kinetis_sysinit.o
 .ARM.attributes
                0x0000003b       0x3b ./Project_Settings/Startup_Code/__arm_start.o
 .ARM.attributes
                0x00000076       0x3b ./Project_Settings/Startup_Code/__arm_end.o
 .ARM.attributes
                0x000000b1       0x3b ./Sources/Applications/main.o
 .ARM.attributes
                0x000000ec       0x3b ./Sources/Interfaces/iUart.o
 .ARM.attributes
                0x00000127       0x3b ./Sources/Interfaces/iSpi.o
 .ARM.attributes
                0x00000162       0x3b ./Sources/Interfaces/iPit.o
 .ARM.attributes
                0x0000019d       0x3b ./Sources/Interfaces/iI2C.o
 .ARM.attributes
                0x000001d8       0x3b ./Sources/Interfaces/iFlextimer.o
 .ARM.attributes
                0x00000213       0x3b ./Sources/Interfaces/iDio.o
 .ARM.attributes
                0x0000024e       0x3b ./Sources/Interfaces/iDac.o
 .ARM.attributes
                0x00000289       0x3b ./Sources/Interfaces/iCpu.o
 .ARM.attributes
                0x000002c4       0x3b ./Sources/Interfaces/iAd.o
 .ARM.attributes
                0x000002ff       0x3b ./Sources/Modules/mWifi.o
 .ARM.attributes
                0x0000033a       0x3b ./Sources/Modules/mTimer.o
 .ARM.attributes
                0x00000375       0x3b ./Sources/Modules/mSwitch.o
 .ARM.attributes
                0x000003b0       0x3b ./Sources/Modules/mSpi.o
 .ARM.attributes
                0x000003eb       0x3b ./Sources/Modules/mRS232.o
 .ARM.attributes
                0x00000426       0x3b ./Sources/Modules/mLeds.o
 .ARM.attributes
                0x00000461       0x3b ./Sources/Modules/mDelay.o
 .ARM.attributes
                0x0000049c       0x3b ./Sources/Modules/mDac.o
 .ARM.attributes
                0x000004d7       0x3b ./Sources/Modules/mCpu.o
 .ARM.attributes
                0x00000512       0x3b ./Sources/Modules/mAd.o
 .ARM.attributes
                0x0000054d       0x3b ./Sources/Modules/mAccelMagneto.o
 .ARM.attributes
                0x00000588       0x3b ./Sources/Utils/stbp.o
 .ARM.attributes
                0x000005c3       0x3b ./Sources/Utils/def.o
 .ARM.attributes
                0x000005fe       0x3b C:/Freescale/CW MCU v10.6/MCU/ARM_GCC_Support/ewl/lib/armv7e-m/fpu\libc.a(exit.o)
 .ARM.attributes
                0x00000639       0x3b C:/Freescale/CW MCU v10.6/MCU/ARM_GCC_Support/ewl/lib/armv7e-m/fpu\libc.a(memset.o)
 .ARM.attributes
                0x00000674       0x3b C:/Freescale/CW MCU v10.6/MCU/ARM_GCC_Support/ewl/lib/armv7e-m/fpu\libc.a(printformat_fp.o)
 .ARM.attributes
                0x000006af       0x3b C:/Freescale/CW MCU v10.6/MCU/ARM_GCC_Support/ewl/lib/armv7e-m/fpu\libc.a(scanformat_fp.o)
 .ARM.attributes
                0x000006ea       0x3b C:/Freescale/CW MCU v10.6/MCU/ARM_GCC_Support/ewl/lib/armv7e-m/fpu\libc.a(ctype_aeabi.o)
 .ARM.attributes
                0x00000725       0x3b C:/Freescale/CW MCU v10.6/MCU/ARM_GCC_Support/ewl/lib/armv7e-m/fpu\libc.a(__strtold.o)
 .ARM.attributes
                0x00000760       0x3b C:/Freescale/CW MCU v10.6/MCU/ARM_GCC_Support/ewl/lib/armv7e-m/fpu\libc.a(__strtoul.o)
 .ARM.attributes
                0x0000079b       0x3b C:/Freescale/CW MCU v10.6/MCU/ARM_GCC_Support/ewl/lib/armv7e-m/fpu\libc.a(__filll_mem.o)
 .ARM.attributes
                0x000007d6       0x3b C:/Freescale/CW MCU v10.6/MCU/ARM_GCC_Support/ewl/lib/armv7e-m/fpu\libc.a(memchr.o)
 .ARM.attributes
                0x00000811       0x3b C:/Freescale/CW MCU v10.6/MCU/ARM_GCC_Support/ewl/lib/armv7e-m/fpu\libc.a(strchr.o)
 .ARM.attributes
                0x0000084c       0x3b C:/Freescale/CW MCU v10.6/MCU/ARM_GCC_Support/ewl/lib/armv7e-m/fpu\libc.a(strcpy.o)
 .ARM.attributes
                0x00000887       0x3b C:/Freescale/CW MCU v10.6/MCU/ARM_GCC_Support/ewl/lib/armv7e-m/fpu\libc.a(strlen.o)
 .ARM.attributes
                0x000008c2       0x3b C:/Freescale/CW MCU v10.6/MCU/ARM_GCC_Support/ewl/lib/armv7e-m/fpu\libc.a(errno.o)
 .ARM.attributes
                0x000008fd       0x3b C:/Freescale/CW MCU v10.6/MCU/ARM_GCC_Support/ewl/lib/armv7e-m/fpu\libm.a(ansi_fp.o)
 .ARM.attributes
                0x00000938       0x3b C:/Freescale/CW MCU v10.6/MCU/ARM_GCC_Support/ewl/lib/armv7e-m/fpu\libm.a(float.o)
 .ARM.attributes
                0x00000973       0x3b C:/Freescale/CW MCU v10.6/MCU/ARM_GCC_Support/ewl/lib/armv7e-m/fpu\libm.a(math_api.o)
 .ARM.attributes
                0x000009ae       0x3b C:/Freescale/CW MCU v10.6/MCU/ARM_GCC_Support/ewl/lib/armv7e-m/fpu\libm.a(s_frexp.o)
 .ARM.attributes
                0x000009e9       0x3b C:/Freescale/CW MCU v10.6/MCU/ARM_GCC_Support/ewl/lib/armv7e-m/fpu\libm.a(w_pow.o)
 .ARM.attributes
                0x00000a24       0x3b C:/Freescale/CW MCU v10.6/MCU/ARM_GCC_Support/ewl/lib/armv7e-m/fpu\libm.a(w_sqrt.o)
 .ARM.attributes
                0x00000a5f       0x3b C:/Freescale/CW MCU v10.6/MCU/ARM_GCC_Support/ewl/lib/armv7e-m/fpu\libm.a(e_pow.o)
 .ARM.attributes
                0x00000a9a       0x3b C:/Freescale/CW MCU v10.6/MCU/ARM_GCC_Support/ewl/lib/armv7e-m/fpu\libm.a(e_sqrt.o)
 .ARM.attributes
                0x00000ad5       0x3b C:/Freescale/CW MCU v10.6/MCU/ARM_GCC_Support/ewl/lib/armv7e-m/fpu\libm.a(scalbn.o)
 .ARM.attributes
                0x00000b10       0x3b C:/Freescale/CW MCU v10.6/MCU/ARM_GCC_Support/ewl/lib/armv7e-m/fpu\libm.a(s_ldexp.o)
 .ARM.attributes
                0x00000b4b       0x24 c:/freescale/cw mcu v10.6/cross_tools/arm-none-eabi-gcc-4_7_3/bin/../lib/gcc/arm-none-eabi/4.7.3/armv7e-m/fpu\libgcc.a(_arm_addsubdf3.o)
 .ARM.attributes
                0x00000b6f       0x24 c:/freescale/cw mcu v10.6/cross_tools/arm-none-eabi-gcc-4_7_3/bin/../lib/gcc/arm-none-eabi/4.7.3/armv7e-m/fpu\libgcc.a(_arm_muldivdf3.o)
 .ARM.attributes
                0x00000b93       0x24 c:/freescale/cw mcu v10.6/cross_tools/arm-none-eabi-gcc-4_7_3/bin/../lib/gcc/arm-none-eabi/4.7.3/armv7e-m/fpu\libgcc.a(_arm_cmpdf2.o)
 .ARM.attributes
                0x00000bb7       0x24 c:/freescale/cw mcu v10.6/cross_tools/arm-none-eabi-gcc-4_7_3/bin/../lib/gcc/arm-none-eabi/4.7.3/armv7e-m/fpu\libgcc.a(_arm_fixdfsi.o)
 .ARM.attributes
                0x00000bdb       0x24 c:/freescale/cw mcu v10.6/cross_tools/arm-none-eabi-gcc-4_7_3/bin/../lib/gcc/arm-none-eabi/4.7.3/armv7e-m/fpu\libgcc.a(_arm_fixunsdfsi.o)
 .ARM.attributes
                0x00000bff       0x24 c:/freescale/cw mcu v10.6/cross_tools/arm-none-eabi-gcc-4_7_3/bin/../lib/gcc/arm-none-eabi/4.7.3/armv7e-m/fpu\libgcc.a(_arm_truncdfsf2.o)
 .ARM.attributes
                0x00000c23       0x3b C:/Freescale/CW MCU v10.6/MCU/ARM_GCC_Support/ewl/lib/armv7e-m/fpu\librt.a(gcc_ctor_dtor.o)
 .ARM.attributes
                0x00000c5e       0x3b C:/Freescale/CW MCU v10.6/MCU/ARM_GCC_Support/ewl/lib/armv7e-m/fpu\librt.a(ROMCopy.o)
 .ARM.attributes
                0x00000c99       0x3b C:/Freescale/CW MCU v10.6/MCU/ARM_GCC_Support/ewl/lib/armv7e-m/fpu\librt.a(__arm_eabi_init.o)
OUTPUT(FS_K64.elf elf32-littlearm)

.debug_info     0x00000000     0xc65e
 .debug_info    0x00000000      0x387 ./Project_Settings/Startup_Code/kinetis_sysinit.o
 .debug_info    0x00000387      0x12a ./Project_Settings/Startup_Code/__arm_start.o
 .debug_info    0x000004b1       0x54 ./Project_Settings/Startup_Code/__arm_end.o
 .debug_info    0x00000505      0xbd7 ./Sources/Applications/main.o
 .debug_info    0x000010dc      0x854 ./Sources/Interfaces/iUart.o
 .debug_info    0x00001930      0xad3 ./Sources/Interfaces/iSpi.o
 .debug_info    0x00002403      0x94d ./Sources/Interfaces/iPit.o
 .debug_info    0x00002d50      0x8a0 ./Sources/Interfaces/iI2C.o
 .debug_info    0x000035f0      0xa1f ./Sources/Interfaces/iFlextimer.o
 .debug_info    0x0000400f      0x3a7 ./Sources/Interfaces/iDio.o
 .debug_info    0x000043b6      0x49c ./Sources/Interfaces/iDac.o
 .debug_info    0x00004852      0x6dd ./Sources/Interfaces/iCpu.o
 .debug_info    0x00004f2f      0x651 ./Sources/Interfaces/iAd.o
 .debug_info    0x00005580      0x488 ./Sources/Modules/mWifi.o
 .debug_info    0x00005a08      0x5f7 ./Sources/Modules/mTimer.o
 .debug_info    0x00005fff      0x2a6 ./Sources/Modules/mSwitch.o
 .debug_info    0x000062a5      0x5c1 ./Sources/Modules/mSpi.o
 .debug_info    0x00006866      0x13f ./Sources/Modules/mRS232.o
 .debug_info    0x000069a5      0x2dd ./Sources/Modules/mLeds.o
 .debug_info    0x00006c82      0x214 ./Sources/Modules/mDelay.o
 .debug_info    0x00006e96       0xe0 ./Sources/Modules/mDac.o
 .debug_info    0x00006f76       0x7d ./Sources/Modules/mCpu.o
 .debug_info    0x00006ff3      0x1cb ./Sources/Modules/mAd.o
 .debug_info    0x000071be      0x6ca ./Sources/Modules/mAccelMagneto.o
 .debug_info    0x00007888      0xcb7 ./Sources/Utils/stbp.o
 .debug_info    0x0000853f      0x225 ./Sources/Utils/def.o
 .debug_info    0x00008764       0xe8 C:/Freescale/CW MCU v10.6/MCU/ARM_GCC_Support/ewl/lib/armv7e-m/fpu\libc.a(exit.o)
 .debug_info    0x0000884c       0xec C:/Freescale/CW MCU v10.6/MCU/ARM_GCC_Support/ewl/lib/armv7e-m/fpu\libc.a(memset.o)
 .debug_info    0x00008938      0x765 C:/Freescale/CW MCU v10.6/MCU/ARM_GCC_Support/ewl/lib/armv7e-m/fpu\libc.a(printformat_fp.o)
 .debug_info    0x0000909d      0x5c6 C:/Freescale/CW MCU v10.6/MCU/ARM_GCC_Support/ewl/lib/armv7e-m/fpu\libc.a(scanformat_fp.o)
 .debug_info    0x00009663      0x306 C:/Freescale/CW MCU v10.6/MCU/ARM_GCC_Support/ewl/lib/armv7e-m/fpu\libc.a(ctype_aeabi.o)
 .debug_info    0x00009969      0x76d C:/Freescale/CW MCU v10.6/MCU/ARM_GCC_Support/ewl/lib/armv7e-m/fpu\libc.a(__strtold.o)
 .debug_info    0x0000a0d6      0x1d6 C:/Freescale/CW MCU v10.6/MCU/ARM_GCC_Support/ewl/lib/armv7e-m/fpu\libc.a(__strtoul.o)
 .debug_info    0x0000a2ac      0x135 C:/Freescale/CW MCU v10.6/MCU/ARM_GCC_Support/ewl/lib/armv7e-m/fpu\libc.a(__filll_mem.o)
 .debug_info    0x0000a3e1      0x120 C:/Freescale/CW MCU v10.6/MCU/ARM_GCC_Support/ewl/lib/armv7e-m/fpu\libc.a(memchr.o)
 .debug_info    0x0000a501      0x108 C:/Freescale/CW MCU v10.6/MCU/ARM_GCC_Support/ewl/lib/armv7e-m/fpu\libc.a(strchr.o)
 .debug_info    0x0000a609      0x108 C:/Freescale/CW MCU v10.6/MCU/ARM_GCC_Support/ewl/lib/armv7e-m/fpu\libc.a(strcpy.o)
 .debug_info    0x0000a711       0xeb C:/Freescale/CW MCU v10.6/MCU/ARM_GCC_Support/ewl/lib/armv7e-m/fpu\libc.a(strlen.o)
 .debug_info    0x0000a7fc       0x9d C:/Freescale/CW MCU v10.6/MCU/ARM_GCC_Support/ewl/lib/armv7e-m/fpu\libc.a(errno.o)
 .debug_info    0x0000a899      0x515 C:/Freescale/CW MCU v10.6/MCU/ARM_GCC_Support/ewl/lib/armv7e-m/fpu\libm.a(ansi_fp.o)
 .debug_info    0x0000adae      0x1e4 C:/Freescale/CW MCU v10.6/MCU/ARM_GCC_Support/ewl/lib/armv7e-m/fpu\libm.a(float.o)
 .debug_info    0x0000af92      0x30b C:/Freescale/CW MCU v10.6/MCU/ARM_GCC_Support/ewl/lib/armv7e-m/fpu\libm.a(math_api.o)
 .debug_info    0x0000b29d      0x1a1 C:/Freescale/CW MCU v10.6/MCU/ARM_GCC_Support/ewl/lib/armv7e-m/fpu\libm.a(s_frexp.o)
 .debug_info    0x0000b43e       0xbf C:/Freescale/CW MCU v10.6/MCU/ARM_GCC_Support/ewl/lib/armv7e-m/fpu\libm.a(w_pow.o)
 .debug_info    0x0000b4fd       0xb2 C:/Freescale/CW MCU v10.6/MCU/ARM_GCC_Support/ewl/lib/armv7e-m/fpu\libm.a(w_sqrt.o)
 .debug_info    0x0000b5af      0x5cb C:/Freescale/CW MCU v10.6/MCU/ARM_GCC_Support/ewl/lib/armv7e-m/fpu\libm.a(e_pow.o)
 .debug_info    0x0000bb7a      0x266 C:/Freescale/CW MCU v10.6/MCU/ARM_GCC_Support/ewl/lib/armv7e-m/fpu\libm.a(e_sqrt.o)
 .debug_info    0x0000bde0       0xee C:/Freescale/CW MCU v10.6/MCU/ARM_GCC_Support/ewl/lib/armv7e-m/fpu\libm.a(scalbn.o)
 .debug_info    0x0000bece      0x1e2 C:/Freescale/CW MCU v10.6/MCU/ARM_GCC_Support/ewl/lib/armv7e-m/fpu\libm.a(s_ldexp.o)
 .debug_info    0x0000c0b0      0x136 C:/Freescale/CW MCU v10.6/MCU/ARM_GCC_Support/ewl/lib/armv7e-m/fpu\librt.a(gcc_ctor_dtor.o)
 .debug_info    0x0000c1e6      0x19a C:/Freescale/CW MCU v10.6/MCU/ARM_GCC_Support/ewl/lib/armv7e-m/fpu\librt.a(ROMCopy.o)
 .debug_info    0x0000c380      0x2de C:/Freescale/CW MCU v10.6/MCU/ARM_GCC_Support/ewl/lib/armv7e-m/fpu\librt.a(__arm_eabi_init.o)

.debug_abbrev   0x00000000     0x30b3
 .debug_abbrev  0x00000000       0xf6 ./Project_Settings/Startup_Code/kinetis_sysinit.o
 .debug_abbrev  0x000000f6       0x92 ./Project_Settings/Startup_Code/__arm_start.o
 .debug_abbrev  0x00000188       0x4c ./Project_Settings/Startup_Code/__arm_end.o
 .debug_abbrev  0x000001d4      0x1ae ./Sources/Applications/main.o
 .debug_abbrev  0x00000382      0x1d6 ./Sources/Interfaces/iUart.o
 .debug_abbrev  0x00000558      0x1a0 ./Sources/Interfaces/iSpi.o
 .debug_abbrev  0x000006f8      0x16b ./Sources/Interfaces/iPit.o
 .debug_abbrev  0x00000863      0x139 ./Sources/Interfaces/iI2C.o
 .debug_abbrev  0x0000099c      0x125 ./Sources/Interfaces/iFlextimer.o
 .debug_abbrev  0x00000ac1       0xd2 ./Sources/Interfaces/iDio.o
 .debug_abbrev  0x00000b93      0x13a ./Sources/Interfaces/iDac.o
 .debug_abbrev  0x00000ccd      0x102 ./Sources/Interfaces/iCpu.o
 .debug_abbrev  0x00000dcf      0x12e ./Sources/Interfaces/iAd.o
 .debug_abbrev  0x00000efd       0xfd ./Sources/Modules/mWifi.o
 .debug_abbrev  0x00000ffa      0x119 ./Sources/Modules/mTimer.o
 .debug_abbrev  0x00001113       0xae ./Sources/Modules/mSwitch.o
 .debug_abbrev  0x000011c1      0x156 ./Sources/Modules/mSpi.o
 .debug_abbrev  0x00001317       0xa4 ./Sources/Modules/mRS232.o
 .debug_abbrev  0x000013bb       0xaa ./Sources/Modules/mLeds.o
 .debug_abbrev  0x00001465       0xc3 ./Sources/Modules/mDelay.o
 .debug_abbrev  0x00001528       0x77 ./Sources/Modules/mDac.o
 .debug_abbrev  0x0000159f       0x3d ./Sources/Modules/mCpu.o
 .debug_abbrev  0x000015dc       0xae ./Sources/Modules/mAd.o
 .debug_abbrev  0x0000168a      0x18c ./Sources/Modules/mAccelMagneto.o
 .debug_abbrev  0x00001816      0x14f ./Sources/Utils/stbp.o
 .debug_abbrev  0x00001965       0xd5 ./Sources/Utils/def.o
 .debug_abbrev  0x00001a3a       0x7a C:/Freescale/CW MCU v10.6/MCU/ARM_GCC_Support/ewl/lib/armv7e-m/fpu\libc.a(exit.o)
 .debug_abbrev  0x00001ab4       0x62 C:/Freescale/CW MCU v10.6/MCU/ARM_GCC_Support/ewl/lib/armv7e-m/fpu\libc.a(memset.o)
 .debug_abbrev  0x00001b16      0x23e C:/Freescale/CW MCU v10.6/MCU/ARM_GCC_Support/ewl/lib/armv7e-m/fpu\libc.a(printformat_fp.o)
 .debug_abbrev  0x00001d54      0x206 C:/Freescale/CW MCU v10.6/MCU/ARM_GCC_Support/ewl/lib/armv7e-m/fpu\libc.a(scanformat_fp.o)
 .debug_abbrev  0x00001f5a       0x85 C:/Freescale/CW MCU v10.6/MCU/ARM_GCC_Support/ewl/lib/armv7e-m/fpu\libc.a(ctype_aeabi.o)
 .debug_abbrev  0x00001fdf      0x1cc C:/Freescale/CW MCU v10.6/MCU/ARM_GCC_Support/ewl/lib/armv7e-m/fpu\libc.a(__strtold.o)
 .debug_abbrev  0x000021ab       0xc2 C:/Freescale/CW MCU v10.6/MCU/ARM_GCC_Support/ewl/lib/armv7e-m/fpu\libc.a(__strtoul.o)
 .debug_abbrev  0x0000226d       0x87 C:/Freescale/CW MCU v10.6/MCU/ARM_GCC_Support/ewl/lib/armv7e-m/fpu\libc.a(__filll_mem.o)
 .debug_abbrev  0x000022f4       0x95 C:/Freescale/CW MCU v10.6/MCU/ARM_GCC_Support/ewl/lib/armv7e-m/fpu\libc.a(memchr.o)
 .debug_abbrev  0x00002389       0x89 C:/Freescale/CW MCU v10.6/MCU/ARM_GCC_Support/ewl/lib/armv7e-m/fpu\libc.a(strchr.o)
 .debug_abbrev  0x00002412       0x78 C:/Freescale/CW MCU v10.6/MCU/ARM_GCC_Support/ewl/lib/armv7e-m/fpu\libc.a(strcpy.o)
 .debug_abbrev  0x0000248a       0x7a C:/Freescale/CW MCU v10.6/MCU/ARM_GCC_Support/ewl/lib/armv7e-m/fpu\libc.a(strlen.o)
 .debug_abbrev  0x00002504       0x44 C:/Freescale/CW MCU v10.6/MCU/ARM_GCC_Support/ewl/lib/armv7e-m/fpu\libc.a(errno.o)
 .debug_abbrev  0x00002548      0x15d C:/Freescale/CW MCU v10.6/MCU/ARM_GCC_Support/ewl/lib/armv7e-m/fpu\libm.a(ansi_fp.o)
 .debug_abbrev  0x000026a5       0x56 C:/Freescale/CW MCU v10.6/MCU/ARM_GCC_Support/ewl/lib/armv7e-m/fpu\libm.a(float.o)
 .debug_abbrev  0x000026fb       0xf7 C:/Freescale/CW MCU v10.6/MCU/ARM_GCC_Support/ewl/lib/armv7e-m/fpu\libm.a(math_api.o)
 .debug_abbrev  0x000027f2       0xce C:/Freescale/CW MCU v10.6/MCU/ARM_GCC_Support/ewl/lib/armv7e-m/fpu\libm.a(s_frexp.o)
 .debug_abbrev  0x000028c0       0x59 C:/Freescale/CW MCU v10.6/MCU/ARM_GCC_Support/ewl/lib/armv7e-m/fpu\libm.a(w_pow.o)
 .debug_abbrev  0x00002919       0x59 C:/Freescale/CW MCU v10.6/MCU/ARM_GCC_Support/ewl/lib/armv7e-m/fpu\libm.a(w_sqrt.o)
 .debug_abbrev  0x00002972      0x148 C:/Freescale/CW MCU v10.6/MCU/ARM_GCC_Support/ewl/lib/armv7e-m/fpu\libm.a(e_pow.o)
 .debug_abbrev  0x00002aba      0x10b C:/Freescale/CW MCU v10.6/MCU/ARM_GCC_Support/ewl/lib/armv7e-m/fpu\libm.a(e_sqrt.o)
 .debug_abbrev  0x00002bc5       0x75 C:/Freescale/CW MCU v10.6/MCU/ARM_GCC_Support/ewl/lib/armv7e-m/fpu\libm.a(scalbn.o)
 .debug_abbrev  0x00002c3a       0xce C:/Freescale/CW MCU v10.6/MCU/ARM_GCC_Support/ewl/lib/armv7e-m/fpu\libm.a(s_ldexp.o)
 .debug_abbrev  0x00002d08       0x99 C:/Freescale/CW MCU v10.6/MCU/ARM_GCC_Support/ewl/lib/armv7e-m/fpu\librt.a(gcc_ctor_dtor.o)
 .debug_abbrev  0x00002da1      0x137 C:/Freescale/CW MCU v10.6/MCU/ARM_GCC_Support/ewl/lib/armv7e-m/fpu\librt.a(ROMCopy.o)
 .debug_abbrev  0x00002ed8      0x1db C:/Freescale/CW MCU v10.6/MCU/ARM_GCC_Support/ewl/lib/armv7e-m/fpu\librt.a(__arm_eabi_init.o)

.debug_loc      0x00000000     0x6692
 .debug_loc     0x00000000       0x58 ./Project_Settings/Startup_Code/kinetis_sysinit.o
 .debug_loc     0x00000058       0x2c ./Project_Settings/Startup_Code/__arm_start.o
 .debug_loc     0x00000084       0x38 ./Project_Settings/Startup_Code/__arm_end.o
 .debug_loc     0x000000bc      0x18a ./Sources/Applications/main.o
 .debug_loc     0x00000246      0x268 ./Sources/Interfaces/iUart.o
 .debug_loc     0x000004ae      0x3e4 ./Sources/Interfaces/iSpi.o
 .debug_loc     0x00000892      0x268 ./Sources/Interfaces/iPit.o
 .debug_loc     0x00000afa      0x24c ./Sources/Interfaces/iI2C.o
 .debug_loc     0x00000d46      0x10c ./Sources/Interfaces/iFlextimer.o
 .debug_loc     0x00000e52       0xa8 ./Sources/Interfaces/iDio.o
 .debug_loc     0x00000efa      0x118 ./Sources/Interfaces/iDac.o
 .debug_loc     0x00001012       0xe8 ./Sources/Interfaces/iCpu.o
 .debug_loc     0x000010fa      0x10c ./Sources/Interfaces/iAd.o
 .debug_loc     0x00001206      0x1aa ./Sources/Modules/mWifi.o
 .debug_loc     0x000013b0      0x22c ./Sources/Modules/mTimer.o
 .debug_loc     0x000015dc       0xc8 ./Sources/Modules/mSwitch.o
 .debug_loc     0x000016a4      0x238 ./Sources/Modules/mSpi.o
 .debug_loc     0x000018dc       0xf4 ./Sources/Modules/mRS232.o
 .debug_loc     0x000019d0       0xc8 ./Sources/Modules/mLeds.o
 .debug_loc     0x00001a98      0x19c ./Sources/Modules/mDelay.o
 .debug_loc     0x00001c34       0x90 ./Sources/Modules/mDac.o
 .debug_loc     0x00001cc4       0x2c ./Sources/Modules/mCpu.o
 .debug_loc     0x00001cf0       0xf4 ./Sources/Modules/mAd.o
 .debug_loc     0x00001de4      0x238 ./Sources/Modules/mAccelMagneto.o
 .debug_loc     0x0000201c      0x5b0 ./Sources/Utils/stbp.o
 .debug_loc     0x000025cc       0x70 ./Sources/Utils/def.o
 .debug_loc     0x0000263c       0x3e C:/Freescale/CW MCU v10.6/MCU/ARM_GCC_Support/ewl/lib/armv7e-m/fpu\libc.a(exit.o)
 .debug_loc     0x0000267a       0x64 C:/Freescale/CW MCU v10.6/MCU/ARM_GCC_Support/ewl/lib/armv7e-m/fpu\libc.a(memset.o)
 .debug_loc     0x000026de     0x1075 C:/Freescale/CW MCU v10.6/MCU/ARM_GCC_Support/ewl/lib/armv7e-m/fpu\libc.a(printformat_fp.o)
 .debug_loc     0x00003753      0x930 C:/Freescale/CW MCU v10.6/MCU/ARM_GCC_Support/ewl/lib/armv7e-m/fpu\libc.a(scanformat_fp.o)
 .debug_loc     0x00004083      0x18e C:/Freescale/CW MCU v10.6/MCU/ARM_GCC_Support/ewl/lib/armv7e-m/fpu\libc.a(ctype_aeabi.o)
 .debug_loc     0x00004211      0x7df C:/Freescale/CW MCU v10.6/MCU/ARM_GCC_Support/ewl/lib/armv7e-m/fpu\libc.a(__strtold.o)
 .debug_loc     0x000049f0      0x2bb C:/Freescale/CW MCU v10.6/MCU/ARM_GCC_Support/ewl/lib/armv7e-m/fpu\libc.a(__strtoul.o)
 .debug_loc     0x00004cab      0x12c C:/Freescale/CW MCU v10.6/MCU/ARM_GCC_Support/ewl/lib/armv7e-m/fpu\libc.a(__filll_mem.o)
 .debug_loc     0x00004dd7       0x62 C:/Freescale/CW MCU v10.6/MCU/ARM_GCC_Support/ewl/lib/armv7e-m/fpu\libc.a(memchr.o)
 .debug_loc     0x00004e39       0x7c C:/Freescale/CW MCU v10.6/MCU/ARM_GCC_Support/ewl/lib/armv7e-m/fpu\libc.a(strchr.o)
 .debug_loc     0x00004eb5       0x26 C:/Freescale/CW MCU v10.6/MCU/ARM_GCC_Support/ewl/lib/armv7e-m/fpu\libc.a(strlen.o)
 .debug_loc     0x00004edb      0x523 C:/Freescale/CW MCU v10.6/MCU/ARM_GCC_Support/ewl/lib/armv7e-m/fpu\libm.a(ansi_fp.o)
 .debug_loc     0x000053fe      0x1fa C:/Freescale/CW MCU v10.6/MCU/ARM_GCC_Support/ewl/lib/armv7e-m/fpu\libm.a(math_api.o)
 .debug_loc     0x000055f8       0xb8 C:/Freescale/CW MCU v10.6/MCU/ARM_GCC_Support/ewl/lib/armv7e-m/fpu\libm.a(s_frexp.o)
 .debug_loc     0x000056b0       0x34 C:/Freescale/CW MCU v10.6/MCU/ARM_GCC_Support/ewl/lib/armv7e-m/fpu\libm.a(w_pow.o)
 .debug_loc     0x000056e4       0x1a C:/Freescale/CW MCU v10.6/MCU/ARM_GCC_Support/ewl/lib/armv7e-m/fpu\libm.a(w_sqrt.o)
 .debug_loc     0x000056fe      0x962 C:/Freescale/CW MCU v10.6/MCU/ARM_GCC_Support/ewl/lib/armv7e-m/fpu\libm.a(e_pow.o)
 .debug_loc     0x00006060      0x21a C:/Freescale/CW MCU v10.6/MCU/ARM_GCC_Support/ewl/lib/armv7e-m/fpu\libm.a(e_sqrt.o)
 .debug_loc     0x0000627a       0x58 C:/Freescale/CW MCU v10.6/MCU/ARM_GCC_Support/ewl/lib/armv7e-m/fpu\libm.a(scalbn.o)
 .debug_loc     0x000062d2      0x126 C:/Freescale/CW MCU v10.6/MCU/ARM_GCC_Support/ewl/lib/armv7e-m/fpu\libm.a(s_ldexp.o)
 .debug_loc     0x000063f8       0x9d C:/Freescale/CW MCU v10.6/MCU/ARM_GCC_Support/ewl/lib/armv7e-m/fpu\librt.a(gcc_ctor_dtor.o)
 .debug_loc     0x00006495       0xb9 C:/Freescale/CW MCU v10.6/MCU/ARM_GCC_Support/ewl/lib/armv7e-m/fpu\librt.a(ROMCopy.o)
 .debug_loc     0x0000654e      0x144 C:/Freescale/CW MCU v10.6/MCU/ARM_GCC_Support/ewl/lib/armv7e-m/fpu\librt.a(__arm_eabi_init.o)

.debug_aranges  0x00000000      0xca8
 .debug_aranges
                0x00000000       0x28 ./Project_Settings/Startup_Code/kinetis_sysinit.o
 .debug_aranges
                0x00000028       0x30 ./Project_Settings/Startup_Code/__arm_start.o
 .debug_aranges
                0x00000058       0x20 ./Project_Settings/Startup_Code/__arm_end.o
 .debug_aranges
                0x00000078       0x50 ./Sources/Applications/main.o
 .debug_aranges
                0x000000c8       0x70 ./Sources/Interfaces/iUart.o
 .debug_aranges
                0x00000138       0xa8 ./Sources/Interfaces/iSpi.o
 .debug_aranges
                0x000001e0       0x70 ./Sources/Interfaces/iPit.o
 .debug_aranges
                0x00000250       0x78 ./Sources/Interfaces/iI2C.o
 .debug_aranges
                0x000002c8       0x40 ./Sources/Interfaces/iFlextimer.o
 .debug_aranges
                0x00000308       0x30 ./Sources/Interfaces/iDio.o
 .debug_aranges
                0x00000338       0x40 ./Sources/Interfaces/iDac.o
 .debug_aranges
                0x00000378       0x40 ./Sources/Interfaces/iCpu.o
 .debug_aranges
                0x000003b8       0x40 ./Sources/Interfaces/iAd.o
 .debug_aranges
                0x000003f8       0x58 ./Sources/Modules/mWifi.o
 .debug_aranges
                0x00000450       0x70 ./Sources/Modules/mTimer.o
 .debug_aranges
                0x000004c0       0x38 ./Sources/Modules/mSwitch.o
 .debug_aranges
                0x000004f8       0x70 ./Sources/Modules/mSpi.o
 .debug_aranges
                0x00000568       0x40 ./Sources/Modules/mRS232.o
 .debug_aranges
                0x000005a8       0x38 ./Sources/Modules/mLeds.o
 .debug_aranges
                0x000005e0       0x58 ./Sources/Modules/mDelay.o
 .debug_aranges
                0x00000638       0x30 ./Sources/Modules/mDac.o
 .debug_aranges
                0x00000668       0x20 ./Sources/Modules/mCpu.o
 .debug_aranges
                0x00000688       0x40 ./Sources/Modules/mAd.o
 .debug_aranges
                0x000006c8       0x70 ./Sources/Modules/mAccelMagneto.o
 .debug_aranges
                0x00000738       0xe8 ./Sources/Utils/stbp.o
 .debug_aranges
                0x00000820       0x28 ./Sources/Utils/def.o
 .debug_aranges
                0x00000848       0x20 C:/Freescale/CW MCU v10.6/MCU/ARM_GCC_Support/ewl/lib/armv7e-m/fpu\libc.a(exit.o)
 .debug_aranges
                0x00000868       0x20 C:/Freescale/CW MCU v10.6/MCU/ARM_GCC_Support/ewl/lib/armv7e-m/fpu\libc.a(memset.o)
 .debug_aranges
                0x00000888       0x28 C:/Freescale/CW MCU v10.6/MCU/ARM_GCC_Support/ewl/lib/armv7e-m/fpu\libc.a(printformat_fp.o)
 .debug_aranges
                0x000008b0       0x20 C:/Freescale/CW MCU v10.6/MCU/ARM_GCC_Support/ewl/lib/armv7e-m/fpu\libc.a(scanformat_fp.o)
 .debug_aranges
                0x000008d0       0x88 C:/Freescale/CW MCU v10.6/MCU/ARM_GCC_Support/ewl/lib/armv7e-m/fpu\libc.a(ctype_aeabi.o)
 .debug_aranges
                0x00000958       0x38 C:/Freescale/CW MCU v10.6/MCU/ARM_GCC_Support/ewl/lib/armv7e-m/fpu\libc.a(__strtold.o)
 .debug_aranges
                0x00000990       0x20 C:/Freescale/CW MCU v10.6/MCU/ARM_GCC_Support/ewl/lib/armv7e-m/fpu\libc.a(__strtoul.o)
 .debug_aranges
                0x000009b0       0x20 C:/Freescale/CW MCU v10.6/MCU/ARM_GCC_Support/ewl/lib/armv7e-m/fpu\libc.a(__filll_mem.o)
 .debug_aranges
                0x000009d0       0x20 C:/Freescale/CW MCU v10.6/MCU/ARM_GCC_Support/ewl/lib/armv7e-m/fpu\libc.a(memchr.o)
 .debug_aranges
                0x000009f0       0x20 C:/Freescale/CW MCU v10.6/MCU/ARM_GCC_Support/ewl/lib/armv7e-m/fpu\libc.a(strchr.o)
 .debug_aranges
                0x00000a10       0x20 C:/Freescale/CW MCU v10.6/MCU/ARM_GCC_Support/ewl/lib/armv7e-m/fpu\libc.a(strcpy.o)
 .debug_aranges
                0x00000a30       0x20 C:/Freescale/CW MCU v10.6/MCU/ARM_GCC_Support/ewl/lib/armv7e-m/fpu\libc.a(strlen.o)
 .debug_aranges
                0x00000a50       0x18 C:/Freescale/CW MCU v10.6/MCU/ARM_GCC_Support/ewl/lib/armv7e-m/fpu\libc.a(errno.o)
 .debug_aranges
                0x00000a68       0x30 C:/Freescale/CW MCU v10.6/MCU/ARM_GCC_Support/ewl/lib/armv7e-m/fpu\libm.a(ansi_fp.o)
 .debug_aranges
                0x00000a98       0x18 C:/Freescale/CW MCU v10.6/MCU/ARM_GCC_Support/ewl/lib/armv7e-m/fpu\libm.a(float.o)
 .debug_aranges
                0x00000ab0       0x60 C:/Freescale/CW MCU v10.6/MCU/ARM_GCC_Support/ewl/lib/armv7e-m/fpu\libm.a(math_api.o)
 .debug_aranges
                0x00000b10       0x20 C:/Freescale/CW MCU v10.6/MCU/ARM_GCC_Support/ewl/lib/armv7e-m/fpu\libm.a(s_frexp.o)
 .debug_aranges
                0x00000b30       0x20 C:/Freescale/CW MCU v10.6/MCU/ARM_GCC_Support/ewl/lib/armv7e-m/fpu\libm.a(w_pow.o)
 .debug_aranges
                0x00000b50       0x20 C:/Freescale/CW MCU v10.6/MCU/ARM_GCC_Support/ewl/lib/armv7e-m/fpu\libm.a(w_sqrt.o)
 .debug_aranges
                0x00000b70       0x20 C:/Freescale/CW MCU v10.6/MCU/ARM_GCC_Support/ewl/lib/armv7e-m/fpu\libm.a(e_pow.o)
 .debug_aranges
                0x00000b90       0x20 C:/Freescale/CW MCU v10.6/MCU/ARM_GCC_Support/ewl/lib/armv7e-m/fpu\libm.a(e_sqrt.o)
 .debug_aranges
                0x00000bb0       0x20 C:/Freescale/CW MCU v10.6/MCU/ARM_GCC_Support/ewl/lib/armv7e-m/fpu\libm.a(scalbn.o)
 .debug_aranges
                0x00000bd0       0x20 C:/Freescale/CW MCU v10.6/MCU/ARM_GCC_Support/ewl/lib/armv7e-m/fpu\libm.a(s_ldexp.o)
 .debug_aranges
                0x00000bf0       0x28 C:/Freescale/CW MCU v10.6/MCU/ARM_GCC_Support/ewl/lib/armv7e-m/fpu\librt.a(gcc_ctor_dtor.o)
 .debug_aranges
                0x00000c18       0x30 C:/Freescale/CW MCU v10.6/MCU/ARM_GCC_Support/ewl/lib/armv7e-m/fpu\librt.a(ROMCopy.o)
 .debug_aranges
                0x00000c48       0x60 C:/Freescale/CW MCU v10.6/MCU/ARM_GCC_Support/ewl/lib/armv7e-m/fpu\librt.a(__arm_eabi_init.o)

.debug_macinfo  0x00000000   0x5806fd
 .debug_macinfo
                0x00000000    0x61d23 ./Project_Settings/Startup_Code/kinetis_sysinit.o
 .debug_macinfo
                0x00061d23     0x3f41 ./Project_Settings/Startup_Code/__arm_start.o
 .debug_macinfo
                0x00065c64     0x352a ./Project_Settings/Startup_Code/__arm_end.o
 .debug_macinfo
                0x0006918e    0x64d3b ./Sources/Applications/main.o
 .debug_macinfo
                0x000cdec9    0x61e58 ./Sources/Interfaces/iUart.o
 .debug_macinfo
                0x0012fd21    0x61df5 ./Sources/Interfaces/iSpi.o
 .debug_macinfo
                0x00191b16    0x61e09 ./Sources/Interfaces/iPit.o
 .debug_macinfo
                0x001f391f    0x61e1c ./Sources/Interfaces/iI2C.o
 .debug_macinfo
                0x0025573b    0x62016 ./Sources/Interfaces/iFlextimer.o
 .debug_macinfo
                0x002b7751    0x61df5 ./Sources/Interfaces/iDio.o
 .debug_macinfo
                0x00319546    0x61e42 ./Sources/Interfaces/iDac.o
 .debug_macinfo
                0x0037b388    0x61df5 ./Sources/Interfaces/iCpu.o
 .debug_macinfo
                0x003dd17d    0x61df4 ./Sources/Interfaces/iAd.o
 .debug_macinfo
                0x0043ef71     0x2735 ./Sources/Modules/mWifi.o
 .debug_macinfo
                0x004416a6     0x27bc ./Sources/Modules/mTimer.o
 .debug_macinfo
                0x00443e62     0x2715 ./Sources/Modules/mSwitch.o
 .debug_macinfo
                0x00446577    0x61e19 ./Sources/Modules/mSpi.o
 .debug_macinfo
                0x004a8390     0x2716 ./Sources/Modules/mRS232.o
 .debug_macinfo
                0x004aaaa6     0x2713 ./Sources/Modules/mLeds.o
 .debug_macinfo
                0x004ad1b9     0x2715 ./Sources/Modules/mDelay.o
 .debug_macinfo
                0x004af8ce     0x2713 ./Sources/Modules/mDac.o
 .debug_macinfo
                0x004b1fe1     0x2713 ./Sources/Modules/mCpu.o
 .debug_macinfo
                0x004b46f4     0x2711 ./Sources/Modules/mAd.o
 .debug_macinfo
                0x004b6e05    0x6446a ./Sources/Modules/mAccelMagneto.o
 .debug_macinfo
                0x0051b26f     0x36a9 ./Sources/Utils/stbp.o
 .debug_macinfo
                0x0051e918    0x61de5 ./Sources/Utils/def.o

.debug_line     0x00000000     0x65a5
 .debug_line    0x00000000      0x22b ./Project_Settings/Startup_Code/kinetis_sysinit.o
 .debug_line    0x0000022b      0x2ae ./Project_Settings/Startup_Code/__arm_start.o
 .debug_line    0x000004d9      0x266 ./Project_Settings/Startup_Code/__arm_end.o
 .debug_line    0x0000073f      0x5f6 ./Sources/Applications/main.o
 .debug_line    0x00000d35      0x35e ./Sources/Interfaces/iUart.o
 .debug_line    0x00001093      0x452 ./Sources/Interfaces/iSpi.o
 .debug_line    0x000014e5      0x383 ./Sources/Interfaces/iPit.o
 .debug_line    0x00001868      0x2fa ./Sources/Interfaces/iI2C.o
 .debug_line    0x00001b62      0x353 ./Sources/Interfaces/iFlextimer.o
 .debug_line    0x00001eb5      0x271 ./Sources/Interfaces/iDio.o
 .debug_line    0x00002126      0x2ba ./Sources/Interfaces/iDac.o
 .debug_line    0x000023e0      0x2bb ./Sources/Interfaces/iCpu.o
 .debug_line    0x0000269b      0x296 ./Sources/Interfaces/iAd.o
 .debug_line    0x00002931      0x228 ./Sources/Modules/mWifi.o
 .debug_line    0x00002b59      0x2a2 ./Sources/Modules/mTimer.o
 .debug_line    0x00002dfb      0x197 ./Sources/Modules/mSwitch.o
 .debug_line    0x00002f92      0x3b4 ./Sources/Modules/mSpi.o
 .debug_line    0x00003346      0x1a4 ./Sources/Modules/mRS232.o
 .debug_line    0x000034ea      0x193 ./Sources/Modules/mLeds.o
 .debug_line    0x0000367d      0x1d2 ./Sources/Modules/mDelay.o
 .debug_line    0x0000384f      0x16f ./Sources/Modules/mDac.o
 .debug_line    0x000039be      0x14e ./Sources/Modules/mCpu.o
 .debug_line    0x00003b0c      0x1b1 ./Sources/Modules/mAd.o
 .debug_line    0x00003cbd      0x51d ./Sources/Modules/mAccelMagneto.o
 .debug_line    0x000041da      0x4ed ./Sources/Utils/stbp.o
 .debug_line    0x000046c7      0x237 ./Sources/Utils/def.o
 .debug_line    0x000048fe       0x94 C:/Freescale/CW MCU v10.6/MCU/ARM_GCC_Support/ewl/lib/armv7e-m/fpu\libc.a(exit.o)
 .debug_line    0x00004992       0x8f C:/Freescale/CW MCU v10.6/MCU/ARM_GCC_Support/ewl/lib/armv7e-m/fpu\libc.a(memset.o)
 .debug_line    0x00004a21      0x3aa C:/Freescale/CW MCU v10.6/MCU/ARM_GCC_Support/ewl/lib/armv7e-m/fpu\libc.a(printformat_fp.o)
 .debug_line    0x00004dcb      0x2ed C:/Freescale/CW MCU v10.6/MCU/ARM_GCC_Support/ewl/lib/armv7e-m/fpu\libc.a(scanformat_fp.o)
 .debug_line    0x000050b8      0x1a9 C:/Freescale/CW MCU v10.6/MCU/ARM_GCC_Support/ewl/lib/armv7e-m/fpu\libc.a(ctype_aeabi.o)
 .debug_line    0x00005261      0x2e5 C:/Freescale/CW MCU v10.6/MCU/ARM_GCC_Support/ewl/lib/armv7e-m/fpu\libc.a(__strtold.o)
 .debug_line    0x00005546      0x11b C:/Freescale/CW MCU v10.6/MCU/ARM_GCC_Support/ewl/lib/armv7e-m/fpu\libc.a(__strtoul.o)
 .debug_line    0x00005661       0xcd C:/Freescale/CW MCU v10.6/MCU/ARM_GCC_Support/ewl/lib/armv7e-m/fpu\libc.a(__filll_mem.o)
 .debug_line    0x0000572e       0x9f C:/Freescale/CW MCU v10.6/MCU/ARM_GCC_Support/ewl/lib/armv7e-m/fpu\libc.a(memchr.o)
 .debug_line    0x000057cd       0x7d C:/Freescale/CW MCU v10.6/MCU/ARM_GCC_Support/ewl/lib/armv7e-m/fpu\libc.a(strchr.o)
 .debug_line    0x0000584a       0x7d C:/Freescale/CW MCU v10.6/MCU/ARM_GCC_Support/ewl/lib/armv7e-m/fpu\libc.a(strcpy.o)
 .debug_line    0x000058c7       0x83 C:/Freescale/CW MCU v10.6/MCU/ARM_GCC_Support/ewl/lib/armv7e-m/fpu\libc.a(strlen.o)
 .debug_line    0x0000594a       0x4d C:/Freescale/CW MCU v10.6/MCU/ARM_GCC_Support/ewl/lib/armv7e-m/fpu\libc.a(errno.o)
 .debug_line    0x00005997      0x1fe C:/Freescale/CW MCU v10.6/MCU/ARM_GCC_Support/ewl/lib/armv7e-m/fpu\libm.a(ansi_fp.o)
 .debug_line    0x00005b95       0x60 C:/Freescale/CW MCU v10.6/MCU/ARM_GCC_Support/ewl/lib/armv7e-m/fpu\libm.a(float.o)
 .debug_line    0x00005bf5      0x16f C:/Freescale/CW MCU v10.6/MCU/ARM_GCC_Support/ewl/lib/armv7e-m/fpu\libm.a(math_api.o)
 .debug_line    0x00005d64       0xbe C:/Freescale/CW MCU v10.6/MCU/ARM_GCC_Support/ewl/lib/armv7e-m/fpu\libm.a(s_frexp.o)
 .debug_line    0x00005e22       0x75 C:/Freescale/CW MCU v10.6/MCU/ARM_GCC_Support/ewl/lib/armv7e-m/fpu\libm.a(w_pow.o)
 .debug_line    0x00005e97       0x76 C:/Freescale/CW MCU v10.6/MCU/ARM_GCC_Support/ewl/lib/armv7e-m/fpu\libm.a(w_sqrt.o)
 .debug_line    0x00005f0d      0x20a C:/Freescale/CW MCU v10.6/MCU/ARM_GCC_Support/ewl/lib/armv7e-m/fpu\libm.a(e_pow.o)
 .debug_line    0x00006117      0x121 C:/Freescale/CW MCU v10.6/MCU/ARM_GCC_Support/ewl/lib/armv7e-m/fpu\libm.a(e_sqrt.o)
 .debug_line    0x00006238       0x75 C:/Freescale/CW MCU v10.6/MCU/ARM_GCC_Support/ewl/lib/armv7e-m/fpu\libm.a(scalbn.o)
 .debug_line    0x000062ad       0xc3 C:/Freescale/CW MCU v10.6/MCU/ARM_GCC_Support/ewl/lib/armv7e-m/fpu\libm.a(s_ldexp.o)
 .debug_line    0x00006370       0x67 C:/Freescale/CW MCU v10.6/MCU/ARM_GCC_Support/ewl/lib/armv7e-m/fpu\librt.a(gcc_ctor_dtor.o)
 .debug_line    0x000063d7       0xa9 C:/Freescale/CW MCU v10.6/MCU/ARM_GCC_Support/ewl/lib/armv7e-m/fpu\librt.a(ROMCopy.o)
 .debug_line    0x00006480      0x125 C:/Freescale/CW MCU v10.6/MCU/ARM_GCC_Support/ewl/lib/armv7e-m/fpu\librt.a(__arm_eabi_init.o)

.debug_str      0x00000000     0x3f21
 .debug_str     0x00000000      0x283 ./Project_Settings/Startup_Code/kinetis_sysinit.o
                                0x2aa (size before relaxing)
 .debug_str     0x00000283       0x85 ./Project_Settings/Startup_Code/__arm_start.o
                                0x1ab (size before relaxing)
 .debug_str     0x00000308       0x41 ./Project_Settings/Startup_Code/__arm_end.o
                                 0xe2 (size before relaxing)
 .debug_str     0x00000349      0x810 ./Sources/Applications/main.o
                                0x9e0 (size before relaxing)
 .debug_str     0x00000b59      0x3d0 ./Sources/Interfaces/iUart.o
                                0x58a (size before relaxing)
 .debug_str     0x00000f29      0x445 ./Sources/Interfaces/iSpi.o
                                0x5cd (size before relaxing)
 .debug_str     0x0000136e      0x631 ./Sources/Interfaces/iPit.o
                                0x882 (size before relaxing)
 .debug_str     0x0000199f      0x192 ./Sources/Interfaces/iI2C.o
                                0x8c8 (size before relaxing)
 .debug_str     0x00001b31      0x1f2 ./Sources/Interfaces/iFlextimer.o
                                0x99e (size before relaxing)
 .debug_str     0x00001d23      0x23c ./Sources/Interfaces/iDio.o
                                0x3a9 (size before relaxing)
 .debug_str     0x00001f5f       0xdc ./Sources/Interfaces/iDac.o
                                0x2f1 (size before relaxing)
 .debug_str     0x0000203b       0xda ./Sources/Interfaces/iCpu.o
                                0x353 (size before relaxing)
 .debug_str     0x00002115      0x197 ./Sources/Interfaces/iAd.o
                                0x7d7 (size before relaxing)
 .debug_str     0x000022ac       0xd1 ./Sources/Modules/mWifi.o
                                0x455 (size before relaxing)
 .debug_str     0x0000237d      0x29f ./Sources/Modules/mTimer.o
                                0x60c (size before relaxing)
 .debug_str     0x0000261c       0x89 ./Sources/Modules/mSwitch.o
                                0x349 (size before relaxing)
 .debug_str     0x000026a5      0x125 ./Sources/Modules/mSpi.o
                                0x4b5 (size before relaxing)
 .debug_str     0x000027ca       0x70 ./Sources/Modules/mRS232.o
                                0x227 (size before relaxing)
 .debug_str     0x0000283a       0x73 ./Sources/Modules/mLeds.o
                                0x35b (size before relaxing)
 .debug_str     0x000028ad       0x97 ./Sources/Modules/mDelay.o
                                0x1ef (size before relaxing)
 .debug_str     0x00002944       0x42 ./Sources/Modules/mDac.o
                                0x17f (size before relaxing)
 .debug_str     0x00002986       0x25 ./Sources/Modules/mCpu.o
                                0x136 (size before relaxing)
 .debug_str     0x000029ab       0x63 ./Sources/Modules/mAd.o
                                0x249 (size before relaxing)
 .debug_str     0x00002a0e      0x2eb ./Sources/Modules/mAccelMagneto.o
                                0x52e (size before relaxing)
 .debug_str     0x00002cf9      0x322 ./Sources/Utils/stbp.o
                                0x8b6 (size before relaxing)
 .debug_str     0x0000301b       0x2e ./Sources/Utils/def.o
                                0x1d4 (size before relaxing)
 .debug_str     0x00003049       0x48 C:/Freescale/CW MCU v10.6/MCU/ARM_GCC_Support/ewl/lib/armv7e-m/fpu\libc.a(exit.o)
                                0x157 (size before relaxing)
 .debug_str     0x00003091       0x23 C:/Freescale/CW MCU v10.6/MCU/ARM_GCC_Support/ewl/lib/armv7e-m/fpu\libc.a(memset.o)
                                0x140 (size before relaxing)
 .debug_str     0x000030b4      0x2ba C:/Freescale/CW MCU v10.6/MCU/ARM_GCC_Support/ewl/lib/armv7e-m/fpu\libc.a(printformat_fp.o)
                                0x463 (size before relaxing)
 .debug_str     0x0000336e      0x19f C:/Freescale/CW MCU v10.6/MCU/ARM_GCC_Support/ewl/lib/armv7e-m/fpu\libc.a(scanformat_fp.o)
                                0x45f (size before relaxing)
 .debug_str     0x0000350d       0x9d C:/Freescale/CW MCU v10.6/MCU/ARM_GCC_Support/ewl/lib/armv7e-m/fpu\libc.a(ctype_aeabi.o)
                                0x1bc (size before relaxing)
 .debug_str     0x000035aa      0x293 C:/Freescale/CW MCU v10.6/MCU/ARM_GCC_Support/ewl/lib/armv7e-m/fpu\libc.a(__strtold.o)
                                0x533 (size before relaxing)
 .debug_str     0x0000383d       0x2b C:/Freescale/CW MCU v10.6/MCU/ARM_GCC_Support/ewl/lib/armv7e-m/fpu\libc.a(__strtoul.o)
                                0x1fb (size before relaxing)
 .debug_str     0x00003868       0x25 C:/Freescale/CW MCU v10.6/MCU/ARM_GCC_Support/ewl/lib/armv7e-m/fpu\libc.a(__filll_mem.o)
                                0x152 (size before relaxing)
 .debug_str     0x0000388d       0x1c C:/Freescale/CW MCU v10.6/MCU/ARM_GCC_Support/ewl/lib/armv7e-m/fpu\libc.a(memchr.o)
                                0x148 (size before relaxing)
 .debug_str     0x000038a9       0x1c C:/Freescale/CW MCU v10.6/MCU/ARM_GCC_Support/ewl/lib/armv7e-m/fpu\libc.a(strchr.o)
                                0x137 (size before relaxing)
 .debug_str     0x000038c5       0x1c C:/Freescale/CW MCU v10.6/MCU/ARM_GCC_Support/ewl/lib/armv7e-m/fpu\libc.a(strcpy.o)
                                0x142 (size before relaxing)
 .debug_str     0x000038e1       0x1c C:/Freescale/CW MCU v10.6/MCU/ARM_GCC_Support/ewl/lib/armv7e-m/fpu\libc.a(strlen.o)
                                0x140 (size before relaxing)
 .debug_str     0x000038fd       0x12 C:/Freescale/CW MCU v10.6/MCU/ARM_GCC_Support/ewl/lib/armv7e-m/fpu\libc.a(errno.o)
                                0x12c (size before relaxing)
 .debug_str     0x0000390f       0x84 C:/Freescale/CW MCU v10.6/MCU/ARM_GCC_Support/ewl/lib/armv7e-m/fpu\libm.a(ansi_fp.o)
                                0x219 (size before relaxing)
 .debug_str     0x00003993       0xd0 C:/Freescale/CW MCU v10.6/MCU/ARM_GCC_Support/ewl/lib/armv7e-m/fpu\libm.a(float.o)
                                0x225 (size before relaxing)
 .debug_str     0x00003a63       0xe8 C:/Freescale/CW MCU v10.6/MCU/ARM_GCC_Support/ewl/lib/armv7e-m/fpu\libm.a(math_api.o)
                                0x228 (size before relaxing)
 .debug_str     0x00003b4b       0x24 C:/Freescale/CW MCU v10.6/MCU/ARM_GCC_Support/ewl/lib/armv7e-m/fpu\libm.a(s_frexp.o)
                                0x15d (size before relaxing)
 .debug_str     0x00003b6f       0x11 C:/Freescale/CW MCU v10.6/MCU/ARM_GCC_Support/ewl/lib/armv7e-m/fpu\libm.a(w_pow.o)
                                0x125 (size before relaxing)
 .debug_str     0x00003b80       0x12 C:/Freescale/CW MCU v10.6/MCU/ARM_GCC_Support/ewl/lib/armv7e-m/fpu\libm.a(w_sqrt.o)
                                0x12b (size before relaxing)
 .debug_str     0x00003b92       0x6c C:/Freescale/CW MCU v10.6/MCU/ARM_GCC_Support/ewl/lib/armv7e-m/fpu\libm.a(e_pow.o)
                                0x1cd (size before relaxing)